TAOTERMSIMPLEX Case
TaoTerm Object: 1 MPI process
  type: conjugate
  solution vector space: N = 10 [VecType seq (taoterm_solution_vec_type)]
  parameter vector space: (optional) K = 10 [VecType seq (taoterm_parameters_vec_type)]
  default Hessian MatType (taoterm_hessian_mat_type): shell
  TaoTermConjugate original term:
    TaoTerm Object: 1 MPI process
      type: simplex
      solution vector space: N = 10 [VecType seq (taoterm_solution_vec_type)]
      parameter vector space: (optional) K = 10 [VecType seq (taoterm_parameters_vec_type)]
      Simplex tolerance: 1e-12, size: 1. 
TaoTerm Object: 1 MPI process
  type: conjugate
  solution vector space: N = 2 [VecType seq (taoterm_solution_vec_type)]
  parameter vector space: (optional) K = 2 [VecType seq (taoterm_parameters_vec_type)]
  default Hessian MatType (taoterm_hessian_mat_type): shell
  TaoTermConjugate original term:
    TaoTerm Object: 1 MPI process
      type: simplex
      solution vector space: N = 2 [VecType seq (taoterm_solution_vec_type)]
      parameter vector space: (optional) K = 2 [VecType seq (taoterm_parameters_vec_type)]
      Simplex tolerance: 1e-12, size: 1. 
WARNING! There are options you set that were not used!
WARNING! could be spelling mistake, etc!
There are 2 unused database options. They are:
Option left: name:-taoterm_simplex_size value: 1.2 source: command line
Option left: name:-taoterm_simplex_tol value: 1.e-12 source: command line
