TAOTERMBOX Case
TaoTerm Object: 1 MPI process
  type: conjugate
  solution vector space: N = 10 [VecType seq (taoterm_solution_vec_type)]
  parameter vector space: (optional) K = 10 [VecType seq (taoterm_parameters_vec_type)]
  default Hessian MatType (taoterm_hessian_mat_type): shell
  TaoTermConjugate original term:
    TaoTerm Object: 1 MPI process
      type: box
      solution vector space: N = 10 [VecType seq (taoterm_solution_vec_type)]
      parameter vector space: (optional) K = 10 [VecType seq (taoterm_parameters_vec_type)]
      Box lowerbound: -1., upperbound: 1.
TaoTerm Object: 1 MPI process
  type: conjugate
  solution vector space: N = 2 [VecType seq (taoterm_solution_vec_type)]
  parameter vector space: (optional) K = 2 [VecType seq (taoterm_parameters_vec_type)]
  default Hessian MatType (taoterm_hessian_mat_type): shell
  TaoTermConjugate original term:
    TaoTerm Object: 1 MPI process
      type: box
      solution vector space: N = 2 [VecType seq (taoterm_solution_vec_type)]
      parameter vector space: (optional) K = 2 [VecType seq (taoterm_parameters_vec_type)]
      Box lowerbound: -1., upperbound: 1.
