CONVERGED_TIME at time 10. after 100 steps
Vec Object: 2 MPI processes
  type: mpi
Process [0]
1.
3.
1.1905
2.90344
1.4038
2.78025
1.63493
2.63411
1.87561
2.47227
2.11514
2.30465
2.34225
2.14195
2.54708
1.99354
2.72251
1.86608
2.8644
1.76328
2.97093
1.68652
3.04173
1.63581
3.077
1.61065
3.077
1.61065
3.04173
1.63581
2.97093
1.68652
2.8644
1.76328
2.72251
1.86608
2.54708
1.99354
2.34225
2.14195
2.11514
2.30465
1.87561
2.47227
1.63493
2.63411
1.4038
2.78025
1.1905
2.90344
1.
3.
Process [1]
0.834131
3.06966
0.692371
3.11469
0.572822
3.13881
0.473005
3.14638
0.390375
3.14177
0.322613
3.12903
0.267749
3.11172
0.224183
3.09287
0.190674
3.07494
0.166291
3.05984
0.15038
3.04901
0.142526
3.04336
0.142526
3.04336
0.15038
3.04901
0.166291
3.05984
0.190674
3.07494
0.224183
3.09287
0.267749
3.11172
0.322613
3.12903
0.390375
3.14177
0.473005
3.14638
0.572822
3.13881
0.692371
3.11469
0.834131
3.06966
1.
3.
