>> Schedule '   user' after first TSEvaluationTimesSetUp(): 0 point(s) <empty>
>> Schedule 'default' after first TSEvaluationTimesSetUp(): 7 point(s)
>> Schedule '  range' after first TSEvaluationTimesSetUp(): 0 point(s) <empty>
>> Schedule ' dummy1' after first TSEvaluationTimesSetUp(): 1 point(s)
>> Schedule ' dummy2' after first TSEvaluationTimesSetUp(): 2 point(s)
>> Schedule ' dummy3' after first TSEvaluationTimesSetUp(): 3 point(s)
>> Schedule ' dummy4' after first TSEvaluationTimesSetUp(): 4 point(s)
>> Schedule ' dummy5' after first TSEvaluationTimesSetUp(): 5 point(s)
>> Schedule '   user' before second TSEvaluationTimesSetUp(): 0 point(s) <empty>
>> Schedule 'default' before second TSEvaluationTimesSetUp(): 7 point(s)
>> Schedule '  range' before second TSEvaluationTimesSetUp(): 0 point(s) <empty>
>> Schedule ' dummy1' before second TSEvaluationTimesSetUp(): 0 point(s) <empty>
>> Schedule ' dummy2' before second TSEvaluationTimesSetUp(): 0 point(s) <empty>
>> Schedule ' dummy3' before second TSEvaluationTimesSetUp(): 0 point(s) <empty>
>> Schedule ' dummy4' before second TSEvaluationTimesSetUp(): 0 point(s) <empty>
>> Schedule ' dummy5' before second TSEvaluationTimesSetUp(): 0 point(s) <empty>
### Check 'user' before second TSEvaluationTimesSetUp(): not found
>> Schedule '   user' before 1st TSSolve: 0 point(s) <empty>
>> Schedule 'default' before 1st TSSolve: 7 point(s)
>> Schedule '  range' before 1st TSSolve: 0 point(s) <empty>
>> Schedule ' dummy1' before 1st TSSolve: 0 point(s) <empty>
>> Schedule ' dummy2' before 1st TSSolve: 0 point(s) <empty>
>> Schedule ' dummy3' before 1st TSSolve: 0 point(s) <empty>
>> Schedule ' dummy4' before 1st TSSolve: 0 point(s) <empty>
>> Schedule ' dummy5' before 1st TSSolve: 0 point(s) <empty>
### Check 'user' before 1st TSSolve: not found
0 TS dt 2e-11 time -2e-11
1 TS dt 1e-11 time 0.
2 TS dt 1e-11 time 1e-11
3 TS dt 1e-11 time 2e-11
4 TS dt 4e-11 time 3e-11
5 TS dt 3e-11 time 7e-11
6 TS dt 0.099 time 1e-10
### Check 'user' after 1st TSSolve: not found
---
Evaluation times schedule 'user' not found
6 TS dt 0.099 time 1e-10
>> Schedule '   user' after 2nd TSSolve: 0 point(s) <empty>
>> Schedule 'default' after 2nd TSSolve: 7 point(s)
>> Schedule '  range' after 2nd TSSolve: 0 point(s) <empty>
>> Schedule ' dummy1' after 2nd TSSolve: 0 point(s) <empty>
>> Schedule ' dummy2' after 2nd TSSolve: 0 point(s) <empty>
>> Schedule ' dummy3' after 2nd TSSolve: 0 point(s) <empty>
>> Schedule ' dummy4' after 2nd TSSolve: 0 point(s) <empty>
>> Schedule ' dummy5' after 2nd TSSolve: 0 point(s) <empty>
---
Evaluation times schedule 'user' not found
---
Evaluation times schedule 'default': 7 point(s), visited subrange: [0, 7)
0.	-3.23117e-27	pass
1e-21	-3.23117e-27	pass
1e-11	1e-11	pass
2e-11	2e-11	pass
3e-11	3e-11	pass
7e-11	7e-11	pass
1e-10	1e-10	pass
---
Evaluation times schedule 'range' not found
>> Schedule '   user' after TSEvaluationTimesReset: 0 point(s) <empty>
>> Schedule 'default' after TSEvaluationTimesReset: 7 point(s)
>> Schedule '  range' after TSEvaluationTimesReset: 0 point(s) <empty>
>> Schedule ' dummy1' after TSEvaluationTimesReset: 0 point(s) <empty>
>> Schedule ' dummy2' after TSEvaluationTimesReset: 0 point(s) <empty>
>> Schedule ' dummy3' after TSEvaluationTimesReset: 0 point(s) <empty>
>> Schedule ' dummy4' after TSEvaluationTimesReset: 0 point(s) <empty>
>> Schedule ' dummy5' after TSEvaluationTimesReset: 0 point(s) <empty>
---
Evaluation times schedule 'user' not found
---
Evaluation times schedule 'default': 7 point(s), visited subrange: [-1, -1)
0.	0.	***
1e-21	0.	***
1e-11	0.	***
2e-11	0.	***
3e-11	0.	***
7e-11	0.	***
1e-10	0.	***
---
Evaluation times schedule 'range' not found
6 TS dt 0.099 time 1e-10
### Check 'user' after 3rd TSSolve: not found
Schedule 'user' is absent, no need to remove
6 TS dt 0.099 time 1e-10
### Check 'user' after 4th TSSolve: not found
== CONVERGED_TIME ==
---
Evaluation times schedule 'user' not found
---
Evaluation times schedule 'default': 7 point(s), visited subrange: [6, 7)
0.	0.	***
1e-21	0.	***
1e-11	0.	***
2e-11	0.	***
3e-11	0.	***
7e-11	0.	***
1e-10	1e-10	pass
---
Evaluation times schedule 'range' not found
(1) Initial time = -2e-11, final time reached = 1e-10, max time = 1e-10, pass
(2) Initial dt = 0.099, final dt = 0.099, pass
(1) or (2): pass
========================
Evaluation time points 0,1e-21 are merged into one; the others are not. Also checking here the internal counters setup
========================
