>> Schedule '   user' after first TSEvaluationTimesSetUp(): 0 point(s) <empty>
>> Schedule 'default' after first TSEvaluationTimesSetUp(): 21 point(s)
>> Schedule '  range' after first TSEvaluationTimesSetUp(): 0 point(s) <empty>
>> Schedule ' dummy1' after first TSEvaluationTimesSetUp(): 1 point(s)
>> Schedule ' dummy2' after first TSEvaluationTimesSetUp(): 2 point(s)
>> Schedule ' dummy3' after first TSEvaluationTimesSetUp(): 3 point(s)
>> Schedule ' dummy4' after first TSEvaluationTimesSetUp(): 4 point(s)
>> Schedule ' dummy5' after first TSEvaluationTimesSetUp(): 5 point(s)
>> Schedule '   user' before second TSEvaluationTimesSetUp(): 0 point(s) <empty>
>> Schedule 'default' before second TSEvaluationTimesSetUp(): 21 point(s)
>> Schedule '  range' before second TSEvaluationTimesSetUp(): 0 point(s) <empty>
>> Schedule ' dummy1' before second TSEvaluationTimesSetUp(): 0 point(s) <empty>
>> Schedule ' dummy2' before second TSEvaluationTimesSetUp(): 0 point(s) <empty>
>> Schedule ' dummy3' before second TSEvaluationTimesSetUp(): 0 point(s) <empty>
>> Schedule ' dummy4' before second TSEvaluationTimesSetUp(): 0 point(s) <empty>
>> Schedule ' dummy5' before second TSEvaluationTimesSetUp(): 0 point(s) <empty>
### Check 'user' before second TSEvaluationTimesSetUp(): not found
>> Schedule '   user' before 1st TSSolve: 0 point(s) <empty>
>> Schedule 'default' before 1st TSSolve: 21 point(s)
>> Schedule '  range' before 1st TSSolve: 0 point(s) <empty>
>> Schedule ' dummy1' before 1st TSSolve: 0 point(s) <empty>
>> Schedule ' dummy2' before 1st TSSolve: 0 point(s) <empty>
>> Schedule ' dummy3' before 1st TSSolve: 0 point(s) <empty>
>> Schedule ' dummy4' before 1st TSSolve: 0 point(s) <empty>
>> Schedule ' dummy5' before 1st TSSolve: 0 point(s) <empty>
### Check 'user' before 1st TSSolve: not found
### Check 'user' after 1st TSSolve: not found
---
Evaluation times schedule 'user' not found
>> Schedule '   user' after 2nd TSSolve: 0 point(s) <empty>
>> Schedule 'default' after 2nd TSSolve: 21 point(s)
>> Schedule '  range' after 2nd TSSolve: 0 point(s) <empty>
>> Schedule ' dummy1' after 2nd TSSolve: 0 point(s) <empty>
>> Schedule ' dummy2' after 2nd TSSolve: 0 point(s) <empty>
>> Schedule ' dummy3' after 2nd TSSolve: 0 point(s) <empty>
>> Schedule ' dummy4' after 2nd TSSolve: 0 point(s) <empty>
>> Schedule ' dummy5' after 2nd TSSolve: 0 point(s) <empty>
---
Evaluation times schedule 'user' not found
---
Evaluation times schedule 'default': 21 point(s), visited subrange: [-1, -1)
10.	0.	***
10.1	0.	***
10.2	0.	***
10.3	0.	***
10.4	0.	***
10.5	0.	***
10.6	0.	***
10.7	0.	***
10.8	0.	***
10.9	0.	***
11.	0.	***
11.1	0.	***
11.2	0.	***
11.3	0.	***
11.4	0.	***
11.5	0.	***
11.6	0.	***
11.7	0.	***
11.8	0.	***
11.9	0.	***
12.	0.	***
---
Evaluation times schedule 'range' not found
>> Schedule '   user' after TSEvaluationTimesReset: 0 point(s) <empty>
>> Schedule 'default' after TSEvaluationTimesReset: 21 point(s)
>> Schedule '  range' after TSEvaluationTimesReset: 0 point(s) <empty>
>> Schedule ' dummy1' after TSEvaluationTimesReset: 0 point(s) <empty>
>> Schedule ' dummy2' after TSEvaluationTimesReset: 0 point(s) <empty>
>> Schedule ' dummy3' after TSEvaluationTimesReset: 0 point(s) <empty>
>> Schedule ' dummy4' after TSEvaluationTimesReset: 0 point(s) <empty>
>> Schedule ' dummy5' after TSEvaluationTimesReset: 0 point(s) <empty>
---
Evaluation times schedule 'user' not found
---
Evaluation times schedule 'default': 21 point(s), visited subrange: [-1, -1)
10.	0.	***
10.1	0.	***
10.2	0.	***
10.3	0.	***
10.4	0.	***
10.5	0.	***
10.6	0.	***
10.7	0.	***
10.8	0.	***
10.9	0.	***
11.	0.	***
11.1	0.	***
11.2	0.	***
11.3	0.	***
11.4	0.	***
11.5	0.	***
11.6	0.	***
11.7	0.	***
11.8	0.	***
11.9	0.	***
12.	0.	***
---
Evaluation times schedule 'range' not found
### Check 'user' after 3rd TSSolve: not found
Schedule 'user' is absent, no need to remove
### Check 'user' after 4th TSSolve: not found
== CONVERGED_TIME ==
0	1.	8.12683e-14	pass
0	1.05	1.33513e-07	pass
0	2.	1.81632e-13	pass
0	3.	3.9968e-14	pass
0	4.	1.789e-07	pass
0	5.	4.61853e-14	pass
0	6.	5.06262e-14	pass
0	7.	4.04847e-08	pass
0	8.	1.0975e-07	pass
0	9.	1.38556e-13	pass
0	9.05	1.01661e-10	pass
0	10.	0.	pass
0	11.	3.55271e-15	pass
0	12.	0.	pass
---
Evaluation times schedule 'user' not found
---
Evaluation times schedule 'default': 21 point(s), visited subrange: [0, 21)
10.	9.88098e-14	pass
10.1	0.1	pass
10.2	0.2	pass
10.3	0.3	pass
10.4	0.4	pass
10.5	0.5	pass
10.6	0.6	pass
10.7	0.7	pass
10.8	0.8	pass
10.9	0.9	pass
11.	1.	pass
11.1	1.1	pass
11.2	1.2	pass
11.3	1.3	pass
11.4	1.4	pass
11.5	1.5	pass
11.6	1.6	pass
11.7	1.7	pass
11.8	1.8	pass
11.9	1.9	pass
12.	2.	pass
---
Evaluation times schedule 'range' not found
(1) Initial time = 0., final time reached = 12., max time = 12., pass
(2) Initial dt = 0.123, final dt = 0.123, pass
(1) or (2): pass
