>> Schedule '   user' after first TSEvaluationTimesSetUp(): 30 point(s)
>> Schedule 'default' after first TSEvaluationTimesSetUp(): 2 point(s)
>> Schedule '  range' after first TSEvaluationTimesSetUp(): 0 point(s) <empty>
>> Schedule ' dummy1' after first TSEvaluationTimesSetUp(): 1 point(s)
>> Schedule ' dummy2' after first TSEvaluationTimesSetUp(): 2 point(s)
>> Schedule ' dummy3' after first TSEvaluationTimesSetUp(): 3 point(s)
>> Schedule ' dummy4' after first TSEvaluationTimesSetUp(): 4 point(s)
>> Schedule ' dummy5' after first TSEvaluationTimesSetUp(): 5 point(s)
>> Schedule '   user' before second TSEvaluationTimesSetUp(): 30 point(s)
>> Schedule 'default' before second TSEvaluationTimesSetUp(): 2 point(s)
>> Schedule '  range' before second TSEvaluationTimesSetUp(): 0 point(s) <empty>
>> Schedule ' dummy1' before second TSEvaluationTimesSetUp(): 0 point(s) <empty>
>> Schedule ' dummy2' before second TSEvaluationTimesSetUp(): 0 point(s) <empty>
>> Schedule ' dummy3' before second TSEvaluationTimesSetUp(): 0 point(s) <empty>
>> Schedule ' dummy4' before second TSEvaluationTimesSetUp(): 0 point(s) <empty>
>> Schedule ' dummy5' before second TSEvaluationTimesSetUp(): 0 point(s) <empty>
### Check 'user' before second TSEvaluationTimesSetUp(): start -1, end -1
>> Schedule '   user' before 1st TSSolve: 30 point(s)
>> Schedule 'default' before 1st TSSolve: 2 point(s)
>> Schedule '  range' before 1st TSSolve: 0 point(s) <empty>
>> Schedule ' dummy1' before 1st TSSolve: 0 point(s) <empty>
>> Schedule ' dummy2' before 1st TSSolve: 0 point(s) <empty>
>> Schedule ' dummy3' before 1st TSSolve: 0 point(s) <empty>
>> Schedule ' dummy4' before 1st TSSolve: 0 point(s) <empty>
>> Schedule ' dummy5' before 1st TSSolve: 0 point(s) <empty>
### Check 'user' before 1st TSSolve: start -1, end -1
ETS 'user ' point 0.01, union index    0, private index    0
ETS 'user ' point 0.21, union index    1, private index    1
ETS 'user ' point 1.01, union index    2, private index    2
### Check 'user' after 1st TSSolve: start 0, end 3
---
Evaluation times schedule 'user': 30 point(s), visited subrange: [0, 3)
0.01	0.999998	pass
0.21	0.9997	pass
1.01	0.998233	pass
1.21	0.	***
2.01	0.	***
2.21	0.	***
3.	0.	***
3.01	0.	***
3.21	0.	***
4.	0.	***
4.01	0.	***
4.02	0.	***
4.21	0.	***
4.98	0.	***
5.	0.	***
5.01	0.	***
5.21	0.	***
5.98	0.	***
6.	0.	***
6.01	0.	***
6.02	0.	***
6.21	0.	***
6.99	0.	***
7.21	0.	***
8.01	0.	***
8.21	0.	***
9.01	0.	***
9.21	0.	***
10.01	0.	***
10.21	0.	***
ETS 'user ' point 1.21, union index    4, private index    3
ETS 'user ' point 2.01, union index    5, private index    4
ETS 'user ' point 2.21, union index    6, private index    5
ETS 'user ' point 3., union index    7, private index    6
ETS 'user ' point 3.01, union index    8, private index    7
ETS 'user ' point 3.21, union index    9, private index    8
ETS 'user ' point 4.01, union index   11, private index   10
ETS 'user ' point 4.02, union index   12, private index   11
ETS 'user ' point 4.21, union index   13, private index   12
ETS 'user ' point 4.98, union index   14, private index   13
ETS 'user ' point 5., union index   15, private index   14
ETS 'user ' point 5.01, union index   16, private index   15
ETS 'user ' point 5.21, union index   17, private index   16
ETS 'user ' point 5.98, union index   18, private index   17
ETS 'user ' point 6., union index   19, private index   18
ETS 'user ' point 6.01, union index   20, private index   19
ETS 'user ' point 6.02, union index   21, private index   20
ETS 'user ' point 6.21, union index   22, private index   21
ETS 'user ' point 6.99, union index   23, private index   22
ETS 'user ' point 7.21, union index   24, private index   23
ETS 'user ' point 8.01, union index   25, private index   24
ETS 'user ' point 8.21, union index   26, private index   25
ETS 'user ' point 9.01, union index   27, private index   26
>> Schedule '   user' after 2nd TSSolve: 30 point(s)
>> Schedule 'default' after 2nd TSSolve: 2 point(s)
>> Schedule '  range' after 2nd TSSolve: 0 point(s) <empty>
>> Schedule ' dummy1' after 2nd TSSolve: 0 point(s) <empty>
>> Schedule ' dummy2' after 2nd TSSolve: 0 point(s) <empty>
>> Schedule ' dummy3' after 2nd TSSolve: 0 point(s) <empty>
>> Schedule ' dummy4' after 2nd TSSolve: 0 point(s) <empty>
>> Schedule ' dummy5' after 2nd TSSolve: 0 point(s) <empty>
---
Evaluation times schedule 'user': 30 point(s), visited subrange: [0, 27)
0.01	0.999998	pass
0.21	0.9997	pass
1.01	0.998233	pass
1.21	1.99589	pass
2.01	1.99226	pass
2.21	1.99142	pass
3.	1.9878	pass
3.01	1.9878	pass
3.21	1.98696	pass
4.	0.	***
4.01	1.98335	pass
4.02	1.98334	pass
4.21	1.98263	pass
4.98	1.97916	pass
5.	1.97914	pass
5.01	1.97914	pass
5.21	1.9783	pass
5.98	1.97484	pass
6.	1.97482	pass
6.01	1.97482	pass
6.02	1.97481	pass
6.21	1.9741	pass
6.99	1.97058	pass
7.21	1.96971	pass
8.01	1.96612	pass
8.21	1.9653	pass
9.01	1.96172	pass
9.21	0.	***
10.01	0.	***
10.21	0.	***
---
Evaluation times schedule 'default': 2 point(s), visited subrange: [0, 2)
1.05	1.05	pass
9.05	-0.95	pass
---
Evaluation times schedule 'range' not found
>> Schedule '   user' after TSEvaluationTimesReset: 30 point(s)
>> Schedule 'default' after TSEvaluationTimesReset: 2 point(s)
>> Schedule '  range' after TSEvaluationTimesReset: 0 point(s) <empty>
>> Schedule ' dummy1' after TSEvaluationTimesReset: 0 point(s) <empty>
>> Schedule ' dummy2' after TSEvaluationTimesReset: 0 point(s) <empty>
>> Schedule ' dummy3' after TSEvaluationTimesReset: 0 point(s) <empty>
>> Schedule ' dummy4' after TSEvaluationTimesReset: 0 point(s) <empty>
>> Schedule ' dummy5' after TSEvaluationTimesReset: 0 point(s) <empty>
---
Evaluation times schedule 'user': 30 point(s), visited subrange: [-1, -1)
0.01	0.	***
0.21	0.	***
1.01	0.	***
1.21	0.	***
2.01	0.	***
2.21	0.	***
3.	0.	***
3.01	0.	***
3.21	0.	***
4.	0.	***
4.01	0.	***
4.02	0.	***
4.21	0.	***
4.98	0.	***
5.	0.	***
5.01	0.	***
5.21	0.	***
5.98	0.	***
6.	0.	***
6.01	0.	***
6.02	0.	***
6.21	0.	***
6.99	0.	***
7.21	0.	***
8.01	0.	***
8.21	0.	***
9.01	0.	***
9.21	0.	***
10.01	0.	***
10.21	0.	***
---
Evaluation times schedule 'default': 2 point(s), visited subrange: [-1, -1)
1.05	0.	***
9.05	0.	***
---
Evaluation times schedule 'range' not found
ETS 'user ' point 9.21, union index   29, private index   27
### Check 'user' after 3rd TSSolve: start 27, end 28
Removing schedule 'user' (this also causes evaluation times to reset)...
### Check 'user' after 4th TSSolve: not found
== CONVERGED_TIME ==
0	1.	3.94024e-09	pass
0	1.05	0.	pass
0	2.	1.61319e-08	pass
0	3.	0.	pass
0	4.	0.	pass
0	5.	0.	pass
0	6.	0.	pass
0	7.	2.48584e-07	pass
0	8.	1.61319e-08	pass
0	9.	1.61319e-08	pass
0	9.05	0.	pass
0	10.	0.	pass
0	11.	1.52495e-07	pass
0	12.	0.	pass
---
Evaluation times schedule 'user' not found
---
Evaluation times schedule 'default': 2 point(s), visited subrange: [-1, -1)
1.05	0.	***
9.05	0.	***
---
Evaluation times schedule 'range' not found
(1) Initial time = 0., final time reached = 12., max time = 12., pass
(2) Initial dt = 0.099, final dt = 0.123, pass
(1) or (2): pass
