L_2 Error: [1.947e-16, 9.85463e-17]
L_2 Residual: 0.101688
Taylor approximation converging at order 2.00
Timestep: 0000 time = 0        	 L_2 Error: [1.95e-16, 9.85e-17]
0 TS dt 0.1 time 0.
    0 SNES Function norm 0.0944066
      0 KSP Residual norm 2.4105
      1 KSP Residual norm 1.142137232759e-15
    Linear solve converged due to CONVERGED_RTOL iterations 1
    1 SNES Function norm 0.00403716
      0 KSP Residual norm 0.0478498
      1 KSP Residual norm 6.340792888512e-17
    Linear solve converged due to CONVERGED_RTOL iterations 1
    2 SNES Function norm 3.87009e-06
      0 KSP Residual norm 2.7504e-05
      1 KSP Residual norm 3.342297598052e-20
    Linear solve converged due to CONVERGED_RTOL iterations 1
    3 SNES Function norm 2.182936232355e-12
  Nonlinear solve converged due to CONVERGED_FNORM_RELATIVE iterations 3
Timestep: 0001 time = 0.1      	 L_2 Error: [0.0117, 0.37]
1 TS dt 0.1 time 0.1
    0 SNES Function norm 0.225102
      0 KSP Residual norm 0.987714
      1 KSP Residual norm 1.331056433719e-15
    Linear solve converged due to CONVERGED_RTOL iterations 1
    1 SNES Function norm 0.00425508
      0 KSP Residual norm 0.0491205
      1 KSP Residual norm 6.168847687734e-17
    Linear solve converged due to CONVERGED_RTOL iterations 1
    2 SNES Function norm 4.13475e-06
      0 KSP Residual norm 3.1314e-05
      1 KSP Residual norm 8.761691623195e-20
    Linear solve converged due to CONVERGED_RTOL iterations 1
    3 SNES Function norm 3.437683894071e-12
  Nonlinear solve converged due to CONVERGED_FNORM_RELATIVE iterations 3
Timestep: 0002 time = 0.2      	 L_2 Error: [0.0215, 0.351]
2 TS dt 0.1 time 0.2
    0 SNES Function norm 0.225737
      0 KSP Residual norm 0.997403
      1 KSP Residual norm 1.323762432568e-15
    Linear solve converged due to CONVERGED_RTOL iterations 1
    1 SNES Function norm 0.00442207
      0 KSP Residual norm 0.0496433
      1 KSP Residual norm 5.255875368422e-17
    Linear solve converged due to CONVERGED_RTOL iterations 1
    2 SNES Function norm 4.15383e-06
      0 KSP Residual norm 3.31891e-05
      1 KSP Residual norm 6.589304576157e-20
    Linear solve converged due to CONVERGED_RTOL iterations 1
    3 SNES Function norm 4.523702644294e-12
  Nonlinear solve converged due to CONVERGED_FNORM_RELATIVE iterations 3
Timestep: 0003 time = 0.3      	 L_2 Error: [0.0297, 0.334]
3 TS dt 0.1 time 0.3
    0 SNES Function norm 0.22659
      0 KSP Residual norm 1.00245
      1 KSP Residual norm 9.019044547343e-16
    Linear solve converged due to CONVERGED_RTOL iterations 1
    1 SNES Function norm 0.00450444
      0 KSP Residual norm 0.0495243
      1 KSP Residual norm 3.584182658985e-17
    Linear solve converged due to CONVERGED_RTOL iterations 1
    2 SNES Function norm 3.84473e-06
      0 KSP Residual norm 3.16973e-05
      1 KSP Residual norm 4.687388199122e-20
    Linear solve converged due to CONVERGED_RTOL iterations 1
    3 SNES Function norm 3.857763003228e-12
  Nonlinear solve converged due to CONVERGED_FNORM_RELATIVE iterations 3
Timestep: 0004 time = 0.4      	 L_2 Error: [0.0367, 0.319]
4 TS dt 0.1 time 0.4
    0 SNES Function norm 0.227683
      0 KSP Residual norm 1.00398
      1 KSP Residual norm 1.052039604279e-15
    Linear solve converged due to CONVERGED_RTOL iterations 1
    1 SNES Function norm 0.00451762
      0 KSP Residual norm 0.0491373
      1 KSP Residual norm 1.038177563312e-16
    Linear solve converged due to CONVERGED_RTOL iterations 1
    2 SNES Function norm 3.35019e-06
      0 KSP Residual norm 2.78283e-05
      1 KSP Residual norm 5.307509717242e-20
    Linear solve converged due to CONVERGED_RTOL iterations 1
    3 SNES Function norm 2.455681421059e-12
  Nonlinear solve converged due to CONVERGED_FNORM_RELATIVE iterations 3
Timestep: 0005 time = 0.5      	 L_2 Error: [0.0425, 0.307]
5 TS dt 0.1 time 0.5
    0 SNES Function norm 0.229033
      0 KSP Residual norm 1.00375
      1 KSP Residual norm 8.207335182435e-16
    Linear solve converged due to CONVERGED_RTOL iterations 1
    1 SNES Function norm 0.00449753
      0 KSP Residual norm 0.0486685
      1 KSP Residual norm 7.236041117310e-17
    Linear solve converged due to CONVERGED_RTOL iterations 1
    2 SNES Function norm 2.88361e-06
      0 KSP Residual norm 2.38119e-05
      1 KSP Residual norm 2.050430399359e-20
    Linear solve converged due to CONVERGED_RTOL iterations 1
    3 SNES Function norm 1.571713329131e-12
  Nonlinear solve converged due to CONVERGED_FNORM_RELATIVE iterations 3
Timestep: 0006 time = 0.6      	 L_2 Error: [0.0474, 0.298]
6 TS dt 0.1 time 0.6
    0 SNES Function norm 0.230633
      0 KSP Residual norm 1.00323
      1 KSP Residual norm 1.273197959481e-15
    Linear solve converged due to CONVERGED_RTOL iterations 1
    1 SNES Function norm 0.00447673
      0 KSP Residual norm 0.0481264
      1 KSP Residual norm 4.646640607350e-17
    Linear solve converged due to CONVERGED_RTOL iterations 1
    2 SNES Function norm 2.53347e-06
      0 KSP Residual norm 2.08346e-05
      1 KSP Residual norm 2.905198183093e-20
    Linear solve converged due to CONVERGED_RTOL iterations 1
    3 SNES Function norm 1.113945107828e-12
  Nonlinear solve converged due to CONVERGED_FNORM_RELATIVE iterations 3
Timestep: 0007 time = 0.7      	 L_2 Error: [0.0511, 0.293]
7 TS dt 0.1 time 0.7
    0 SNES Function norm 0.232455
      0 KSP Residual norm 1.00335
      1 KSP Residual norm 1.167692208469e-15
    Linear solve converged due to CONVERGED_RTOL iterations 1
    1 SNES Function norm 0.0044733
      0 KSP Residual norm 0.0475211
      1 KSP Residual norm 8.533631759559e-17
    Linear solve converged due to CONVERGED_RTOL iterations 1
    2 SNES Function norm 2.29335e-06
      0 KSP Residual norm 1.90501e-05
      1 KSP Residual norm 5.364829796412e-20
    Linear solve converged due to CONVERGED_RTOL iterations 1
    3 SNES Function norm 8.811477752177e-13
  Nonlinear solve converged due to CONVERGED_FNORM_RELATIVE iterations 3
Timestep: 0008 time = 0.8      	 L_2 Error: [0.0539, 0.291]
8 TS dt 0.1 time 0.8
    0 SNES Function norm 0.234453
      0 KSP Residual norm 1.00445
      1 KSP Residual norm 9.251126342055e-16
    Linear solve converged due to CONVERGED_RTOL iterations 1
    1 SNES Function norm 0.00448762
      0 KSP Residual norm 0.0469303
      1 KSP Residual norm 9.051349779433e-17
    Linear solve converged due to CONVERGED_RTOL iterations 1
    2 SNES Function norm 2.12877e-06
      0 KSP Residual norm 1.81598e-05
      1 KSP Residual norm 3.116741135994e-20
    Linear solve converged due to CONVERGED_RTOL iterations 1
    3 SNES Function norm 7.595287808197e-13
  Nonlinear solve converged due to CONVERGED_FNORM_RELATIVE iterations 3
Timestep: 0009 time = 0.9      	 L_2 Error: [0.0558, 0.293]
9 TS dt 0.1 time 0.9
    0 SNES Function norm 0.23659
      0 KSP Residual norm 1.00625
      1 KSP Residual norm 9.488447304079e-16
    Linear solve converged due to CONVERGED_RTOL iterations 1
    1 SNES Function norm 0.0045101
      0 KSP Residual norm 0.0464374
      1 KSP Residual norm 7.683060151802e-17
    Linear solve converged due to CONVERGED_RTOL iterations 1
    2 SNES Function norm 2.00335e-06
      0 KSP Residual norm 1.76703e-05
      1 KSP Residual norm 2.186749789190e-20
    Linear solve converged due to CONVERGED_RTOL iterations 1
    3 SNES Function norm 6.684552770847e-13
  Nonlinear solve converged due to CONVERGED_FNORM_RELATIVE iterations 3
Timestep: 0010 time = 1        	 L_2 Error: [0.0572, 0.297]
10 TS dt 0.1 time 1.
