0 TS dt 0.125 time 0.
      0 KSP Residual norm 0.0902246 
      1 KSP Residual norm 0.072483 
      2 KSP Residual norm 0.0723051 
      3 KSP Residual norm < 1.e-11
1 TS dt 0.125 time 0.125
      0 KSP Residual norm 0.0551378 
      1 KSP Residual norm 0.0442956 
      2 KSP Residual norm 0.0441869 
      3 KSP Residual norm 2.42817e-08 
2 TS dt 0.125 time 0.25
      0 KSP Residual norm 0.0336957 
      1 KSP Residual norm 0.0270698 
      2 KSP Residual norm 0.0270034 
      3 KSP Residual norm 0.000100414 
      4 KSP Residual norm 4.42501e-06 
      5 KSP Residual norm 4.8334e-07 
3 TS dt 0.125 time 0.375
      0 KSP Residual norm 0.020592 
      1 KSP Residual norm 0.0165428 
      2 KSP Residual norm 0.0165022 
      3 KSP Residual norm 0.00403408 
      4 KSP Residual norm 0.000247114 
      5 KSP Residual norm 2.81527e-05 
      6 KSP Residual norm 3.7101e-06 
      7 KSP Residual norm 5.41347e-07 
4 TS dt 0.125 time 0.5
      0 KSP Residual norm 0.0125841 
      1 KSP Residual norm 0.0101096 
      2 KSP Residual norm 0.0100848 
      3 KSP Residual norm 0.00451125 
      4 KSP Residual norm 0.000374932 
      5 KSP Residual norm 6.55635e-05 
      6 KSP Residual norm 1.34454e-05 
      7 KSP Residual norm 2.76266e-06 
      8 KSP Residual norm 6.12216e-07 
5 TS dt 0.125 time 0.625
L2 norm of the numerical error = 0.000304732 (time=0.625)
