t = 0.000000e+00  L2 = 1.241267e-16  Linf = 1.110223e-16  L2_avg = 0.000000e+00  Linf_avg = 0.000000e+00  t_max = 0.000000e+00  L2_max = 1.241267e-16
t = 1.000000e-02  L2 = 5.908808e-02  Linf = 5.734411e-02  L2_avg = 3.110414e-02  Linf_avg = 2.986615e-02  t_max = 1.000000e-02  L2_max = 5.908808e-02
t = 2.000000e-02  L2 = 7.500640e-02  Linf = 7.211624e-02  L2_avg = 5.194973e-02  Linf_avg = 5.022954e-02  t_max = 1.710000e-02  L2_max = 7.632160e-02
t = 3.000000e-02  L2 = 6.166546e-02  Linf = 5.550156e-02  L2_avg = 5.751298e-02  Linf_avg = 5.495920e-02  t_max = 1.710000e-02  L2_max = 7.632160e-02
t = 4.000000e-02  L2 = 5.784826e-02  Linf = 3.870012e-02  L2_avg = 5.760202e-02  Linf_avg = 5.285756e-02  t_max = 1.710000e-02  L2_max = 7.632160e-02
t = 5.000000e-02  L2 = 8.026468e-02  Linf = 6.868137e-02  L2_avg = 5.949600e-02  Linf_avg = 5.236970e-02  t_max = 5.000000e-02  L2_max = 8.026468e-02
t = 6.000000e-02  L2 = 4.350331e-02  Linf = 2.352424e-02  L2_avg = 6.149510e-02  Linf_avg = 5.333869e-02  t_max = 5.560000e-02  L2_max = 1.015763e-01
t = 7.000000e-02  L2 = 5.976606e-02  Linf = 4.222038e-02  L2_avg = 6.038444e-02  Linf_avg = 5.060762e-02  t_max = 5.560000e-02  L2_max = 1.015763e-01
t = 8.000000e-02  L2 = 6.059243e-02  Linf = 3.960056e-02  L2_avg = 6.041778e-02  Linf_avg = 4.951612e-02  t_max = 5.560000e-02  L2_max = 1.015763e-01
t = 9.000000e-02  L2 = 6.322179e-02  Linf = 3.173068e-02  L2_avg = 6.050806e-02  Linf_avg = 4.797639e-02  t_max = 5.560000e-02  L2_max = 1.015763e-01
t = 1.000000e-01  L2 = 7.740451e-02  Linf = 5.489574e-02  L2_avg = 6.138399e-02  Linf_avg = 4.733603e-02  t_max = 5.560000e-02  L2_max = 1.015763e-01
TS Object: 1 MPI process
  type: rks
  RKS method: rkl1, stages=10
  s:0, mu=0.000000, nu=0.000000, tilde_mu=0.000000, tilde_gamma=0.000000, b=0.000000
  s:1, mu=0.000000, nu=0.000000, tilde_mu=0.018182, tilde_gamma=0.000000, b=0.000000
  s:2, mu=1.500000, nu=-0.500000, tilde_mu=0.027273, tilde_gamma=0.000000, b=0.000000
  s:3, mu=1.666667, nu=-0.666667, tilde_mu=0.030303, tilde_gamma=0.000000, b=0.000000
  s:4, mu=1.750000, nu=-0.750000, tilde_mu=0.031818, tilde_gamma=0.000000, b=0.000000
  s:5, mu=1.800000, nu=-0.800000, tilde_mu=0.032727, tilde_gamma=0.000000, b=0.000000
  s:6, mu=1.833333, nu=-0.833333, tilde_mu=0.033333, tilde_gamma=0.000000, b=0.000000
  s:7, mu=1.857143, nu=-0.857143, tilde_mu=0.033766, tilde_gamma=0.000000, b=0.000000
  s:8, mu=1.875000, nu=-0.875000, tilde_mu=0.034091, tilde_gamma=0.000000, b=0.000000
  s:9, mu=1.888889, nu=-0.888889, tilde_mu=0.034343, tilde_gamma=0.000000, b=0.000000
  initial time step=0.0001
  maximum steps=1000
  maximum time=8.
  maximum number of step rejections=10
  maximum number of SNES failures allowed=1
  total number of RHS function evaluations=10000
  total number of rejected steps=0
  using relative error tolerance of 0.0001, using absolute error tolerance of 0.0001
  TSAdapt Object: 1 MPI process
    type: none
