t = 0.000000e+00  L2 = 1.241267e-16  Linf = 1.110223e-16  L2_avg = 0.000000e+00  Linf_avg = 0.000000e+00  t_max = 0.000000e+00  L2_max = 1.241267e-16
[0]PETSC ERROR: ------------------------------------------------------------------------
[0]PETSC ERROR: Caught signal number 11 SEGV: Segmentation Violation, probably memory access out of range
[0]PETSC ERROR: Try option -start_in_debugger or -on_error_attach_debugger
[0]PETSC ERROR: or see https://petsc.org/release/faq/#valgrind and https://petsc.org/release/faq/
[0]PETSC ERROR: ---------------------  Stack Frames ------------------------------------
[0]PETSC ERROR: The line numbers in the error traceback may not be exact.
[0]PETSC ERROR: #1 RHSFunction() at /Users/dannyfinn/petsc/src/ts/tutorials/ex78.c:354
[0]PETSC ERROR: #2 TS callback right-hand-side
[0]PETSC ERROR: #3 TSComputeRHSFunction() at /Users/dannyfinn/petsc/src/ts/interface/ts.c:649
[0]PETSC ERROR: #4 TSComputeIFunction() at /Users/dannyfinn/petsc/src/ts/interface/ts.c:829
[0]PETSC ERROR: #5 SNESTSFormFunction_Theta() at /Users/dannyfinn/petsc/src/ts/impls/implicit/theta/theta.c:962
[0]PETSC ERROR: #6 SNESTSFormFunction() at /Users/dannyfinn/petsc/src/ts/interface/ts.c:4583
[0]PETSC ERROR: #7 SNES callback function
[0]PETSC ERROR: #8 SNESComputeFunction() at /Users/dannyfinn/petsc/src/snes/interface/snes.c:2490
[0]PETSC ERROR: #9 SNESSolve_NEWTONLS() at /Users/dannyfinn/petsc/src/snes/impls/ls/ls.c:168
[0]PETSC ERROR: #10 SNESSolve() at /Users/dannyfinn/petsc/src/snes/interface/snes.c:4900
[0]PETSC ERROR: #11 TSTheta_SNESSolve() at /Users/dannyfinn/petsc/src/ts/impls/implicit/theta/theta.c:172
[0]PETSC ERROR: #12 TSStep_Theta() at /Users/dannyfinn/petsc/src/ts/impls/implicit/theta/theta.c:223
[0]PETSC ERROR: #13 TSStep() at /Users/dannyfinn/petsc/src/ts/interface/ts.c:3521
[0]PETSC ERROR: #14 TSSolve() at /Users/dannyfinn/petsc/src/ts/interface/ts.c:4184
[0]PETSC ERROR: #15 main() at /Users/dannyfinn/petsc/src/ts/tutorials/ex78.c:615
