timestep 0 time 0. norm 0.104997
timestep 1 time 1.66587e-05 norm 0.103432
timestep 2 time 3.33175e-05 norm 0.101898
timestep 3 time 4.99762e-05 norm 0.100395
timestep 4 time 9.46554e-05 norm 0.0965055
timestep 5 time 0.000139335 norm 0.0928007
timestep 6 time 0.000184014 norm 0.0892859
timestep 7 time 0.000262691 norm 0.0835446
timestep 8 time 0.000341368 norm 0.0783421
timestep 9 time 0.000459819 norm 0.0714381
timestep 10 time 0.00057827 norm 0.0655318
timestep 11 time 0.000696721 norm 0.0604784
timestep 12 time 0.000815173 norm 0.0561356
timestep 13 time 0.000933624 norm 0.0523771
timestep 14 time 0.00105208 norm 0.0490987
timestep 15 time 0.00117053 norm 0.0462173
timestep 16 time 0.0013542 norm 0.0423936
timestep 17 time 0.00153787 norm 0.0391866
timestep 18 time 0.00172154 norm 0.0364561
timestep 19 time 0.00190521 norm 0.0341023
timestep 20 time 0.00208888 norm 0.0320522
timestep 21 time 0.00237304 norm 0.0293626
timestep 22 time 0.00265721 norm 0.0271234
timestep 23 time 0.00323992 norm 0.0235626
timestep 24 time 0.00382263 norm 0.0209125
timestep 25 time 0.00440535 norm 0.0188073
timestep 26 time 0.00498806 norm 0.0170806
timestep 27 time 0.00592414 norm 0.0148464
timestep 28 time 0.00686021 norm 0.0131235
timestep 29 time 0.00779629 norm 0.0118136
timestep 30 time 0.00873236 norm 0.0108012
timestep 31 time 0.00966844 norm 0.00997819
timestep 32 time 0.0116489 norm 0.00867816
timestep 33 time 0.0136293 norm 0.00771399
timestep 34 time 0.0156098 norm 0.00693287
timestep 35 time 0.0175903 norm 0.00628419
timestep 36 time 0.0195707 norm 0.00574415
timestep 37 time 0.0215512 norm 0.0052928
timestep 38 time 0.0263086 norm 0.0044751
timestep 39 time 0.0310661 norm 0.00390038
timestep 40 time 0.0358235 norm 0.00346534
timestep 41 time 0.0405809 norm 0.00311898
timestep 42 time 0.0453384 norm 0.00283569
timestep 43 time 0.05 norm 0.00260467
