timestep 0 time 0. norm 0.104997
timestep 1 time 1.66587e-05 norm 0.103432
timestep 2 time 3.33175e-05 norm 0.101898
timestep 3 time 4.99762e-05 norm 0.100395
timestep 4 time 0.000111934 norm 0.095011
timestep 5 time 0.000173892 norm 0.0900163
timestep 6 time 0.000235849 norm 0.0853907
timestep 7 time 0.000346257 norm 0.0780039
timestep 8 time 0.000456665 norm 0.071612
timestep 9 time 0.000567073 norm 0.0660848
timestep 10 time 0.000677481 norm 0.0612952
timestep 11 time 0.000858274 norm 0.0547525
timestep 12 time 0.00103907 norm 0.0494714
timestep 13 time 0.00121986 norm 0.0451397
timestep 14 time 0.00140065 norm 0.0415322
timestep 15 time 0.00168794 norm 0.0369087
timestep 16 time 0.00197523 norm 0.0332661
timestep 17 time 0.00226252 norm 0.0303206
timestep 18 time 0.00254981 norm 0.0278886
timestep 19 time 0.00301112 norm 0.0247622
timestep 20 time 0.00347243 norm 0.0223123
timestep 21 time 0.00393375 norm 0.0203363
timestep 22 time 0.00439506 norm 0.0187065
timestep 23 time 0.00518453 norm 0.0164928
timestep 24 time 0.005974 norm 0.0147814
timestep 25 time 0.00676347 norm 0.0134145
timestep 26 time 0.0079781 norm 0.011776
timestep 27 time 0.00919274 norm 0.0105181
timestep 28 time 0.0104074 norm 0.00951909
timestep 29 time 0.0123701 norm 0.00827708
timestep 30 time 0.0143329 norm 0.00733943
timestep 31 time 0.0162956 norm 0.00660409
timestep 32 time 0.0195437 norm 0.00568324
timestep 33 time 0.0227918 norm 0.00500036
timestep 34 time 0.0260399 norm 0.00447194
timestep 35 time 0.0315861 norm 0.00380198
timestep 36 time 0.0371323 norm 0.00331538
timestep 37 time 0.0426786 norm 0.00294456
timestep 38 time 0.05 norm 0.00257175
