Spinning up truth for 2000 steps...
PetscDA Object: 1 MPI process
  State size: 40
  Observation size: 40
  Ensemble size: 30
  Assembled: true
PetscDAETKF Object:
  Square root type: eigen
Lorenz-96 ETKF Example
======================
  State dimension       : 40
  Ensemble size         : 30
  Forcing parameter (F) : 8.0000
  Time step (dt)        : 0.0500
  Total steps           : 120
  Burn-in steps         : 10
  Observation frequency : 1
  Observation noise std : 1.000
  Random seed           : 12345

Step    0, time  0.000  RMSE_forecast 0.39362  RMSE_analysis 0.39362 [burn-in]
Step   12, time  0.600  RMSE_forecast 0.25244  RMSE_analysis 0.24733
Step   24, time  1.200  RMSE_forecast 0.21423  RMSE_analysis 0.21906
Step   36, time  1.800  RMSE_forecast 0.17982  RMSE_analysis 0.17635
Step   48, time  2.400  RMSE_forecast 0.16495  RMSE_analysis 0.16404
Step   60, time  3.000  RMSE_forecast 0.16911  RMSE_analysis 0.16826
Step   72, time  3.600  RMSE_forecast 0.16284  RMSE_analysis 0.16400
Step   84, time  4.200  RMSE_forecast 0.16270  RMSE_analysis 0.16215
Step   96, time  4.800  RMSE_forecast 0.16001  RMSE_analysis 0.15999
Step  108, time  5.400  RMSE_forecast 0.15721  RMSE_analysis 0.15659
Step  120, time  6.000  RMSE_forecast 0.15337  RMSE_analysis 0.15312

Statistics (111 post-burn-in steps):
==================================================
  Mean RMSE (forecast) : 0.175901
  Mean RMSE (analysis) : 0.174665
  Observations used    : 120

