Spinning up truth for 0 steps...
[0] <vec:seqkokkos> PetscDAGetLETKFLocalizationMatrix(): LETKF localization radius: mean 2.2, std dev 0.
Localization matrix Q created: 40 x 5
PetscDA Object: 1 MPI process
  State size: 40
  Observation size: 40
  Ensemble size: 5
  Assembled: true
  Inflation: 1.
PetscDALETKF Object:
  Square root type: eigen
  Local analysis: Kokkos
  Local observations per vertex: 5
  GPU batch size: auto
  Localization matrix: set
Lorenz-96 LETKF Example
======================
  State dimension        : 40
  Ensemble size          : 5
  Forcing parameter (F)  : 8.0000
  Time step (dt)         : 0.0500
  Total steps            : 112
  Burn-in steps          : 10
  Spin-up steps          : 0
  Observation frequency  : 1
  Observation noise std  : 1.000
  Ensemble init std      : 1.000
  Random seed            : 12345
  Localization (obs/vert): 5 

Step    0, time  0.000  RMSE_forecast 0.00000  RMSE_analysis 0.00000  Spread 1.09085 [burn-in]
Step   11, time  0.550  RMSE_forecast 0.32214  RMSE_analysis 0.29287  Spread 0.29852
Step   22, time  1.100  RMSE_forecast 0.57740  RMSE_analysis 0.53799  Spread 0.51150
Step   33, time  1.650  RMSE_forecast 0.38194  RMSE_analysis 0.37976  Spread 0.36058
Step   44, time  2.200  RMSE_forecast 0.50369  RMSE_analysis 0.48388  Spread 0.29676
Step   55, time  2.750  RMSE_forecast 0.34635  RMSE_analysis 0.33786  Spread 0.29464
Step   66, time  3.300  RMSE_forecast 0.23165  RMSE_analysis 0.25279  Spread 0.25842
Step   77, time  3.850  RMSE_forecast 0.31174  RMSE_analysis 0.32124  Spread 0.25401
Step   88, time  4.400  RMSE_forecast 0.42025  RMSE_analysis 0.38915  Spread 0.22467
Step   99, time  4.950  RMSE_forecast 0.40090  RMSE_analysis 0.34076  Spread 0.28367
Step  110, time  5.500  RMSE_forecast 0.32646  RMSE_analysis 0.32731  Spread 0.24144
Step  112, time  5.600  RMSE_forecast 0.35332  RMSE_analysis 0.35298  Spread 0.24089

Statistics (103 post-burn-in steps):
==================================================
  Mean RMSE (forecast) : 0.38289
  Mean RMSE (analysis) : 0.35654
  Observations used    : 112

