Spinning up truth for 2000 steps...
PetscDA Object: 1 MPI process
  State size: 40
  Observation size: 40
  Ensemble size: 30
  Assembled: true
  Inflation: 1.
PetscDALETKF Object:
  Square root type: eigen
  Local observations per vertex: 40
  Localization matrix: not set
Localization matrix Q created: 40 x 40, full localization (all weights = 1.0)
Lorenz-96 LETKF Example
======================
  State dimension       : 40
  Ensemble size         : 30
  Forcing parameter (F) : 8.0000
  Time step (dt)        : 0.0500
  Total steps           : 120
  Burn-in steps         : 10
  Observation frequency : 1
  Observation noise std : 1.000
  Random seed           : 12345
  Localization          : Full (Q_NUM_OBS_MAX = 40)

Step    0, time  0.000  RMSE_forecast 0.00000  RMSE_analysis 0.00000 [burn-in]
Step   12, time  0.600  RMSE_forecast 0.24223  RMSE_analysis 0.20732
Step   24, time  1.200  RMSE_forecast 0.16712  RMSE_analysis 0.17866
Step   36, time  1.800  RMSE_forecast 0.14318  RMSE_analysis 0.12503
Step   48, time  2.400  RMSE_forecast 0.18344  RMSE_analysis 0.15982
Step   60, time  3.000  RMSE_forecast 0.16564  RMSE_analysis 0.14841
Step   72, time  3.600  RMSE_forecast 0.13345  RMSE_analysis 0.11668
Step   84, time  4.200  RMSE_forecast 0.15012  RMSE_analysis 0.09808
Step   96, time  4.800  RMSE_forecast 0.13980  RMSE_analysis 0.13967
Step  108, time  5.400  RMSE_forecast 0.15239  RMSE_analysis 0.16364
Step  120, time  6.000  RMSE_forecast 0.14599  RMSE_analysis 0.15567

Statistics (111 post-burn-in steps):
==================================================
  Mean RMSE (forecast) : 0.17490
  Mean RMSE (analysis) : 0.16093
  Observations used    : 120

