Localization matrix Q created: 160x40, no localization/global (all weights = 1.0)
PetscDA Object: 1 MPI process
  State size: 160
  Observation size: 40
  Ensemble size: 10
  Assembled: true
  Inflation: 1.
PetscDAETKF Object:
  Square root type: eigen
Shallow Water [L]ETKF Example
============================
  Test case             : Traveling wave
  Flux scheme           : MC (2nd order)
  State dimension       : 160 (80 grid points x 2 DOF)
  Observation dimension : 40
  Ensemble size         : 10
  Gravitational const   : 9.8100
  Time step (dt)        : 0.0020
  Total steps           : 100
  Observation frequency : 5
  Observation noise std : 0.030
  Random seed           : 12345
  Localization          : None/Global (40 obs per vertex)

Step    0, time  0.000  RMSE_forecast 0.00000  RMSE_analysis 0.00000 [initial]
Step   10, time  0.020  RMSE_forecast 0.01016  RMSE_analysis 0.01238
Step   20, time  0.040  RMSE_forecast 0.01289  RMSE_analysis 0.01370
Step   30, time  0.060  RMSE_forecast 0.01287  RMSE_analysis 0.00983
Step   40, time  0.080  RMSE_forecast 0.01188  RMSE_analysis 0.01119
Step   50, time  0.100  RMSE_forecast 0.00959  RMSE_analysis 0.00899
Step   60, time  0.120  RMSE_forecast 0.00969  RMSE_analysis 0.00910
Step   70, time  0.140  RMSE_forecast 0.00772  RMSE_analysis 0.00654
Step   80, time  0.160  RMSE_forecast 0.00705  RMSE_analysis 0.00673
Step   90, time  0.180  RMSE_forecast 0.00703  RMSE_analysis 0.00682
Step  100, time  0.200  RMSE_forecast 0.00643  RMSE_analysis 0.00610

Statistics (100 steps):
==================================================
  Mean RMSE (forecast) : 0.00865
  Mean RMSE (analysis) : 0.00872
  Observations used    : 20

