Localization matrix Q created: 160x40, full localization (all weights = 1.0)
Shallow Water LETKF Example
============================
  Test case             : Dam-break
  State dimension       : 160 (80 grid points x 2 DOF)
  Observation dimension : 40
  Ensemble size         : 30
  Gravitational const   : 9.8100
  Time step (dt)        : 0.0100
  Total steps           : 100
  Burn-in steps         : 10
  Observation frequency : 5
  Observation noise std : 0.100
  Random seed           : 12345
  Localization          : Full (40 obs per vertex)

Step    0, time  0.000  RMSE_forecast 0.00000  RMSE_analysis 0.00000 [burn-in]
Step   10, time  0.100  RMSE_forecast 0.05572  RMSE_analysis 0.07589
Step   20, time  0.200  RMSE_forecast 0.10735  RMSE_analysis 0.06173
Step   30, time  0.300  RMSE_forecast 0.04930  RMSE_analysis 0.05328
Step   40, time  0.400  RMSE_forecast 0.04010  RMSE_analysis 0.03600
Step   50, time  0.500  RMSE_forecast 0.02965  RMSE_analysis 0.02862
Step   60, time  0.600  RMSE_forecast 0.02597  RMSE_analysis 0.03074
Step   70, time  0.700  RMSE_forecast 0.04059  RMSE_analysis 0.06582
Step   80, time  0.800  RMSE_forecast 0.07207  RMSE_analysis 0.06993
Step   90, time  0.900  RMSE_forecast 0.08138  RMSE_analysis 0.08016
Step  100, time  1.000  RMSE_forecast 0.06893  RMSE_analysis 0.05182

Statistics (91 post-burn-in steps):
==================================================
  Mean RMSE (forecast) : 0.05652
  Mean RMSE (analysis) : 0.05648
  Observations used    : 20

