PetscDA Object: 1 MPI process
  State size: 160
  Observation size: 40
  Ensemble size: 30
  Assembled: true
  Inflation: 1.
PetscDALETKF Object:
  Square root type: cholesky
  Local observations per vertex: 40
  Localization matrix: not set
Localization matrix Q created: 160x40, full localization (all weights = 1.0)
Shallow Water LETKF Example
============================
  Test case             : Dam-break
  State dimension       : 160 (80 grid points x 2 DOF)
  Observation dimension : 40
  Ensemble size         : 30
  Gravitational const   : 9.8100
  Time step (dt)        : 0.0100
  Total steps           : 100
  Burn-in steps         : 10
  Observation frequency : 5
  Observation noise std : 0.100
  Random seed           : 12345
  Localization          : Full (40 obs per vertex)

Step    0, time  0.000  RMSE_forecast 0.00000  RMSE_analysis 0.00000 [burn-in]
Step   10, time  0.100  RMSE_forecast 0.07125  RMSE_analysis 0.0882
Step   20, time  0.200  RMSE_forecast 0.11874  RMSE_analysis 0.06989
Step   30, time  0.300  RMSE_forecast 0.04958  RMSE_analysis 0.04876
Step   40, time  0.400  RMSE_forecast 0.03662  RMSE_analysis 0.03339
Step   50, time  0.500  RMSE_forecast 0.03252  RMSE_analysis 0.02635
Step   60, time  0.600  RMSE_forecast 0.02488  RMSE_analysis 0.02793
Step   70, time  0.700  RMSE_forecast 0.03663  RMSE_analysis 0.06105
Step   80, time  0.800  RMSE_forecast 0.06746  RMSE_analysis 0.06546
Step   90, time  0.900  RMSE_forecast 0.07689  RMSE_analysis 0.07588
Step  100, time  1.000  RMSE_forecast 0.06491  RMSE_analysis 0.04802

Statistics (91 post-burn-in steps):
==================================================
  Mean RMSE (forecast) : 0.05602
  Mean RMSE (analysis) : 0.05576
  Observations used    : 20

