Localization matrix Q created using DMPlexGetLETKFLocalizationMatrix
PetscDA Object: 1 MPI process
  State size: 160
  Observation size: 40
  Ensemble size: 10
  Assembled: true
  Inflation: 1.
PetscDALETKF Object:
  Square root type: eigen
  Local analysis: CPU
  Local observations per vertex: 7
  GPU batch size: auto
  Localization matrix: set
Shallow Water [L]ETKF Example
============================
  Test case             : Dam-break
  Flux scheme           : Rusanov (1st order)
  State dimension       : 160 (80 grid points x 2 DOF)
  Observation dimension : 40
  Ensemble size         : 10
  Domain length (L)     : 80.0000
  Gravitational const   : 9.8100
  Time step (dt)        : 0.0200
  Total steps           : 10
  Observation frequency : 2
  Observation noise std : 0.030
  Random seed           : 12345
  Localization          : None/Global (7 obs per vertex)

Step    0, time  0.000  RMSE_forecast 0.00000  RMSE_analysis 0.00000 [initial]
Step    1, time  0.020  RMSE_forecast 0.00002  RMSE_analysis 0.00002
Step    2, time  0.040  RMSE_forecast 0.00003  RMSE_analysis 0.01085
Step    3, time  0.060  RMSE_forecast 0.01091  RMSE_analysis 0.01091
Step    4, time  0.080  RMSE_forecast 0.01118  RMSE_analysis 0.00924
Step    5, time  0.100  RMSE_forecast 0.00944  RMSE_analysis 0.00944
Step    6, time  0.120  RMSE_forecast 0.00968  RMSE_analysis 0.00790
Step    7, time  0.140  RMSE_forecast 0.00808  RMSE_analysis 0.00808
Step    8, time  0.160  RMSE_forecast 0.00824  RMSE_analysis 0.00840
Step    9, time  0.180  RMSE_forecast 0.00851  RMSE_analysis 0.00851
Step   10, time  0.200  RMSE_forecast 0.00857  RMSE_analysis 0.00857

Statistics (10 steps):
==================================================
  Mean RMSE (forecast) : 0.00747
  Mean RMSE (analysis) : 0.00819
  Observations used    : 5

