PetscDA Object: 1 MPI process
  State size: 160
  Observation size: 40
  Ensemble size: 30
  Assembled: true
  Inflation: 1.
PetscDAETKF Object:
  Square root type: cholesky
Localization matrix Q created: 160x40, no localization/global (all weights = 1.0)
Shallow Water LETKF Example
============================
  Test case             : Dam-break
  Flux scheme           : Rusanov (1st order)
  State dimension       : 160 (80 grid points x 2 DOF)
  Observation dimension : 40
  Ensemble size         : 30
  Gravitational const   : 9.8100
  Time step (dt)        : 0.0020
  Total steps           : 100
  Burn-in steps         : 10
  Observation frequency : 5
  Observation noise std : 0.100
  Random seed           : 12345
  Localization          : None/Global (40 obs per vertex)

Step    0, time  0.000  RMSE_forecast 0.00000  RMSE_analysis 0.00000 [initial]
Step   10, time  0.020  RMSE_forecast 0.02089  RMSE_analysis 0.02033
Step   20, time  0.040  RMSE_forecast 0.01679  RMSE_analysis 0.01508
Step   30, time  0.060  RMSE_forecast 0.01724  RMSE_analysis 0.01715
Step   40, time  0.080  RMSE_forecast 0.01218  RMSE_analysis 0.00974
Step   50, time  0.100  RMSE_forecast 0.01207  RMSE_analysis 0.01230
Step   60, time  0.120  RMSE_forecast 0.00906  RMSE_analysis 0.00801
Step   70, time  0.140  RMSE_forecast 0.00918  RMSE_analysis 0.00985
Step   80, time  0.160  RMSE_forecast 0.01397  RMSE_analysis 0.01439
Step   90, time  0.180  RMSE_forecast 0.01619  RMSE_analysis 0.01658
Step  100, time  0.200  RMSE_forecast 0.01662  RMSE_analysis 0.01574

Statistics (91 post-burn-in steps):
==================================================
  Mean RMSE (forecast) : 0.01386
  Mean RMSE (analysis) : 0.01389
  Observations used    : 20

