Localization matrix Q created using DMPlexGetLETKFLocalizationMatrix
PetscDA Object: 1 MPI process
  State size: 160
  Observation size: 40
  Ensemble size: 10
  Assembled: true
  Inflation: 1.
PetscDALETKF Object:
  Square root type: eigen
  Local analysis: CPU
  Local observations per vertex: 40
  GPU batch size: auto
  Localization matrix: set
Shallow Water [L]ETKF Example
============================
  Test case             : Traveling wave
  Flux scheme           : Rusanov (1st order)
  State dimension       : 160 (80 grid points x 2 DOF)
  Observation dimension : 40
  Ensemble size         : 10
  Domain length (L)     : 80.0000
  Gravitational const   : 9.8100
  Time step (dt)        : 0.0200
  Total steps           : 100
  Observation frequency : 5
  Observation noise std : 0.030
  Random seed           : 12345
  Localization          : None/Global (40 obs per vertex)

Step    0, time  0.000  RMSE_forecast 0.00000  RMSE_analysis 0.00000 [initial]
Step   10, time  0.200  RMSE_forecast 0.01405  RMSE_analysis 0.01289
Step   20, time  0.400  RMSE_forecast 0.00913  RMSE_analysis 0.00885
Step   30, time  0.600  RMSE_forecast 0.00908  RMSE_analysis 0.00906
Step   40, time  0.800  RMSE_forecast 0.00787  RMSE_analysis 0.00836
Step   50, time  1.000  RMSE_forecast 0.00787  RMSE_analysis 0.00804
Step   60, time  1.200  RMSE_forecast 0.00777  RMSE_analysis 0.00717
Step   70, time  1.400  RMSE_forecast 0.00660  RMSE_analysis 0.00648
Step   80, time  1.600  RMSE_forecast 0.00614  RMSE_analysis 0.00623
Step   90, time  1.800  RMSE_forecast 0.00575  RMSE_analysis 0.00569
Step  100, time  2.000  RMSE_forecast 0.00558  RMSE_analysis 0.00513

Statistics (100 steps):
==================================================
  Mean RMSE (forecast) : 0.00759
  Mean RMSE (analysis) : 0.00769
  Observations used    : 20

