  Linear solve converged due to CONVERGED_RTOL iterations 30
  Linear solve converged due to CONVERGED_RTOL iterations 30
  Linear solve converged due to CONVERGED_RTOL iterations 30
[0]main |b-Ax|/|b|=7.608833e-07, |b|=2.222509e+00, emax=9.989586e-01
****************************************************************************************************************************************************************
***                                WIDEN YOUR WINDOW TO 160 CHARACTERS.  Use 'enscript -r -fCourier9' to print this document                                 ***
****************************************************************************************************************************************************************

------------------------------------------------------------------ PETSc Performance Summary: ------------------------------------------------------------------

/global/u2/m/madams/petsc/src/ksp/ksp/tutorials/./ex56 on a arch-perlmutter-opt-gcc-kokkos-cuda named nid001032 with 8 processes and CUDA architecture 80, by madams on Sat Jun 20 16:11:46 2026
Using PETSc Development Git Revision: v3.25.2-320-ga5ba3691813 Git Date: 2026-06-19 09:07:30 -0400

                         Max       Max/Min     Avg       Total
Time (sec):           1.215e+01     1.000   1.215e+01
Objects:              0.000e+00     0.000   0.000e+00
Flops:                1.007e+10     1.020   9.974e+09  7.979e+10
Flops/sec:            8.289e+08     1.020   8.210e+08  6.568e+09
MPI Msg Count:        1.680e+04     1.274   1.394e+04  1.116e+05
MPI Msg Len (bytes):  8.464e+07     1.039   5.957e+03  6.645e+08
MPI Reductions:       1.380e+02     1.000

Flop counting convention: 1 flop = 1 real number operation of type (multiply/divide/add/subtract)
                            e.g., VecAXPY() for real vectors of length N --> 2N flops
                            and VecAXPY() for complex vectors of length N --> 8N flops

Summary of Stages:   ----- Time ------  ----- Flop ------  --- Messages ---  -- Message Lengths --  -- Reductions --
                        Avg     %Total     Avg     %Total    Count   %Total     Avg         %Total    Count   %Total
 0:      Main Stage: 3.0036e+00  24.7%  2.5385e+08   0.3%  2.630e+02   0.2%  1.234e+05        4.9%  9.000e+00   6.5%
 1:           Setup: 4.7313e+00  38.9%  3.1816e+09   4.0%  1.293e+04  11.6%  1.419e+04       27.6%  1.120e+02  81.2%
 2:           Solve: 1.4176e+00  11.7%  2.4879e+10  31.2%  3.208e+04  28.8%  3.991e+03       19.3%  0.000e+00   0.0%
 3:       2nd Setup: 2.0282e-01   1.7%  1.6548e+09   2.1%  2.124e+03   1.9%  3.038e+04        9.7%  0.000e+00   0.0%
 4:       2nd Solve: 1.3945e+00  11.5%  2.4879e+10  31.2%  3.208e+04  28.8%  3.991e+03       19.3%  0.000e+00   0.0%
 5:       3rd Setup: 4.1213e-07   0.0%  0.0000e+00   0.0%  0.000e+00   0.0%  0.000e+00        0.0%  0.000e+00   0.0%
 6:       3rd Solve: 1.3982e+00  11.5%  2.4941e+10  31.3%  3.208e+04  28.8%  3.991e+03       19.3%  0.000e+00   0.0%

------------------------------------------------------------------------------------------------------------------------
See the 'Profiling' chapter of the users' manual for details on interpreting output.
Phase summary info:
   Count: number of times phase was executed
   Time and Flop: Max - maximum over all processes
                  Ratio - ratio of maximum to minimum over all processes
   Mess: number of messages sent
   AvgLen: average message length (bytes)
   Reduct: number of global reductions
   Global: entire computation
   Stage: stages of a computation. Set stages with PetscLogStagePush() and PetscLogStagePop().
      %T - percent time in this phase         %F - percent flop in this phase
      %M - percent messages in this phase     %L - percent message lengths in this phase
      %R - percent reductions in this phase
   Total Mflop/s: 1e-6 * (sum of flop over all processes)/(max time over all processes)
   GPU Mflop/s: 1e-6 * (sum of flop on GPU over all processes)/(max GPU time over all processes)
   CpuToGpu Count: total number of CPU to GPU copies per processor
   CpuToGpu Size (Mbytes): 1e-6 * (total size of CPU to GPU copies per processor)
   GpuToCpu Count: total number of GPU to CPU copies per processor
   GpuToCpu Size (Mbytes): 1e-6 * (total size of GPU to CPU copies per processor)
   GPU %F: percent flops on GPU in this event
------------------------------------------------------------------------------------------------------------------------
Event                Count      Time (sec)     Flop                              --- Global ---  --- Stage ----  Total   GPU    - CpuToGpu -   - GpuToCpu - GPU
                   Max Ratio  Max     Ratio   Max  Ratio  Mess   AvgLen  Reduct  %T %F %M %L %R  %T %F %M %L %R Mflop/s Mflop/s Count   Size   Count   Size  %F
---------------------------------------------------------------------------------------------------------------------------------------------------------------

--- Event Stage 0: Main Stage

BuildTwoSided          3 1.0 7.6577e-02 281.3 0.00e+00 0.0 9.4e+01 5.6e+00 0.0e+00  0  0  0  0  0   1  0 36  0  0     0       0      0 0.00e+00    0 0.00e+00  0
BuildTwoSidedF         2 1.0 7.9433e-02 316.4 0.00e+00 0.0 9.5e+01 3.3e+05 0.0e+00  0  0  0  5  0   1  0 36 97  0     0       0      0 0.00e+00    0 0.00e+00  0
MatMult                1 1.0 1.7936e-03 3.3 1.54e+07 1.0 5.6e+01 1.1e+04 0.0e+00  0  0  0  0  0   0 49 21  2  0 68834       0      0 0.00e+00    0 0.00e+00 100
MatAssemblyBegin       1 1.0 7.8907e-02 1.6 0.00e+00 0.0 3.8e+01 8.2e+05 0.0e+00  0  0  0  5  0   2  0 14 96  0     0       0      0 0.00e+00    0 0.00e+00  0
MatAssemblyEnd         1 1.0 4.2332e-02 1.1 2.46e+05 0.0 1.1e+02 2.7e+03 1.0e+00  0  0  0  0  1   1  0 43  1 11    23       0      0 0.00e+00    0 0.00e+00  0
DCtxCreate             1 1.0 3.2677e-04 9.3 0.00e+00 0.0 0.0e+00 0.0e+00 0.0e+00  0  0  0  0  0   0  0  0  0  0     0       0      0 0.00e+00    0 0.00e+00  0
DCtxDestroy            1 1.0 2.5810e-05 1.4 0.00e+00 0.0 0.0e+00 0.0e+00 0.0e+00  0  0  0  0  0   0  0  0  0  0     0       0      0 0.00e+00    0 0.00e+00  0
DCtxSetUp              1 1.0 1.9247e-05 2.3 0.00e+00 0.0 0.0e+00 0.0e+00 0.0e+00  0  0  0  0  0   0  0  0  0  0     0       0      0 0.00e+00    0 0.00e+00  0
DCtxSetDevice          1 1.0 2.5589e-05 2.1 0.00e+00 0.0 0.0e+00 0.0e+00 0.0e+00  0  0  0  0  0   0  0  0  0  0     0       0      0 0.00e+00    0 0.00e+00  0
VecMDot                3 1.0 2.7073e-03 3.3 2.36e+06 1.0 0.0e+00 0.0e+00 0.0e+00  0  0  0  0  0   0  7  0  0  0  6972       0      0 0.00e+00    0 0.00e+00  0
VecNorm                5 1.0 2.7109e-03 3.6 9.83e+05 1.0 0.0e+00 0.0e+00 0.0e+00  0  0  0  0  0   0  3  0  0  0  2901       0      0 0.00e+00    0 0.00e+00 40
VecScale               3 1.0 9.2220e-05 1.9 2.95e+05 1.0 0.0e+00 0.0e+00 0.0e+00  0  0  0  0  0   0  1  0  0  0 25583       0      0 0.00e+00    0 0.00e+00  0
VecAXPY                1 1.0 7.3940e-06 1.5 1.97e+05 1.0 0.0e+00 0.0e+00 0.0e+00  0  0  0  0  0   0  1  0  0  0 212722       0      0 0.00e+00    0 0.00e+00 100
VecMAXPY               3 1.0 4.6632e-04 1.6 2.36e+06 1.0 0.0e+00 0.0e+00 0.0e+00  0  0  0  0  0   0  7  0  0  0 40475       0      0 0.00e+00    0 0.00e+00  0
VecAssemblyBegin       1 1.0 6.2279e-04 1.1 0.00e+00 0.0 5.7e+01 6.1e+03 0.0e+00  0  0  0  0  0   0  0 22  1  0     0       0      0 0.00e+00    0 0.00e+00  0
VecAssemblyEnd         1 1.0 8.9425e-04 20.3 0.00e+00 0.0 0.0e+00 0.0e+00 0.0e+00  0  0  0  0  0   0  0  0  0  0     0       0      0 0.00e+00    0 0.00e+00  0
VecScatterBegin        1 1.0 1.4325e-03 18.8 0.00e+00 0.0 5.6e+01 1.1e+04 0.0e+00  0  0  0  0  0   0  0 21  2  0     0       0      0 0.00e+00    0 0.00e+00  0
VecScatterEnd          1 1.0 1.6760e-03 24.9 0.00e+00 0.0 0.0e+00 0.0e+00 0.0e+00  0  0  0  0  0   0  0  0  0  0     0       0      0 0.00e+00    0 0.00e+00  0
VecNormalize           3 1.0 3.9142e-04 1.7 8.85e+05 1.0 0.0e+00 0.0e+00 0.0e+00  0  0  0  0  0   0  3  0  0  0 18082       0      0 0.00e+00    0 0.00e+00  0
SFSetGraph             1 1.0 7.7660e-05 1.0 0.00e+00 0.0 0.0e+00 0.0e+00 0.0e+00  0  0  0  0  0   0  0  0  0  0     0       0      0 0.00e+00    0 0.00e+00  0
SFSetUp                1 1.0 4.7723e-04 1.1 0.00e+00 0.0 1.1e+02 2.7e+03 0.0e+00  0  0  0  0  0   0  0 43  1  0     0       0      0 0.00e+00    0 0.00e+00  0
SFPack                 1 1.0 7.6250e-06 1.2 0.00e+00 0.0 0.0e+00 0.0e+00 0.0e+00  0  0  0  0  0   0  0  0  0  0     0       0      0 0.00e+00    0 0.00e+00  0
SFUnpack               1 1.0 2.3000e-07 1.4 0.00e+00 0.0 0.0e+00 0.0e+00 0.0e+00  0  0  0  0  0   0  0  0  0  0     0       0      0 0.00e+00    0 0.00e+00  0

--- Event Stage 1: Setup

BuildTwoSided        207 1.0 6.1114e-02 1.7 0.00e+00 0.0 1.7e+03 4.0e+00 0.0e+00  0  0  2  0  0   1  0 13  0  0     0       0      0 0.00e+00    0 0.00e+00  0
BuildTwoSidedF       153 1.0 4.4205e-02 1.7 0.00e+00 0.0 2.7e+02 7.7e+03 0.0e+00  0  0  0  0  0   1  0  2  1  0     0       0      0 0.00e+00    0 0.00e+00  0
MatMult               80 1.0 1.4175e-01 1.2 3.63e+08 1.0 3.6e+03 4.7e+03 0.0e+00  1  4  3  3  0   3 90 28  9  0 20208       0      4 1.94e+00    0 0.00e+00 100
MatScale              12 1.0 3.8040e-02 1.1 7.09e+06 1.0 1.7e+02 1.4e+03 0.0e+00  0  0  0  0  0   1  2  1  0  0  1486       0     11 5.41e-01    0 0.00e+00 100
MatAssemblyBegin      64 1.0 1.3542e-02 3.6 0.00e+00 0.0 2.7e+02 7.7e+03 0.0e+00  0  0  0  0  0   0  0  2  1  0     0       0      0 0.00e+00    0 0.00e+00  0
MatAssemblyEnd        64 1.0 1.6970e-01 1.3 0.00e+00 0.0 1.7e+03 3.7e+02 3.2e+01  1  0  2  0 23   3  0 13  0 29     0       0      0 0.00e+00    0 0.00e+00  0
MatSetValues      142306 1.0 4.0298e-01 1.0 6.20e+05 1.0 0.0e+00 0.0e+00 0.0e+00  3  0  0  0  0   8  0  0  0  0    12       0      0 0.00e+00    6 2.11e+01  0
MatGetValues       33610 1.0 7.3299e-02 1.1 0.00e+00 0.0 0.0e+00 0.0e+00 0.0e+00  1  0  0  0  0   1  0  0  0  0     0       0      0 0.00e+00    0 0.00e+00  0
MatGetRow         480713 1.0 9.6696e-01 1.0 0.00e+00 0.0 0.0e+00 0.0e+00 0.0e+00  8  0  0  0  0  20  0  0  0  0     0       0      0 0.00e+00   11 1.70e+01  0
MatCreateSubMat        2 1.0 1.4912e-02 1.0 0.00e+00 0.0 3.0e+01 9.7e+01 1.0e+01  0  0  0  0  7   0  0  0  0  9     0       0      0 0.00e+00    2 0.00e+00  0
MatCoarsen             4 1.0 4.7113e-02 1.1 0.00e+00 0.0 1.7e+03 9.7e+02 2.7e+01  0  0  1  0 20   1  0 13  1 24     0       0      3 5.88e-03    0 0.00e+00  0
MatAXPY                4 1.0 7.5735e-01 1.0 6.20e+05 1.0 0.0e+00 0.0e+00 0.0e+00  6  0  0  0  0  16  0  0  0  0     7       0      0 0.00e+00    6 2.11e+01  0
MatTranspose           3 1.0 2.2208e-02 1.0 0.00e+00 0.0 2.2e+02 4.4e+01 9.0e+00  0  0  0  0  7   0  0  2  0  8     0       0      3 5.88e-03    0 0.00e+00  0
MatMatMultSym          4 1.0 2.0411e-01 1.0 0.00e+00 0.0 1.4e+03 7.5e+03 1.2e+01  2  0  1  2  9   4  0 11  6 11     0       0      8 4.95e+00    0 0.00e+00  0
MatMatMultNum          4 1.0 9.8000e-07 1.4 0.00e+00 0.0 0.0e+00 0.0e+00 0.0e+00  0  0  0  0  0   0  0  0  0  0     0       0      0 0.00e+00    0 0.00e+00  0
MatPtAPSymbolic        4 1.0 8.3902e-01 1.0 0.00e+00 0.0 2.4e+03 4.8e+04 2.4e+01  7  0  2 17 17  18  0 18 61 21     0       0      8 2.11e+01    0 0.00e+00  0
MatPtAPNumeric         4 1.0 1.3710e-06 1.8 0.00e+00 0.0 0.0e+00 0.0e+00 0.0e+00  0  0  0  0  0   0  0  0  0  0     0       0      0 0.00e+00    0 0.00e+00  0
MatTrnMatMultSym       1 1.0 1.1596e-01 1.1 0.00e+00 0.0 4.5e+02 6.4e+04 3.0e+00  1  0  0  4  2   2  0  3 16  3     0       0      0 0.00e+00    0 0.00e+00  0
MatCreateGraph         4 1.0 6.6852e-01 1.0 1.79e+06 1.0 5.1e+02 7.2e+02 1.2e+01  5  0  0  0  9  14  0  4  0 11    21       0     15 7.40e+00    8 1.02e+01 100
KSPSetUp               1 1.0 2.6514e-03 2.7 0.00e+00 0.0 0.0e+00 0.0e+00 0.0e+00  0  0  0  0  0   0  0  0  0  0     0       0      0 0.00e+00    0 0.00e+00  0
PCSetUp_GAMG+          1 1.0 4.7302e+00 1.0 4.02e+08 1.0 1.3e+04 1.4e+04 1.1e+02 39  4 12 28 81 100 100 100 100 100   673       0     82 1.02e+02   47 3.96e+01 100
 PCGAMGCreateG         4 1.0 6.6853e-01 1.0 1.79e+06 1.0 5.1e+02 7.2e+02 1.2e+01  5  0  0  0  9  14  0  4  0 11    21       0     15 7.40e+00    8 1.02e+01 100
 GAMG Coarsen          8 1.0 5.4530e-01 1.0 0.00e+00 0.0 2.4e+03 1.4e+04 3.0e+01  4  0  2  5 22  11  0 18 18 27     0       0      8 1.05e+00   12 7.37e+00  0
  GAMG MIS/Agg         4 1.0 1.7161e-01 1.0 0.00e+00 0.0 2.1e+03 1.4e+04 3.0e+01  1  0  2  5 22   4  0 16 17 27     0       0      3 5.88e-03    0 0.00e+00  0
 PCGAMGProl            4 1.0 1.2601e+00 1.0 0.00e+00 0.0 2.5e+03 4.0e+03 1.2e+01 10  0  2  2  9  27  0 20  6 11     0       0     38 5.97e+00   19 9.93e-01  0
  GAMG Prol-col        4 1.0 1.2180e+00 1.0 0.00e+00 0.0 2.2e+03 3.6e+03 0.0e+00 10  0  2  1  0  26  0 17  4  0     0       0     38 5.97e+00   19 9.93e-01  0
  GAMG Prol-lift       4 1.0 4.0781e-02 1.0 0.00e+00 0.0 2.8e+02 7.4e+03 4.0e+00  0  0  0  0  3   1  0  2  1  4     0       0      0 0.00e+00    0 0.00e+00  0
 PCGAMGOptProl         4 1.0 1.1839e+00 1.0 1.99e+08 1.0 3.3e+03 5.9e+03 1.2e+01 10  2  3  3  9  25 49 25 11 11  1330       0     13 6.67e+01    6 2.11e+01 100
  GAMG smooth          4 1.0 9.9231e-01 1.0 5.92e+06 1.0 1.4e+03 7.5e+03 1.2e+01  8  0  1  2  9  21  1 11  6 11    48       0      8 4.95e+00    6 2.11e+01 90
 PCGAMGCreateL         4 1.0 8.5851e-01 1.0 0.00e+00 0.0 2.4e+03 4.6e+04 4.6e+01  7  0  2 17 33  18  0 19 61 41     0       0      8 2.11e+01    2 0.00e+00  0
  GAMG PtAP            4 1.0 8.3909e-01 1.0 0.00e+00 0.0 2.4e+03 4.8e+04 2.4e+01  7  0  2 17 17  18  0 18 61 21     0       0      8 2.11e+01    0 0.00e+00  0
  GAMG Reduce          2 1.0 1.4634e-01 1.0 0.00e+00 0.0 6.7e+02 1.7e+04 3.4e+01  1  0  1  2 25   3  0  5  6 30     0       0      4 1.37e-01    2 0.00e+00  0
PCGAMG Squ l00         1 1.0 1.1596e-01 1.1 0.00e+00 0.0 4.5e+02 6.4e+04 3.0e+00  1  0  0  4  2   2  0  3 16  3     0       0      0 0.00e+00    0 0.00e+00  0
PCGAMG Gal l00         1 1.0 4.9684e-01 1.0 0.00e+00 0.0 8.6e+02 7.1e+04 6.0e+00  4  0  1  9  4  10  0  7 34  5     0       0      2 1.92e+01    0 0.00e+00  0
PCGAMG Opt l00         1 1.0 8.3401e-02 1.0 0.00e+00 0.0 4.4e+02 1.7e+04 3.0e+00  1  0  0  1  2   2  0  3  4  3     0       0      2 4.72e+00    0 0.00e+00  0
PCGAMG Gal l01         1 1.0 2.1689e-01 1.0 0.00e+00 0.0 9.0e+02 4.4e+04 6.0e+00  2  0  1  6  4   5  0  7 21  5     0       0      2 1.79e+00    0 0.00e+00  0
PCGAMG Opt l01         1 1.0 4.5303e-02 1.0 0.00e+00 0.0 4.5e+02 4.6e+03 3.0e+00  0  0  0  0  2   1  0  3  1  3     0       0      2 2.11e-01    0 0.00e+00  0
PCGAMG Gal l02         1 1.0 7.4038e-02 1.0 0.00e+00 0.0 4.8e+02 2.4e+04 6.0e+00  1  0  0  2  4   2  0  4  6  5     0       0      2 1.37e-01    0 0.00e+00  0
PCGAMG Opt l02         1 1.0 3.6607e-02 1.0 0.00e+00 0.0 4.5e+02 2.2e+03 3.0e+00  0  0  0  0  2   1  0  3  1  3     0       0      2 1.52e-02    0 0.00e+00  0
PCGAMG Gal l03         1 1.0 5.2504e-02 1.0 0.00e+00 0.0 1.2e+02 7.2e+02 6.0e+00  0  0  0  0  4   1  0  1  0  5     0       0      2 7.20e-04    0 0.00e+00  0
PCGAMG Opt l03         1 1.0 3.8991e-02 1.0 0.00e+00 0.0 9.8e+01 8.6e+02 3.0e+00  0  0  0  0  2   1  0  1  0  3     0       0      2 7.20e-04    0 0.00e+00  0
PCSetUp                1 1.0 4.7302e+00 1.0 4.02e+08 1.0 1.3e+04 1.4e+04 1.1e+02 39  4 12 28 81 100 100 100 100 100   673       0     82 1.02e+02   47 3.96e+01 100
VecTDot              184 1.0 9.3656e-02 1.2 9.51e+06 1.0 0.0e+00 0.0e+00 0.0e+00  1  0  0  0  0   2  2  0  0  0   810       0      0 0.00e+00    0 0.00e+00 100
VecNorm               44 1.0 2.8928e-02 1.4 2.27e+06 1.0 0.0e+00 0.0e+00 0.0e+00  0  0  0  0  0   1  1  0  0  0   627       0      0 0.00e+00    0 0.00e+00 100
VecCopy               16 1.0 2.0526e-03 3.5 0.00e+00 0.0 0.0e+00 0.0e+00 0.0e+00  0  0  0  0  0   0  0  0  0  0     0       0      0 0.00e+00    0 0.00e+00  0
VecSet                 8 1.0 4.9546e-05 1.2 0.00e+00 0.0 0.0e+00 0.0e+00 0.0e+00  0  0  0  0  0   0  0  0  0  0     0       0      0 0.00e+00    0 0.00e+00  0
VecAXPY              160 1.0 4.4677e-02 1.2 8.27e+06 1.0 0.0e+00 0.0e+00 0.0e+00  0  0  0  0  0   1  2  0  0  0  1476       0      0 0.00e+00    0 0.00e+00 100
VecAYPX               72 1.0 2.4209e-03 1.2 3.72e+06 1.0 0.0e+00 0.0e+00 0.0e+00  0  0  0  0  0   0  1  0  0  0 12258       0      0 0.00e+00    0 0.00e+00 100
VecAssemblyBegin     136 1.0 3.3208e-02 2.0 0.00e+00 0.0 0.0e+00 0.0e+00 0.0e+00  0  0  0  0  0   1  0  0  0  0     0       0      0 0.00e+00    0 0.00e+00  0
VecAssemblyEnd       136 1.0 1.2856e-04 1.1 0.00e+00 0.0 0.0e+00 0.0e+00 0.0e+00  0  0  0  0  0   0  0  0  0  0     0       0      0 0.00e+00    0 0.00e+00  0
VecPointwiseMult      44 1.0 3.2833e-04 1.4 1.14e+06 1.0 0.0e+00 0.0e+00 0.0e+00  0  0  0  0  0   0  0  0  0  0 27616       0      0 0.00e+00    0 0.00e+00 100
VecReciprocal         12 1.0 2.8259e-03 1.1 0.00e+00 0.0 0.0e+00 0.0e+00 0.0e+00  0  0  0  0  0   0  0  0  0  0     0       0      0 0.00e+00    0 0.00e+00  0
VecSetValues      784962 1.0 1.3508e+00 1.0 0.00e+00 0.0 0.0e+00 0.0e+00 0.0e+00 11  0  0  0  0  28  0  0  0  0     0       0      0 0.00e+00    0 0.00e+00  0
VecScatterBegin      221 1.0 1.0764e-01 1.5 0.00e+00 0.0 6.3e+03 4.3e+03 0.0e+00  1  0  6  4  0   2  0 49 15  0     0       0     53 7.31e+00    0 0.00e+00  0
VecScatterEnd        221 1.0 1.2067e-01 1.5 0.00e+00 0.0 0.0e+00 0.0e+00 0.0e+00  1  0  0  0  0   2  0  0  0  0     0       0      0 0.00e+00    0 0.00e+00  0
SFSetGraph            54 1.0 1.6408e-04 1.1 0.00e+00 0.0 0.0e+00 0.0e+00 0.0e+00  0  0  0  0  0   0  0  0  0  0     0       0      0 0.00e+00    0 0.00e+00  0
SFSetUp               54 1.0 4.1105e-02 1.3 0.00e+00 0.0 3.2e+03 1.2e+04 0.0e+00  0  0  3  6  0   1  0 25 21  0     0       0      0 0.00e+00    0 0.00e+00  0
SFBcastBegin          43 1.0 3.0167e-02 5.1 0.00e+00 0.0 2.0e+03 2.9e+04 0.0e+00  0  0  2  9  0   0  0 15 32  0     0       0      0 0.00e+00    0 0.00e+00  0
SFBcastEnd            43 1.0 5.2586e-02 2.0 0.00e+00 0.0 0.0e+00 0.0e+00 0.0e+00  0  0  0  0  0   1  0  0  0  0     0       0      0 0.00e+00    0 0.00e+00  0
SFReduceBegin         13 1.0 7.7846e-02 22.8 0.00e+00 0.0 3.9e+02 1.5e+05 0.0e+00  0  0  0  9  0   1  0  3 31  0     0       0      0 0.00e+00    0 0.00e+00  0
SFReduceEnd           13 1.0 1.0711e-01 13.0 0.00e+00 0.0 0.0e+00 0.0e+00 0.0e+00  0  0  0  0  0   1  0  0  0  0     0       0      0 0.00e+00    0 0.00e+00  0
SFPack               277 1.0 8.9511e-03 1.2 0.00e+00 0.0 0.0e+00 0.0e+00 0.0e+00  0  0  0  0  0   0  0  0  0  0     0       0      7 1.83e-02    0 0.00e+00  0
SFUnpack             277 1.0 5.3389e-05 1.4 0.00e+00 0.0 0.0e+00 0.0e+00 0.0e+00  0  0  0  0  0   0  0  0  0  0     0       0      0 0.00e+00    0 0.00e+00  0

--- Event Stage 2: Solve

MatMult              687 1.0 8.8951e-01 1.2 2.64e+09 1.0 2.5e+04 4.9e+03 0.0e+00  7 26 22 18  0  60 84 77 95  0 23486       0      0 2.55e-05    0 0.00e+00 100
MatMultAdd           120 1.0 1.4729e-01 1.2 1.59e+08 1.0 3.7e+03 9.4e+02 0.0e+00  1  2  3  1  0  10  5 11  3  0  8610       0      0 0.00e+00    0 0.00e+00 100
MatMultTranspose     120 1.0 2.1842e-01 1.7 1.59e+08 1.0 3.7e+03 9.4e+02 0.0e+00  1  2  3  1  0  11  5 11  3  0  5808       0      2 7.17e-03    0 0.00e+00 100
MatResidual          120 1.0 1.7508e-01 1.1 5.50e+08 1.0 5.5e+03 4.7e+03 0.0e+00  1  5  5  4  0  12 17 17 20  0 24824       0      0 0.00e+00    0 0.00e+00 100
KSPSolve               1 1.0 1.4178e+00 1.0 3.14e+09 1.0 3.2e+04 4.0e+03 0.0e+00 12 31 29 19  0 100 100 100 100  0 17547       0      2 7.20e-03    0 0.00e+00 100
PCApply               30 1.0 1.3192e+00 1.0 2.64e+09 1.0 3.0e+04 3.6e+03 0.0e+00 11 26 27 17  0  93 84 95 86  0 15835       0      2 7.20e-03    0 0.00e+00 100
VecTDot              476 1.0 2.2588e-01 1.4 1.22e+07 1.0 0.0e+00 0.0e+00 0.0e+00  2  0  0  0  0  13  0  0  0  0   432       0      0 0.00e+00    0 0.00e+00 100
VecNorm              238 1.0 6.4744e-02 1.4 6.10e+06 1.0 0.0e+00 0.0e+00 0.0e+00  0  0  0  0  0   4  0  0  0  0   753       0      0 0.00e+00    0 0.00e+00 100
VecCopy              422 1.0 2.7936e-03 1.4 0.00e+00 0.0 0.0e+00 0.0e+00 0.0e+00  0  0  0  0  0   0  0  0  0  0     0       0      0 0.00e+00    0 0.00e+00  0
VecSet               151 1.0 6.6883e-04 1.4 0.00e+00 0.0 0.0e+00 0.0e+00 0.0e+00  0  0  0  0  0   0  0  0  0  0     0       0      0 0.00e+00    0 0.00e+00  0
VecAXPY              414 1.0 1.3525e-03 3.4 1.18e+07 1.0 0.0e+00 0.0e+00 0.0e+00  0  0  0  0  0   0  0  0  0  0 69780       0      0 0.00e+00    0 0.00e+00 100
VecAYPX              896 1.0 4.6406e-03 1.4 4.29e+07 1.0 0.0e+00 0.0e+00 0.0e+00  0  0  0  0  0   0  1  0  0  0 73774       0      0 0.00e+00    0 0.00e+00 100
VecAXPBYCZ           240 1.0 1.8692e-03 1.4 3.10e+07 1.0 0.0e+00 0.0e+00 0.0e+00  0  0  0  0  0   0  1  0  0  0 132297       0      0 0.00e+00    0 0.00e+00 100
VecPointwiseMult     207 1.0 9.2730e-04 3.9 1.24e+03 0.0 0.0e+00 0.0e+00 0.0e+00  0  0  0  0  0   0  0  0  0  0     1       0      0 0.00e+00    0 0.00e+00 100
VecReciprocal          1 1.0 5.9720e-06 4.2 0.00e+00 0.0 0.0e+00 0.0e+00 0.0e+00  0  0  0  0  0   0  0  0  0  0     0       0      0 0.00e+00    0 0.00e+00  0
VecScatterBegin      927 1.0 5.5075e-01 1.7 0.00e+00 0.0 3.2e+04 4.0e+03 0.0e+00  4  0 29 19  0  32  0 100 100  0     0       0      0 2.55e-05    0 0.00e+00  0
VecScatterEnd        927 1.0 8.0726e-01 1.3 6.25e+04 1.4 0.0e+00 0.0e+00 0.0e+00  6  0  0  0  0  49  0  0  0  0     1       0      2 7.17e-03    0 0.00e+00 100
SFPack               927 1.0 2.9047e-03 1.7 0.00e+00 0.0 0.0e+00 0.0e+00 0.0e+00  0  0  0  0  0   0  0  0  0  0     0       0      0 2.55e-05    0 0.00e+00  0
SFUnpack             927 1.0 1.4364e-03 2.0 6.25e+04 1.4 0.0e+00 0.0e+00 0.0e+00  0  0  0  0  0   0  0  0  0  0   300       0      2 7.17e-03    0 0.00e+00 100

--- Event Stage 3: 2nd Setup

MatMult               40 1.0 6.8594e-02 1.2 1.81e+08 1.0 1.8e+03 4.7e+03 0.0e+00  1  2  2  1  0  31 87 86 13  0 20880       0      0 0.00e+00    0 0.00e+00 100
MatScale               1 1.0 1.1492e-05 1.3 7.72e+06 1.0 0.0e+00 0.0e+00 0.0e+00  0  0  0  0  0   0  4  0  0  0 5371650       0      0 0.00e+00    0 0.00e+00 100
MatPtAPNumeric         4 1.0 7.0560e-02 1.1 0.00e+00 0.0 3.0e+02 1.8e+05 0.0e+00  1  0  0  8  0  34  0 14 87  0     0       0      0 0.00e+00    0 0.00e+00  0
KSPSetUp               1 1.0 3.3100e-07 1.5 0.00e+00 0.0 0.0e+00 0.0e+00 0.0e+00  0  0  0  0  0   0  0  0  0  0     0       0      0 0.00e+00    0 0.00e+00  0
PCSetUp_GAMG+          1 1.0 2.0285e-01 1.0 2.02e+08 1.0 2.1e+03 3.0e+04 0.0e+00  2  2  2 10  0 100 96 100 100  0  7853       0      4 2.59e+00    1 6.00e-06 100
PCGAMG Gal l00         1 1.0 2.7773e-02 1.2 0.00e+00 0.0 1.1e+02 2.9e+05 0.0e+00  0  0  0  5  0  13  0  5 47  0     0       0      0 0.00e+00    0 0.00e+00  0
PCGAMG Gal l01         1 1.0 2.2972e-02 1.3 0.00e+00 0.0 1.1e+02 1.8e+05 0.0e+00  0  0  0  3  0  10  0  5 30  0     0       0      0 0.00e+00    0 0.00e+00  0
PCGAMG Gal l02         1 1.0 1.3820e-02 1.2 0.00e+00 0.0 7.0e+01 8.2e+04 0.0e+00  0  0  0  1  0   7  0  3  9  0     0       0      0 0.00e+00    0 0.00e+00  0
PCGAMG Gal l03         1 1.0 1.2123e-02 2.1 0.00e+00 0.0 1.5e+01 2.7e+03 0.0e+00  0  0  0  0  0   5  0  1  0  0     0       0      0 0.00e+00    0 0.00e+00  0
PCSetUp                1 1.0 2.0285e-01 1.0 2.02e+08 1.0 2.1e+03 3.0e+04 0.0e+00  2  2  2 10  0 100 96 100 100  0  7853       0      4 2.59e+00    1 6.00e-06 100
VecTDot               92 1.0 4.6986e-02 1.4 4.75e+06 1.0 0.0e+00 0.0e+00 0.0e+00  0  0  0  0  0  19  2  0  0  0   807       0      0 0.00e+00    0 0.00e+00 100
VecNorm               44 1.0 2.5641e-02 1.4 2.27e+06 1.0 0.0e+00 0.0e+00 0.0e+00  0  0  0  0  0  11  1  0  0  0   707       0      0 0.00e+00    0 0.00e+00 100
VecCopy                8 1.0 1.3524e-03 3.1 0.00e+00 0.0 0.0e+00 0.0e+00 0.0e+00  0  0  0  0  0   0  0  0  0  0     0       0      0 0.00e+00    0 0.00e+00  0
VecSet                 4 1.0 2.2995e-05 1.3 0.00e+00 0.0 0.0e+00 0.0e+00 0.0e+00  0  0  0  0  0   0  0  0  0  0     0       0      0 0.00e+00    0 0.00e+00  0
VecAXPY               80 1.0 2.8872e-04 1.2 4.13e+06 1.0 0.0e+00 0.0e+00 0.0e+00  0  0  0  0  0   0  2  0  0  0 114198       0      0 0.00e+00    0 0.00e+00 100
VecAYPX               36 1.0 1.9300e-04 1.3 1.86e+06 1.0 0.0e+00 0.0e+00 0.0e+00  0  0  0  0  0   0  1  0  0  0 76877       0      0 0.00e+00    0 0.00e+00 100
VecReciprocal          1 1.0 5.1900e-06 3.1 0.00e+00 0.0 0.0e+00 0.0e+00 0.0e+00  0  0  0  0  0   0  0  0  0  0     0       0      0 0.00e+00    0 0.00e+00  0
VecScatterBegin       40 1.0 4.9541e-02 2.6 0.00e+00 0.0 1.8e+03 4.7e+03 0.0e+00  0  0  2  1  0  15  0 86 13  0     0       0      0 0.00e+00    0 0.00e+00  0
VecScatterEnd         40 1.0 4.8465e-02 3.4 0.00e+00 0.0 0.0e+00 0.0e+00 0.0e+00  0  0  0  0  0  16  0  0  0  0     0       0      0 0.00e+00    0 0.00e+00  0
SFBcastBegin           4 1.0 1.1015e-02 3.5 0.00e+00 0.0 1.8e+02 1.8e+05 0.0e+00  0  0  0  5  0   3  0  9 50  0     0       0      0 0.00e+00    0 0.00e+00  0
SFBcastEnd             4 1.0 1.1950e-02 6.9 0.00e+00 0.0 0.0e+00 0.0e+00 0.0e+00  0  0  0  0  0   3  0  0  0  0     0       0      0 0.00e+00    0 0.00e+00  0
SFReduceBegin          4 1.0 1.0257e-02 3.7 0.00e+00 0.0 1.2e+02 1.9e+05 0.0e+00  0  0  0  4  0   3  0  6 37  0     0       0      0 0.00e+00    0 0.00e+00  0
SFReduceEnd            4 1.0 1.4112e-02 7.8 0.00e+00 0.0 0.0e+00 0.0e+00 0.0e+00  0  0  0  0  0   3  0  0  0  0     0       0      0 0.00e+00    0 0.00e+00  0
SFPack                48 1.0 1.4861e-04 1.3 0.00e+00 0.0 0.0e+00 0.0e+00 0.0e+00  0  0  0  0  0   0  0  0  0  0     0       0      0 0.00e+00    0 0.00e+00  0
SFUnpack              48 1.0 9.3550e-06 1.3 0.00e+00 0.0 0.0e+00 0.0e+00 0.0e+00  0  0  0  0  0   0  0  0  0  0     0       0      0 0.00e+00    0 0.00e+00  0

--- Event Stage 4: 2nd Solve

MatMult              687 1.0 8.8636e-01 1.2 2.64e+09 1.0 2.5e+04 4.9e+03 0.0e+00  7 26 22 18  0  61 84 77 95  0 23569       0      0 0.00e+00    0 0.00e+00 100
MatMultAdd           120 1.0 1.5113e-01 1.1 1.59e+08 1.0 3.7e+03 9.4e+02 0.0e+00  1  2  3  1  0  10  5 11  3  0  8391       0      0 0.00e+00    0 0.00e+00 100
MatMultTranspose     120 1.0 2.0374e-01 1.7 1.59e+08 1.0 3.7e+03 9.4e+02 0.0e+00  1  2  3  1  0  10  5 11  3  0  6226       0      0 0.00e+00    0 0.00e+00 100
MatResidual          120 1.0 1.7338e-01 1.0 5.50e+08 1.0 5.5e+03 4.7e+03 0.0e+00  1  5  5  4  0  12 17 17 20  0 25068       0      0 0.00e+00    0 0.00e+00 100
KSPSolve               1 1.0 1.3945e+00 1.0 3.14e+09 1.0 3.2e+04 4.0e+03 0.0e+00 11 31 29 19  0 100 100 100 100  0 17841       0      0 0.00e+00    0 0.00e+00 100
PCApply               30 1.0 1.2992e+00 1.0 2.64e+09 1.0 3.0e+04 3.6e+03 0.0e+00 11 26 27 17  0  93 84 95 86  0 16079       0      0 0.00e+00    0 0.00e+00 100
VecTDot              476 1.0 2.2934e-01 1.4 1.22e+07 1.0 0.0e+00 0.0e+00 0.0e+00  2  0  0  0  0  14  0  0  0  0   425       0      0 0.00e+00    0 0.00e+00 100
VecNorm              238 1.0 6.3544e-02 1.3 6.10e+06 1.0 0.0e+00 0.0e+00 0.0e+00  0  0  0  0  0   4  0  0  0  0   767       0      0 0.00e+00    0 0.00e+00 100
VecCopy              422 1.0 2.2394e-03 1.5 0.00e+00 0.0 0.0e+00 0.0e+00 0.0e+00  0  0  0  0  0   0  0  0  0  0     0       0      0 0.00e+00    0 0.00e+00  0
VecSet               151 1.0 6.5858e-04 1.4 0.00e+00 0.0 0.0e+00 0.0e+00 0.0e+00  0  0  0  0  0   0  0  0  0  0     0       0      0 0.00e+00    0 0.00e+00  0
VecAXPY              414 1.0 1.3520e-03 3.4 1.18e+07 1.0 0.0e+00 0.0e+00 0.0e+00  0  0  0  0  0   0  0  0  0  0 69803       0      0 0.00e+00    0 0.00e+00 100
VecAYPX              896 1.0 4.5345e-03 1.3 4.29e+07 1.0 0.0e+00 0.0e+00 0.0e+00  0  0  0  0  0   0  1  0  0  0 75501       0      0 0.00e+00    0 0.00e+00 100
VecAXPBYCZ           240 1.0 1.0681e-03 1.2 3.10e+07 1.0 0.0e+00 0.0e+00 0.0e+00  0  0  0  0  0   0  1  0  0  0 231532       0      0 0.00e+00    0 0.00e+00 100
VecPointwiseMult     207 1.0 9.3301e-04 3.7 1.24e+03 0.0 0.0e+00 0.0e+00 0.0e+00  0  0  0  0  0   0  0  0  0  0     1       0      0 0.00e+00    0 0.00e+00 100
VecScatterBegin      927 1.0 5.4543e-01 1.7 0.00e+00 0.0 3.2e+04 4.0e+03 0.0e+00  4  0 29 19  0  32  0 100 100  0     0       0      0 0.00e+00    0 0.00e+00  0
VecScatterEnd        927 1.0 7.6426e-01 1.3 6.25e+04 1.4 0.0e+00 0.0e+00 0.0e+00  6  0  0  0  0  48  0  0  0  0     1       0      0 0.00e+00    0 0.00e+00 100
SFPack               927 1.0 2.8811e-03 1.7 0.00e+00 0.0 0.0e+00 0.0e+00 0.0e+00  0  0  0  0  0   0  0  0  0  0     0       0      0 0.00e+00    0 0.00e+00  0
SFUnpack             927 1.0 8.3023e-04 1.7 6.25e+04 1.4 0.0e+00 0.0e+00 0.0e+00  0  0  0  0  0   0  0  0  0  0   518       0      0 0.00e+00    0 0.00e+00 100

--- Event Stage 5: 3rd Setup


--- Event Stage 6: 3rd Solve

MatMult              687 1.0 8.8651e-01 1.2 2.64e+09 1.0 2.5e+04 4.9e+03 0.0e+00  7 26 22 18  0  61 84 77 95  0 23565       0      0 0.00e+00    0 0.00e+00 100
MatMultAdd           120 1.0 1.5391e-01 1.1 1.59e+08 1.0 3.7e+03 9.4e+02 0.0e+00  1  2  3  1  0  10  5 11  3  0  8239       0      0 0.00e+00    0 0.00e+00 100
MatMultTranspose     120 1.0 2.0162e-01 1.7 1.59e+08 1.0 3.7e+03 9.4e+02 0.0e+00  1  2  3  1  0  10  5 11  3  0  6292       0      0 0.00e+00    0 0.00e+00 100
MatScale               1 1.0 1.2955e-05 1.6 7.72e+06 1.0 0.0e+00 0.0e+00 0.0e+00  0  0  0  0  0   0  0  0  0  0 4765033       0      0 0.00e+00    0 0.00e+00 100
MatResidual          120 1.0 1.7165e-01 1.0 5.50e+08 1.0 5.5e+03 4.7e+03 0.0e+00  1  5  5  4  0  12 17 17 20  0 25321       0      0 0.00e+00    0 0.00e+00 100
KSPSolve               1 1.0 1.3982e+00 1.0 3.14e+09 1.0 3.2e+04 4.0e+03 0.0e+00 12 31 29 19  0 100 100 100 100  0 17794       0      0 0.00e+00    0 0.00e+00 100
PCApply               30 1.0 1.2999e+00 1.0 2.64e+09 1.0 3.0e+04 3.6e+03 0.0e+00 11 26 27 17  0  92 84 95 86  0 16069       0      0 0.00e+00    0 0.00e+00 100
VecTDot              476 1.0 2.3253e-01 1.4 1.22e+07 1.0 0.0e+00 0.0e+00 0.0e+00  2  0  0  0  0  14  0  0  0  0   419       0      0 0.00e+00    0 0.00e+00 100
VecNorm              238 1.0 6.4382e-02 1.4 6.10e+06 1.0 0.0e+00 0.0e+00 0.0e+00  0  0  0  0  0   4  0  0  0  0   757       0      0 0.00e+00    0 0.00e+00 100
VecCopy              422 1.0 2.2634e-03 1.5 0.00e+00 0.0 0.0e+00 0.0e+00 0.0e+00  0  0  0  0  0   0  0  0  0  0     0       0      0 0.00e+00    0 0.00e+00  0
VecSet               151 1.0 6.6678e-04 1.4 0.00e+00 0.0 0.0e+00 0.0e+00 0.0e+00  0  0  0  0  0   0  0  0  0  0     0       0      0 0.00e+00    0 0.00e+00  0
VecAXPY              414 1.0 1.3755e-03 3.5 1.18e+07 1.0 0.0e+00 0.0e+00 0.0e+00  0  0  0  0  0   0  0  0  0  0 68614       0      0 0.00e+00    0 0.00e+00 100
VecAYPX              896 1.0 4.5673e-03 1.4 4.29e+07 1.0 0.0e+00 0.0e+00 0.0e+00  0  0  0  0  0   0  1  0  0  0 74960       0      0 0.00e+00    0 0.00e+00 100
VecAXPBYCZ           240 1.0 1.0714e-03 1.3 3.10e+07 1.0 0.0e+00 0.0e+00 0.0e+00  0  0  0  0  0   0  1  0  0  0 230815       0      0 0.00e+00    0 0.00e+00 100
VecPointwiseMult     207 1.0 9.2806e-04 4.0 1.24e+03 0.0 0.0e+00 0.0e+00 0.0e+00  0  0  0  0  0   0  0  0  0  0     1       0      0 0.00e+00    0 0.00e+00 100
VecScatterBegin      927 1.0 5.5225e-01 1.8 0.00e+00 0.0 3.2e+04 4.0e+03 0.0e+00  4  0 29 19  0  31  0 100 100  0     0       0      0 0.00e+00    0 0.00e+00  0
VecScatterEnd        927 1.0 7.8391e-01 1.4 6.25e+04 1.4 0.0e+00 0.0e+00 0.0e+00  6  0  0  0  0  48  0  0  0  0     1       0      0 0.00e+00    0 0.00e+00 100
SFPack               927 1.0 2.8766e-03 1.7 0.00e+00 0.0 0.0e+00 0.0e+00 0.0e+00  0  0  0  0  0   0  0  0  0  0     0       0      0 0.00e+00    0 0.00e+00  0
SFUnpack             927 1.0 8.2767e-04 1.8 6.25e+04 1.4 0.0e+00 0.0e+00 0.0e+00  0  0  0  0  0   0  0  0  0  0   520       0      0 0.00e+00    0 0.00e+00 100
---------------------------------------------------------------------------------------------------------------------------------------------------------------

Object Type          Creations   Destructions. Reports information only for process 0.

--- Event Stage 0: Main Stage

           Container     4              4
       Krylov Solver     1             10
              Matrix     3             41
      Matrix Coarsen     0              1
   Matrix Null Space     1              1
      Preconditioner     1              6
              Viewer     1              1
  PetscDeviceContext     1              0
              Vector    12             67
           Index Set     2              8
   Star Forest Graph     1             29
    Distributed Mesh     0              4
     Discrete System     0              4
           Weak Form     0              4

--- Event Stage 1: Setup

           Container     3              3
       Krylov Solver    13              4
              Matrix    98             60
      Matrix Coarsen     4              3
      Preconditioner    13              8
              Vector   290            236
           Index Set    85             79
   Star Forest Graph    54             34
         PetscRandom     4              4

--- Event Stage 2: Solve

              Vector     1              0
   Star Forest Graph     8              0
    Distributed Mesh     4              0
     Discrete System     4              0
           Weak Form     4              0

--- Event Stage 3: 2nd Setup

              Vector    12             12

--- Event Stage 4: 2nd Solve


--- Event Stage 5: 3rd Setup


--- Event Stage 6: 3rd Solve

========================================================================================================================
Average time to get PetscTime(): 3.51e-08
Average time for MPI_Barrier(): 1.08128e-05
Average time for zero size MPI_Send(): 1.53108e-05
#PETSc Option Table entries:
-alpha 1.e-3 # (source: command line)
-ksp_converged_reason # (source: command line)
-ksp_norm_type unpreconditioned # (source: command line)
-ksp_rtol 1e-6 # (source: command line)
-ksp_type cg # (source: command line)
-log_view # (source: command line)
-mat_type mpiaijkokkos # (source: command line)
-mg_coarse_ksp_type cg # (source: command line)
-mg_coarse_pc_type jacobi # (source: command line)
-mg_levels_ksp_type chebyshev # (source: command line)
-mg_levels_pc_type pbjacobi # (source: command line)
-ne 63 # (source: command line)
-pc_gamg_agg_nsmooths 1 # (source: command line)
-pc_gamg_coarse_eq_limit 20 # (source: command line)
-pc_gamg_parallel_coarse_grid_solver # (source: command line)
-pc_gamg_reuse_interpolation true # (source: command line)
-pc_gamg_type agg # (source: command line)
-pc_type gamg # (source: command line)
-two_solves # (source: command line)
-use_mat_nearnullspace # (source: command line)
#End of PETSc Option Table entries
Compiled without FORTRAN kernels
Compiled with full precision matrices (default)
sizeof(short) 2 sizeof(int) 4 sizeof(long) 8 sizeof(void*) 8 sizeof(PetscScalar) 8 sizeof(PetscInt) 4
Configure options: --with-make-np=8 --with-mpiexec="srun -G4 --gpu-bind=none" --with-batch=0 --download-triangle=1 --with-cc=cc --with-cxx=CC --with-fc=0 --with-debugging=0 --with-cuda=1 --with-cuda-arch=80 --download-kokkos --download-kokkos-kernels PETSC_ARCH=arch-perlmutter-opt-gcc-kokkos-cuda
-----------------------------------------
Libraries compiled on 2026-06-19 13:41:00 on login10
Machine characteristics: Linux-6.4.0-150600.23.103_15.0.24-cray_shasta_c-x86_64-with-glibc2.3.4
Using PETSc directory: /global/u2/m/madams/petsc
Using PETSc arch: arch-perlmutter-opt-gcc-kokkos-cuda
-----------------------------------------

Using C compiler: cc  -fPIC -Wall -Wwrite-strings -Wno-unknown-pragmas -Wno-lto-type-mismatch -Wno-stringop-overflow -fstack-protector -fvisibility=hidden -g -O 
-----------------------------------------

Using include paths: -I/global/u2/m/madams/petsc/include -I/global/u2/m/madams/petsc/arch-perlmutter-opt-gcc-kokkos-cuda/include -I/opt/nvidia/hpc_sdk/Linux_x86_64/25.5/cuda/12.9/include -I/opt/nvidia/hpc_sdk/Linux_x86_64/25.5/math_libs/12.9/include
-----------------------------------------

Using C linker: cc
Using libraries: -Wl,-rpath,/global/u2/m/madams/petsc/arch-perlmutter-opt-gcc-kokkos-cuda/lib -L/global/u2/m/madams/petsc/arch-perlmutter-opt-gcc-kokkos-cuda/lib -lpetsc -Wl,-rpath,/global/u2/m/madams/petsc/arch-perlmutter-opt-gcc-kokkos-cuda/lib -L/global/u2/m/madams/petsc/arch-perlmutter-opt-gcc-kokkos-cuda/lib -Wl,-rpath,/opt/nvidia/hpc_sdk/Linux_x86_64/25.5/cuda/12.9/lib64 -L/opt/nvidia/hpc_sdk/Linux_x86_64/25.5/cuda/12.9/lib64 -Wl,-rpath,/opt/nvidia/hpc_sdk/Linux_x86_64/25.5/math_libs/12.9/lib64 -L/opt/nvidia/hpc_sdk/Linux_x86_64/25.5/math_libs/12.9/lib64 -L/opt/nvidia/hpc_sdk/Linux_x86_64/25.5/cuda/12.9/lib64/stubs -lkokkoskernels -lkokkoscontainers -lkokkoscore -lkokkossimd -ltriangle -lcudart -lnvtx3interop -lcufft -lcublas -lcusparse -lcusolver -lcurand -lcuda -lnvidia-ml -lX11 -lstdc++ -lquadmath
-----------------------------------------

