  Linear solve converged due to CONVERGED_RTOL iterations 30
  Linear solve converged due to CONVERGED_RTOL iterations 30
  Linear solve converged due to CONVERGED_RTOL iterations 30
[0]main |b-Ax|/|b|=7.614268e-07, |b|=2.222509e+00, emax=9.989586e-01
****************************************************************************************************************************************************************
***                                WIDEN YOUR WINDOW TO 160 CHARACTERS.  Use 'enscript -r -fCourier9' to print this document                                 ***
****************************************************************************************************************************************************************

------------------------------------------------------------------ PETSc Performance Summary: ------------------------------------------------------------------

/global/u2/m/madams/petsc/src/ksp/ksp/tutorials/./ex56 on a arch-perlmutter-opt-gcc-kokkos-cuda named nid001032 with 8 processes and CUDA architecture 80, by madams on Sat Jun 20 16:11:04 2026
Using PETSc Development Git Revision: v3.25.2-320-ga5ba3691813 Git Date: 2026-06-19 09:07:30 -0400

                         Max       Max/Min     Avg       Total
Time (sec):           1.250e+01     1.001   1.250e+01
Objects:              0.000e+00     0.000   0.000e+00
Flops:                1.002e+10     1.020   9.922e+09  7.938e+10
Flops/sec:            8.012e+08     1.020   7.937e+08  6.349e+09
MPI Msg Count:        1.426e+04     1.095   1.338e+04  1.070e+05
MPI Msg Len (bytes):  7.658e+07     1.040   5.620e+03  6.016e+08
MPI Reductions:       2.230e+02     1.000

Flop counting convention: 1 flop = 1 real number operation of type (multiply/divide/add/subtract)
                            e.g., VecAXPY() for real vectors of length N --> 2N flops
                            and VecAXPY() for complex vectors of length N --> 8N flops

Summary of Stages:   ----- Time ------  ----- Flop ------  --- Messages ---  -- Message Lengths --  -- Reductions --
                        Avg     %Total     Avg     %Total    Count   %Total     Avg         %Total    Count   %Total
 0:      Main Stage: 4.6560e+00  37.2%  1.7301e+08   0.2%  2.630e+02   0.2%  7.069e+04        3.1%  9.000e+00   4.0%
 1:           Setup: 2.8576e+00  22.9%  3.1585e+09   4.0%  1.659e+04  15.5%  8.244e+03       22.7%  1.970e+02  88.3%
 2:           Solve: 1.5795e+00  12.6%  2.4780e+10  31.2%  2.940e+04  27.5%  4.329e+03       21.2%  0.000e+00   0.0%
 3:       2nd Setup: 2.8161e-01   2.3%  1.6457e+09   2.1%  1.992e+03   1.9%  3.235e+04       10.7%  0.000e+00   0.0%
 4:       2nd Solve: 1.5631e+00  12.5%  2.4780e+10  31.2%  2.940e+04  27.5%  4.329e+03       21.2%  0.000e+00   0.0%
 5:       3rd Setup: 4.0575e-07   0.0%  0.0000e+00   0.0%  0.000e+00   0.0%  0.000e+00        0.0%  0.000e+00   0.0%
 6:       3rd Solve: 1.5637e+00  12.5%  2.4842e+10  31.3%  2.940e+04  27.5%  4.329e+03       21.2%  0.000e+00   0.0%

------------------------------------------------------------------------------------------------------------------------
See the 'Profiling' chapter of the users' manual for details on interpreting output.
Phase summary info:
   Count: number of times phase was executed
   Time and Flop: Max - maximum over all processes
                  Ratio - ratio of maximum to minimum over all processes
   Mess: number of messages sent
   AvgLen: average message length (bytes)
   Reduct: number of global reductions
   Global: entire computation
   Stage: stages of a computation. Set stages with PetscLogStagePush() and PetscLogStagePop().
      %T - percent time in this phase         %F - percent flop in this phase
      %M - percent messages in this phase     %L - percent message lengths in this phase
      %R - percent reductions in this phase
   Total Mflop/s: 1e-6 * (sum of flop over all processes)/(max time over all processes)
   GPU Mflop/s: 1e-6 * (sum of flop on GPU over all processes)/(max GPU time over all processes)
   CpuToGpu Count: total number of CPU to GPU copies per processor
   CpuToGpu Size (Mbytes): 1e-6 * (total size of CPU to GPU copies per processor)
   GpuToCpu Count: total number of GPU to CPU copies per processor
   GpuToCpu Size (Mbytes): 1e-6 * (total size of GPU to CPU copies per processor)
   GPU %F: percent flops on GPU in this event
------------------------------------------------------------------------------------------------------------------------
Event                Count      Time (sec)     Flop                              --- Global ---  --- Stage ----  Total   GPU    - CpuToGpu -   - GpuToCpu - GPU
                   Max Ratio  Max     Ratio   Max  Ratio  Mess   AvgLen  Reduct  %T %F %M %L %R  %T %F %M %L %R Mflop/s Mflop/s Count   Size   Count   Size  %F
---------------------------------------------------------------------------------------------------------------------------------------------------------------

--- Event Stage 0: Main Stage

BuildTwoSided          4 1.0 1.5938e+00 122.3 0.00e+00 0.0 9.4e+01 5.6e+00 0.0e+00 11  0  0  0  0  30  0 36  0  0     0       0      0 0.00e+00    0 0.00e+00  0
BuildTwoSidedF         3 1.0 1.5935e+00 112.7 0.00e+00 0.0 9.5e+01 1.9e+05 0.0e+00 11  0  0  3  0  30  0 36 95  0     0       0      0 0.00e+00    0 0.00e+00  0
MatMult                1 1.0 2.2262e-03 1.2 1.54e+07 1.0 5.6e+01 1.1e+04 0.0e+00  0  0  0  0  0   0 71 21  3  0 55457       0      0 0.00e+00    0 0.00e+00 100
MatAssemblyBegin       1 1.0 1.5964e+00 116.4 0.00e+00 0.0 3.8e+01 4.6e+05 0.0e+00 11  0  0  3  0  30  0 14 93  0     0       0      0 0.00e+00    0 0.00e+00  0
MatAssemblyEnd         1 1.0 5.5403e-02 1.0 0.00e+00 0.0 1.1e+02 2.7e+03 1.0e+00  0  0  0  0  0   1  0 43  2 11     0       0      0 0.00e+00    1 1.93e+00  0
DCtxCreate             1 1.0 3.3645e-04 9.9 0.00e+00 0.0 0.0e+00 0.0e+00 0.0e+00  0  0  0  0  0   0  0  0  0  0     0       0      0 0.00e+00    0 0.00e+00  0
DCtxDestroy            1 1.0 4.0157e-05 2.0 0.00e+00 0.0 0.0e+00 0.0e+00 0.0e+00  0  0  0  0  0   0  0  0  0  0     0       0      0 0.00e+00    0 0.00e+00  0
DCtxSetUp              1 1.0 1.4879e-05 2.1 0.00e+00 0.0 0.0e+00 0.0e+00 0.0e+00  0  0  0  0  0   0  0  0  0  0     0       0      0 0.00e+00    0 0.00e+00  0
DCtxSetDevice          1 1.0 2.0199e-05 2.1 0.00e+00 0.0 0.0e+00 0.0e+00 0.0e+00  0  0  0  0  0   0  0  0  0  0     0       0      0 0.00e+00    0 0.00e+00  0
VecMDot                3 1.0 1.6054e-03 1.9 2.36e+06 1.0 0.0e+00 0.0e+00 0.0e+00  0  0  0  0  0   0 11  0  0  0 11757       0      0 0.00e+00    0 0.00e+00  0
VecNorm                5 1.0 2.2569e-03 2.5 9.83e+05 1.0 0.0e+00 0.0e+00 0.0e+00  0  0  0  0  0   0  5  0  0  0  3485       0      0 0.00e+00    0 0.00e+00 40
VecScale               3 1.0 9.0955e-05 1.8 2.95e+05 1.0 0.0e+00 0.0e+00 0.0e+00  0  0  0  0  0   0  1  0  0  0 25939       0      0 0.00e+00    0 0.00e+00  0
VecAXPY                1 1.0 7.3440e-06 1.5 1.97e+05 1.0 0.0e+00 0.0e+00 0.0e+00  0  0  0  0  0   0  1  0  0  0 214170       0      0 0.00e+00    0 0.00e+00 100
VecMAXPY               3 1.0 4.8715e-04 1.7 2.36e+06 1.0 0.0e+00 0.0e+00 0.0e+00  0  0  0  0  0   0 11  0  0  0 38744       0      0 0.00e+00    0 0.00e+00  0
VecAssemblyBegin       1 1.0 6.7978e-04 1.1 0.00e+00 0.0 5.7e+01 6.1e+03 0.0e+00  0  0  0  0  0   0  0 22  2  0     0       0      0 0.00e+00    0 0.00e+00  0
VecAssemblyEnd         1 1.0 4.2731e-04 31.4 0.00e+00 0.0 0.0e+00 0.0e+00 0.0e+00  0  0  0  0  0   0  0  0  0  0     0       0      0 0.00e+00    0 0.00e+00  0
VecScatterBegin        1 1.0 1.9875e-03 4.7 0.00e+00 0.0 5.6e+01 1.1e+04 0.0e+00  0  0  0  0  0   0  0 21  3  0     0       0      0 0.00e+00    0 0.00e+00  0
VecScatterEnd          1 1.0 1.6499e-03 135.3 0.00e+00 0.0 0.0e+00 0.0e+00 0.0e+00  0  0  0  0  0   0  0  0  0  0     0       0      0 0.00e+00    0 0.00e+00  0
VecNormalize           3 1.0 4.1248e-04 1.7 8.85e+05 1.0 0.0e+00 0.0e+00 0.0e+00  0  0  0  0  0   0  4  0  0  0 17159       0      0 0.00e+00    0 0.00e+00  0
SFSetGraph             1 1.0 8.8050e-05 1.2 0.00e+00 0.0 0.0e+00 0.0e+00 0.0e+00  0  0  0  0  0   0  0  0  0  0     0       0      0 0.00e+00    0 0.00e+00  0
SFSetUp                1 1.0 8.1439e-04 1.6 0.00e+00 0.0 1.1e+02 2.7e+03 0.0e+00  0  0  0  0  0   0  0 43  2  0     0       0      0 0.00e+00    0 0.00e+00  0
SFPack                 1 1.0 4.8300e-06 1.1 0.00e+00 0.0 0.0e+00 0.0e+00 0.0e+00  0  0  0  0  0   0  0  0  0  0     0       0      0 0.00e+00    0 0.00e+00  0
SFUnpack               1 1.0 1.9000e-07 1.6 0.00e+00 0.0 0.0e+00 0.0e+00 0.0e+00  0  0  0  0  0   0  0  0  0  0     0       0      0 0.00e+00    0 0.00e+00  0

--- Event Stage 1: Setup

BuildTwoSided        267 1.0 4.9873e-02 2.4 0.00e+00 0.0 3.4e+03 4.0e+00 0.0e+00  0  0  3  0  0   1  0 21  0  0     0       0      0 0.00e+00    0 0.00e+00  0
BuildTwoSidedF       162 1.0 4.3401e-02 2.7 0.00e+00 0.0 7.2e+02 4.8e+04 0.0e+00  0  0  1  6  0   1  0  4 26  0     0       0      0 0.00e+00    0 0.00e+00  0
MatMult               80 1.0 1.3920e-01 1.2 3.63e+08 1.0 3.4e+03 5.0e+03 0.0e+00  1  4  3  3  0   4 91 20 12  0 20578       0      7 1.22e-01    0 0.00e+00 100
MatConvert            20 1.0 9.5041e-01 1.0 0.00e+00 0.0 9.4e+02 1.5e+02 4.8e+01  8  0  1  0 22  33  0  6  0 24     0       0      0 0.00e+00   12 2.30e+01  0
MatScale              12 1.0 2.0929e-03 1.0 4.44e+06 1.0 1.7e+02 1.4e+03 0.0e+00  0  0  0  0  0   0  1  1  0  0 16916       0      0 0.00e+00    0 0.00e+00 60
MatAssemblyBegin      77 1.0 4.5162e-02 2.8 0.00e+00 0.0 7.2e+02 4.8e+04 0.0e+00  0  0  1  6  0   1  0  4 26  0     0       0      0 0.00e+00    0 0.00e+00  0
MatAssemblyEnd        77 1.0 2.7307e-01 1.7 0.00e+00 0.0 2.4e+03 3.1e+02 4.4e+01  2  0  2  0 20   9  0 15  1 22     0       0      0 0.00e+00   10 1.98e+00  0
MatSetValues     3689288 1.0 6.4756e-01 1.2 1.52e+06 1.0 0.0e+00 0.0e+00 0.0e+00  5  0  0  0  0  20  0  0  0  0    19       0      0 0.00e+00    0 0.00e+00  0
MatGetRow         411747 1.0 4.3350e-02 1.0 0.00e+00 0.0 0.0e+00 0.0e+00 0.0e+00  0  0  0  0  0   1  0  0  0  0     0       0      0 0.00e+00    0 0.00e+00  0
MatCreateSubMat        2 1.0 3.3785e-02 1.0 0.00e+00 0.0 1.7e+02 5.1e+01 2.2e+01  0  0  0  0 10   1  0  1  0 11     0       0      0 0.00e+00    2 1.18e-01  0
MatCoarsen             4 1.0 9.4950e-03 1.0 0.00e+00 0.0 1.7e+03 9.7e+02 2.7e+01  0  0  2  0 12   0  0 10  1 14     0       0      0 0.00e+00    0 0.00e+00  0
MatAXPY                8 1.0 1.0509e+00 1.0 1.52e+06 1.0 1.1e+03 2.3e+02 4.0e+01  8  0  1  0 18  36  0  7  0 20    11       0      0 0.00e+00   10 2.29e+01  0
MatTranspose           9 1.0 2.9410e-02 1.1 0.00e+00 0.0 1.4e+03 3.3e+03 2.1e+01  0  0  1  1  9   1  0  9  3 11     0       0      0 0.00e+00    0 0.00e+00  0
MatMatMultSym          4 1.0 3.6114e-01 1.0 0.00e+00 0.0 2.2e+03 2.7e+03 2.8e+01  3  0  2  1 13  13  0 13  4 14     0       0      0 0.00e+00   33 1.27e+02  0
MatMatMultNum          4 1.0 8.9200e-07 1.5 0.00e+00 0.0 0.0e+00 0.0e+00 0.0e+00  0  0  0  0  0   0  0  0  0  0     0       0      0 0.00e+00    0 0.00e+00  0
MatPtAPSymbolic        4 1.0 4.5041e-01 1.1 0.00e+00 0.0 3.1e+03 1.9e+04 2.8e+01  3  0  3 10 13  15  0 19 43 14     0       0      0 0.00e+00   33 1.46e+02  0
MatPtAPNumeric         4 1.0 3.8370e-06 5.8 0.00e+00 0.0 0.0e+00 0.0e+00 0.0e+00  0  0  0  0  0   0  0  0  0  0     0       0      0 0.00e+00    0 0.00e+00  0
MatTrnMatMultSym       1 1.0 2.1673e-01 1.0 0.00e+00 0.0 3.9e+02 9.2e+04 4.0e+00  2  0  0  6  2   8  0  2 26  2     0       0      0 0.00e+00    0 0.00e+00  0
MatGetLocalMat         1 1.0 2.7515e-03 2.1 0.00e+00 0.0 0.0e+00 0.0e+00 0.0e+00  0  0  0  0  0   0  0  0  0  0     0       0      0 0.00e+00    0 0.00e+00  0
MatCreateGraph         4 1.0 1.1379e-01 1.0 2.68e+06 1.0 2.0e+03 2.5e+03 2.8e+01  1  0  2  1 13   4  1 12  4 14   188       0      0 0.00e+00    6 9.88e+00  0
MatSetPreallCOO        8 1.0 1.8678e-01 1.0 0.00e+00 0.0 2.1e+03 5.7e+02 3.2e+01  1  0  2  0 14   6  0 13  1 16     0       0      0 0.00e+00   24 3.48e+01  0
MatSetValuesCOO        8 1.0 1.8466e-02 1.2 0.00e+00 0.0 1.2e+02 1.9e+05 0.0e+00  0  0  0  4  0   1  0  1 17  0     0       0      0 0.00e+00    0 0.00e+00  0
KSPSetUp               1 1.0 1.9956e-03 2.3 0.00e+00 0.0 0.0e+00 0.0e+00 0.0e+00  0  0  0  0  0   0  0  0  0  0     0       0      0 0.00e+00    0 0.00e+00  0
PCSetUp_GAMG+          1 1.0 2.8572e+00 1.0 4.00e+08 1.0 1.7e+04 8.2e+03 2.0e+02 23  4 15 23 88 100 100 100 100 100  1105       0      7 1.22e-01  168 3.23e+02 98
 PCGAMGCreateG         4 1.0 1.1381e-01 1.0 2.68e+06 1.0 2.0e+03 2.5e+03 2.8e+01  1  0  2  1 13   4  1 12  4 14   188       0      0 0.00e+00    6 9.88e+00  0
 GAMG Coarsen          8 1.0 2.5434e-01 1.0 0.00e+00 0.0 2.3e+03 1.7e+04 3.1e+01  2  0  2  7 14   9  0 14 29 16     0       0      0 0.00e+00    0 0.00e+00  0
  GAMG MIS/Agg         4 1.0 2.2668e-01 1.0 0.00e+00 0.0 2.0e+03 1.8e+04 3.1e+01  2  0  2  6 14   8  0 12 28 16     0       0      0 0.00e+00    0 0.00e+00  0
 PCGAMGProl            4 1.0 2.3166e-01 1.0 0.00e+00 0.0 2.5e+03 4.0e+03 1.2e+01  2  0  2  2  5   8  0 15  7  6     0       0      0 0.00e+00    4 1.30e-01  0
  GAMG Prol-col        4 1.0 1.0473e-01 1.1 0.00e+00 0.0 2.2e+03 3.6e+03 0.0e+00  1  0  2  1  0   4  0 14  6  0     0       0      0 0.00e+00    0 0.00e+00  0
  GAMG Prol-lift       4 1.0 1.1281e-01 1.0 0.00e+00 0.0 2.8e+02 7.4e+03 4.0e+00  1  0  0  0  2   4  0  2  2  2     0       0      0 0.00e+00    4 1.30e-01  0
 PCGAMGOptProl         4 1.0 1.6369e+00 1.0 1.97e+08 1.0 4.7e+03 3.1e+03 6.4e+01 13  2  4  2 29  57 49 28 11 32   949       0      7 1.22e-01   43 1.50e+02 100
  GAMG smooth          4 1.0 1.3768e+00 1.0 3.27e+06 1.0 3.0e+03 2.0e+03 6.4e+01 11  0  3  1 29  48  1 18  4 32    19       0      0 0.00e+00   43 1.50e+02 81
 PCGAMGCreateL         4 1.0 4.8514e-01 1.1 0.00e+00 0.0 3.3e+03 1.8e+04 6.2e+01  4  0  3 10 28  16  0 20 43 31     0       0      0 0.00e+00   35 1.46e+02  0
  GAMG PtAP            4 1.0 4.5046e-01 1.1 0.00e+00 0.0 3.1e+03 1.9e+04 2.8e+01  3  0  3 10 13  15  0 19 43 14     0       0      0 0.00e+00   33 1.46e+02  0
  GAMG Reduce          2 1.0 1.4570e-01 1.0 0.00e+00 0.0 8.9e+02 6.7e+03 4.8e+01  1  0  1  1 22   5  0  5  4 24     0       0      0 0.00e+00   19 3.20e+00  0
PCGAMG Squ l00         1 1.0 2.1674e-01 1.0 0.00e+00 0.0 3.9e+02 9.2e+04 4.0e+00  2  0  0  6  2   8  0  2 26  2     0       0      0 0.00e+00    0 0.00e+00  0
PCGAMG Gal l00         1 1.0 2.5668e-01 1.2 0.00e+00 0.0 1.2e+03 2.7e+04 7.0e+00  2  0  1  5  3   8  0  7 24  4     0       0      0 0.00e+00    8 1.24e+02  0
PCGAMG Opt l00         1 1.0 2.2680e-01 1.0 0.00e+00 0.0 7.1e+02 6.0e+03 7.0e+00  2  0  1  1  3   8  0  4  3  4     0       0      0 0.00e+00    8 1.12e+02  0
PCGAMG Gal l01         1 1.0 8.3827e-02 1.0 0.00e+00 0.0 1.2e+03 1.7e+04 7.0e+00  1  0  1  3  3   3  0  7 15  4     0       0      0 0.00e+00    8 1.91e+01  0
PCGAMG Opt l01         1 1.0 5.2483e-02 1.0 0.00e+00 0.0 7.3e+02 1.5e+03 7.0e+00  0  0  1  0  3   2  0  4  1  4     0       0      0 0.00e+00    8 1.31e+01  0
PCGAMG Gal l02         1 1.0 6.0164e-02 1.0 0.00e+00 0.0 6.4e+02 9.3e+03 7.0e+00  0  0  1  1  3   2  0  4  4  4     0       0      0 0.00e+00    8 3.07e+00  0
PCGAMG Opt l02         1 1.0 4.2630e-02 1.0 0.00e+00 0.0 7.3e+02 6.9e+02 7.0e+00  0  0  1  0  3   1  0  4  0  4     0       0      0 0.00e+00    8 1.93e+00  0
PCGAMG Gal l03         1 1.0 5.0945e-02 1.0 0.00e+00 0.0 2.7e+01 2.4e+02 7.0e+00  0  0  0  0  3   2  0  0  0  4     0       0      0 0.00e+00    9 1.74e-02  0
PCGAMG Opt l03         1 1.0 4.0017e-02 1.0 0.00e+00 0.0 2.2e+01 2.8e+02 7.0e+00  0  0  0  0  3   1  0  0  0  4     0       0      0 0.00e+00    9 1.90e-02  0
PCSetUp                1 1.0 2.8573e+00 1.0 4.00e+08 1.0 1.7e+04 8.2e+03 2.0e+02 23  4 15 23 88 100 100 100 100 100  1105       0      7 1.22e-01  168 3.23e+02 98
VecTDot              184 1.0 1.1305e-01 1.3 9.51e+06 1.0 0.0e+00 0.0e+00 0.0e+00  1  0  0  0  0   3  2  0  0  0   671       0      0 0.00e+00    0 0.00e+00 100
VecNorm               44 1.0 4.6761e-02 1.4 2.27e+06 1.0 0.0e+00 0.0e+00 0.0e+00  0  0  0  0  0   1  1  0  0  0   388       0      0 0.00e+00    0 0.00e+00 100
VecCopy               16 1.0 2.0339e-03 1.7 0.00e+00 0.0 0.0e+00 0.0e+00 0.0e+00  0  0  0  0  0   0  0  0  0  0     0       0      0 0.00e+00    0 0.00e+00  0
VecSet                 8 1.0 7.7140e-05 1.5 0.00e+00 0.0 0.0e+00 0.0e+00 0.0e+00  0  0  0  0  0   0  0  0  0  0     0       0      0 0.00e+00    0 0.00e+00  0
VecAXPY              160 1.0 1.1204e-01 1.1 8.27e+06 1.0 0.0e+00 0.0e+00 0.0e+00  1  0  0  0  0   4  2  0  0  0   589       0      0 0.00e+00    0 0.00e+00 100
VecAYPX               72 1.0 1.7547e-03 1.5 3.72e+06 1.0 0.0e+00 0.0e+00 0.0e+00  0  0  0  0  0   0  1  0  0  0 16911       0      0 0.00e+00    0 0.00e+00 100
VecAssemblyBegin     136 1.0 1.1742e-02 2.2 0.00e+00 0.0 0.0e+00 0.0e+00 0.0e+00  0  0  0  0  0   0  0  0  0  0     0       0      0 0.00e+00    0 0.00e+00  0
VecAssemblyEnd       136 1.0 5.8751e-05 1.1 0.00e+00 0.0 0.0e+00 0.0e+00 0.0e+00  0  0  0  0  0   0  0  0  0  0     0       0      0 0.00e+00    0 0.00e+00  0
VecPointwiseMult      44 1.0 2.5219e-04 1.2 1.14e+06 1.0 0.0e+00 0.0e+00 0.0e+00  0  0  0  0  0   0  0  0  0  0 35955       0      0 0.00e+00    0 0.00e+00 100
VecReciprocal         12 1.0 2.0112e-04 1.4 0.00e+00 0.0 0.0e+00 0.0e+00 0.0e+00  0  0  0  0  0   0  0  0  0  0     0       0      0 0.00e+00    0 0.00e+00  0
VecSetValues      784962 1.0 5.2800e-02 1.0 0.00e+00 0.0 0.0e+00 0.0e+00 0.0e+00  0  0  0  0  0   2  0  0  0  0     0       0      0 0.00e+00    0 0.00e+00  0
VecScatterBegin      221 1.0 7.5129e-02 1.4 0.00e+00 0.0 6.1e+03 4.5e+03 0.0e+00  0  0  6  5  0   2  0 37 20  0     0       0      7 1.22e-01    0 0.00e+00  0
VecScatterEnd        221 1.0 7.6881e-02 1.2 0.00e+00 0.0 0.0e+00 0.0e+00 0.0e+00  1  0  0  0  0   2  0  0  0  0     0       0      0 0.00e+00    0 0.00e+00  0
SFSetGraph           113 1.0 5.1721e-04 1.1 0.00e+00 0.0 0.0e+00 0.0e+00 0.0e+00  0  0  0  0  0   0  0  0  0  0     0       0      0 0.00e+00    0 0.00e+00  0
SFSetUp              105 1.0 1.3210e-02 1.1 0.00e+00 0.0 6.2e+03 4.4e+02 0.0e+00  0  0  6  0  0   0  0 37  2  0     0       0      0 0.00e+00    0 0.00e+00  0
SFBcastBegin          59 1.0 5.4972e-03 1.9 0.00e+00 0.0 2.6e+03 1.5e+04 0.0e+00  0  0  2  7  0   0  0 16 29  0     0       0      0 0.00e+00    0 0.00e+00  0
SFBcastEnd            59 1.0 5.5908e-03 2.6 0.00e+00 0.0 0.0e+00 0.0e+00 0.0e+00  0  0  0  0  0   0  0  0  0  0     0       0      0 0.00e+00    0 0.00e+00  0
SFReduceBegin         31 1.0 1.1036e-02 3.7 0.00e+00 0.0 5.7e+02 4.3e+04 0.0e+00  0  0  1  4  0   0  0  3 18  0     0       0      0 0.00e+00    0 0.00e+00  0
SFReduceEnd           31 1.0 1.3585e-02 2.5 0.00e+00 0.0 0.0e+00 0.0e+00 0.0e+00  0  0  0  0  0   0  0  0  0  0     0       0      0 0.00e+00    0 0.00e+00  0
SFFetchOpBegin         8 1.0 1.3483e-04 2.1 0.00e+00 0.0 1.2e+02 4.0e+00 0.0e+00  0  0  0  0  0   0  0  1  0  0     0       0      0 0.00e+00    0 0.00e+00  0
SFFetchOpEnd           8 1.0 2.8970e-04 2.0 0.00e+00 0.0 1.2e+02 4.0e+00 0.0e+00  0  0  0  0  0   0  0  1  0  0     0       0      0 0.00e+00    0 0.00e+00  0
SFCreateEmbed          8 1.0 1.1768e-03 1.6 0.00e+00 0.0 3.4e+02 1.8e+02 0.0e+00  0  0  0  0  0   0  0  2  0  0     0       0      0 0.00e+00    0 0.00e+00  0
SFSectionSF            8 1.0 2.1297e-03 1.1 0.00e+00 0.0 6.8e+02 1.2e+03 0.0e+00  0  0  1  0  0   0  0  4  1  0     0       0      0 0.00e+00    0 0.00e+00  0
SFRemoteOff            8 1.0 1.8829e-03 1.3 0.00e+00 0.0 6.8e+02 4.5e+02 0.0e+00  0  0  1  0  0   0  0  4  0  0     0       0      0 0.00e+00    0 0.00e+00  0
SFPack               319 1.0 6.9996e-03 1.4 0.00e+00 0.0 0.0e+00 0.0e+00 0.0e+00  0  0  0  0  0   0  0  0  0  0     0       0      3 1.53e-02    0 0.00e+00  0
SFUnpack             327 1.0 6.4865e-05 1.2 0.00e+00 0.0 0.0e+00 0.0e+00 0.0e+00  0  0  0  0  0   0  0  0  0  0     0       0      0 0.00e+00    0 0.00e+00  0

--- Event Stage 2: Solve

MatMult              687 1.0 7.5350e-01 1.2 2.64e+09 1.0 2.2e+04 5.5e+03 0.0e+00  5 26 21 20  0  43 84 75 95  0 27725       0      1 0.00e+00    0 0.00e+00 100
MatMultAdd           120 1.0 2.3425e-01 1.6 1.59e+08 1.0 3.7e+03 9.4e+02 0.0e+00  2  2  3  1  0  13  5 12  3  0  5414       0      0 0.00e+00    0 0.00e+00 100
MatMultTranspose     120 1.0 2.0817e-01 1.7 1.59e+08 1.0 3.7e+03 9.4e+02 0.0e+00  1  2  3  1  0   9  5 12  3  0  6094       0      2 7.17e-03    0 0.00e+00 100
MatResidual          120 1.0 1.7260e-01 1.2 5.50e+08 1.0 5.1e+03 5.0e+03 0.0e+00  1  5  5  4  0  10 18 17 20  0 25181       0      0 0.00e+00    0 0.00e+00 100
KSPSolve               1 1.0 1.5797e+00 1.0 3.13e+09 1.0 2.9e+04 4.3e+03 0.0e+00 13 31 27 21  0 100 100 100 100  0 15686       0      3 7.17e-03  956 1.97e+02 98
PCApply               30 1.0 1.4817e+00 1.0 2.63e+09 1.0 2.8e+04 3.9e+03 0.0e+00 12 26 26 18  0  93 84 94 86  0 14031       0      3 7.17e-03  956 1.97e+02 97
VecTDot              476 1.0 1.7593e-01 1.1 1.22e+07 1.0 0.0e+00 0.0e+00 0.0e+00  1  0  0  0  0  11  0  0  0  0   554       0      0 0.00e+00    0 0.00e+00 100
VecNorm              238 1.0 1.9637e-01 4.4 6.10e+06 1.0 0.0e+00 0.0e+00 0.0e+00  1  0  0  0  0  10  0  0  0  0   248       0      0 0.00e+00    0 0.00e+00 100
VecCopy              422 1.0 2.7376e-03 1.4 0.00e+00 0.0 0.0e+00 0.0e+00 0.0e+00  0  0  0  0  0   0  0  0  0  0     0       0      0 0.00e+00    0 0.00e+00  0
VecSet               151 1.0 6.0843e-04 1.4 0.00e+00 0.0 0.0e+00 0.0e+00 0.0e+00  0  0  0  0  0   0  0  0  0  0     0       0      0 0.00e+00    0 0.00e+00  0
VecAXPY              414 1.0 1.4018e-03 3.5 1.18e+07 1.0 0.0e+00 0.0e+00 0.0e+00  0  0  0  0  0   0  0  0  0  0 67323       0      0 0.00e+00    0 0.00e+00 100
VecAYPX              896 1.0 5.3088e-02 1.7 4.29e+07 1.0 0.0e+00 0.0e+00 0.0e+00  0  0  0  0  0   3  1  0  0  0  6449       0      0 0.00e+00    0 0.00e+00 100
VecAXPBYCZ           240 1.0 4.8878e-02 1.6 3.10e+07 1.0 0.0e+00 0.0e+00 0.0e+00  0  0  0  0  0   2  1  0  0  0  5059       0      0 0.00e+00    0 0.00e+00 100
VecPointwiseMult     207 1.0 8.9114e-04 4.1 1.24e+03 0.0 0.0e+00 0.0e+00 0.0e+00  0  0  0  0  0   0  0  0  0  0     1       0      0 0.00e+00    0 0.00e+00 100
VecReciprocal          1 1.0 6.5630e-06 4.1 0.00e+00 0.0 0.0e+00 0.0e+00 0.0e+00  0  0  0  0  0   0  0  0  0  0     0       0      0 0.00e+00    0 0.00e+00  0
VecScatterBegin      927 1.0 5.1517e-01 1.5 0.00e+00 0.0 2.9e+04 4.3e+03 0.0e+00  4  0 27 21  0  29  0 100 100  0     0       0      1 0.00e+00    0 0.00e+00  0
VecScatterEnd        927 1.0 6.9811e-01 1.4 6.25e+04 1.4 0.0e+00 0.0e+00 0.0e+00  5  0  0  0  0  36  0  0  0  0     1       0      2 7.17e-03    0 0.00e+00 100
SFPack               927 1.0 2.1127e-03 1.3 0.00e+00 0.0 0.0e+00 0.0e+00 0.0e+00  0  0  0  0  0   0  0  0  0  0     0       0      0 0.00e+00    0 0.00e+00  0
SFUnpack             927 1.0 1.5914e-03 2.7 6.25e+04 1.4 0.0e+00 0.0e+00 0.0e+00  0  0  0  0  0   0  0  0  0  0   270       0      2 7.17e-03    0 0.00e+00 100

--- Event Stage 3: 2nd Setup

MatMult               40 1.0 5.2512e-02 1.2 1.81e+08 1.0 1.7e+03 5.0e+03 0.0e+00  0  2  2  1  0  17 87 85 13  0 27275       0      0 0.00e+00    0 0.00e+00 100
MatScale               1 1.0 7.8379e-04 21.8 7.72e+06 1.0 0.0e+00 0.0e+00 0.0e+00  0  0  0  0  0   0  4  0  0  0 78759       0      0 0.00e+00    0 0.00e+00 100
MatAssemblyBegin       4 1.0 1.1620e-06 1.5 0.00e+00 0.0 0.0e+00 0.0e+00 0.0e+00  0  0  0  0  0   0  0  0  0  0     0       0      0 0.00e+00    0 0.00e+00  0
MatAssemblyEnd         4 1.0 5.6410e-06 1.3 0.00e+00 0.0 0.0e+00 0.0e+00 0.0e+00  0  0  0  0  0   0  0  0  0  0     0       0      0 0.00e+00    0 0.00e+00  0
MatPtAPNumeric         4 1.0 1.4060e-01 1.0 0.00e+00 0.0 2.9e+02 1.9e+05 0.0e+00  1  0  0  9  0  49  0 15 87  0     0       0     12 1.18e+02    7 7.16e+01  0
MatSetValuesCOO        4 1.0 4.5011e-02 3.8 0.00e+00 0.0 1.2e+02 1.9e+05 0.0e+00  0  0  0  4  0   9  0  6 37  0     0       0      0 0.00e+00    0 0.00e+00  0
KSPSetUp               1 1.0 5.9200e-07 2.8 0.00e+00 0.0 0.0e+00 0.0e+00 0.0e+00  0  0  0  0  0   0  0  0  0  0     0       0      0 0.00e+00    0 0.00e+00  0
PCSetUp_GAMG+          1 1.0 2.8162e-01 1.0 2.00e+08 1.0 2.0e+03 3.2e+04 0.0e+00  2  2  2 11  0 100 96 100 100  0  5624       0     12 1.18e+02   88 8.81e+01 97
PCGAMG Gal l00         1 1.0 1.0397e-01 1.0 0.00e+00 0.0 1.1e+02 2.9e+05 0.0e+00  1  0  0  5  0  37  0  5 47  0     0       0      3 1.02e+02    2 6.17e+01  0
PCGAMG Gal l01         1 1.0 2.3623e-02 1.0 0.00e+00 0.0 1.1e+02 1.8e+05 0.0e+00  0  0  0  3  0   8  0  6 30  0     0       0      3 1.33e+01    2 8.46e+00  0
PCGAMG Gal l02         1 1.0 1.1431e-02 1.2 0.00e+00 0.0 7.0e+01 8.2e+04 0.0e+00  0  0  0  1  0   4  0  4  9  0     0       0      3 2.31e+00    2 1.41e+00  0
PCGAMG Gal l03         1 1.0 1.9659e-03 8.9 0.00e+00 0.0 3.0e+00 2.0e+03 0.0e+00  0  0  0  0  0   0  0  0  0  0     0       0      3 1.66e-02    1 1.44e-02  0
PCSetUp                1 1.0 2.8163e-01 1.0 2.00e+08 1.0 2.0e+03 3.2e+04 0.0e+00  2  2  2 11  0 100 96 100 100  0  5624       0     12 1.18e+02   88 8.81e+01 97
VecTDot               92 1.0 4.4332e-02 1.3 4.75e+06 1.0 0.0e+00 0.0e+00 0.0e+00  0  0  0  0  0  14  2  0  0  0   855       0      0 0.00e+00    0 0.00e+00 100
VecNorm               44 1.0 3.9816e-02 1.3 2.27e+06 1.0 0.0e+00 0.0e+00 0.0e+00  0  0  0  0  0  12  1  0  0  0   455       0      0 0.00e+00    0 0.00e+00 100
VecCopy                8 1.0 8.6818e-04 1.9 0.00e+00 0.0 0.0e+00 0.0e+00 0.0e+00  0  0  0  0  0   0  0  0  0  0     0       0      0 0.00e+00    0 0.00e+00  0
VecSet                 4 1.0 2.4166e-05 1.1 0.00e+00 0.0 0.0e+00 0.0e+00 0.0e+00  0  0  0  0  0   0  0  0  0  0     0       0      0 0.00e+00    0 0.00e+00  0
VecAXPY               80 1.0 3.0086e-04 1.4 4.13e+06 1.0 0.0e+00 0.0e+00 0.0e+00  0  0  0  0  0   0  2  0  0  0 109591       0      0 0.00e+00    0 0.00e+00 100
VecAYPX               36 1.0 2.0350e-04 1.3 1.86e+06 1.0 0.0e+00 0.0e+00 0.0e+00  0  0  0  0  0   0  1  0  0  0 72910       0      0 0.00e+00    0 0.00e+00 100
VecReciprocal          1 1.0 7.3140e-06 3.6 0.00e+00 0.0 0.0e+00 0.0e+00 0.0e+00  0  0  0  0  0   0  0  0  0  0     0       0      0 0.00e+00    0 0.00e+00  0
VecScatterBegin       40 1.0 3.7277e-02 1.7 0.00e+00 0.0 1.7e+03 5.0e+03 0.0e+00  0  0  2  1  0  10  0 85 13  0     0       0      0 0.00e+00    0 0.00e+00  0
VecScatterEnd         40 1.0 2.5983e-02 1.8 0.00e+00 0.0 0.0e+00 0.0e+00 0.0e+00  0  0  0  0  0   7  0  0  0  0     0       0      0 0.00e+00    0 0.00e+00  0
SFBcastBegin           4 1.0 3.9739e-03 5.1 0.00e+00 0.0 1.7e+02 1.9e+05 0.0e+00  0  0  0  5  0   1  0  9 50  0     0       0      0 0.00e+00    0 0.00e+00  0
SFBcastEnd             4 1.0 3.9442e-02 17.4 0.00e+00 0.0 0.0e+00 0.0e+00 0.0e+00  0  0  0  0  0   7  0  0  0  0     0       0      0 0.00e+00    0 0.00e+00  0
SFReduceBegin          4 1.0 9.9935e-03 2.1 0.00e+00 0.0 1.2e+02 1.9e+05 0.0e+00  0  0  0  4  0   2  0  6 37  0     0       0      0 0.00e+00    0 0.00e+00  0
SFReduceEnd            4 1.0 3.9531e-02 5.9 0.00e+00 0.0 0.0e+00 0.0e+00 0.0e+00  0  0  0  0  0   7  0  0  0  0     0       0      0 0.00e+00    0 0.00e+00  0
SFPack                48 1.0 3.2926e-03 5.2 0.00e+00 0.0 0.0e+00 0.0e+00 0.0e+00  0  0  0  0  0   0  0  0  0  0     0       0      0 0.00e+00    0 0.00e+00  0
SFUnpack              48 1.0 7.5540e-06 1.2 0.00e+00 0.0 0.0e+00 0.0e+00 0.0e+00  0  0  0  0  0   0  0  0  0  0     0       0      0 0.00e+00    0 0.00e+00  0

--- Event Stage 4: 2nd Solve

MatMult              687 1.0 7.6435e-01 1.2 2.64e+09 1.0 2.2e+04 5.5e+03 0.0e+00  5 26 21 20  0  43 84 75 95  0 27332       0      0 0.00e+00    0 0.00e+00 100
MatMultAdd           120 1.0 2.2726e-01 1.7 1.59e+08 1.0 3.7e+03 9.4e+02 0.0e+00  2  2  3  1  0  13  5 12  3  0  5580       0      0 0.00e+00    0 0.00e+00 100
MatMultTranspose     120 1.0 2.0447e-01 1.6 1.59e+08 1.0 3.7e+03 9.4e+02 0.0e+00  1  2  3  1  0  10  5 12  3  0  6204       0      0 0.00e+00    0 0.00e+00 100
MatResidual          120 1.0 1.8368e-01 1.2 5.50e+08 1.0 5.1e+03 5.0e+03 0.0e+00  1  5  5  4  0  10 18 17 20  0 23662       0      0 0.00e+00    0 0.00e+00 100
KSPSolve               1 1.0 1.5630e+00 1.0 3.13e+09 1.0 2.9e+04 4.3e+03 0.0e+00 13 31 27 21  0 100 100 100 100  0 15854       0      0 0.00e+00  956 1.97e+02 98
PCApply               30 1.0 1.4695e+00 1.0 2.63e+09 1.0 2.8e+04 3.9e+03 0.0e+00 12 26 26 18  0  93 84 94 86  0 14148       0      0 0.00e+00  956 1.97e+02 97
VecTDot              476 1.0 1.7421e-01 1.1 1.22e+07 1.0 0.0e+00 0.0e+00 0.0e+00  1  0  0  0  0  11  0  0  0  0   560       0      0 0.00e+00    0 0.00e+00 100
VecNorm              238 1.0 1.9477e-01 4.4 6.10e+06 1.0 0.0e+00 0.0e+00 0.0e+00  1  0  0  0  0  10  0  0  0  0   250       0      0 0.00e+00    0 0.00e+00 100
VecCopy              422 1.0 2.1105e-03 1.5 0.00e+00 0.0 0.0e+00 0.0e+00 0.0e+00  0  0  0  0  0   0  0  0  0  0     0       0      0 0.00e+00    0 0.00e+00  0
VecSet               151 1.0 5.8386e-04 1.4 0.00e+00 0.0 0.0e+00 0.0e+00 0.0e+00  0  0  0  0  0   0  0  0  0  0     0       0      0 0.00e+00    0 0.00e+00  0
VecAXPY              414 1.0 1.3829e-03 3.4 1.18e+07 1.0 0.0e+00 0.0e+00 0.0e+00  0  0  0  0  0   0  0  0  0  0 68243       0      0 0.00e+00    0 0.00e+00 100
VecAYPX              896 1.0 5.1128e-02 1.5 4.29e+07 1.0 0.0e+00 0.0e+00 0.0e+00  0  0  0  0  0   3  1  0  0  0  6696       0      0 0.00e+00    0 0.00e+00 100
VecAXPBYCZ           240 1.0 4.7749e-02 1.4 3.10e+07 1.0 0.0e+00 0.0e+00 0.0e+00  0  0  0  0  0   2  1  0  0  0  5179       0      0 0.00e+00    0 0.00e+00 100
VecPointwiseMult     207 1.0 9.0448e-04 4.1 1.24e+03 0.0 0.0e+00 0.0e+00 0.0e+00  0  0  0  0  0   0  0  0  0  0     1       0      0 0.00e+00    0 0.00e+00 100
VecScatterBegin      927 1.0 5.2728e-01 1.5 0.00e+00 0.0 2.9e+04 4.3e+03 0.0e+00  4  0 27 21  0  30  0 100 100  0     0       0      0 0.00e+00    0 0.00e+00  0
VecScatterEnd        927 1.0 6.6014e-01 1.4 6.25e+04 1.4 0.0e+00 0.0e+00 0.0e+00  4  0  0  0  0  35  0  0  0  0     1       0      0 0.00e+00    0 0.00e+00 100
SFPack               927 1.0 1.8449e-03 1.1 0.00e+00 0.0 0.0e+00 0.0e+00 0.0e+00  0  0  0  0  0   0  0  0  0  0     0       0      0 0.00e+00    0 0.00e+00  0
SFUnpack             927 1.0 7.1508e-04 1.7 6.25e+04 1.4 0.0e+00 0.0e+00 0.0e+00  0  0  0  0  0   0  0  0  0  0   602       0      0 0.00e+00    0 0.00e+00 100

--- Event Stage 5: 3rd Setup


--- Event Stage 6: 3rd Solve

MatMult              687 1.0 7.6965e-01 1.2 2.64e+09 1.0 2.2e+04 5.5e+03 0.0e+00  5 26 21 20  0  43 84 75 95  0 27144       0      0 0.00e+00    0 0.00e+00 100
MatMultAdd           120 1.0 2.2817e-01 1.7 1.59e+08 1.0 3.7e+03 9.4e+02 0.0e+00  2  2  3  1  0  13  5 12  3  0  5558       0      0 0.00e+00    0 0.00e+00 100
MatMultTranspose     120 1.0 2.0976e-01 1.7 1.59e+08 1.0 3.7e+03 9.4e+02 0.0e+00  1  2  3  1  0  10  5 12  3  0  6048       0      0 0.00e+00    0 0.00e+00 100
MatScale               1 1.0 2.0600e-05 1.7 7.72e+06 1.0 0.0e+00 0.0e+00 0.0e+00  0  0  0  0  0   0  0  0  0  0 2996650       0      0 0.00e+00    0 0.00e+00 100
MatResidual          120 1.0 1.7784e-01 1.2 5.50e+08 1.0 5.1e+03 5.0e+03 0.0e+00  1  5  5  4  0  10 17 17 20  0 24439       0      0 0.00e+00    0 0.00e+00 100
KSPSolve               1 1.0 1.5637e+00 1.0 3.13e+09 1.0 2.9e+04 4.3e+03 0.0e+00 13 31 27 21  0 100 100 100 100  0 15847       0      0 0.00e+00  960 1.98e+02 98
PCApply               30 1.0 1.4692e+00 1.0 2.63e+09 1.0 2.8e+04 3.9e+03 0.0e+00 12 26 26 18  0  93 84 94 86  0 14150       0      0 0.00e+00  960 1.98e+02 97
VecTDot              476 1.0 1.7362e-01 1.1 1.22e+07 1.0 0.0e+00 0.0e+00 0.0e+00  1  0  0  0  0  11  0  0  0  0   562       0      0 0.00e+00    0 0.00e+00 100
VecNorm              238 1.0 1.9532e-01 4.4 6.10e+06 1.0 0.0e+00 0.0e+00 0.0e+00  1  0  0  0  0  10  0  0  0  0   250       0      0 0.00e+00    0 0.00e+00 100
VecCopy              422 1.0 2.1256e-03 1.5 0.00e+00 0.0 0.0e+00 0.0e+00 0.0e+00  0  0  0  0  0   0  0  0  0  0     0       0      0 0.00e+00    0 0.00e+00  0
VecSet               151 1.0 5.8797e-04 1.4 0.00e+00 0.0 0.0e+00 0.0e+00 0.0e+00  0  0  0  0  0   0  0  0  0  0     0       0      0 0.00e+00    0 0.00e+00  0
VecAXPY              414 1.0 1.3838e-03 3.5 1.18e+07 1.0 0.0e+00 0.0e+00 0.0e+00  0  0  0  0  0   0  0  0  0  0 68201       0      0 0.00e+00    0 0.00e+00 100
VecAYPX              896 1.0 5.0032e-02 1.5 4.29e+07 1.0 0.0e+00 0.0e+00 0.0e+00  0  0  0  0  0   3  1  0  0  0  6843       0      0 0.00e+00    0 0.00e+00 100
VecAXPBYCZ           240 1.0 4.5696e-02 1.4 3.10e+07 1.0 0.0e+00 0.0e+00 0.0e+00  0  0  0  0  0   2  1  0  0  0  5412       0      0 0.00e+00    0 0.00e+00 100
VecPointwiseMult     207 1.0 8.8022e-04 4.0 1.24e+03 0.0 0.0e+00 0.0e+00 0.0e+00  0  0  0  0  0   0  0  0  0  0     1       0      0 0.00e+00    0 0.00e+00 100
VecScatterBegin      927 1.0 5.5981e-01 1.7 0.00e+00 0.0 2.9e+04 4.3e+03 0.0e+00  4  0 27 21  0  30  0 100 100  0     0       0      0 0.00e+00    0 0.00e+00  0
VecScatterEnd        927 1.0 6.8536e-01 1.6 6.25e+04 1.4 0.0e+00 0.0e+00 0.0e+00  4  0  0  0  0  36  0  0  0  0     1       0      0 0.00e+00    0 0.00e+00 100
SFPack               927 1.0 1.8270e-03 1.1 0.00e+00 0.0 0.0e+00 0.0e+00 0.0e+00  0  0  0  0  0   0  0  0  0  0     0       0      0 0.00e+00    0 0.00e+00  0
SFUnpack             927 1.0 7.0388e-04 1.7 6.25e+04 1.4 0.0e+00 0.0e+00 0.0e+00  0  0  0  0  0   0  0  0  0  0   611       0      0 0.00e+00    0 0.00e+00 100
---------------------------------------------------------------------------------------------------------------------------------------------------------------

Object Type          Creations   Destructions. Reports information only for process 0.

--- Event Stage 0: Main Stage

           Container     4             12
       Krylov Solver     1             10
              Matrix     6             58
      Matrix Coarsen     0              1
   Matrix Null Space     1              1
      Preconditioner     1              6
              Viewer     1              1
  PetscDeviceContext     1              0
              Vector    12             63
           Index Set     2              2
   Star Forest Graph     1             25
    Distributed Mesh     0              4
     Discrete System     0              4
           Weak Form     0              4

--- Event Stage 1: Setup

           Container    37             29
       Krylov Solver    13              4
              Matrix   323            271
      Matrix Coarsen     4              3
      Preconditioner    13              8
              Vector   358            308
           Index Set   149            149
             Section    16             16
   Star Forest Graph   113             97
         PetscRandom     4              4

--- Event Stage 2: Solve

              Vector     1              0
   Star Forest Graph     8              0
    Distributed Mesh     4              0
     Discrete System     4              0
           Weak Form     4              0

--- Event Stage 3: 2nd Setup

              Vector    12             12

--- Event Stage 4: 2nd Solve


--- Event Stage 5: 3rd Setup


--- Event Stage 6: 3rd Solve

========================================================================================================================
Average time to get PetscTime(): 3.51e-08
Average time for MPI_Barrier(): 1.0899e-05
Average time for zero size MPI_Send(): 1.66721e-05
#PETSc Option Table entries:
-alpha 1.e-3 # (source: command line)
-ksp_converged_reason # (source: command line)
-ksp_norm_type unpreconditioned # (source: command line)
-ksp_rtol 1e-6 # (source: command line)
-ksp_type cg # (source: command line)
-log_view # (source: command line)
-mat_type mpibaijkokkos # (source: command line)
-mg_coarse_ksp_type cg # (source: command line)
-mg_coarse_pc_type jacobi # (source: command line)
-mg_levels_ksp_type chebyshev # (source: command line)
-mg_levels_pc_type pbjacobi # (source: command line)
-ne 63 # (source: command line)
-pc_gamg_agg_nsmooths 1 # (source: command line)
-pc_gamg_coarse_eq_limit 20 # (source: command line)
-pc_gamg_parallel_coarse_grid_solver # (source: command line)
-pc_gamg_reuse_interpolation true # (source: command line)
-pc_gamg_type agg # (source: command line)
-pc_type gamg # (source: command line)
-two_solves # (source: command line)
-use_mat_nearnullspace # (source: command line)
#End of PETSc Option Table entries
Compiled without FORTRAN kernels
Compiled with full precision matrices (default)
sizeof(short) 2 sizeof(int) 4 sizeof(long) 8 sizeof(void*) 8 sizeof(PetscScalar) 8 sizeof(PetscInt) 4
Configure options: --with-make-np=8 --with-mpiexec="srun -G4 --gpu-bind=none" --with-batch=0 --download-triangle=1 --with-cc=cc --with-cxx=CC --with-fc=0 --with-debugging=0 --with-cuda=1 --with-cuda-arch=80 --download-kokkos --download-kokkos-kernels PETSC_ARCH=arch-perlmutter-opt-gcc-kokkos-cuda
-----------------------------------------
Libraries compiled on 2026-06-19 13:41:00 on login10
Machine characteristics: Linux-6.4.0-150600.23.103_15.0.24-cray_shasta_c-x86_64-with-glibc2.3.4
Using PETSc directory: /global/u2/m/madams/petsc
Using PETSc arch: arch-perlmutter-opt-gcc-kokkos-cuda
-----------------------------------------

Using C compiler: cc  -fPIC -Wall -Wwrite-strings -Wno-unknown-pragmas -Wno-lto-type-mismatch -Wno-stringop-overflow -fstack-protector -fvisibility=hidden -g -O 
-----------------------------------------

Using include paths: -I/global/u2/m/madams/petsc/include -I/global/u2/m/madams/petsc/arch-perlmutter-opt-gcc-kokkos-cuda/include -I/opt/nvidia/hpc_sdk/Linux_x86_64/25.5/cuda/12.9/include -I/opt/nvidia/hpc_sdk/Linux_x86_64/25.5/math_libs/12.9/include
-----------------------------------------

Using C linker: cc
Using libraries: -Wl,-rpath,/global/u2/m/madams/petsc/arch-perlmutter-opt-gcc-kokkos-cuda/lib -L/global/u2/m/madams/petsc/arch-perlmutter-opt-gcc-kokkos-cuda/lib -lpetsc -Wl,-rpath,/global/u2/m/madams/petsc/arch-perlmutter-opt-gcc-kokkos-cuda/lib -L/global/u2/m/madams/petsc/arch-perlmutter-opt-gcc-kokkos-cuda/lib -Wl,-rpath,/opt/nvidia/hpc_sdk/Linux_x86_64/25.5/cuda/12.9/lib64 -L/opt/nvidia/hpc_sdk/Linux_x86_64/25.5/cuda/12.9/lib64 -Wl,-rpath,/opt/nvidia/hpc_sdk/Linux_x86_64/25.5/math_libs/12.9/lib64 -L/opt/nvidia/hpc_sdk/Linux_x86_64/25.5/math_libs/12.9/lib64 -L/opt/nvidia/hpc_sdk/Linux_x86_64/25.5/cuda/12.9/lib64/stubs -lkokkoskernels -lkokkoscontainers -lkokkoscore -lkokkossimd -ltriangle -lcudart -lnvtx3interop -lcufft -lcublas -lcusparse -lcusolver -lcurand -lcuda -lnvidia-ml -lX11 -lstdc++ -lquadmath
-----------------------------------------

