  Linear solve converged due to CONVERGED_RTOL iterations 24
  Linear solve converged due to CONVERGED_RTOL iterations 24
  Linear solve converged due to CONVERGED_RTOL iterations 24
[0]main |b-Ax|/|b|=4.922712e-05, |b|=2.222509e+00, emax=9.983198e-01
****************************************************************************************************************************************************************
***                                WIDEN YOUR WINDOW TO 160 CHARACTERS.  Use 'enscript -r -fCourier9' to print this document                                 ***
****************************************************************************************************************************************************************

------------------------------------------------------------------ PETSc Performance Summary: ------------------------------------------------------------------

/global/u2/m/madams/petsc/src/ksp/ksp/tutorials/./ex56 on a arch-perlmutter-opt-gcc-kokkos-cuda named nid001032 with 8 processes and CUDA architecture 80, by madams on Sat Jun 20 16:06:54 2026
Using PETSc Development Git Revision: v3.25.2-320-ga5ba3691813 Git Date: 2026-06-19 09:07:30 -0400

                         Max       Max/Min     Avg       Total
Time (sec):           1.032e+01     1.000   1.032e+01
Objects:              0.000e+00     0.000   0.000e+00
Flops:                8.405e+09     1.021   8.324e+09  6.659e+10
Flops/sec:            8.143e+08     1.020   8.065e+08  6.452e+09
MPI Msg Count:        1.227e+04     1.094   1.152e+04  9.218e+04
MPI Msg Len (bytes):  6.829e+07     1.042   5.816e+03  5.362e+08
MPI Reductions:       2.230e+02     1.000

Flop counting convention: 1 flop = 1 real number operation of type (multiply/divide/add/subtract)
                            e.g., VecAXPY() for real vectors of length N --> 2N flops
                            and VecAXPY() for complex vectors of length N --> 8N flops

Summary of Stages:   ----- Time ------  ----- Flop ------  --- Messages ---  -- Message Lengths --  -- Reductions --
                        Avg     %Total     Avg     %Total    Count   %Total     Avg         %Total    Count   %Total
 0:      Main Stage: 3.0344e+00  29.4%  1.7301e+08   0.3%  2.630e+02   0.3%  7.069e+04        3.5%  9.000e+00   4.0%
 1:           Setup: 3.1279e+00  30.3%  3.1585e+09   4.7%  1.659e+04  18.0%  8.244e+03       25.5%  1.970e+02  88.3%
 2:           Solve: 1.3133e+00  12.7%  2.0518e+10  30.8%  2.444e+04  26.5%  4.314e+03       19.7%  0.000e+00   0.0%
 3:       2nd Setup: 2.5700e-01   2.5%  1.6457e+09   2.5%  1.992e+03   2.2%  3.235e+04       12.0%  0.000e+00   0.0%
 4:       2nd Solve: 1.2973e+00  12.6%  2.0518e+10  30.8%  2.444e+04  26.5%  4.314e+03       19.7%  0.000e+00   0.0%
 5:       3rd Setup: 3.7200e-07   0.0%  0.0000e+00   0.0%  0.000e+00   0.0%  0.000e+00        0.0%  0.000e+00   0.0%
 6:       3rd Solve: 1.2911e+00  12.5%  2.0579e+10  30.9%  2.444e+04  26.5%  4.314e+03       19.7%  0.000e+00   0.0%

------------------------------------------------------------------------------------------------------------------------
See the 'Profiling' chapter of the users' manual for details on interpreting output.
Phase summary info:
   Count: number of times phase was executed
   Time and Flop: Max - maximum over all processes
                  Ratio - ratio of maximum to minimum over all processes
   Mess: number of messages sent
   AvgLen: average message length (bytes)
   Reduct: number of global reductions
   Global: entire computation
   Stage: stages of a computation. Set stages with PetscLogStagePush() and PetscLogStagePop().
      %T - percent time in this phase         %F - percent flop in this phase
      %M - percent messages in this phase     %L - percent message lengths in this phase
      %R - percent reductions in this phase
   Total Mflop/s: 1e-6 * (sum of flop over all processes)/(max time over all processes)
   GPU Mflop/s: 1e-6 * (sum of flop on GPU over all processes)/(max GPU time over all processes)
   CpuToGpu Count: total number of CPU to GPU copies per processor
   CpuToGpu Size (Mbytes): 1e-6 * (total size of CPU to GPU copies per processor)
   GpuToCpu Count: total number of GPU to CPU copies per processor
   GpuToCpu Size (Mbytes): 1e-6 * (total size of GPU to CPU copies per processor)
   GPU %F: percent flops on GPU in this event
------------------------------------------------------------------------------------------------------------------------
Event                Count      Time (sec)     Flop                              --- Global ---  --- Stage ----  Total   GPU    - CpuToGpu -   - GpuToCpu - GPU
                   Max Ratio  Max     Ratio   Max  Ratio  Mess   AvgLen  Reduct  %T %F %M %L %R  %T %F %M %L %R Mflop/s Mflop/s Count   Size   Count   Size  %F
---------------------------------------------------------------------------------------------------------------------------------------------------------------

--- Event Stage 0: Main Stage

BuildTwoSided          4 1.0 3.2716e-02 11.7 0.00e+00 0.0 9.4e+01 5.6e+00 0.0e+00  0  0  0  0  0   1  0 36  0  0     0       0      0 0.00e+00    0 0.00e+00  0
BuildTwoSidedF         3 1.0 3.2703e-02 12.2 0.00e+00 0.0 9.5e+01 1.9e+05 0.0e+00  0  0  0  3  0   1  0 36 95  0     0       0      0 0.00e+00    0 0.00e+00  0
MatMult                1 1.0 2.0442e-03 1.3 1.54e+07 1.0 5.6e+01 1.1e+04 0.0e+00  0  0  0  0  0   0 71 21  3  0 60398       0      0 0.00e+00    0 0.00e+00 100
MatAssemblyBegin       1 1.0 3.4703e-02 3.7 0.00e+00 0.0 3.8e+01 4.6e+05 0.0e+00  0  0  0  3  0   1  0 14 93  0     0       0      0 0.00e+00    0 0.00e+00  0
MatAssemblyEnd         1 1.0 5.1501e-02 1.0 0.00e+00 0.0 1.1e+02 2.7e+03 1.0e+00  0  0  0  0  0   2  0 43  2 11     0       0      0 0.00e+00    1 1.93e+00  0
DCtxCreate             1 1.0 7.8551e-05 1.9 0.00e+00 0.0 0.0e+00 0.0e+00 0.0e+00  0  0  0  0  0   0  0  0  0  0     0       0      0 0.00e+00    0 0.00e+00  0
DCtxDestroy            1 1.0 3.7733e-05 1.8 0.00e+00 0.0 0.0e+00 0.0e+00 0.0e+00  0  0  0  0  0   0  0  0  0  0     0       0      0 0.00e+00    0 0.00e+00  0
DCtxSetUp              1 1.0 1.3866e-05 1.8 0.00e+00 0.0 0.0e+00 0.0e+00 0.0e+00  0  0  0  0  0   0  0  0  0  0     0       0      0 0.00e+00    0 0.00e+00  0
DCtxSetDevice          1 1.0 2.2604e-05 2.2 0.00e+00 0.0 0.0e+00 0.0e+00 0.0e+00  0  0  0  0  0   0  0  0  0  0     0       0      0 0.00e+00    0 0.00e+00  0
VecMDot                3 1.0 1.2052e-03 1.7 2.36e+06 1.0 0.0e+00 0.0e+00 0.0e+00  0  0  0  0  0   0 11  0  0  0 15661       0      0 0.00e+00    0 0.00e+00  0
VecNorm                5 1.0 1.6439e-03 1.8 9.83e+05 1.0 0.0e+00 0.0e+00 0.0e+00  0  0  0  0  0   0  5  0  0  0  4784       0      0 0.00e+00    0 0.00e+00 40
VecScale               3 1.0 8.4332e-05 1.9 2.95e+05 1.0 0.0e+00 0.0e+00 0.0e+00  0  0  0  0  0   0  1  0  0  0 27976       0      0 0.00e+00    0 0.00e+00  0
VecAXPY                1 1.0 8.8870e-06 1.6 1.97e+05 1.0 0.0e+00 0.0e+00 0.0e+00  0  0  0  0  0   0  1  0  0  0 176985       0      0 0.00e+00    0 0.00e+00 100
VecMAXPY               3 1.0 4.5646e-04 1.8 2.36e+06 1.0 0.0e+00 0.0e+00 0.0e+00  0  0  0  0  0   0 11  0  0  0 41349       0      0 0.00e+00    0 0.00e+00  0
VecAssemblyBegin       1 1.0 6.8518e-04 1.1 0.00e+00 0.0 5.7e+01 6.1e+03 0.0e+00  0  0  0  0  0   0  0 22  2  0     0       0      0 0.00e+00    0 0.00e+00  0
VecAssemblyEnd         1 1.0 1.3497e-04 8.4 0.00e+00 0.0 0.0e+00 0.0e+00 0.0e+00  0  0  0  0  0   0  0  0  0  0     0       0      0 0.00e+00    0 0.00e+00  0
VecScatterBegin        1 1.0 2.0136e-03 10.7 0.00e+00 0.0 5.6e+01 1.1e+04 0.0e+00  0  0  0  0  0   0  0 21  3  0     0       0      0 0.00e+00    0 0.00e+00  0
VecScatterEnd          1 1.0 1.5590e-03 444.6 0.00e+00 0.0 0.0e+00 0.0e+00 0.0e+00  0  0  0  0  0   0  0  0  0  0     0       0      0 0.00e+00    0 0.00e+00  0
VecNormalize           3 1.0 3.9103e-04 1.9 8.85e+05 1.0 0.0e+00 0.0e+00 0.0e+00  0  0  0  0  0   0  4  0  0  0 18100       0      0 0.00e+00    0 0.00e+00  0
SFSetGraph             1 1.0 8.8500e-05 1.2 0.00e+00 0.0 0.0e+00 0.0e+00 0.0e+00  0  0  0  0  0   0  0  0  0  0     0       0      0 0.00e+00    0 0.00e+00  0
SFSetUp                1 1.0 5.3174e-04 1.1 0.00e+00 0.0 1.1e+02 2.7e+03 0.0e+00  0  0  0  0  0   0  0 43  2  0     0       0      0 0.00e+00    0 0.00e+00  0
SFPack                 1 1.0 5.1390e-06 1.2 0.00e+00 0.0 0.0e+00 0.0e+00 0.0e+00  0  0  0  0  0   0  0  0  0  0     0       0      0 0.00e+00    0 0.00e+00  0
SFUnpack               1 1.0 2.5000e-07 2.5 0.00e+00 0.0 0.0e+00 0.0e+00 0.0e+00  0  0  0  0  0   0  0  0  0  0     0       0      0 0.00e+00    0 0.00e+00  0

--- Event Stage 1: Setup

BuildTwoSided        267 1.0 4.6258e-01 16.9 0.00e+00 0.0 3.4e+03 4.0e+00 0.0e+00  4  0  4  0  0  13  0 21  0  0     0       0      0 0.00e+00    0 0.00e+00  0
BuildTwoSidedF       162 1.0 4.5684e-01 20.8 0.00e+00 0.0 7.2e+02 4.8e+04 0.0e+00  4  0  1  7  0  13  0  4 26  0     0       0      0 0.00e+00    0 0.00e+00  0
MatMult               80 1.0 1.3493e-01 1.2 3.63e+08 1.0 3.4e+03 5.0e+03 0.0e+00  1  4  4  3  0   4 91 20 12  0 21229       0      7 1.22e-01    0 0.00e+00 100
MatConvert            20 1.0 8.4017e-01 1.0 0.00e+00 0.0 9.4e+02 1.5e+02 4.8e+01  8  0  1  0 22  27  0  6  0 24     0       0      0 0.00e+00   12 2.30e+01  0
MatScale              12 1.0 2.0850e-03 1.0 4.44e+06 1.0 1.7e+02 1.4e+03 0.0e+00  0  0  0  0  0   0  1  1  0  0 16980       0      0 0.00e+00    0 0.00e+00 60
MatAssemblyBegin      77 1.0 4.5156e-01 25.8 0.00e+00 0.0 7.2e+02 4.8e+04 0.0e+00  4  0  1  7  0  13  0  4 26  0     0       0      0 0.00e+00    0 0.00e+00  0
MatAssemblyEnd        77 1.0 1.5791e-01 1.2 0.00e+00 0.0 2.4e+03 3.1e+02 4.4e+01  1  0  3  0 20   5  0 15  1 22     0       0      0 0.00e+00   10 1.98e+00  0
MatSetValues     3689288 1.0 9.7572e-01 1.8 1.52e+06 1.0 0.0e+00 0.0e+00 0.0e+00  6  0  0  0  0  19  0  0  0  0    12       0      0 0.00e+00    0 0.00e+00  0
MatGetRow         411747 1.0 4.2881e-02 1.0 0.00e+00 0.0 0.0e+00 0.0e+00 0.0e+00  0  0  0  0  0   1  0  0  0  0     0       0      0 0.00e+00    0 0.00e+00  0
MatCreateSubMat        2 1.0 3.1983e-02 1.0 0.00e+00 0.0 1.7e+02 5.1e+01 2.2e+01  0  0  0  0 10   1  0  1  0 11     0       0      0 0.00e+00    2 1.18e-01  0
MatCoarsen             4 1.0 9.0322e-03 1.0 0.00e+00 0.0 1.7e+03 9.7e+02 2.7e+01  0  0  2  0 12   0  0 10  1 14     0       0      0 0.00e+00    0 0.00e+00  0
MatAXPY                8 1.0 9.0165e-01 1.0 1.52e+06 1.0 1.1e+03 2.3e+02 4.0e+01  9  0  1  0 18  29  0  7  0 20    13       0      0 0.00e+00   10 2.29e+01  0
MatTranspose           9 1.0 2.8162e-02 1.0 0.00e+00 0.0 1.4e+03 3.3e+03 2.1e+01  0  0  2  1  9   1  0  9  3 11     0       0      0 0.00e+00    0 0.00e+00  0
MatMatMultSym          4 1.0 3.4122e-01 1.0 0.00e+00 0.0 2.2e+03 2.7e+03 2.8e+01  3  0  2  1 13  11  0 13  4 14     0       0      0 0.00e+00   33 1.27e+02  0
MatMatMultNum          4 1.0 1.1510e-06 1.8 0.00e+00 0.0 0.0e+00 0.0e+00 0.0e+00  0  0  0  0  0   0  0  0  0  0     0       0      0 0.00e+00    0 0.00e+00  0
MatPtAPSymbolic        4 1.0 4.7948e-01 1.0 0.00e+00 0.0 3.1e+03 1.9e+04 2.8e+01  5  0  3 11 13  15  0 19 43 14     0       0      0 0.00e+00   33 1.46e+02  0
MatPtAPNumeric         4 1.0 1.1011e-05 15.5 0.00e+00 0.0 0.0e+00 0.0e+00 0.0e+00  0  0  0  0  0   0  0  0  0  0     0       0      0 0.00e+00    0 0.00e+00  0
MatTrnMatMultSym       1 1.0 1.9078e-01 1.0 0.00e+00 0.0 3.9e+02 9.2e+04 4.0e+00  2  0  0  7  2   6  0  2 26  2     0       0      0 0.00e+00    0 0.00e+00  0
MatGetLocalMat         1 1.0 2.0576e-03 1.7 0.00e+00 0.0 0.0e+00 0.0e+00 0.0e+00  0  0  0  0  0   0  0  0  0  0     0       0      0 0.00e+00    0 0.00e+00  0
MatCreateGraph         4 1.0 1.0892e-01 1.0 2.68e+06 1.0 2.0e+03 2.5e+03 2.8e+01  1  0  2  1 13   3  1 12  4 14   196       0      0 0.00e+00    6 9.88e+00  0
MatSetPreallCOO        8 1.0 1.8535e-01 1.0 0.00e+00 0.0 2.1e+03 5.7e+02 3.2e+01  2  0  2  0 14   6  0 13  1 16     0       0      0 0.00e+00   24 3.48e+01  0
MatSetValuesCOO        8 1.0 5.4138e-02 1.2 0.00e+00 0.0 1.2e+02 1.9e+05 0.0e+00  0  0  0  4  0   2  0  1 17  0     0       0      0 0.00e+00    0 0.00e+00  0
KSPSetUp               1 1.0 2.1326e-03 1.2 0.00e+00 0.0 0.0e+00 0.0e+00 0.0e+00  0  0  0  0  0   0  0  0  0  0     0       0      0 0.00e+00    0 0.00e+00  0
PCSetUp_GAMG+          1 1.0 3.1264e+00 1.0 4.00e+08 1.0 1.7e+04 8.2e+03 2.0e+02 30  5 18 26 88 100 100 100 100 100  1010       0      7 1.22e-01  168 3.23e+02 98
 PCGAMGCreateG         4 1.0 1.0893e-01 1.0 2.68e+06 1.0 2.0e+03 2.5e+03 2.8e+01  1  0  2  1 13   3  1 12  4 14   196       0      0 0.00e+00    6 9.88e+00  0
 GAMG Coarsen          8 1.0 2.3097e-01 1.0 0.00e+00 0.0 2.3e+03 1.7e+04 3.1e+01  2  0  3  7 14   7  0 14 29 16     0       0      0 0.00e+00    0 0.00e+00  0
  GAMG MIS/Agg         4 1.0 2.0010e-01 1.0 0.00e+00 0.0 2.0e+03 1.8e+04 3.1e+01  2  0  2  7 14   6  0 12 28 16     0       0      0 0.00e+00    0 0.00e+00  0
 PCGAMGProl            4 1.0 6.6545e-01 1.0 0.00e+00 0.0 2.5e+03 4.0e+03 1.2e+01  6  0  3  2  5  21  0 15  7  6     0       0      0 0.00e+00    4 1.30e-01  0
  GAMG Prol-col        4 1.0 1.0263e-01 1.0 0.00e+00 0.0 2.2e+03 3.6e+03 0.0e+00  1  0  2  2  0   3  0 14  6  0     0       0      0 0.00e+00    0 0.00e+00  0
  GAMG Prol-lift       4 1.0 5.4198e-01 1.0 0.00e+00 0.0 2.8e+02 7.4e+03 4.0e+00  5  0  0  0  2  17  0  2  2  2     0       0      0 0.00e+00    4 1.30e-01  0
 PCGAMGOptProl         4 1.0 1.4468e+00 1.0 1.97e+08 1.0 4.7e+03 3.1e+03 6.4e+01 14  2  5  3 29  46 49 28 11 32  1074       0      7 1.22e-01   43 1.50e+02 100
  GAMG smooth          4 1.0 1.1964e+00 1.0 3.27e+06 1.0 3.0e+03 2.0e+03 6.4e+01 12  0  3  1 29  38  1 18  4 32    22       0      0 0.00e+00   43 1.50e+02 81
 PCGAMGCreateL         4 1.0 5.1310e-01 1.0 0.00e+00 0.0 3.3e+03 1.8e+04 6.2e+01  5  0  4 11 28  16  0 20 43 31     0       0      0 0.00e+00   35 1.46e+02  0
  GAMG PtAP            4 1.0 4.7953e-01 1.0 0.00e+00 0.0 3.1e+03 1.9e+04 2.8e+01  5  0  3 11 13  15  0 19 43 14     0       0      0 0.00e+00   33 1.46e+02  0
  GAMG Reduce          2 1.0 1.4468e-01 1.0 0.00e+00 0.0 8.9e+02 6.7e+03 4.8e+01  1  0  1  1 22   5  0  5  4 24     0       0      0 0.00e+00   19 3.20e+00  0
PCGAMG Squ l00         1 1.0 1.9079e-01 1.0 0.00e+00 0.0 3.9e+02 9.2e+04 4.0e+00  2  0  0  7  2   6  0  2 26  2     0       0      0 0.00e+00    0 0.00e+00  0
PCGAMG Gal l00         1 1.0 2.4352e-01 1.0 0.00e+00 0.0 1.2e+03 2.7e+04 7.0e+00  2  0  1  6  3   8  0  7 24  4     0       0      0 0.00e+00    8 1.24e+02  0
PCGAMG Opt l00         1 1.0 2.1471e-01 1.0 0.00e+00 0.0 7.1e+02 6.0e+03 7.0e+00  2  0  1  1  3   7  0  4  3  4     0       0      0 0.00e+00    8 1.12e+02  0
PCGAMG Gal l01         1 1.0 1.2606e-01 1.1 0.00e+00 0.0 1.2e+03 1.7e+04 7.0e+00  1  0  1  4  3   4  0  7 15  4     0       0      0 0.00e+00    8 1.91e+01  0
PCGAMG Opt l01         1 1.0 4.5625e-02 1.0 0.00e+00 0.0 7.3e+02 1.5e+03 7.0e+00  0  0  1  0  3   1  0  4  1  4     0       0      0 0.00e+00    8 1.31e+01  0
PCGAMG Gal l02         1 1.0 6.0601e-02 1.0 0.00e+00 0.0 6.4e+02 9.3e+03 7.0e+00  1  0  1  1  3   2  0  4  4  4     0       0      0 0.00e+00    8 3.07e+00  0
PCGAMG Opt l02         1 1.0 4.1185e-02 1.0 0.00e+00 0.0 7.3e+02 6.9e+02 7.0e+00  0  0  1  0  3   1  0  4  0  4     0       0      0 0.00e+00    8 1.93e+00  0
PCGAMG Gal l03         1 1.0 5.0593e-02 1.0 0.00e+00 0.0 2.7e+01 2.4e+02 7.0e+00  0  0  0  0  3   2  0  0  0  4     0       0      0 0.00e+00    9 1.74e-02  0
PCGAMG Opt l03         1 1.0 4.0127e-02 1.0 0.00e+00 0.0 2.2e+01 2.8e+02 7.0e+00  0  0  0  0  3   1  0  0  0  4     0       0      0 0.00e+00    9 1.90e-02  0
PCSetUp                1 1.0 3.1264e+00 1.0 4.00e+08 1.0 1.7e+04 8.2e+03 2.0e+02 30  5 18 26 88 100 100 100 100 100  1010       0      7 1.22e-01  168 3.23e+02 98
VecTDot              184 1.0 1.1035e-01 1.1 9.51e+06 1.0 0.0e+00 0.0e+00 0.0e+00  1  0  0  0  0   3  2  0  0  0   687       0      0 0.00e+00    0 0.00e+00 100
VecNorm               44 1.0 3.8090e-02 1.3 2.27e+06 1.0 0.0e+00 0.0e+00 0.0e+00  0  0  0  0  0   1  1  0  0  0   476       0      0 0.00e+00    0 0.00e+00 100
VecCopy               16 1.0 1.5496e-03 1.3 0.00e+00 0.0 0.0e+00 0.0e+00 0.0e+00  0  0  0  0  0   0  0  0  0  0     0       0      0 0.00e+00    0 0.00e+00  0
VecSet                 8 1.0 5.8212e-05 1.2 0.00e+00 0.0 0.0e+00 0.0e+00 0.0e+00  0  0  0  0  0   0  0  0  0  0     0       0      0 0.00e+00    0 0.00e+00  0
VecAXPY              160 1.0 1.0295e-01 1.2 8.27e+06 1.0 0.0e+00 0.0e+00 0.0e+00  1  0  0  0  0   3  2  0  0  0   641       0      0 0.00e+00    0 0.00e+00 100
VecAYPX               72 1.0 2.0488e-03 1.6 3.72e+06 1.0 0.0e+00 0.0e+00 0.0e+00  0  0  0  0  0   0  1  0  0  0 14484       0      0 0.00e+00    0 0.00e+00 100
VecAssemblyBegin     136 1.0 1.6142e-02 2.3 0.00e+00 0.0 0.0e+00 0.0e+00 0.0e+00  0  0  0  0  0   0  0  0  0  0     0       0      0 0.00e+00    0 0.00e+00  0
VecAssemblyEnd       136 1.0 5.7693e-05 1.1 0.00e+00 0.0 0.0e+00 0.0e+00 0.0e+00  0  0  0  0  0   0  0  0  0  0     0       0      0 0.00e+00    0 0.00e+00  0
VecPointwiseMult      44 1.0 2.9537e-04 1.5 1.14e+06 1.0 0.0e+00 0.0e+00 0.0e+00  0  0  0  0  0   0  0  0  0  0 30697       0      0 0.00e+00    0 0.00e+00 100
VecReciprocal         12 1.0 1.8867e-04 1.3 0.00e+00 0.0 0.0e+00 0.0e+00 0.0e+00  0  0  0  0  0   0  0  0  0  0     0       0      0 0.00e+00    0 0.00e+00  0
VecSetValues      784962 1.0 5.2980e-02 1.0 0.00e+00 0.0 0.0e+00 0.0e+00 0.0e+00  1  0  0  0  0   2  0  0  0  0     0       0      0 0.00e+00    0 0.00e+00  0
VecScatterBegin      221 1.0 8.1485e-02 1.7 0.00e+00 0.0 6.1e+03 4.5e+03 0.0e+00  1  0  7  5  0   2  0 37 20  0     0       0      7 1.22e-01    0 0.00e+00  0
VecScatterEnd        221 1.0 8.6188e-02 1.5 0.00e+00 0.0 0.0e+00 0.0e+00 0.0e+00  1  0  0  0  0   2  0  0  0  0     0       0      0 0.00e+00    0 0.00e+00  0
SFSetGraph           113 1.0 5.2266e-04 1.1 0.00e+00 0.0 0.0e+00 0.0e+00 0.0e+00  0  0  0  0  0   0  0  0  0  0     0       0      0 0.00e+00    0 0.00e+00  0
SFSetUp              105 1.0 1.2152e-02 1.1 0.00e+00 0.0 6.2e+03 4.4e+02 0.0e+00  0  0  7  1  0   0  0 37  2  0     0       0      0 0.00e+00    0 0.00e+00  0
SFBcastBegin          59 1.0 6.0280e-03 2.1 0.00e+00 0.0 2.6e+03 1.5e+04 0.0e+00  0  0  3  7  0   0  0 16 29  0     0       0      0 0.00e+00    0 0.00e+00  0
SFBcastEnd            59 1.0 6.5481e-03 3.8 0.00e+00 0.0 0.0e+00 0.0e+00 0.0e+00  0  0  0  0  0   0  0  0  0  0     0       0      0 0.00e+00    0 0.00e+00  0
SFReduceBegin         31 1.0 4.1970e-02 18.9 0.00e+00 0.0 5.7e+02 4.3e+04 0.0e+00  0  0  1  5  0   1  0  3 18  0     0       0      0 0.00e+00    0 0.00e+00  0
SFReduceEnd           31 1.0 4.9999e-02 4.8 0.00e+00 0.0 0.0e+00 0.0e+00 0.0e+00  0  0  0  0  0   1  0  0  0  0     0       0      0 0.00e+00    0 0.00e+00  0
SFFetchOpBegin         8 1.0 1.4076e-04 2.3 0.00e+00 0.0 1.2e+02 4.0e+00 0.0e+00  0  0  0  0  0   0  0  1  0  0     0       0      0 0.00e+00    0 0.00e+00  0
SFFetchOpEnd           8 1.0 3.0121e-04 2.1 0.00e+00 0.0 1.2e+02 4.0e+00 0.0e+00  0  0  0  0  0   0  0  1  0  0     0       0      0 0.00e+00    0 0.00e+00  0
SFCreateEmbed          8 1.0 1.3985e-03 1.4 0.00e+00 0.0 3.4e+02 1.8e+02 0.0e+00  0  0  0  0  0   0  0  2  0  0     0       0      0 0.00e+00    0 0.00e+00  0
SFSectionSF            8 1.0 1.9133e-03 1.1 0.00e+00 0.0 6.8e+02 1.2e+03 0.0e+00  0  0  1  0  0   0  0  4  1  0     0       0      0 0.00e+00    0 0.00e+00  0
SFRemoteOff            8 1.0 2.2254e-03 1.3 0.00e+00 0.0 6.8e+02 4.5e+02 0.0e+00  0  0  1  0  0   0  0  4  0  0     0       0      0 0.00e+00    0 0.00e+00  0
SFPack               319 1.0 6.9627e-03 1.4 0.00e+00 0.0 0.0e+00 0.0e+00 0.0e+00  0  0  0  0  0   0  0  0  0  0     0       0      3 1.53e-02    0 0.00e+00  0
SFUnpack             327 1.0 5.8567e-05 1.1 0.00e+00 0.0 0.0e+00 0.0e+00 0.0e+00  0  0  0  0  0   0  0  0  0  0     0       0      0 0.00e+00    0 0.00e+00  0

--- Event Stage 2: Solve

MatMult              571 1.0 6.3112e-01 1.2 2.18e+09 1.0 1.8e+04 5.4e+03 0.0e+00  6 26 20 19  0  43 84 75 95  0 27389       0      1 0.00e+00    0 0.00e+00 100
MatMultAdd           100 1.0 1.9486e-01 1.7 1.33e+08 1.0 3.0e+03 9.4e+02 0.0e+00  2  2  3  1  0  13  5 12  3  0  5423       0      0 0.00e+00    0 0.00e+00 100
MatMultTranspose     100 1.0 1.7392e-01 1.6 1.33e+08 1.0 3.0e+03 9.4e+02 0.0e+00  1  2  3  1  0  10  5 12  3  0  6078       0      2 7.17e-03    0 0.00e+00 100
MatResidual          100 1.0 1.4755e-01 1.2 4.59e+08 1.0 4.2e+03 5.0e+03 0.0e+00  1  5  5  4  0  10 18 17 20  0 24546       0      0 0.00e+00    0 0.00e+00 100
KSPSolve               1 1.0 1.3135e+00 1.0 2.59e+09 1.0 2.4e+04 4.3e+03 0.0e+00 13 31 27 20  0 100 100 100 100  0 15621       0      3 7.17e-03  795 1.63e+02 98
PCApply               25 1.0 1.2333e+00 1.0 2.19e+09 1.0 2.3e+04 3.9e+03 0.0e+00 12 26 25 17  0  94 84 95 86  0 14048       0      3 7.17e-03  795 1.63e+02 97
VecTDot              394 1.0 1.3765e-01 1.1 9.83e+06 1.0 0.0e+00 0.0e+00 0.0e+00  1  0  0  0  0  10  0  0  0  0   571       0      0 0.00e+00    0 0.00e+00 100
VecNorm              197 1.0 1.6839e-01 3.5 4.92e+06 1.0 0.0e+00 0.0e+00 0.0e+00  1  0  0  0  0  10  0  0  0  0   234       0      0 0.00e+00    0 0.00e+00 100
VecCopy              352 1.0 2.8587e-03 1.5 0.00e+00 0.0 0.0e+00 0.0e+00 0.0e+00  0  0  0  0  0   0  0  0  0  0     0       0      0 0.00e+00    0 0.00e+00  0
VecSet               126 1.0 4.8400e-04 1.3 0.00e+00 0.0 0.0e+00 0.0e+00 0.0e+00  0  0  0  0  0   0  0  0  0  0     0       0      0 0.00e+00    0 0.00e+00  0
VecAXPY              342 1.0 1.1459e-03 3.4 9.44e+06 1.0 0.0e+00 0.0e+00 0.0e+00  0  0  0  0  0   0  0  0  0  0 65885       0      0 0.00e+00    0 0.00e+00 100
VecAYPX              745 1.0 4.6182e-02 1.7 3.55e+07 1.0 0.0e+00 0.0e+00 0.0e+00  0  0  0  0  0   3  1  0  0  0  6138       0      0 0.00e+00    0 0.00e+00 100
VecAXPBYCZ           200 1.0 4.1158e-02 1.5 2.58e+07 1.0 0.0e+00 0.0e+00 0.0e+00  0  0  0  0  0   2  1  0  0  0  5007       0      0 0.00e+00    0 0.00e+00 100
VecPointwiseMult     172 1.0 7.4870e-04 4.1 1.03e+03 0.0 0.0e+00 0.0e+00 0.0e+00  0  0  0  0  0   0  0  0  0  0     1       0      0 0.00e+00    0 0.00e+00 100
VecReciprocal          1 1.0 1.1572e-05 8.1 0.00e+00 0.0 0.0e+00 0.0e+00 0.0e+00  0  0  0  0  0   0  0  0  0  0     0       0      0 0.00e+00    0 0.00e+00  0
VecScatterBegin      771 1.0 4.5007e-01 1.5 0.00e+00 0.0 2.4e+04 4.3e+03 0.0e+00  4  0 27 20  0  29  0 100 100  0     0       0      1 0.00e+00    0 0.00e+00  0
VecScatterEnd        771 1.0 5.4599e-01 1.3 5.20e+04 1.4 0.0e+00 0.0e+00 0.0e+00  5  0  0  0  0  36  0  0  0  0     1       0      2 7.17e-03    0 0.00e+00 100
SFPack               771 1.0 1.6500e-03 1.2 0.00e+00 0.0 0.0e+00 0.0e+00 0.0e+00  0  0  0  0  0   0  0  0  0  0     0       0      0 0.00e+00    0 0.00e+00  0
SFUnpack             771 1.0 1.3015e-03 1.8 5.20e+04 1.4 0.0e+00 0.0e+00 0.0e+00  0  0  0  0  0   0  0  0  0  0   276       0      2 7.17e-03    0 0.00e+00 100

--- Event Stage 3: 2nd Setup

MatMult               40 1.0 5.2199e-02 1.3 1.81e+08 1.0 1.7e+03 5.0e+03 0.0e+00  0  2  2  2  0  18 87 85 13  0 27439       0      0 0.00e+00    0 0.00e+00 100
MatScale               1 1.0 5.5761e-04 7.1 7.72e+06 1.0 0.0e+00 0.0e+00 0.0e+00  0  0  0  0  0   0  4  0  0  0 110707       0      0 0.00e+00    0 0.00e+00 100
MatAssemblyBegin       4 1.0 1.3930e-06 1.9 0.00e+00 0.0 0.0e+00 0.0e+00 0.0e+00  0  0  0  0  0   0  0  0  0  0     0       0      0 0.00e+00    0 0.00e+00  0
MatAssemblyEnd         4 1.0 6.2630e-06 1.5 0.00e+00 0.0 0.0e+00 0.0e+00 0.0e+00  0  0  0  0  0   0  0  0  0  0     0       0      0 0.00e+00    0 0.00e+00  0
MatPtAPNumeric         4 1.0 1.1596e-01 1.0 0.00e+00 0.0 2.9e+02 1.9e+05 0.0e+00  1  0  0 10  0  45  0 15 87  0     0       0     12 1.18e+02    7 7.16e+01  0
MatSetValuesCOO        4 1.0 2.8924e-02 2.7 0.00e+00 0.0 1.2e+02 1.9e+05 0.0e+00  0  0  0  4  0   7  0  6 37  0     0       0      0 0.00e+00    0 0.00e+00  0
KSPSetUp               1 1.0 6.1200e-07 6.1 0.00e+00 0.0 0.0e+00 0.0e+00 0.0e+00  0  0  0  0  0   0  0  0  0  0     0       0      0 0.00e+00    0 0.00e+00  0
PCSetUp_GAMG+          1 1.0 2.5689e-01 1.0 2.00e+08 1.0 2.0e+03 3.2e+04 0.0e+00  2  2  2 12  0 100 96 100 100  0  6166       0     12 1.18e+02   88 8.81e+01 97
PCGAMG Gal l00         1 1.0 8.6426e-02 1.0 0.00e+00 0.0 1.1e+02 2.9e+05 0.0e+00  1  0  0  6  0  34  0  5 47  0     0       0      3 1.02e+02    2 6.17e+01  0
PCGAMG Gal l01         1 1.0 1.9325e-02 1.0 0.00e+00 0.0 1.1e+02 1.8e+05 0.0e+00  0  0  0  4  0   7  0  6 30  0     0       0      3 1.33e+01    2 8.46e+00  0
PCGAMG Gal l02         1 1.0 8.3236e-03 1.1 0.00e+00 0.0 7.0e+01 8.2e+04 0.0e+00  0  0  0  1  0   3  0  4  9  0     0       0      3 2.31e+00    2 1.41e+00  0
PCGAMG Gal l03         1 1.0 2.1085e-03 9.5 0.00e+00 0.0 3.0e+00 2.0e+03 0.0e+00  0  0  0  0  0   0  0  0  0  0     0       0      3 1.66e-02    1 1.44e-02  0
PCSetUp                1 1.0 2.5690e-01 1.0 2.00e+08 1.0 2.0e+03 3.2e+04 0.0e+00  2  2  2 12  0 100 96 100 100  0  6166       0     12 1.18e+02   88 8.81e+01 97
VecTDot               92 1.0 4.6117e-02 1.3 4.75e+06 1.0 0.0e+00 0.0e+00 0.0e+00  0  0  0  0  0  16  2  0  0  0   822       0      0 0.00e+00    0 0.00e+00 100
VecNorm               44 1.0 3.7822e-02 1.4 2.27e+06 1.0 0.0e+00 0.0e+00 0.0e+00  0  0  0  0  0  13  1  0  0  0   479       0      0 0.00e+00    0 0.00e+00 100
VecCopy                8 1.0 8.5564e-04 1.4 0.00e+00 0.0 0.0e+00 0.0e+00 0.0e+00  0  0  0  0  0   0  0  0  0  0     0       0      0 0.00e+00    0 0.00e+00  0
VecSet                 4 1.0 2.7063e-05 1.3 0.00e+00 0.0 0.0e+00 0.0e+00 0.0e+00  0  0  0  0  0   0  0  0  0  0     0       0      0 0.00e+00    0 0.00e+00  0
VecAXPY               80 1.0 3.0795e-04 1.3 4.13e+06 1.0 0.0e+00 0.0e+00 0.0e+00  0  0  0  0  0   0  2  0  0  0 107067       0      0 0.00e+00    0 0.00e+00 100
VecAYPX               36 1.0 2.0369e-04 1.2 1.86e+06 1.0 0.0e+00 0.0e+00 0.0e+00  0  0  0  0  0   0  1  0  0  0 72842       0      0 0.00e+00    0 0.00e+00 100
VecReciprocal          1 1.0 5.8710e-06 3.1 0.00e+00 0.0 0.0e+00 0.0e+00 0.0e+00  0  0  0  0  0   0  0  0  0  0     0       0      0 0.00e+00    0 0.00e+00  0
VecScatterBegin       40 1.0 3.9345e-02 1.9 0.00e+00 0.0 1.7e+03 5.0e+03 0.0e+00  0  0  2  2  0  10  0 85 13  0     0       0      0 0.00e+00    0 0.00e+00  0
VecScatterEnd         40 1.0 2.6618e-02 2.2 0.00e+00 0.0 0.0e+00 0.0e+00 0.0e+00  0  0  0  0  0   7  0  0  0  0     0       0      0 0.00e+00    0 0.00e+00  0
SFBcastBegin           4 1.0 3.9096e-03 4.7 0.00e+00 0.0 1.7e+02 1.9e+05 0.0e+00  0  0  0  6  0   1  0  9 50  0     0       0      0 0.00e+00    0 0.00e+00  0
SFBcastEnd             4 1.0 2.7284e-02 10.1 0.00e+00 0.0 0.0e+00 0.0e+00 0.0e+00  0  0  0  0  0   5  0  0  0  0     0       0      0 0.00e+00    0 0.00e+00  0
SFReduceBegin          4 1.0 7.4440e-03 1.5 0.00e+00 0.0 1.2e+02 1.9e+05 0.0e+00  0  0  0  4  0   2  0  6 37  0     0       0      0 0.00e+00    0 0.00e+00  0
SFReduceEnd            4 1.0 2.3070e-02 7.3 0.00e+00 0.0 0.0e+00 0.0e+00 0.0e+00  0  0  0  0  0   5  0  0  0  0     0       0      0 0.00e+00    0 0.00e+00  0
SFPack                48 1.0 2.9293e-03 4.4 0.00e+00 0.0 0.0e+00 0.0e+00 0.0e+00  0  0  0  0  0   0  0  0  0  0     0       0      0 0.00e+00    0 0.00e+00  0
SFUnpack              48 1.0 8.8170e-06 1.4 0.00e+00 0.0 0.0e+00 0.0e+00 0.0e+00  0  0  0  0  0   0  0  0  0  0     0       0      0 0.00e+00    0 0.00e+00  0

--- Event Stage 4: 2nd Solve

MatMult              571 1.0 6.2185e-01 1.2 2.18e+09 1.0 1.8e+04 5.4e+03 0.0e+00  5 26 20 19  0  43 84 75 95  0 27797       0      0 0.00e+00    0 0.00e+00 100
MatMultAdd           100 1.0 1.9132e-01 1.6 1.33e+08 1.0 3.0e+03 9.4e+02 0.0e+00  2  2  3  1  0  13  5 12  3  0  5524       0      0 0.00e+00    0 0.00e+00 100
MatMultTranspose     100 1.0 1.7221e-01 1.7 1.33e+08 1.0 3.0e+03 9.4e+02 0.0e+00  1  2  3  1  0  10  5 12  3  0  6139       0      0 0.00e+00    0 0.00e+00 100
MatResidual          100 1.0 1.4455e-01 1.2 4.59e+08 1.0 4.2e+03 5.0e+03 0.0e+00  1  5  5  4  0  10 18 17 20  0 25057       0      0 0.00e+00    0 0.00e+00 100
KSPSolve               1 1.0 1.2973e+00 1.0 2.59e+09 1.0 2.4e+04 4.3e+03 0.0e+00 13 31 27 20  0 100 100 100 100  0 15816       0      0 0.00e+00  796 1.64e+02 98
PCApply               25 1.0 1.2212e+00 1.0 2.19e+09 1.0 2.3e+04 3.9e+03 0.0e+00 12 26 25 17  0  94 84 95 86  0 14187       0      0 0.00e+00  796 1.64e+02 97
VecTDot              394 1.0 1.3500e-01 1.0 9.83e+06 1.0 0.0e+00 0.0e+00 0.0e+00  1  0  0  0  0  10  0  0  0  0   583       0      0 0.00e+00    0 0.00e+00 100
VecNorm              197 1.0 1.6943e-01 3.7 4.92e+06 1.0 0.0e+00 0.0e+00 0.0e+00  1  0  0  0  0  10  0  0  0  0   232       0      0 0.00e+00    0 0.00e+00 100
VecCopy              352 1.0 1.7847e-03 1.5 0.00e+00 0.0 0.0e+00 0.0e+00 0.0e+00  0  0  0  0  0   0  0  0  0  0     0       0      0 0.00e+00    0 0.00e+00  0
VecSet               126 1.0 4.7741e-04 1.3 0.00e+00 0.0 0.0e+00 0.0e+00 0.0e+00  0  0  0  0  0   0  0  0  0  0     0       0      0 0.00e+00    0 0.00e+00  0
VecAXPY              342 1.0 1.1299e-03 3.5 9.44e+06 1.0 0.0e+00 0.0e+00 0.0e+00  0  0  0  0  0   0  0  0  0  0 66821       0      0 0.00e+00    0 0.00e+00 100
VecAYPX              745 1.0 4.4606e-02 1.9 3.55e+07 1.0 0.0e+00 0.0e+00 0.0e+00  0  0  0  0  0   2  1  0  0  0  6355       0      0 0.00e+00    0 0.00e+00 100
VecAXPBYCZ           200 1.0 3.6247e-02 1.4 2.58e+07 1.0 0.0e+00 0.0e+00 0.0e+00  0  0  0  0  0   2  1  0  0  0  5685       0      0 0.00e+00    0 0.00e+00 100
VecPointwiseMult     172 1.0 7.6257e-04 4.0 1.03e+03 0.0 0.0e+00 0.0e+00 0.0e+00  0  0  0  0  0   0  0  0  0  0     1       0      0 0.00e+00    0 0.00e+00 100
VecScatterBegin      771 1.0 4.3434e-01 1.3 0.00e+00 0.0 2.4e+04 4.3e+03 0.0e+00  4  0 27 20  0  30  0 100 100  0     0       0      0 0.00e+00    0 0.00e+00  0
VecScatterEnd        771 1.0 5.1340e-01 1.3 5.20e+04 1.4 0.0e+00 0.0e+00 0.0e+00  4  0  0  0  0  35  0  0  0  0     1       0      0 0.00e+00    0 0.00e+00 100
SFPack               771 1.0 1.5270e-03 1.1 0.00e+00 0.0 0.0e+00 0.0e+00 0.0e+00  0  0  0  0  0   0  0  0  0  0     0       0      0 0.00e+00    0 0.00e+00  0
SFUnpack             771 1.0 6.0566e-04 1.7 5.20e+04 1.4 0.0e+00 0.0e+00 0.0e+00  0  0  0  0  0   0  0  0  0  0   592       0      0 0.00e+00    0 0.00e+00 100

--- Event Stage 5: 3rd Setup


--- Event Stage 6: 3rd Solve

MatMult              571 1.0 6.2967e-01 1.2 2.18e+09 1.0 1.8e+04 5.4e+03 0.0e+00  5 26 20 19  0  44 84 75 95  0 27452       0      0 0.00e+00    0 0.00e+00 100
MatMultAdd           100 1.0 1.8927e-01 1.7 1.33e+08 1.0 3.0e+03 9.4e+02 0.0e+00  2  2  3  1  0  13  5 12  3  0  5583       0      0 0.00e+00    0 0.00e+00 100
MatMultTranspose     100 1.0 1.6803e-01 1.7 1.33e+08 1.0 3.0e+03 9.4e+02 0.0e+00  1  2  3  1  0   9  5 12  3  0  6291       0      0 0.00e+00    0 0.00e+00 100
MatScale               1 1.0 2.9587e-05 2.3 7.72e+06 1.0 0.0e+00 0.0e+00 0.0e+00  0  0  0  0  0   0  0  0  0  0 2086423       0      0 0.00e+00    0 0.00e+00 100
MatResidual          100 1.0 1.4891e-01 1.2 4.59e+08 1.0 4.2e+03 5.0e+03 0.0e+00  1  5  5  4  0  10 18 17 20  0 24323       0      0 0.00e+00    0 0.00e+00 100
KSPSolve               1 1.0 1.2910e+00 1.0 2.59e+09 1.0 2.4e+04 4.3e+03 0.0e+00 13 31 27 20  0 100 100 100 100  0 15892       0      0 0.00e+00  800 1.65e+02 98
PCApply               25 1.0 1.2149e+00 1.0 2.19e+09 1.0 2.3e+04 3.9e+03 0.0e+00 12 26 25 17  0  94 84 95 86  0 14260       0      0 0.00e+00  800 1.65e+02 97
VecTDot              394 1.0 1.3621e-01 1.1 9.83e+06 1.0 0.0e+00 0.0e+00 0.0e+00  1  0  0  0  0  10  0  0  0  0   577       0      0 0.00e+00    0 0.00e+00 100
VecNorm              197 1.0 1.6702e-01 3.7 4.92e+06 1.0 0.0e+00 0.0e+00 0.0e+00  1  0  0  0  0  10  0  0  0  0   235       0      0 0.00e+00    0 0.00e+00 100
VecCopy              352 1.0 1.7890e-03 1.5 0.00e+00 0.0 0.0e+00 0.0e+00 0.0e+00  0  0  0  0  0   0  0  0  0  0     0       0      0 0.00e+00    0 0.00e+00  0
VecSet               126 1.0 4.8658e-04 1.4 0.00e+00 0.0 0.0e+00 0.0e+00 0.0e+00  0  0  0  0  0   0  0  0  0  0     0       0      0 0.00e+00    0 0.00e+00  0
VecAXPY              342 1.0 1.1434e-03 3.5 9.44e+06 1.0 0.0e+00 0.0e+00 0.0e+00  0  0  0  0  0   0  0  0  0  0 66035       0      0 0.00e+00    0 0.00e+00 100
VecAYPX              745 1.0 4.1690e-02 1.6 3.55e+07 1.0 0.0e+00 0.0e+00 0.0e+00  0  0  0  0  0   2  1  0  0  0  6799       0      0 0.00e+00    0 0.00e+00 100
VecAXPBYCZ           200 1.0 4.0716e-02 1.5 2.58e+07 1.0 0.0e+00 0.0e+00 0.0e+00  0  0  0  0  0   2  1  0  0  0  5061       0      0 0.00e+00    0 0.00e+00 100
VecPointwiseMult     172 1.0 7.6083e-04 4.2 1.03e+03 0.0 0.0e+00 0.0e+00 0.0e+00  0  0  0  0  0   0  0  0  0  0     1       0      0 0.00e+00    0 0.00e+00 100
VecScatterBegin      771 1.0 4.3394e-01 1.3 0.00e+00 0.0 2.4e+04 4.3e+03 0.0e+00  4  0 27 20  0  30  0 100 100  0     0       0      0 0.00e+00    0 0.00e+00  0
VecScatterEnd        771 1.0 5.0784e-01 1.2 5.20e+04 1.4 0.0e+00 0.0e+00 0.0e+00  4  0  0  0  0  36  0  0  0  0     1       0      0 0.00e+00    0 0.00e+00 100
SFPack               771 1.0 1.5444e-03 1.1 0.00e+00 0.0 0.0e+00 0.0e+00 0.0e+00  0  0  0  0  0   0  0  0  0  0     0       0      0 0.00e+00    0 0.00e+00  0
SFUnpack             771 1.0 6.4423e-04 1.7 5.20e+04 1.4 0.0e+00 0.0e+00 0.0e+00  0  0  0  0  0   0  0  0  0  0   557       0      0 0.00e+00    0 0.00e+00 100
---------------------------------------------------------------------------------------------------------------------------------------------------------------

Object Type          Creations   Destructions. Reports information only for process 0.

--- Event Stage 0: Main Stage

           Container     4             12
       Krylov Solver     1             10
              Matrix     6             58
      Matrix Coarsen     0              1
   Matrix Null Space     1              1
      Preconditioner     1              6
              Viewer     1              1
  PetscDeviceContext     1              0
              Vector    12             63
           Index Set     2              2
   Star Forest Graph     1             25
    Distributed Mesh     0              4
     Discrete System     0              4
           Weak Form     0              4

--- Event Stage 1: Setup

           Container    37             29
       Krylov Solver    13              4
              Matrix   323            271
      Matrix Coarsen     4              3
      Preconditioner    13              8
              Vector   358            308
           Index Set   149            149
             Section    16             16
   Star Forest Graph   113             97
         PetscRandom     4              4

--- Event Stage 2: Solve

              Vector     1              0
   Star Forest Graph     8              0
    Distributed Mesh     4              0
     Discrete System     4              0
           Weak Form     4              0

--- Event Stage 3: 2nd Setup

              Vector    12             12

--- Event Stage 4: 2nd Solve


--- Event Stage 5: 3rd Setup


--- Event Stage 6: 3rd Solve

========================================================================================================================
Average time to get PetscTime(): 3.51e-08
Average time for MPI_Barrier(): 1.0893e-05
Average time for zero size MPI_Send(): 1.53045e-05
#PETSc Option Table entries:
-alpha 1.e-3 # (source: command line)
-ksp_converged_reason # (source: command line)
-ksp_rtol 1e-6 # (source: command line)
-ksp_type cg # (source: command line)
-log_view # (source: command line)
-mat_type mpibaijkokkos # (source: command line)
-mg_coarse_ksp_type cg # (source: command line)
-mg_coarse_pc_type jacobi # (source: command line)
-mg_levels_ksp_type chebyshev # (source: command line)
-mg_levels_pc_type pbjacobi # (source: command line)
-ne 63 # (source: command line)
-pc_gamg_agg_nsmooths 1 # (source: command line)
-pc_gamg_coarse_eq_limit 20 # (source: command line)
-pc_gamg_parallel_coarse_grid_solver # (source: command line)
-pc_gamg_reuse_interpolation true # (source: command line)
-pc_gamg_type agg # (source: command line)
-pc_type gamg # (source: command line)
-two_solves # (source: command line)
-use_mat_nearnullspace # (source: command line)
#End of PETSc Option Table entries
Compiled without FORTRAN kernels
Compiled with full precision matrices (default)
sizeof(short) 2 sizeof(int) 4 sizeof(long) 8 sizeof(void*) 8 sizeof(PetscScalar) 8 sizeof(PetscInt) 4
Configure options: --with-make-np=8 --with-mpiexec="srun -G4 --gpu-bind=none" --with-batch=0 --download-triangle=1 --with-cc=cc --with-cxx=CC --with-fc=0 --with-debugging=0 --with-cuda=1 --with-cuda-arch=80 --download-kokkos --download-kokkos-kernels PETSC_ARCH=arch-perlmutter-opt-gcc-kokkos-cuda
-----------------------------------------
Libraries compiled on 2026-06-19 13:41:00 on login10
Machine characteristics: Linux-6.4.0-150600.23.103_15.0.24-cray_shasta_c-x86_64-with-glibc2.3.4
Using PETSc directory: /global/u2/m/madams/petsc
Using PETSc arch: arch-perlmutter-opt-gcc-kokkos-cuda
-----------------------------------------

Using C compiler: cc  -fPIC -Wall -Wwrite-strings -Wno-unknown-pragmas -Wno-lto-type-mismatch -Wno-stringop-overflow -fstack-protector -fvisibility=hidden -g -O 
-----------------------------------------

Using include paths: -I/global/u2/m/madams/petsc/include -I/global/u2/m/madams/petsc/arch-perlmutter-opt-gcc-kokkos-cuda/include -I/opt/nvidia/hpc_sdk/Linux_x86_64/25.5/cuda/12.9/include -I/opt/nvidia/hpc_sdk/Linux_x86_64/25.5/math_libs/12.9/include
-----------------------------------------

Using C linker: cc
Using libraries: -Wl,-rpath,/global/u2/m/madams/petsc/arch-perlmutter-opt-gcc-kokkos-cuda/lib -L/global/u2/m/madams/petsc/arch-perlmutter-opt-gcc-kokkos-cuda/lib -lpetsc -Wl,-rpath,/global/u2/m/madams/petsc/arch-perlmutter-opt-gcc-kokkos-cuda/lib -L/global/u2/m/madams/petsc/arch-perlmutter-opt-gcc-kokkos-cuda/lib -Wl,-rpath,/opt/nvidia/hpc_sdk/Linux_x86_64/25.5/cuda/12.9/lib64 -L/opt/nvidia/hpc_sdk/Linux_x86_64/25.5/cuda/12.9/lib64 -Wl,-rpath,/opt/nvidia/hpc_sdk/Linux_x86_64/25.5/math_libs/12.9/lib64 -L/opt/nvidia/hpc_sdk/Linux_x86_64/25.5/math_libs/12.9/lib64 -L/opt/nvidia/hpc_sdk/Linux_x86_64/25.5/cuda/12.9/lib64/stubs -lkokkoskernels -lkokkoscontainers -lkokkoscore -lkokkossimd -ltriangle -lcudart -lnvtx3interop -lcufft -lcublas -lcusparse -lcusolver -lcurand -lcuda -lnvidia-ml -lX11 -lstdc++ -lquadmath
-----------------------------------------

