    Linear solve converged due to CONVERGED_RTOL iterations 10
    Linear solve converged due to CONVERGED_RTOL iterations 10
[0] 0) N=      786432, max displ=5.9691657e+01, error=6.210e-02
****************************************************************************************************************************************************************
***                                WIDEN YOUR WINDOW TO 160 CHARACTERS.  Use 'enscript -r -fCourier9' to print this document                                 ***
****************************************************************************************************************************************************************

------------------------------------------------------------------ PETSc Performance Summary: ------------------------------------------------------------------



      ##########################################################
      #                                                        #
      #                       WARNING!!!                       #
      #                                                        #
      #   This code was run with -log_view_gpu_time            #
      #   This provides accurate timing within the GPU kernels #
      #   but can slow down the entire computation by a        #
      #   measurable amount. For fastest runs we recommend     #
      #   not using this option.                               #
      #                                                        #
      ##########################################################


/global/homes/m/madams/petsc/src/snes/tutorials/ex56 on a arch-perlmutter-opt-gcc-kokkos-cuda named nid001036 with 8 processes and CUDA architecture 80, by madams on Sun Jun 21 14:18:08 2026
Using PETSc Development Git Revision: v3.25.2-320-ga5ba3691813 Git Date: 2026-06-19 09:07:30 -0400

                         Max       Max/Min     Avg       Total
Time (sec):           3.008e+01     1.003   3.005e+01
Objects:              0.000e+00     0.000   0.000e+00
Flops:                3.823e+09     1.153   3.739e+09  2.991e+10
Flops/sec:            1.274e+08     1.153   1.244e+08  9.955e+08
MPI Msg Count:        2.884e+03     2.059   2.200e+03  1.760e+04
MPI Msg Len (bytes):  2.048e+08     2.341   6.972e+04  1.227e+09
MPI Reductions:       1.880e+02     1.000

Flop counting convention: 1 flop = 1 real number operation of type (multiply/divide/add/subtract)
                            e.g., VecAXPY() for real vectors of length N --> 2N flops
                            and VecAXPY() for complex vectors of length N --> 8N flops

Summary of Stages:   ----- Time ------  ----- Flop ------  --- Messages ---  -- Message Lengths --  -- Reductions --
                        Avg     %Total     Avg     %Total    Count   %Total     Avg         %Total    Count   %Total
 0:      Main Stage: 1.1208e+01  37.3%  2.7951e+09   9.3%  3.500e+01   0.2%  2.172e+06        6.2%  3.000e+00   1.6%
 1:      Mesh Setup: 1.2775e+01  42.5%  7.3798e+08   2.5%  7.700e+02   4.4%  5.898e+05       37.0%  5.500e+01  29.3%
 2:         Solve 0: 5.1394e+00  17.1%  1.3985e+10  46.8%  1.094e+04  62.1%  4.339e+04       38.7%  1.130e+02  60.1%
 3:       Hot Solve: 9.2286e-01   3.1%  1.2393e+10  41.4%  5.859e+03  33.3%  3.795e+04       18.1%  0.000e+00   0.0%

------------------------------------------------------------------------------------------------------------------------
See the 'Profiling' chapter of the users' manual for details on interpreting output.
Phase summary info:
   Count: number of times phase was executed
   Time and Flop: Max - maximum over all processes
                  Ratio - ratio of maximum to minimum over all processes
   Mess: number of messages sent
   AvgLen: average message length (bytes)
   Reduct: number of global reductions
   Global: entire computation
   Stage: stages of a computation. Set stages with PetscLogStagePush() and PetscLogStagePop().
      %T - percent time in this phase         %F - percent flop in this phase
      %M - percent messages in this phase     %L - percent message lengths in this phase
      %R - percent reductions in this phase
   Total Mflop/s: 1e-6 * (sum of flop over all processes)/(max time over all processes)
   GPU Mflop/s: 1e-6 * (sum of flop on GPU over all processes)/(max GPU time over all processes)
   CpuToGpu Count: total number of CPU to GPU copies per processor
   CpuToGpu Size (Mbytes): 1e-6 * (total size of CPU to GPU copies per processor)
   GpuToCpu Count: total number of GPU to CPU copies per processor
   GpuToCpu Size (Mbytes): 1e-6 * (total size of GPU to CPU copies per processor)
   GPU %F: percent flops on GPU in this event
------------------------------------------------------------------------------------------------------------------------
Event                Count      Time (sec)     Flop                              --- Global ---  --- Stage ----  Total   GPU    - CpuToGpu -   - GpuToCpu - GPU
                   Max Ratio  Max     Ratio   Max  Ratio  Mess   AvgLen  Reduct  %T %F %M %L %R  %T %F %M %L %R Mflop/s Mflop/s Count   Size   Count   Size  %F
---------------------------------------------------------------------------------------------------------------------------------------------------------------

--- Event Stage 0: Main Stage

BuildTwoSided          2 1.0 6.0004e-02 63.9 0.00e+00 0.0 1.4e+01 4.0e+00 0.0e+00  0  0  0  0  0   0  0 40  0  0     0       0      0 0.00e+00    0 0.00e+00  0
BuildTwoSidedF         1 1.0 5.9104e-02 248.0 0.00e+00 0.0 1.4e+01 5.4e+06 0.0e+00  0  0  0  6  0   0  0 40 99  0     0       0      0 0.00e+00    0 0.00e+00  0
DMPlexJacobianFE       1 1.0 1.1236e+01 1.2 3.41e+08 1.0 1.4e+01 5.4e+06 0.0e+00 36  9  0  6  0  97 97 40 99  0   242       0      0 0.00e+00    3 6.27e+01  0
SFSetGraph             1 1.0 8.6922e-04 1.2 0.00e+00 0.0 0.0e+00 0.0e+00 0.0e+00  0  0  0  0  0   0  0  0  0  0     0       0      0 0.00e+00    0 0.00e+00  0
SFSetUp                1 1.0 3.5354e-03 1.1 0.00e+00 0.0 1.4e+01 2.5e+04 0.0e+00  0  0  0  0  0   0  0 40  0  0     0       0      0 0.00e+00    0 0.00e+00  0
SFBcastBegin           1 1.0 3.4721e-03 1.3 0.00e+00 0.0 7.0e+00 1.0e+05 0.0e+00  0  0  0  0  0   0  0 20  1  0     0       0      1 3.93e-01    0 0.00e+00  0
SFBcastEnd             1 1.0 2.9702e-03 2.8 0.00e+00 0.0 0.0e+00 0.0e+00 0.0e+00  0  0  0  0  0   0  0  0  0  0     0       0      1 4.37e-02    0 0.00e+00  0
SFPack                 1 1.0 4.5100e-07 5.0 0.00e+00 0.0 0.0e+00 0.0e+00 0.0e+00  0  0  0  0  0   0  0  0  0  0     0       0      0 0.00e+00    0 0.00e+00  0
SFUnpack               1 1.0 6.2601e-05 164.7 0.00e+00 0.0 0.0e+00 0.0e+00 0.0e+00  0  0  0  0  0   0  0  0  0  0     0       0      1 4.37e-02    0 0.00e+00  0
VecNorm                1 1.0 3.3414e-04 1.1 0.00e+00 0.0 0.0e+00 0.0e+00 0.0e+00  0  0  0  0  0   0  0  0  0  0     0       0      0 0.00e+00    0 0.00e+00  0
VecSet                 2 1.0 3.7242e-05 1.1 0.00e+00 0.0 0.0e+00 0.0e+00 0.0e+00  0  0  0  0  0   0  0  0  0  0     0       0      0 0.00e+00    0 0.00e+00  0
DCtxDestroy            1 1.0 3.6370e-05 1.5 0.00e+00 0.0 0.0e+00 0.0e+00 0.0e+00  0  0  0  0  0   0  0  0  0  0     0       0      0 0.00e+00    0 0.00e+00  0
MatMult             6097 3.0 9.3907e-04 3.3 1.46e+05 3.0 0.0e+00 0.0e+00 0.0e+00  0  0  0  0  0   0  0  0  0  0   628       0      0 0.00e+00    0 0.00e+00  0
MatScale               1 1.0 1.1646e-04 1.1 7.92e+06 1.2 0.0e+00 0.0e+00 0.0e+00  0  0  0  0  0   0  2  0  0  0 530039   648217      0 0.00e+00    0 0.00e+00 100
MatAssemblyBegin       1 1.0 6.0327e-02 1.0 0.00e+00 0.0 1.4e+01 5.4e+06 0.0e+00  0  0  0  6  0   1  0 40 99  0     0       0      0 0.00e+00    0 0.00e+00  0
MatAssemblyEnd         1 1.0 2.0694e+00 1562.1 6.60e+05 0.0 0.0e+00 0.0e+00 0.0e+00  6  0  0  0  0  15  0  0  0  0     2       0      0 0.00e+00    0 0.00e+00  0
MatSetValues       34329 1.0 3.0787e-01 1.0 1.77e+07 1.1 0.0e+00 0.0e+00 0.0e+00  1  0  0  0  0   3  5  0  0  0   452       0      0 0.00e+00    2 6.17e+01  0
MatZeroEntries         1 1.0 1.7433e-05 1.3 0.00e+00 0.0 0.0e+00 0.0e+00 0.0e+00  0  0  0  0  0   0  0  0  0  0     0       0      0 0.00e+00    0 0.00e+00  0
SNESJacobianEval       1 1.0 1.1433e+01 1.2 3.43e+08 1.0 3.5e+01 2.2e+06 1.0e+00 37  9  0  6  1  98 98 100 100 33   239       0      3 1.39e+00    4 6.36e+01  0

--- Event Stage 1: Mesh Setup

BuildTwoSided         23 1.0 3.7044e-01 30.1 0.00e+00 0.0 1.6e+02 4.0e+00 0.0e+00  0  0  1  0  0   1  0 21  0  0     0       0      0 0.00e+00    0 0.00e+00  0
BuildTwoSidedF         1 1.0 2.0100e-02 316.5 0.00e+00 0.0 0.0e+00 0.0e+00 0.0e+00  0  0  0  0  0   0  0  0  0  0     0       0      0 0.00e+00    0 0.00e+00  0
DMCreateMat            1 1.0 1.8588e+00 1.0 0.00e+00 0.0 1.6e+02 1.1e+06 4.0e+00  6  0  1 14  2  15  0 21 38  7     0       0      0 0.00e+00    0 0.00e+00  0
DMProjectFunc          6 1.0 2.0913e+00 1.0 8.57e+07 1.0 0.0e+00 0.0e+00 1.0e+00  7  2  0  0  1  16 93  0  0  2   328       0      0 0.00e+00    6 5.73e+00  0
DMPlexCrFromOpts       1 1.0 2.3849e-01 1.0 0.00e+00 0.0 0.0e+00 0.0e+00 0.0e+00  1  0  0  0  0   2  0  0  0  0     0       0      0 0.00e+00    0 0.00e+00  0
Mesh Partition         1 1.0 7.6364e-01 1.0 0.00e+00 0.0 3.5e+01 1.2e+06 4.0e+00  3  0  0  3  2   6  0  5  9  7     0       0      0 0.00e+00    0 0.00e+00  0
Mesh Migration         1 1.0 9.5589e-01 1.0 0.00e+00 0.0 2.0e+02 8.9e+05 1.6e+01  3  0  1 15  9   7  0 26 40 29     0       0      0 0.00e+00    0 0.00e+00  0
DMPlexPartSelf         1 1.0 3.2109e-01 32371.5 0.00e+00 0.0 0.0e+00 0.0e+00 0.0e+00  0  0  0  0  0   0  0  0  0  0     0       0      0 0.00e+00    0 0.00e+00  0
DMPlexPartLblInv       1 1.0 3.4569e-01 15.3 0.00e+00 0.0 0.0e+00 0.0e+00 2.0e+00  1  0  0  1  1   2  0  0  2  4     0       0      0 0.00e+00    0 0.00e+00  0
DMPlexPartLblSF        1 1.0 3.6214e-02 1.3 0.00e+00 0.0 1.4e+01 5.9e+05 0.0e+00  0  0  0  1  0   0  0  2  2  0     0       0      0 0.00e+00    0 0.00e+00  0
DMPlexPartStrtSF       1 1.0 3.6166e-01 1.0 0.00e+00 0.0 7.0e+00 2.4e+06 0.0e+00  1  0  0  1  0   3  0  1  4  0     0       0      0 0.00e+00    0 0.00e+00  0
DMPlexPointSF          1 1.0 6.6333e+00 1.0 0.00e+00 0.0 1.4e+01 3.0e+06 0.0e+00 22  0  0  3  0  52  0  2  9  0     0       0      0 0.00e+00    0 0.00e+00  0
DMPlexInterp          36 1.0 2.5270e-03 1.0 0.00e+00 0.0 0.0e+00 0.0e+00 0.0e+00  0  0  0  0  0   0  0  0  0  0     0       0      0 0.00e+00    0 0.00e+00  0
DMPlexDistribute       1 1.0 8.3520e+00 1.0 0.00e+00 0.0 2.5e+02 1.0e+06 2.2e+01 28  0  1 22 12  65  0 33 58 40     0       0      0 0.00e+00    0 0.00e+00  0
DMPlexDistCones        1 1.0 1.1170e-01 1.0 0.00e+00 0.0 4.2e+01 2.1e+06 0.0e+00  0  0  0  7  0   1  0  5 20  0     0       0      0 0.00e+00    0 0.00e+00  0
DMPlexDistLabels       1 1.0 2.9326e-01 1.0 0.00e+00 0.0 1.0e+02 6.4e+05 1.4e+01  1  0  1  5  7   2  0 14 15 25     0       0      0 0.00e+00    0 0.00e+00  0
DMPlexDistField        1 1.0 5.0265e-01 1.0 0.00e+00 0.0 4.9e+01 3.2e+05 0.0e+00  2  0  0  1  0   4  0  6  3  0     0       0      0 0.00e+00    0 0.00e+00  0
DMPlexStratify        53 1.0 2.3256e-01 4.3 0.00e+00 0.0 0.0e+00 0.0e+00 0.0e+00  1  0  0  0  0   2  0  0  0  0     0       0      0 0.00e+00    0 0.00e+00  0
DMPlexSymmetrize      53 1.0 1.1225e-01 11.2 0.00e+00 0.0 0.0e+00 0.0e+00 0.0e+00  0  0  0  0  0   0  0  0  0  0     0       0      0 0.00e+00    0 0.00e+00  0
DMPlexPrealloc         1 1.0 1.8515e+00 1.0 0.00e+00 0.0 1.6e+02 1.1e+06 4.0e+00  6  0  1 14  2  14  0 21 38  7     0       0      0 0.00e+00    0 0.00e+00  0
DMPlexGenerate         1 1.0 2.3845e-01 1.0 0.00e+00 0.0 0.0e+00 0.0e+00 0.0e+00  1  0  0  0  0   2  0  0  0  0     0       0      0 0.00e+00    0 0.00e+00  0
SFSetGraph            27 1.0 2.4480e-02 1.4 0.00e+00 0.0 0.0e+00 0.0e+00 0.0e+00  0  0  0  0  0   0  0  0  0  0     0       0      0 0.00e+00    0 0.00e+00  0
SFSetUp               22 1.0 4.4705e-01 5.3 0.00e+00 0.0 3.2e+02 3.5e+05 0.0e+00  1  0  2  9  0   1  0 42 25  0     0       0      0 0.00e+00    0 0.00e+00  0
SFBcastBegin          49 1.0 4.4238e-02 66.3 0.00e+00 0.0 3.4e+02 6.0e+05 0.0e+00  0  0  2 17  0   0  0 45 46  0     0       0      0 0.00e+00    0 0.00e+00  0
SFBcastEnd            49 1.0 7.0827e+00 111.0 0.00e+00 0.0 0.0e+00 0.0e+00 0.0e+00 20  0  0  0  0  46  0  0  0  0     0       0      0 0.00e+00    0 0.00e+00  0
SFReduceBegin         11 1.0 8.2140e-01 3592.0 0.00e+00 0.0 7.7e+01 1.1e+06 0.0e+00  0  0  0  7  0   1  0 10 19  0     0       0      0 0.00e+00    0 0.00e+00  0
SFReduceEnd           11 1.0 5.8174e+00 538.1 0.00e+00 0.0 0.0e+00 0.0e+00 0.0e+00  4  0  0  0  0   8  0  0  0  0     0       0      0 0.00e+00    0 0.00e+00  0
SFFetchOpBegin         2 1.0 1.5126e-03 340.1 0.00e+00 0.0 1.4e+01 1.4e+06 0.0e+00  0  0  0  2  0   0  0  2  4  0     0       0      0 0.00e+00    0 0.00e+00  0
SFFetchOpEnd           2 1.0 9.0790e-03 4.7 0.00e+00 0.0 1.4e+01 1.4e+06 0.0e+00  0  0  0  2  0   0  0  2  4  0     0       0      0 0.00e+00    0 0.00e+00  0
SFCreateEmbed          3 1.0 5.1897e-02 16.0 0.00e+00 0.0 2.1e+01 1.1e+05 0.0e+00  0  0  0  0  0   0  0  3  1  0     0       0      0 0.00e+00    0 0.00e+00  0
SFDistSection          9 1.0 7.3355e-02 2.5 0.00e+00 0.0 1.7e+02 4.6e+05 0.0e+00  0  0  1  6  0   1  0 22 17  0     0       0      0 0.00e+00    0 0.00e+00  0
SFSectionSF           11 1.0 4.4009e-01 5.5 0.00e+00 0.0 1.5e+02 3.6e+05 0.0e+00  1  0  1  5  0   1  0 20 12  0     0       0      0 0.00e+00    0 0.00e+00  0
SFRemoteOff            2 1.0 4.8625e-02 23.9 0.00e+00 0.0 2.8e+01 3.8e+04 0.0e+00  0  0  0  0  0   0  0  4  0  0     0       0      0 0.00e+00    0 0.00e+00  0
SFPack                62 1.0 3.3760e-02 187.8 0.00e+00 0.0 0.0e+00 0.0e+00 0.0e+00  0  0  0  0  0   0  0  0  0  0     0       0      0 0.00e+00    0 0.00e+00  0
SFUnpack              64 1.0 5.7961e+00 6066.1 0.00e+00 0.0 0.0e+00 0.0e+00 0.0e+00  2  0  0  0  0   6  0  0  0  0     0       0      0 0.00e+00    0 0.00e+00  0
VecMDot                5 1.0 1.6144e-02 1.0 3.00e+06 1.1 0.0e+00 0.0e+00 0.0e+00  0  0  0  0  0   0  3  0  0  0  1461    1562      0 0.00e+00    6 9.20e-05 100
VecNorm                6 1.0 7.2518e-02 1.4 1.20e+06 1.1 0.0e+00 0.0e+00 0.0e+00  0  0  0  0  0   1  1  0  0  0   130     173      0 0.00e+00    0 0.00e+00 100
VecScale               6 1.0 2.8321e-04 1.2 5.99e+05 1.1 0.0e+00 0.0e+00 0.0e+00  0  0  0  0  0   0  1  0  0  0 16661   21536      0 0.00e+00    0 0.00e+00 100
VecCopy                1 1.0 4.1540e-05 1.2 0.00e+00 0.0 0.0e+00 0.0e+00 0.0e+00  0  0  0  0  0   0  0  0  0  0     0       0      0 0.00e+00    0 0.00e+00  0
VecSet                 8 1.0 3.3551e-04 1.1 0.00e+00 0.0 0.0e+00 0.0e+00 0.0e+00  0  0  0  0  0   0  0  0  0  0     0       0      0 0.00e+00    0 0.00e+00  0
VecAXPY                9 1.0 3.3556e-04 1.1 1.80e+06 1.1 0.0e+00 0.0e+00 0.0e+00  0  0  0  0  0   0  2  0  0  0 42186   61551      0 0.00e+00    0 0.00e+00 100
VecNormalize           6 1.0 7.2802e-02 1.4 1.80e+06 1.1 0.0e+00 0.0e+00 0.0e+00  0  0  0  0  0   1  2  0  0  0   194     258      0 0.00e+00    0 0.00e+00 100
DCtxCreate             1 1.0 2.0029e-05 1.8 0.00e+00 0.0 0.0e+00 0.0e+00 0.0e+00  0  0  0  0  0   0  0  0  0  0     0       0      0 0.00e+00    0 0.00e+00  0
DCtxSetUp              1 1.0 9.6690e-06 1.2 0.00e+00 0.0 0.0e+00 0.0e+00 0.0e+00  0  0  0  0  0   0  0  0  0  0     0       0      0 0.00e+00    0 0.00e+00  0
DCtxSetDevice          1 1.0 1.6602e-05 1.4 0.00e+00 0.0 0.0e+00 0.0e+00 0.0e+00  0  0  0  0  0   0  0  0  0  0     0       0      0 0.00e+00    0 0.00e+00  0
DualSpaceSetUp         6 1.0 1.3959e-02 1.0 2.16e+03 1.0 0.0e+00 0.0e+00 0.0e+00  0  0  0  0  0   0  0  0  0  0     1       0      0 0.00e+00    0 0.00e+00  0
FESetUp                6 1.0 5.2539e-04 1.1 0.00e+00 0.0 0.0e+00 0.0e+00 0.0e+00  0  0  0  0  0   0  0  0  0  0     0       0      0 0.00e+00    0 0.00e+00  0
MatMult           205974 1.0 2.9568e-02 1.1 4.94e+06 1.0 0.0e+00 0.0e+00 0.0e+00  0  0  0  0  0   0  5  0  0  0  1337       0      0 0.00e+00    0 0.00e+00  0
MatAssemblyBegin      49 1.0 2.0143e-02 203.4 0.00e+00 0.0 0.0e+00 0.0e+00 0.0e+00  0  0  0  0  0   0  0  0  0  0     0       0      0 0.00e+00    0 0.00e+00  0
MatAssemblyEnd        49 1.0 1.8579e-02 1.0 0.00e+00 0.0 2.8e+01 2.5e+04 1.0e+00  0  0  0  0  1   0  0  4  0  2     0       0      0 0.00e+00    0 0.00e+00  0
MatSetPreallCOO       30 1.0 6.6400e-05 1.2 0.00e+00 0.0 0.0e+00 0.0e+00 0.0e+00  0  0  0  0  0   0  0  0  0  0     0       0      0 0.00e+00    0 0.00e+00  0
MatSetValuesCOO       30 1.0 4.2011e-05 1.1 0.00e+00 0.0 0.0e+00 0.0e+00 0.0e+00  0  0  0  0  0   0  0  0  0  0     0       0      0 0.00e+00    0 0.00e+00  0

--- Event Stage 2: Solve 0

BuildTwoSided        207 1.0 2.8848e-01 5.4 0.00e+00 0.0 8.3e+02 4.0e+00 0.0e+00  0  0  5  0  0   2  0  8  0  0     0       0      0 0.00e+00    0 0.00e+00  0
BuildTwoSidedF       153 1.0 2.5499e-01 7.9 0.00e+00 0.0 1.6e+02 3.5e+04 0.0e+00  0  0  1  0  0   2  0  1  1  0     0       0      0 0.00e+00    0 0.00e+00  0
DMPlexResidualFE       1 1.0 5.7394e-01 1.0 3.09e+08 1.0 0.0e+00 0.0e+00 0.0e+00  2  8  0  0  0  11 18  0  0  0  4306       0      0 0.00e+00    2 1.91e+00  0
SFSetGraph            54 1.0 3.3993e-04 2.0 0.00e+00 0.0 0.0e+00 0.0e+00 0.0e+00  0  0  0  0  0   0  0  0  0  0     0       0      0 0.00e+00    0 0.00e+00  0
SFSetUp               54 1.0 6.6415e-02 1.3 0.00e+00 0.0 1.5e+03 5.3e+04 0.0e+00  0  0  9  6  0   1  0 14 17  0     0       0      0 0.00e+00    0 0.00e+00  0
SFBcastBegin          46 1.0 3.6871e-02 15.5 0.00e+00 0.0 1.0e+03 1.1e+05 0.0e+00  0  0  6 10  0   0  0  9 25  0     0       0      0 0.00e+00    0 0.00e+00  0
SFBcastEnd            46 1.0 1.8437e+00 199.7 0.00e+00 0.0 0.0e+00 0.0e+00 0.0e+00  1  0  0  0  0   6  0  0  0  0     0       0      0 0.00e+00    0 0.00e+00  0
SFReduceBegin         14 1.0 4.8221e-03 16.4 0.00e+00 0.0 1.5e+02 7.9e+05 0.0e+00  0  0  1 10  0   0  0  1 26  0     0       0      0 0.00e+00    0 0.00e+00  0
SFReduceEnd           14 1.0 1.9452e-01 24.6 1.25e+04 0.0 0.0e+00 0.0e+00 0.0e+00  0  0  0  0  0   1  0  0  0  0     0       0      0 0.00e+00    0 0.00e+00 100
SFPack               590 1.0 1.4824e-03 2.3 0.00e+00 0.0 0.0e+00 0.0e+00 0.0e+00  0  0  0  0  0   0  0  0  0  0     0       0      7 3.19e-02    0 0.00e+00  0
SFUnpack             590 1.0 4.5233e-04 1.6 5.48e+04 3.0 0.0e+00 0.0e+00 0.0e+00  0  0  0  0  0   0  0  0  0  0   805       0      2 1.30e-02    0 0.00e+00 100
VecTDot              344 1.0 7.5942e-02 2.0 1.41e+07 1.1 0.0e+00 0.0e+00 0.0e+00  0  0  0  0  0   1  1  0  0  0  1454   14157      0 0.00e+00    0 0.00e+00 100
VecNorm              124 1.0 1.9534e-02 1.4 4.52e+06 1.1 0.0e+00 0.0e+00 0.0e+00  0  0  0  0  0   0  0  0  0  0  1814    6857      0 0.00e+00    0 0.00e+00 100
VecCopy              158 1.0 2.9542e-03 1.1 0.00e+00 0.0 0.0e+00 0.0e+00 0.0e+00  0  0  0  0  0   0  0  0  0  0     0       0      0 0.00e+00    0 0.00e+00  0
VecSet                62 1.0 1.1331e-03 1.1 0.00e+00 0.0 0.0e+00 0.0e+00 0.0e+00  0  0  0  0  0   0  0  0  0  0     0       0      0 0.00e+00    0 0.00e+00  0
VecAXPY              300 1.0 4.9763e-03 1.2 1.28e+07 1.1 0.0e+00 0.0e+00 0.0e+00  0  0  0  0  0   0  1  0  0  0 20202   54833      0 0.00e+00    0 0.00e+00 100
VecAYPX              370 1.0 8.0760e-03 1.2 1.82e+07 1.1 0.0e+00 0.0e+00 0.0e+00  0  0  0  0  0   0  1  0  0  0 17672   34224      0 0.00e+00    0 0.00e+00 100
VecAXPBYCZ            80 1.0 1.8437e-03 1.2 1.05e+07 1.2 0.0e+00 0.0e+00 0.0e+00  0  0  0  0  0   0  1  0  0  0 44698   80976      0 0.00e+00    0 0.00e+00 100
VecAssemblyBegin     136 1.0 2.1154e-01 32.9 0.00e+00 0.0 0.0e+00 0.0e+00 0.0e+00  0  0  0  0  0   1  0  0  0  0     0       0      0 0.00e+00    0 0.00e+00  0
VecAssemblyEnd       136 1.0 1.4899e-04 1.3 0.00e+00 0.0 0.0e+00 0.0e+00 0.0e+00  0  0  0  0  0   0  0  0  0  0     0       0      0 0.00e+00    0 0.00e+00  0
VecPointwiseMult     113 1.0 1.9780e-03 1.3 1.16e+06 1.2 0.0e+00 0.0e+00 0.0e+00  0  0  0  0  0   0  0  0  0  0  4583   11036      0 0.00e+00    0 0.00e+00 100
VecReciprocal         13 1.0 1.3384e-03 4.8 0.00e+00 0.0 0.0e+00 0.0e+00 0.0e+00  0  0  0  0  0   0  0  0  0  0     0       0      0 0.00e+00    0 0.00e+00  0
VecSetValues      800287 1.1 1.3234e+00 1.2 0.00e+00 0.0 0.0e+00 0.0e+00 0.0e+00  4  0  0  0  0  25  0  0  0  0     0       0      0 0.00e+00    0 0.00e+00  0
VecScatterBegin      530 1.0 6.4709e-02 4.1 0.00e+00 0.0 7.8e+03 1.9e+04 0.0e+00  0  0 44 12  0   1  0 71 32  0     0       0     53 8.54e+00    0 0.00e+00  0
VecScatterEnd        530 1.0 8.8573e-02 2.6 4.23e+04 2.3 0.0e+00 0.0e+00 0.0e+00  0  0  0  0  0   1  0  0  0  0     3       0      2 1.30e-02    0 0.00e+00 100
MatMult             6406 2.7 1.2147e-01 1.4 1.27e+09 1.2 5.6e+03 2.2e+04 0.0e+00  0 33 32 10  0   2 70 51 26  0 81072   236523      4 4.60e+00    0 0.00e+00 100
MatMultAdd            40 1.0 1.5483e-02 1.9 5.50e+07 1.2 4.8e+02 4.6e+03 0.0e+00  0  1  3  0  0   0  3  4  0  0 27443   110696      0 0.00e+00    0 0.00e+00 100
MatMultTranspose      40 1.0 2.6020e-02 4.1 5.51e+07 1.2 4.8e+02 4.6e+03 0.0e+00  0  1  3  0  0   0  3  4  0  0 16340   275619      2 1.30e-02    0 0.00e+00 100
MatScale              12 1.0 8.7141e-03 1.8 7.34e+06 1.2 7.2e+01 7.5e+03 0.0e+00  0  0  0  0  0   0  0  1  0  0  6514   43135     11 9.01e-01    0 0.00e+00 100
MatResidual           40 1.0 1.4218e-02 1.6 1.87e+08 1.2 8.4e+02 2.2e+04 0.0e+00  0  5  5  1  0   0 10  8  4  0 102119   257219      0 0.00e+00    0 0.00e+00 100
MatAssemblyBegin      64 1.0 4.3860e-02 13.1 0.00e+00 0.0 1.6e+02 3.5e+04 0.0e+00  0  0  1  0  0   1  0  1  1  0     0       0      0 0.00e+00    0 0.00e+00  0
MatAssemblyEnd        64 1.0 7.5658e-02 1.4 0.00e+00 0.0 8.5e+02 1.5e+03 3.2e+01  0  0  5  0 17   1  0  8  0 28     0       0      0 0.00e+00    0 0.00e+00  0
MatSetValues      149572 1.2 3.8346e-01 1.2 6.33e+05 1.2 0.0e+00 0.0e+00 0.0e+00  1  0  0  0  0   7  0  0  0  0    13       0      0 0.00e+00    6 2.12e+01  0
MatGetValues       34219 1.1 6.8579e-02 1.1 0.00e+00 0.0 0.0e+00 0.0e+00 0.0e+00  0  0  0  0  0   1  0  0  0  0     0       0      0 0.00e+00    0 0.00e+00  0
MatGetRow         490322 1.2 9.8883e-01 1.1 0.00e+00 0.0 0.0e+00 0.0e+00 0.0e+00  3  0  0  0  0  18  0  0  0  0     0       0      0 0.00e+00   11 1.72e+01  0
MatCreateSubMat        2 1.0 3.6807e-03 1.0 0.00e+00 0.0 2.8e+01 9.3e+01 1.0e+01  0  0  0  0  5   0  0  0  0  9     0       0      0 0.00e+00    2 0.00e+00  0
MatCoarsen             4 1.0 1.7024e-02 1.2 0.00e+00 0.0 9.4e+02 2.8e+03 2.7e+01  0  0  5  0 14   0  0  9  1 24     0       0      3 5.56e-03    0 0.00e+00  0
MatAXPY                4 1.0 7.2258e-01 1.2 6.33e+05 1.2 0.0e+00 0.0e+00 0.0e+00  2  0  0  0  0  14  0  0  0  0     7       0      0 0.00e+00    6 2.12e+01  0
MatTranspose           3 1.0 3.7625e-03 1.0 0.00e+00 0.0 1.5e+02 1.1e+02 9.0e+00  0  0  1  0  5   0  0  1  0  8     0       0      3 5.56e-03    0 0.00e+00  0
MatMatMultSym          4 1.0 1.0163e-01 1.0 0.00e+00 0.0 6.6e+02 3.5e+04 1.2e+01  0  0  4  2  6   2  0  6  5 11     0       0      8 4.94e+00    0 0.00e+00  0
MatMatMultNum          4 1.0 9.1100e-07 1.3 0.00e+00 0.0 0.0e+00 0.0e+00 0.0e+00  0  0  0  0  0   0  0  0  0  0     0       0      0 0.00e+00    0 0.00e+00  0
MatPtAPSymbolic        4 1.0 5.4667e-01 1.3 0.00e+00 0.0 1.1e+03 2.1e+05 2.4e+01  2  0  6 18 13   9  0 10 47 21     0       0      8 2.12e+01    0 0.00e+00  0
MatPtAPNumeric         4 1.0 9.2100e-07 1.3 0.00e+00 0.0 0.0e+00 0.0e+00 0.0e+00  0  0  0  0  0   0  0  0  0  0     0       0      0 0.00e+00    0 0.00e+00  0
MatTrnMatMultSym       1 1.0 1.3570e-01 1.1 0.00e+00 0.0 1.1e+02 6.0e+05 3.0e+00  0  0  1  6  2   2  0  1 14  3     0       0      0 0.00e+00    0 0.00e+00  0
MatCreateGraph         4 1.0 6.5117e-01 1.0 1.84e+06 1.2 2.2e+02 3.7e+03 1.2e+01  2  0  1  0  6  13  0  2  0 11    22    6829     15 7.41e+00    8 1.03e+01 100
KSPSetUp               1 1.0 4.5356e-04 1.4 0.00e+00 0.0 0.0e+00 0.0e+00 0.0e+00  0  0  0  0  0   0  0  0  0  0     0       0      0 0.00e+00    0 0.00e+00  0
KSPSolve               1 1.0 1.2816e-01 1.0 1.07e+09 1.2 4.9e+03 1.9e+04 0.0e+00  0 28 28  7  0   2 59 45 19  0 64855   201922      2 1.30e-02    0 0.00e+00 100
SNESSolve              1 1.0 6.8077e+00 1.4 1.79e+09 1.2 1.1e+04 4.3e+04 1.1e+02 17 47 62 39 60 100 100 100 100 100  2054   169978     86 1.06e+02   56 4.90e+01 82
SNESSetUp              1 1.0 3.5750e-04 3.3 0.00e+00 0.0 0.0e+00 0.0e+00 0.0e+00  0  0  0  0  0   0  0  0  0  0     0       0      0 0.00e+00    0 0.00e+00  0
SNESFunctionEval       1 1.0 2.5816e+00 3.6 3.12e+08 1.0 1.4e+01 1.0e+05 0.0e+00  3  8  0  0  0  20 18  0  0  0   961    1801      2 1.91e+00    3 2.87e+00  0
PCSetUp_GAMG+          1 1.0 4.0974e+00 1.1 4.11e+08 1.2 6.0e+03 6.3e+04 1.1e+02 13 11 34 31 60  77 23 55 80 100   778   115518     82 1.04e+02   53 4.61e+01 100
 PCGAMGCreateG         4 1.0 6.5117e-01 1.0 1.84e+06 1.2 2.2e+02 3.7e+03 1.2e+01  2  0  1  0  6  13  0  2  0 11    22    6829     15 7.41e+00    8 1.03e+01 100
 GAMG Coarsen          8 1.0 5.0421e-01 1.0 0.00e+00 0.0 1.1e+03 6.6e+04 3.0e+01  2  0  6  6 16  10  0 10 16 27     0       0      8 1.05e+00   12 7.66e+00  0
  GAMG MIS/Agg         4 1.0 1.5895e-01 1.1 0.00e+00 0.0 1.1e+03 6.7e+04 3.0e+01  0  0  6  6 16   3  0 10 15 27     0       0      3 5.56e-03    0 0.00e+00  0
 PCGAMGProl            4 1.0 1.2133e+00 1.0 0.00e+00 0.0 1.2e+03 1.9e+04 1.2e+01  4  0  7  2  6  24  0 11  5 11     0       0     38 7.19e+00   19 2.21e+00  0
  GAMG Prol-col        4 1.0 1.1786e+00 1.0 0.00e+00 0.0 1.1e+03 1.7e+04 0.0e+00  4  0  6  1  0  23  0 10  4  0     0       0     38 7.19e+00   19 2.21e+00  0
  GAMG Prol-lift       4 1.0 3.1228e-02 1.1 0.00e+00 0.0 1.4e+02 3.9e+04 4.0e+00  0  0  1  0  2   1  0  1  1  4     0       0      0 0.00e+00    0 0.00e+00  0
 PCGAMGOptProl         4 1.0 9.1822e-01 1.1 2.04e+08 1.2 1.5e+03 2.8e+04 1.2e+01  3  5  9  3  6  17 11 14  9 11  1718   102409     13 6.67e+01    6 2.12e+01 100
  GAMG smooth          4 1.0 8.3642e-01 1.1 6.13e+06 1.2 6.6e+02 3.5e+04 1.2e+01  3  0  4  2  6  16  0  6  5 11    57   135367      8 4.94e+00    6 2.12e+01 90
 PCGAMGCreateL         4 1.0 5.5420e-01 1.2 0.00e+00 0.0 1.1e+03 1.9e+05 4.6e+01  2  0  7 18 24   9  0 10 47 41     0       0      8 2.12e+01    2 0.00e+00  0
  GAMG PtAP            4 1.0 5.4672e-01 1.3 0.00e+00 0.0 1.1e+03 2.1e+05 2.4e+01  2  0  6 18 13   9  0 10 47 21     0       0      8 2.12e+01    0 0.00e+00  0
  GAMG Reduce          2 1.0 4.2818e-02 1.0 0.00e+00 0.0 5.7e+02 2.2e+04 3.4e+01  0  0  3  1 18   1  0  5  3 30     0       0      4 1.52e-01    2 0.00e+00  0
PCGAMG Squ l00         1 1.0 1.3570e-01 1.1 0.00e+00 0.0 1.1e+02 6.0e+05 3.0e+00  0  0  1  6  2   2  0  1 14  3     0       0      0 0.00e+00    0 0.00e+00  0
PCGAMG Gal l00         1 1.0 3.3873e-01 1.5 0.00e+00 0.0 2.2e+02 6.1e+05 6.0e+00  1  0  1 11  3   5  0  2 29  5     0       0      2 1.92e+01    0 0.00e+00  0
PCGAMG Opt l00         1 1.0 6.7934e-02 1.0 0.00e+00 0.0 1.1e+02 1.6e+05 3.0e+00  0  0  1  1  2   1  0  1  4  3     0       0      2 4.72e+00    0 0.00e+00  0
PCGAMG Gal l01         1 1.0 1.7323e-01 1.0 0.00e+00 0.0 3.5e+02 2.1e+05 6.0e+00  1  0  2  6  3   3  0  3 16  5     0       0      2 1.85e+00    0 0.00e+00  0
PCGAMG Opt l01         1 1.0 1.6746e-02 1.0 0.00e+00 0.0 1.2e+02 3.4e+04 3.0e+00  0  0  1  0  2   0  0  1  1  3     0       0      2 2.09e-01    0 0.00e+00  0
PCGAMG Gal l02         1 1.0 2.8142e-02 1.0 0.00e+00 0.0 3.9e+02 3.2e+04 6.0e+00  0  0  2  1  3   1  0  4  3  5     0       0      2 1.51e-01    0 0.00e+00  0
PCGAMG Opt l02         1 1.0 1.3368e-02 1.0 0.00e+00 0.0 3.3e+02 3.6e+03 3.0e+00  0  0  2  0  2   0  0  3  0  3     0       0      2 1.62e-02    0 0.00e+00  0
PCGAMG Gal l03         1 1.0 6.6383e-03 1.0 0.00e+00 0.0 1.2e+02 6.9e+02 6.0e+00  0  0  1  0  3   0  0  1  0  5     0       0      2 6.84e-04    0 0.00e+00  0
PCGAMG Opt l03         1 1.0 3.6464e-03 1.0 0.00e+00 0.0 9.8e+01 8.2e+02 3.0e+00  0  0  1  0  2   0  0  1  0  3     0       0      2 6.84e-04    0 0.00e+00  0
PCSetUp                1 1.0 4.0974e+00 1.1 4.11e+08 1.2 6.0e+03 6.3e+04 1.1e+02 13 11 34 31 60  77 23 55 80 100   778   115518     82 1.04e+02   53 4.61e+01 100
PCApply               10 1.0 1.1972e-01 1.0 9.01e+08 1.2 4.7e+03 1.6e+04 0.0e+00  0 23 27  6  0   2 50 43 16  0 58302   195050      2 1.30e-02    0 0.00e+00 100

--- Event Stage 3: Hot Solve

DMPlexResidualFE       1 1.0 5.8887e-01 1.0 3.09e+08 1.0 0.0e+00 0.0e+00 0.0e+00  2  8  0  0  0  63 20  0  0  0  4197       0      0 0.00e+00    2 1.91e+00  0
SFBcastBegin           5 1.0 2.2278e-03 1.8 0.00e+00 0.0 9.1e+01 7.1e+05 0.0e+00  0  0  1  5  0   0  0  2 29  0     0       0      0 0.00e+00    0 0.00e+00  0
SFBcastEnd             5 1.0 5.9816e-02 53.4 0.00e+00 0.0 0.0e+00 0.0e+00 0.0e+00  0  0  0  0  0   3  0  0  0  0     0       0      0 0.00e+00    0 0.00e+00  0
SFReduceBegin          5 1.0 9.1918e-04 3.5 0.00e+00 0.0 5.5e+01 8.6e+05 0.0e+00  0  0  0  4  0   0  0  1 21  0     0       0      0 0.00e+00    0 0.00e+00  0
SFReduceEnd            5 1.0 6.0787e-02 111.8 1.25e+04 0.0 0.0e+00 0.0e+00 0.0e+00  0  0  0  0  0   2  0  0  0  0     1       0      0 0.00e+00    0 0.00e+00 100
SFPack               359 1.0 8.7703e-04 2.0 0.00e+00 0.0 0.0e+00 0.0e+00 0.0e+00  0  0  0  0  0   0  0  0  0  0     0       0      0 0.00e+00    0 0.00e+00  0
SFUnpack             359 1.0 2.4126e-04 1.6 5.48e+04 3.0 0.0e+00 0.0e+00 0.0e+00  0  0  0  0  0   0  0  0  0  0  1510       0      0 0.00e+00    0 0.00e+00 100
VecTDot              252 1.0 2.7492e-02 1.5 9.24e+06 1.1 0.0e+00 0.0e+00 0.0e+00  0  0  0  0  0   2  1  0  0  0  2638   13114      0 0.00e+00    0 0.00e+00 100
VecNorm              124 1.0 1.2517e-02 1.2 4.52e+06 1.1 0.0e+00 0.0e+00 0.0e+00  0  0  0  0  0   1  0  0  0  0  2831    6916      0 0.00e+00    0 0.00e+00 100
VecCopy              150 1.0 2.7235e-03 1.1 0.00e+00 0.0 0.0e+00 0.0e+00 0.0e+00  0  0  0  0  0   0  0  0  0  0     0       0      0 0.00e+00    0 0.00e+00  0
VecSet                58 1.0 1.0558e-03 1.1 0.00e+00 0.0 0.0e+00 0.0e+00 0.0e+00  0  0  0  0  0   0  0  0  0  0     0       0      0 0.00e+00    0 0.00e+00  0
VecAXPY              220 1.0 3.5683e-03 1.2 8.61e+06 1.1 0.0e+00 0.0e+00 0.0e+00  0  0  0  0  0   0  1  0  0  0 18936   52590      0 0.00e+00    0 0.00e+00 100
VecAYPX              334 1.0 5.8212e-03 1.1 1.63e+07 1.1 0.0e+00 0.0e+00 0.0e+00  0  0  0  0  0   1  1  0  0  0 21969   54341      0 0.00e+00    0 0.00e+00 100
VecAXPBYCZ            80 1.0 1.3722e-03 1.1 1.05e+07 1.2 0.0e+00 0.0e+00 0.0e+00  0  0  0  0  0   0  1  0  0  0 60056   149669      0 0.00e+00    0 0.00e+00 100
VecPointwiseMult      69 1.0 1.1512e-03 1.4 4.14e+02 0.0 0.0e+00 0.0e+00 0.0e+00  0  0  0  0  0   0  0  0  0  0     0       1      0 0.00e+00    0 0.00e+00 100
VecReciprocal          1 1.0 1.8796e-05 1.4 0.00e+00 0.0 0.0e+00 0.0e+00 0.0e+00  0  0  0  0  0   0  0  0  0  0     0       0      0 0.00e+00    0 0.00e+00  0
VecScatterBegin      349 1.0 9.7963e-03 2.3 0.00e+00 0.0 5.7e+03 1.9e+04 0.0e+00  0  0 32  9  0   1  0 98 50  0     0       0      0 0.00e+00    0 0.00e+00  0
VecScatterEnd        349 1.0 2.5651e-02 3.3 4.23e+04 2.3 0.0e+00 0.0e+00 0.0e+00  0  0  0  0  0   2  0  0  0  0    11       0      0 0.00e+00    0 0.00e+00 100
MatMult             6366 2.7 5.2209e-02 1.2 1.09e+09 1.2 4.8e+03 2.2e+04 0.0e+00  0 28 27  9  0   5 68 81 48  0 161125   264615      0 0.00e+00    0 0.00e+00 100
MatMultAdd            40 1.0 6.6946e-03 1.5 5.50e+07 1.2 4.8e+02 4.6e+03 0.0e+00  0  1  3  0  0   1  3  8  1  0 63469   111346      0 0.00e+00    0 0.00e+00 100
MatMultTranspose      40 1.0 7.4596e-03 2.2 5.51e+07 1.2 4.8e+02 4.6e+03 0.0e+00  0  1  3  0  0   0  3  8  1  0 56997   276031      0 0.00e+00    0 0.00e+00 100
MatResidual           40 1.0 9.2679e-03 1.1 1.87e+08 1.2 8.4e+02 2.2e+04 0.0e+00  0  5  5  1  0   1 12 14  8  0 156656   261486      0 0.00e+00    0 0.00e+00 100
MatPtAPNumeric         4 1.0 7.4920e-02 5.7 0.00e+00 0.0 1.3e+02 8.4e+05 0.0e+00  0  0  1  9  0   3  0  2 50  0     0       0      0 0.00e+00    0 0.00e+00  0
KSPSetUp               1 1.0 5.7100e-07 2.3 0.00e+00 0.0 0.0e+00 0.0e+00 0.0e+00  0  0  0  0  0   0  0  0  0  0     0       0      0 0.00e+00    0 0.00e+00  0
KSPSolve               1 1.0 8.7852e-02 1.0 1.07e+09 1.2 4.9e+03 1.9e+04 0.0e+00  0 28 28  7  0  10 67 83 41  0 94613   205484      0 0.00e+00    0 0.00e+00 100
SNESSolve              1 1.0 9.2281e-01 1.0 1.59e+09 1.2 5.9e+03 3.8e+04 0.0e+00  3 41 33 18  0 100 100 100 100  0 13430   192284      6 4.50e+00    3 2.87e+00 80
SNESFunctionEval       1 1.0 7.9809e-01 1.1 3.12e+08 1.0 1.4e+01 1.0e+05 0.0e+00  3  8  0  0  0  84 20  0  1  0  3110    2118      2 1.91e+00    3 2.87e+00  0
PCSetUp_GAMG+          1 1.0 9.8341e-02 2.7 2.06e+08 1.2 9.7e+02 1.3e+05 0.0e+00  0  5  6 11  0   6 13 17 58  0 16230   144657      4 2.59e+00    0 0.00e+00 100
PCGAMG Gal l00         1 1.0 6.6049e-02 9.8 0.00e+00 0.0 2.8e+01 2.4e+06 0.0e+00  0  0  0  6  0   2  0  0 30  0     0       0      0 0.00e+00    0 0.00e+00  0
PCGAMG Gal l01         1 1.0 1.0619e-02 3.6 0.00e+00 0.0 3.4e+01 1.1e+06 0.0e+00  0  0  0  3  0   1  0  1 17  0     0       0      0 0.00e+00    0 0.00e+00  0
PCGAMG Gal l02         1 1.0 5.2484e-03 2.4 0.00e+00 0.0 5.5e+01 1.1e+05 0.0e+00  0  0  0  1  0   0  0  1  3  0     0       0      0 0.00e+00    0 0.00e+00  0
PCGAMG Gal l03         1 1.0 7.2785e-04 1.5 0.00e+00 0.0 1.5e+01 2.6e+03 0.0e+00  0  0  0  0  0   0  0  0  0  0     0       0      0 0.00e+00    0 0.00e+00  0
PCSetUp                1 1.0 9.8345e-02 2.7 2.06e+08 1.2 9.7e+02 1.3e+05 0.0e+00  0  5  6 11  0   6 13 17 58  0 16230   144657      4 2.59e+00    0 0.00e+00 100
PCApply               10 1.0 7.9627e-02 1.0 9.01e+08 1.2 4.7e+03 1.6e+04 0.0e+00  0 23 27  6  0   9 56 81 35  0 87656   198532      0 0.00e+00    0 0.00e+00 100
---------------------------------------------------------------------------------------------------------------------------------------------------------------

Object Type          Creations   Destructions. Reports information only for process 0.

--- Event Stage 0: Main Stage

           Container     2             31
    Distributed Mesh     0             39
            DM Label     0             57
          Quadrature     1            133
           Index Set    25            130
   IS L to G Mapping     0             97
             Section     0            114
   Star Forest Graph     0             85
     Discrete System     0             39
           Weak Form     0             40
    GraphPartitioner     0             15
              Vector     1             87
        Linear Space     0              6
          Dual Space     0             16
            FE Space     0              4
              Matrix     0             59
      Matrix Coarsen     0              1
   Matrix Null Space     0              1
                SNES     0              1
              DMSNES     0              1
       Krylov Solver     0             10
     DMKSP interface     0              1
       Field over DM     1              1
      Preconditioner     0              6
              Viewer     0              1

--- Event Stage 1: Mesh Setup

           Container    87             58
    Distributed Mesh   118             82
            DM Label   293            236
          Quadrature   348            216
           Index Set  1331           1232
   IS L to G Mapping   290            193
             Section   387            273
   Star Forest Graph   313            254
     Discrete System   175            139
           Weak Form   177            140
    GraphPartitioner    53             38
              Vector    78             51
  PetscDeviceContext     1              0
        Linear Space    12              6
          Dual Space    60             44
            FE Space     6              2
              Matrix   141            120
   Matrix Null Space     1              0
                SNES     1              0
              DMSNES     1              0
       Krylov Solver     1              0
       Field over DM     1              1
      Preconditioner     1              0
              Viewer     1              0

--- Event Stage 2: Solve 0

           Container     3              3
    Distributed Mesh     3              0
          Quadrature     1              1
           Index Set   118            112
   Star Forest Graph    60             34
     Discrete System     3              0
           Weak Form     3              0
              Vector   292            233
              Matrix    98             60
      Matrix Coarsen     4              3
       Krylov Solver    13              4
     DMKSP interface     1              0
      Preconditioner    13              8
         PetscRandom     4              4

--- Event Stage 3: Hot Solve

          Quadrature     1              1
           Index Set    33             33
              Vector    12             12
========================================================================================================================
Average time to get PetscTime(): 3.2e-08
Average time for MPI_Barrier(): 1.53716e-05
Average time for zero size MPI_Send(): 1.17226e-05
#PETSc Option Table entries:
-dm_mat_type aijkokkos # (source: command line)
-dm_plex_box_faces 65,65,65 # (source: command line)
-dm_plex_box_lower 0,0,0 # (source: command line)
-dm_plex_box_upper 1,1,1 # (source: command line)
-dm_plex_dim 3 # (source: command line)
-dm_plex_simplex 0 # (source: command line)
-dm_vec_type kokkos # (source: command line)
-ksp_converged_reason # (source: command line)
-ksp_norm_type unpreconditioned # (source: command line)
-ksp_rtol 1e-6 # (source: command line)
-ksp_type cg # (source: command line)
-log_view # (source: command line)
-log_view_gpu_time # (source: command line)
-max_conv_its 1 # (source: command line)
-mg_coarse_ksp_type cg # (source: command line)
-mg_coarse_pc_type jacobi # (source: command line)
-mg_levels_ksp_type chebyshev # (source: command line)
-mg_levels_pc_type pbjacobi # (source: command line)
-n_solves 2 # (source: command line)
-pc_gamg_agg_nsmooths 1 # (source: command line)
-pc_gamg_coarse_eq_limit 20 # (source: command line)
-pc_gamg_parallel_coarse_grid_solver # (source: command line)
-pc_gamg_reuse_interpolation true # (source: command line)
-pc_gamg_type agg # (source: command line)
-pc_type gamg # (source: command line)
-petscpartitioner_type simple # (source: command line)
-petscspace_degree 1 # (source: command line)
-run_type 1 # (source: command line)
-snes_lag_jacobian -2 # (source: command line)
-snes_type ksponly # (source: command line)
-use_mat_nearnullspace true # (source: command line)
#End of PETSc Option Table entries
Compiled without FORTRAN kernels
Compiled with full precision matrices (default)
sizeof(short) 2 sizeof(int) 4 sizeof(long) 8 sizeof(void*) 8 sizeof(PetscScalar) 8 sizeof(PetscInt) 4
Configure options: --with-make-np=8 --with-mpiexec="srun -G4 --gpu-bind=none" --with-batch=0 --download-triangle=1 --with-cc=cc --with-cxx=CC --with-fc=0 --with-debugging=0 --with-cuda=1 --with-cuda-arch=80 --download-kokkos --download-kokkos-kernels PETSC_ARCH=arch-perlmutter-opt-gcc-kokkos-cuda
-----------------------------------------
Libraries compiled on 2026-06-19 13:41:00 on login10
Machine characteristics: Linux-6.4.0-150600.23.103_15.0.24-cray_shasta_c-x86_64-with-glibc2.3.4
Using PETSc directory: /global/u2/m/madams/petsc
Using PETSc arch: arch-perlmutter-opt-gcc-kokkos-cuda
-----------------------------------------

Using C compiler: cc  -fPIC -Wall -Wwrite-strings -Wno-unknown-pragmas -Wno-lto-type-mismatch -Wno-stringop-overflow -fstack-protector -fvisibility=hidden -g -O 
-----------------------------------------

Using include paths: -I/global/u2/m/madams/petsc/include -I/global/u2/m/madams/petsc/arch-perlmutter-opt-gcc-kokkos-cuda/include -I/opt/nvidia/hpc_sdk/Linux_x86_64/25.5/cuda/12.9/include -I/opt/nvidia/hpc_sdk/Linux_x86_64/25.5/math_libs/12.9/include
-----------------------------------------

Using C linker: cc
Using libraries: -Wl,-rpath,/global/u2/m/madams/petsc/arch-perlmutter-opt-gcc-kokkos-cuda/lib -L/global/u2/m/madams/petsc/arch-perlmutter-opt-gcc-kokkos-cuda/lib -lpetsc -Wl,-rpath,/global/u2/m/madams/petsc/arch-perlmutter-opt-gcc-kokkos-cuda/lib -L/global/u2/m/madams/petsc/arch-perlmutter-opt-gcc-kokkos-cuda/lib -Wl,-rpath,/opt/nvidia/hpc_sdk/Linux_x86_64/25.5/cuda/12.9/lib64 -L/opt/nvidia/hpc_sdk/Linux_x86_64/25.5/cuda/12.9/lib64 -Wl,-rpath,/opt/nvidia/hpc_sdk/Linux_x86_64/25.5/math_libs/12.9/lib64 -L/opt/nvidia/hpc_sdk/Linux_x86_64/25.5/math_libs/12.9/lib64 -L/opt/nvidia/hpc_sdk/Linux_x86_64/25.5/cuda/12.9/lib64/stubs -lkokkoskernels -lkokkoscontainers -lkokkoscore -lkokkossimd -ltriangle -lcudart -lnvtx3interop -lcufft -lcublas -lcusparse -lcusolver -lcurand -lcuda -lnvidia-ml -lX11 -lstdc++ -lquadmath
-----------------------------------------

