Mat Object: 1 MPI process
  type: seqaijkokkos
  rows=98304, cols=98304, bs=3 variable blocks set
  total: nonzeros=7475256, allocated nonzeros=7475256
  total number of mallocs used during MatSetValues calls=0
    using I-node routines: found 32768 nodes, limit used is 5
    Linear solve converged due to CONVERGED_RTOL iterations 9
    Linear solve converged due to CONVERGED_RTOL iterations 9
[0] 0) N=       98304, max displ=5.9617833e+01, error=1.359e-01
****************************************************************************************************************************************************************
***                                WIDEN YOUR WINDOW TO 160 CHARACTERS.  Use 'enscript -r -fCourier9' to print this document                                 ***
****************************************************************************************************************************************************************

------------------------------------------------------------------ PETSc Performance Summary: ------------------------------------------------------------------

/global/homes/m/madams/petsc/src/snes/tutorials/ex56 on a arch-perlmutter-opt-gcc-kokkos-cuda named nid001049 with 1 process and CUDA architecture 80, by madams on Sun Jun 21 13:49:40 2026
Using PETSc Development Git Revision: v3.25.2-320-ga5ba3691813 Git Date: 2026-06-19 09:07:30 -0400

                         Max       Max/Min     Avg       Total
Time (sec):           1.671e+01     1.000   1.671e+01
Objects:              0.000e+00     0.000   0.000e+00
Flops:                3.477e+09     1.000   3.477e+09  3.477e+09
Flops/sec:            2.081e+08     1.000   2.081e+08  2.081e+08
MPI Msg Count:        0.000e+00     0.000   0.000e+00  0.000e+00
MPI Msg Len (bytes):  0.000e+00     0.000   0.000e+00  0.000e+00
MPI Reductions:       0.000e+00     0.000

Flop counting convention: 1 flop = 1 real number operation of type (multiply/divide/add/subtract)
                            e.g., VecAXPY() for real vectors of length N --> 2N flops
                            and VecAXPY() for complex vectors of length N --> 8N flops

Summary of Stages:   ----- Time ------  ----- Flop ------  --- Messages ---  -- Message Lengths --  -- Reductions --
                        Avg     %Total     Avg     %Total    Count   %Total     Avg         %Total    Count   %Total
 0:      Main Stage: 9.7022e+00  58.1%  3.6556e+08  10.5%  0.000e+00   0.0%  0.000e+00        0.0%  0.000e+00   0.0%
 1:      Mesh Setup: 4.6709e+00  28.0%  9.6263e+07   2.8%  0.000e+00   0.0%  0.000e+00        0.0%  0.000e+00   0.0%
 2:         Solve 0: 1.4915e+00   8.9%  1.6032e+09  46.1%  0.000e+00   0.0%  0.000e+00        0.0%  0.000e+00   0.0%
 3:       Hot Solve: 8.4413e-01   5.1%  1.4124e+09  40.6%  0.000e+00   0.0%  0.000e+00        0.0%  0.000e+00   0.0%

------------------------------------------------------------------------------------------------------------------------
See the 'Profiling' chapter of the users' manual for details on interpreting output.
Phase summary info:
   Count: number of times phase was executed
   Time and Flop: Max - maximum over all processes
                  Ratio - ratio of maximum to minimum over all processes
   Mess: number of messages sent
   AvgLen: average message length (bytes)
   Reduct: number of global reductions
   Global: entire computation
   Stage: stages of a computation. Set stages with PetscLogStagePush() and PetscLogStagePop().
      %T - percent time in this phase         %F - percent flop in this phase
      %M - percent messages in this phase     %L - percent message lengths in this phase
      %R - percent reductions in this phase
   Total Mflop/s: 1e-6 * (sum of flop over all processes)/(max time over all processes)
   GPU Mflop/s: 1e-6 * (sum of flop on GPU over all processes)/(max GPU time over all processes)
   CpuToGpu Count: total number of CPU to GPU copies per processor
   CpuToGpu Size (Mbytes): 1e-6 * (total size of CPU to GPU copies per processor)
   GpuToCpu Count: total number of GPU to CPU copies per processor
   GpuToCpu Size (Mbytes): 1e-6 * (total size of GPU to CPU copies per processor)
   GPU %F: percent flops on GPU in this event
------------------------------------------------------------------------------------------------------------------------
Event                Count      Time (sec)     Flop                              --- Global ---  --- Stage ----  Total   GPU    - CpuToGpu -   - GpuToCpu - GPU
                   Max Ratio  Max     Ratio   Max  Ratio  Mess   AvgLen  Reduct  %T %F %M %L %R  %T %F %M %L %R Mflop/s Mflop/s Count   Size   Count   Size  %F
---------------------------------------------------------------------------------------------------------------------------------------------------------------

--- Event Stage 0: Main Stage

BuildTwoSided          1 1.0 3.1760e-06 1.0 0.00e+00 0.0 0.0e+00 0.0e+00 0.0e+00  0  0  0  0  0   0  0  0  0  0     0       0      0 0.00e+00    0 0.00e+00  0
DMPlexJacobianFE       1 1.0 9.4673e+00 1.0 3.56e+08 1.0 0.0e+00 0.0e+00 0.0e+00 57 10  0  0  0  98 97  0  0  0    38       0      0 0.00e+00    2 6.07e+01  0
SFSetGraph             1 1.0 7.6262e-04 1.0 0.00e+00 0.0 0.0e+00 0.0e+00 0.0e+00  0  0  0  0  0   0  0  0  0  0     0       0      0 0.00e+00    0 0.00e+00  0
SFSetUp                1 1.0 2.6543e-03 1.0 0.00e+00 0.0 0.0e+00 0.0e+00 0.0e+00  0  0  0  0  0   0  0  0  0  0     0       0      0 0.00e+00    0 0.00e+00  0
SFBcastBegin           1 1.0 2.8834e-03 1.0 0.00e+00 0.0 0.0e+00 0.0e+00 0.0e+00  0  0  0  0  0   0  0  0  0  0     0       0      1 3.60e-05    0 0.00e+00  0
SFBcastEnd             1 1.0 1.3230e-06 1.0 0.00e+00 0.0 0.0e+00 0.0e+00 0.0e+00  0  0  0  0  0   0  0  0  0  0     0       0      0 0.00e+00    0 0.00e+00  0
SFPack                 1 1.0 1.4100e-07 1.0 0.00e+00 0.0 0.0e+00 0.0e+00 0.0e+00  0  0  0  0  0   0  0  0  0  0     0       0      0 0.00e+00    0 0.00e+00  0
SFUnpack               1 1.0 3.1100e-07 1.0 0.00e+00 0.0 0.0e+00 0.0e+00 0.0e+00  0  0  0  0  0   0  0  0  0  0     0       0      0 0.00e+00    0 0.00e+00  0
VecNorm                1 1.0 2.2360e-04 1.0 0.00e+00 0.0 0.0e+00 0.0e+00 0.0e+00  0  0  0  0  0   0  0  0  0  0     0       0      0 0.00e+00    0 0.00e+00  0
VecSet                 2 1.0 1.0991e-05 1.0 0.00e+00 0.0 0.0e+00 0.0e+00 0.0e+00  0  0  0  0  0   0  0  0  0  0     0       0      0 0.00e+00    0 0.00e+00  0
MatMult             6146 1.0 1.0077e-03 1.0 1.48e+05 1.0 0.0e+00 0.0e+00 0.0e+00  0  0  0  0  0   0  0  0  0  0   146       0      0 0.00e+00    0 0.00e+00  0
MatScale               1 1.0 5.0400e-06 1.0 7.48e+06 1.0 0.0e+00 0.0e+00 0.0e+00  0  0  0  0  0   0  2  0  0  0 1483186       0      0 0.00e+00    0 0.00e+00 100
MatAssemblyBegin       1 1.0 2.7100e-07 1.0 0.00e+00 0.0 0.0e+00 0.0e+00 0.0e+00  0  0  0  0  0   0  0  0  0  0     0       0      0 0.00e+00    0 0.00e+00  0
MatAssemblyEnd         1 1.0 1.5230e-06 1.0 0.00e+00 0.0 0.0e+00 0.0e+00 0.0e+00  0  0  0  0  0   0  0  0  0  0     0       0      0 0.00e+00    0 0.00e+00  0
MatSetValues       35937 1.0 2.3269e-01 1.0 1.80e+07 1.0 0.0e+00 0.0e+00 0.0e+00  1  1  0  0  0   2  5  0  0  0    77       0      0 0.00e+00    1 5.98e+01  0
MatZeroEntries         1 1.0 1.2615e-05 1.0 0.00e+00 0.0 0.0e+00 0.0e+00 0.0e+00  0  0  0  0  0   0  0  0  0  0     0       0      0 0.00e+00    0 0.00e+00  0
MatView                1 1.0 1.0398e-04 1.0 0.00e+00 0.0 0.0e+00 0.0e+00 0.0e+00  0  0  0  0  0   0  0  0  0  0     0       0      0 0.00e+00    0 0.00e+00  0
DCtxDestroy            1 1.0 2.6131e-05 1.0 0.00e+00 0.0 0.0e+00 0.0e+00 0.0e+00  0  0  0  0  0   0  0  0  0  0     0       0      0 0.00e+00    0 0.00e+00  0
SNESJacobianEval       1 1.0 9.6808e+00 1.0 3.58e+08 1.0 0.0e+00 0.0e+00 0.0e+00 58 10  0  0  0 100 98  0  0  0    37       0      2 9.43e-01    3 6.17e+01  0

--- Event Stage 1: Mesh Setup

BuildTwoSided          1 1.0 1.8125e-05 1.0 0.00e+00 0.0 0.0e+00 0.0e+00 0.0e+00  0  0  0  0  0   0  0  0  0  0     0       0      0 0.00e+00    0 0.00e+00  0
DMCreateMat            1 1.0 1.6309e+00 1.0 0.00e+00 0.0 0.0e+00 0.0e+00 0.0e+00 10  0  0  0  0  35  0  0  0  0     0       0      0 0.00e+00    0 0.00e+00  0
DMProjectFunc          6 1.0 2.5500e+00 1.0 8.97e+07 1.0 0.0e+00 0.0e+00 0.0e+00 15  3  0  0  0  55 93  0  0  0    35       0      0 0.00e+00    7 6.60e+00  0
DMPlexCrFromOpts       1 1.0 3.3880e-02 1.0 0.00e+00 0.0 0.0e+00 0.0e+00 0.0e+00  0  0  0  0  0   1  0  0  0  0     0       0      0 0.00e+00    0 0.00e+00  0
DMPlexInterp          36 1.0 2.5380e-03 1.0 0.00e+00 0.0 0.0e+00 0.0e+00 0.0e+00  0  0  0  0  0   0  0  0  0  0     0       0      0 0.00e+00    0 0.00e+00  0
DMPlexStratify        52 1.0 7.9046e-03 1.0 0.00e+00 0.0 0.0e+00 0.0e+00 0.0e+00  0  0  0  0  0   0  0  0  0  0     0       0      0 0.00e+00    0 0.00e+00  0
DMPlexSymmetrize      52 1.0 1.2207e-02 1.0 0.00e+00 0.0 0.0e+00 0.0e+00 0.0e+00  0  0  0  0  0   0  0  0  0  0     0       0      0 0.00e+00    0 0.00e+00  0
DMPlexPrealloc         1 1.0 1.6247e+00 1.0 0.00e+00 0.0 0.0e+00 0.0e+00 0.0e+00 10  0  0  0  0  35  0  0  0  0     0       0      0 0.00e+00    0 0.00e+00  0
DMPlexGenerate         1 1.0 3.3841e-02 1.0 0.00e+00 0.0 0.0e+00 0.0e+00 0.0e+00  0  0  0  0  0   1  0  0  0  0     0       0      0 0.00e+00    0 0.00e+00  0
SFSetGraph             3 1.0 2.5708e-03 1.0 0.00e+00 0.0 0.0e+00 0.0e+00 0.0e+00  0  0  0  0  0   0  0  0  0  0     0       0      0 0.00e+00    0 0.00e+00  0
SFSetUp                1 1.0 1.5053e-03 1.0 0.00e+00 0.0 0.0e+00 0.0e+00 0.0e+00  0  0  0  0  0   0  0  0  0  0     0       0      0 0.00e+00    0 0.00e+00  0
SFBcastBegin           1 1.0 5.4225e-05 1.0 0.00e+00 0.0 0.0e+00 0.0e+00 0.0e+00  0  0  0  0  0   0  0  0  0  0     0       0      0 0.00e+00    0 0.00e+00  0
SFBcastEnd             1 1.0 3.0960e-06 1.0 0.00e+00 0.0 0.0e+00 0.0e+00 0.0e+00  0  0  0  0  0   0  0  0  0  0     0       0      0 0.00e+00    0 0.00e+00  0
SFPack                 1 1.0 1.8000e-07 1.0 0.00e+00 0.0 0.0e+00 0.0e+00 0.0e+00  0  0  0  0  0   0  0  0  0  0     0       0      0 0.00e+00    0 0.00e+00  0
SFUnpack               1 1.0 2.8000e-07 1.0 0.00e+00 0.0 0.0e+00 0.0e+00 0.0e+00  0  0  0  0  0   0  0  0  0  0     0       0      0 0.00e+00    0 0.00e+00  0
VecMDot                5 1.0 1.5697e-02 1.0 2.95e+06 1.0 0.0e+00 0.0e+00 0.0e+00  0  0  0  0  0   0  3  0  0  0   188       0      0 0.00e+00    6 8.00e-05 100
VecNorm                6 1.0 1.3344e-02 1.0 1.18e+06 1.0 0.0e+00 0.0e+00 0.0e+00  0  0  0  0  0   0  1  0  0  0    88       0      0 0.00e+00    0 0.00e+00 100
VecScale               6 1.0 1.5044e-04 1.0 5.90e+05 1.0 0.0e+00 0.0e+00 0.0e+00  0  0  0  0  0   0  1  0  0  0  3921       0      0 0.00e+00    0 0.00e+00 100
VecCopy                1 1.0 7.3262e-05 1.0 0.00e+00 0.0 0.0e+00 0.0e+00 0.0e+00  0  0  0  0  0   0  0  0  0  0     0       0      0 0.00e+00    0 0.00e+00  0
VecSet                 8 1.0 2.3745e-04 1.0 0.00e+00 0.0 0.0e+00 0.0e+00 0.0e+00  0  0  0  0  0   0  0  0  0  0     0       0      0 0.00e+00    0 0.00e+00  0
VecAXPY                9 1.0 1.7897e-04 1.0 1.77e+06 1.0 0.0e+00 0.0e+00 0.0e+00  0  0  0  0  0   0  2  0  0  0  9887       0      0 0.00e+00    0 0.00e+00 100
VecNormalize           6 1.0 1.3513e-02 1.0 1.77e+06 1.0 0.0e+00 0.0e+00 0.0e+00  0  0  0  0  0   0  2  0  0  0   131       0      0 0.00e+00    0 0.00e+00 100
DualSpaceSetUp         6 1.0 1.3699e-02 1.0 2.16e+03 1.0 0.0e+00 0.0e+00 0.0e+00  0  0  0  0  0   0  0  0  0  0     0       0      0 0.00e+00    0 0.00e+00  0
FESetUp                6 1.0 4.6022e-04 1.0 0.00e+00 0.0 0.0e+00 0.0e+00 0.0e+00  0  0  0  0  0   0  0  0  0  0     0       0      0 0.00e+00    0 0.00e+00  0
MatMult           215622 1.0 3.0591e-02 1.0 5.17e+06 1.0 0.0e+00 0.0e+00 0.0e+00  0  0  0  0  0   1  5  0  0  0   169       0      0 0.00e+00    0 0.00e+00  0
MatAssemblyBegin      49 1.0 7.3930e-06 1.0 0.00e+00 0.0 0.0e+00 0.0e+00 0.0e+00  0  0  0  0  0   0  0  0  0  0     0       0      0 0.00e+00    0 0.00e+00  0
MatAssemblyEnd        49 1.0 6.8172e-03 1.0 0.00e+00 0.0 0.0e+00 0.0e+00 0.0e+00  0  0  0  0  0   0  0  0  0  0     0       0      0 0.00e+00    0 0.00e+00  0
MatSetPreallCOO       30 1.0 7.2067e-05 1.0 0.00e+00 0.0 0.0e+00 0.0e+00 0.0e+00  0  0  0  0  0   0  0  0  0  0     0       0      0 0.00e+00    0 0.00e+00  0
MatSetValuesCOO       30 1.0 4.2148e-05 1.0 0.00e+00 0.0 0.0e+00 0.0e+00 0.0e+00  0  0  0  0  0   0  0  0  0  0     0       0      0 0.00e+00    0 0.00e+00  0
DCtxCreate             1 1.0 1.2945e-05 1.0 0.00e+00 0.0 0.0e+00 0.0e+00 0.0e+00  0  0  0  0  0   0  0  0  0  0     0       0      0 0.00e+00    0 0.00e+00  0
DCtxSetUp              1 1.0 9.2480e-06 1.0 0.00e+00 0.0 0.0e+00 0.0e+00 0.0e+00  0  0  0  0  0   0  0  0  0  0     0       0      0 0.00e+00    0 0.00e+00  0
DCtxSetDevice          1 1.0 1.5019e-05 1.0 0.00e+00 0.0 0.0e+00 0.0e+00 0.0e+00  0  0  0  0  0   0  0  0  0  0     0       0      0 0.00e+00    0 0.00e+00  0

--- Event Stage 2: Solve 0

DMPlexResidualFE       1 1.0 5.9423e-01 1.0 3.23e+08 1.0 0.0e+00 0.0e+00 0.0e+00  4  9  0  0  0  40 20  0  0  0   544       0      0 0.00e+00    2 1.89e+00  0
SFBcastBegin           1 1.0 3.1871e-05 1.0 0.00e+00 0.0 0.0e+00 0.0e+00 0.0e+00  0  0  0  0  0   0  0  0  0  0     0       0      0 0.00e+00    0 0.00e+00  0
SFBcastEnd             1 1.0 1.0820e-06 1.0 0.00e+00 0.0 0.0e+00 0.0e+00 0.0e+00  0  0  0  0  0   0  0  0  0  0     0       0      0 0.00e+00    0 0.00e+00  0
SFReduceBegin          1 1.0 1.3208e-04 1.0 0.00e+00 0.0 0.0e+00 0.0e+00 0.0e+00  0  0  0  0  0   0  0  0  0  0     0       0      0 0.00e+00    0 0.00e+00  0
SFReduceEnd            1 1.0 1.5030e-06 1.0 0.00e+00 0.0 0.0e+00 0.0e+00 0.0e+00  0  0  0  0  0   0  0  0  0  0     0       0      0 0.00e+00    0 0.00e+00  0
SFPack                 2 1.0 4.1000e-07 1.0 0.00e+00 0.0 0.0e+00 0.0e+00 0.0e+00  0  0  0  0  0   0  0  0  0  0     0       0      0 0.00e+00    0 0.00e+00  0
SFUnpack               2 1.0 5.8000e-07 1.0 0.00e+00 0.0 0.0e+00 0.0e+00 0.0e+00  0  0  0  0  0   0  0  0  0  0     0       0      0 0.00e+00    0 0.00e+00  0
VecTDot              330 1.0 1.1266e-02 1.0 1.34e+07 1.0 0.0e+00 0.0e+00 0.0e+00  0  0  0  0  0   1  1  0  0  0  1194       0      0 0.00e+00    0 0.00e+00 100
VecNorm              117 1.0 6.1191e-03 1.0 4.24e+06 1.0 0.0e+00 0.0e+00 0.0e+00  0  0  0  0  0   0  0  0  0  0   693       0      0 0.00e+00    0 0.00e+00 100
VecCopy              144 1.0 7.1420e-04 1.0 0.00e+00 0.0 0.0e+00 0.0e+00 0.0e+00  0  0  0  0  0   0  0  0  0  0     0       0      0 0.00e+00    0 0.00e+00  0
VecSet                57 1.0 2.5372e-04 1.0 0.00e+00 0.0 0.0e+00 0.0e+00 0.0e+00  0  0  0  0  0   0  0  0  0  0     0       0      0 0.00e+00    0 0.00e+00  0
VecAXPY              288 1.0 8.7842e-04 1.0 1.22e+07 1.0 0.0e+00 0.0e+00 0.0e+00  0  0  0  0  0   0  1  0  0  0 13894       0      0 0.00e+00    0 0.00e+00 100
VecAYPX              341 1.0 2.7063e-03 1.0 1.65e+07 1.0 0.0e+00 0.0e+00 0.0e+00  0  0  0  0  0   0  1  0  0  0  6083       0      0 0.00e+00    0 0.00e+00 100
VecAXPBYCZ            72 1.0 7.1905e-04 1.0 9.31e+06 1.0 0.0e+00 0.0e+00 0.0e+00  0  0  0  0  0   0  1  0  0  0 12941       0      0 0.00e+00    0 0.00e+00 100
VecPointwiseMult     107 1.0 4.6821e-04 1.0 1.14e+06 1.0 0.0e+00 0.0e+00 0.0e+00  0  0  0  0  0   0  0  0  0  0  2430       0      0 0.00e+00    0 0.00e+00 100
VecReciprocal         13 1.0 1.0409e-04 1.0 0.00e+00 0.0 0.0e+00 0.0e+00 0.0e+00  0  0  0  0  0   0  0  0  0  0     0       0      0 0.00e+00    0 0.00e+00  0
MatMult             6433 1.0 8.5659e-03 1.0 1.09e+09 1.0 0.0e+00 0.0e+00 0.0e+00  0 31  0  0  0   1 68  0  0  0 127468       0      0 0.00e+00    0 0.00e+00 100
MatMultAdd            36 1.0 4.0860e-04 1.0 4.50e+07 1.0 0.0e+00 0.0e+00 0.0e+00  0  1  0  0  0   0  3  0  0  0 110240       0      0 0.00e+00    0 0.00e+00 100
MatMultTranspose      36 1.0 3.4887e-04 1.0 4.50e+07 1.0 0.0e+00 0.0e+00 0.0e+00  0  1  0  0  0   0  3  0  0  0 129113       0      0 0.00e+00    0 0.00e+00 100
MatScale              12 1.0 2.6973e-04 1.0 6.73e+06 1.0 0.0e+00 0.0e+00 0.0e+00  0  0  0  0  0   0  0  0  0  0 24934       0      0 0.00e+00    0 0.00e+00 100
MatResidual           36 1.0 5.3197e-04 1.0 1.56e+08 1.0 0.0e+00 0.0e+00 0.0e+00  0  4  0  0  0   0 10  0  0  0 292672       0      0 0.00e+00    0 0.00e+00 100
MatAssemblyBegin      30 1.0 6.5890e-06 1.0 0.00e+00 0.0 0.0e+00 0.0e+00 0.0e+00  0  0  0  0  0   0  0  0  0  0     0       0      0 0.00e+00    0 0.00e+00  0
MatAssemblyEnd        30 1.0 1.7778e-02 1.0 0.00e+00 0.0 0.0e+00 0.0e+00 0.0e+00  0  0  0  0  0   1  0  0  0  0     0       0      0 0.00e+00    0 0.00e+00  0
MatSetValues       35313 1.0 1.6353e-02 1.0 0.00e+00 0.0 0.0e+00 0.0e+00 0.0e+00  0  0  0  0  0   1  0  0  0  0     0       0      0 0.00e+00    0 0.00e+00  0
MatGetValues       33616 1.0 6.4480e-02 1.0 0.00e+00 0.0 0.0e+00 0.0e+00 0.0e+00  0  0  0  0  0   4  0  0  0  0     0       0      0 0.00e+00    0 0.00e+00  0
MatGetRow         137080 1.0 1.8879e-01 1.0 0.00e+00 0.0 0.0e+00 0.0e+00 0.0e+00  1  0  0  0  0  13  0  0  0  0     0       0      0 0.00e+00   10 1.55e+01  0
MatCoarsen             4 1.0 4.4593e-03 1.0 0.00e+00 0.0 0.0e+00 0.0e+00 0.0e+00  0  0  0  0  0   0  0  0  0  0     0       0      3 6.78e-03    3 6.78e-03  0
MatAXPY                4 1.0 7.0796e-05 1.0 1.24e+06 1.0 0.0e+00 0.0e+00 0.0e+00  0  0  0  0  0   0  0  0  0  0 17525       0      0 0.00e+00    0 0.00e+00 100
MatTranspose           3 1.0 9.1898e-04 1.0 0.00e+00 0.0 0.0e+00 0.0e+00 0.0e+00  0  0  0  0  0   0  0  0  0  0     0       0      3 6.78e-03    0 0.00e+00  0
MatMatMultSym          4 1.0 2.8793e-02 1.0 0.00e+00 0.0 0.0e+00 0.0e+00 0.0e+00  0  0  0  0  0   2  0  0  0  0     0       0      4 4.96e+00    0 0.00e+00  0
MatMatMultNum          4 1.0 5.0990e-06 1.0 0.00e+00 0.0 0.0e+00 0.0e+00 0.0e+00  0  0  0  0  0   0  0  0  0  0     0       0      0 0.00e+00    0 0.00e+00  0
MatPtAPSymbolic        4 1.0 2.0083e-01 1.0 0.00e+00 0.0 0.0e+00 0.0e+00 0.0e+00  1  0  0  0  0  13  0  0  0  0     0       0      0 0.00e+00    0 0.00e+00  0
MatPtAPNumeric         4 1.0 6.4020e-06 1.0 0.00e+00 0.0 0.0e+00 0.0e+00 0.0e+00  0  0  0  0  0   0  0  0  0  0     0       0      0 0.00e+00    0 0.00e+00  0
MatTrnMatMultSym       1 1.0 2.9366e-02 1.0 0.00e+00 0.0 0.0e+00 0.0e+00 0.0e+00  0  0  0  0  0   2  0  0  0  0     0       0      0 0.00e+00    0 0.00e+00  0
MatCreateGraph         4 1.0 2.2010e-01 1.0 1.72e+06 1.0 0.0e+00 0.0e+00 0.0e+00  1  0  0  0  0  15  0  0  0  0     8       0      4 6.88e+00    7 8.84e+00 100
KSPSetUp               1 1.0 3.0817e-03 1.0 0.00e+00 0.0 0.0e+00 0.0e+00 0.0e+00  0  0  0  0  0   0  0  0  0  0     0       0      0 0.00e+00    0 0.00e+00  0
KSPSolve               1 1.0 1.6860e-02 1.0 8.95e+08 1.0 0.0e+00 0.0e+00 0.0e+00  0 26  0  0  0   1 56  0  0  0 53079       0      0 0.00e+00    0 0.00e+00 100
SNESSolve              1 1.0 1.4907e+00 1.0 1.60e+09 1.0 0.0e+00 0.0e+00 0.0e+00  9 46  0  0  0 100 100  0  0  0  1075       0     14 7.35e+01   23 2.33e+01 80
SNESSetUp              1 1.0 1.0871e-04 1.0 0.00e+00 0.0 0.0e+00 0.0e+00 0.0e+00  0  0  0  0  0   0  0  0  0  0     0       0      0 0.00e+00    0 0.00e+00  0
SNESFunctionEval       1 1.0 8.1497e-01 1.0 3.26e+08 1.0 0.0e+00 0.0e+00 0.0e+00  5  9  0  0  0  55 20  0  0  0   400       0      2 1.89e+00    3 2.83e+00  0
PCSetUp_GAMG+          1 1.0 6.5575e-01 1.0 3.82e+08 1.0 0.0e+00 0.0e+00 0.0e+00  4 11  0  0  0  44 24  0  0  0   582       0     12 7.17e+01   20 2.04e+01 100
 PCGAMGCreateG         4 1.0 2.2011e-01 1.0 1.72e+06 1.0 0.0e+00 0.0e+00 0.0e+00  1  0  0  0  0  15  0  0  0  0     8       0      4 6.88e+00    7 8.84e+00 100
 GAMG Coarsen          8 1.0 7.0743e-02 1.0 0.00e+00 0.0 0.0e+00 0.0e+00 0.0e+00  0  0  0  0  0   5  0  0  0  0     0       0      3 6.78e-03    7 6.89e+00  0
  GAMG MIS/Agg         4 1.0 3.4342e-02 1.0 0.00e+00 0.0 0.0e+00 0.0e+00 0.0e+00  0  0  0  0  0   2  0  0  0  0     0       0      3 6.78e-03    3 6.78e-03  0
 PCGAMGProl            4 1.0 1.4637e-02 1.0 0.00e+00 0.0 0.0e+00 0.0e+00 0.0e+00  0  0  0  0  0   1  0  0  0  0     0       0      0 0.00e+00    0 0.00e+00  0
  GAMG Prol-col        4 1.0 2.1310e-05 1.0 0.00e+00 0.0 0.0e+00 0.0e+00 0.0e+00  0  0  0  0  0   0  0  0  0  0     0       0      0 0.00e+00    0 0.00e+00  0
  GAMG Prol-lift       4 1.0 1.4240e-02 1.0 0.00e+00 0.0 0.0e+00 0.0e+00 0.0e+00  0  0  0  0  0   1  0  0  0  0     0       0      0 0.00e+00    0 0.00e+00  0
 PCGAMGOptProl         4 1.0 6.0891e-02 1.0 1.89e+08 1.0 0.0e+00 0.0e+00 0.0e+00  0  5  0  0  0   4 12  0  0  0  3105       0      5 6.48e+01    0 0.00e+00 100
  GAMG smooth          4 1.0 4.4107e-02 1.0 6.25e+06 1.0 0.0e+00 0.0e+00 0.0e+00  0  0  0  0  0   3  0  0  0  0   142       0      4 4.96e+00    0 0.00e+00 100
 PCGAMGCreateL         4 1.0 2.0089e-01 1.0 0.00e+00 0.0 0.0e+00 0.0e+00 0.0e+00  1  0  0  0  0  13  0  0  0  0     0       0      0 0.00e+00    0 0.00e+00  0
  GAMG PtAP            4 1.0 2.0088e-01 1.0 0.00e+00 0.0 0.0e+00 0.0e+00 0.0e+00  1  0  0  0  0  13  0  0  0  0     0       0      0 0.00e+00    0 0.00e+00  0
PCGAMG Squ l00         1 1.0 2.9370e-02 1.0 0.00e+00 0.0 0.0e+00 0.0e+00 0.0e+00  0  0  0  0  0   2  0  0  0  0     0       0      0 0.00e+00    0 0.00e+00  0
PCGAMG Gal l00         1 1.0 1.7018e-01 1.0 0.00e+00 0.0 0.0e+00 0.0e+00 0.0e+00  1  0  0  0  0  11  0  0  0  0     0       0      0 0.00e+00    0 0.00e+00  0
PCGAMG Opt l00         1 1.0 2.2867e-02 1.0 0.00e+00 0.0 0.0e+00 0.0e+00 0.0e+00  0  0  0  0  0   2  0  0  0  0     0       0      1 4.72e+00    0 0.00e+00  0
PCGAMG Gal l01         1 1.0 2.6312e-02 1.0 0.00e+00 0.0 0.0e+00 0.0e+00 0.0e+00  0  0  0  0  0   2  0  0  0  0     0       0      0 0.00e+00    0 0.00e+00  0
PCGAMG Opt l01         1 1.0 4.0169e-03 1.0 0.00e+00 0.0 0.0e+00 0.0e+00 0.0e+00  0  0  0  0  0   0  0  0  0  0     0       0      1 2.24e-01    0 0.00e+00  0
PCGAMG Gal l02         1 1.0 3.1596e-03 1.0 0.00e+00 0.0 0.0e+00 0.0e+00 0.0e+00  0  0  0  0  0   0  0  0  0  0     0       0      0 0.00e+00    0 0.00e+00  0
PCGAMG Opt l02         1 1.0 1.3600e-03 1.0 0.00e+00 0.0 0.0e+00 0.0e+00 0.0e+00  0  0  0  0  0   0  0  0  0  0     0       0      1 1.90e-02    0 0.00e+00  0
PCGAMG Gal l03         1 1.0 1.2247e-03 1.0 0.00e+00 0.0 0.0e+00 0.0e+00 0.0e+00  0  0  0  0  0   0  0  0  0  0     0       0      0 0.00e+00    0 0.00e+00  0
PCGAMG Opt l03         1 1.0 5.9335e-04 1.0 0.00e+00 0.0 0.0e+00 0.0e+00 0.0e+00  0  0  0  0  0   0  0  0  0  0     0       0      1 1.44e-03    0 0.00e+00  0
PCSetUp                1 1.0 6.5576e-01 1.0 3.82e+08 1.0 0.0e+00 0.0e+00 0.0e+00  4 11  0  0  0  44 24  0  0  0   582       0     12 7.17e+01   20 2.04e+01 100
PCApply                9 1.0 1.3215e-02 1.0 7.49e+08 1.0 0.0e+00 0.0e+00 0.0e+00  0 22  0  0  0   1 47  0  0  0 56704       0      0 0.00e+00    0 0.00e+00 100

--- Event Stage 3: Hot Solve

DMPlexResidualFE       1 1.0 5.9604e-01 1.0 3.23e+08 1.0 0.0e+00 0.0e+00 0.0e+00  4  9  0  0  0  71 23  0  0  0   543       0      0 0.00e+00    2 1.89e+00  0
SFBcastBegin           1 1.0 1.8665e-05 1.0 0.00e+00 0.0 0.0e+00 0.0e+00 0.0e+00  0  0  0  0  0   0  0  0  0  0     0       0      0 0.00e+00    0 0.00e+00  0
SFBcastEnd             1 1.0 1.5530e-06 1.0 0.00e+00 0.0 0.0e+00 0.0e+00 0.0e+00  0  0  0  0  0   0  0  0  0  0     0       0      0 0.00e+00    0 0.00e+00  0
SFReduceBegin          1 1.0 1.5891e-05 1.0 0.00e+00 0.0 0.0e+00 0.0e+00 0.0e+00  0  0  0  0  0   0  0  0  0  0     0       0      0 0.00e+00    0 0.00e+00  0
SFReduceEnd            1 1.0 1.1620e-06 1.0 0.00e+00 0.0 0.0e+00 0.0e+00 0.0e+00  0  0  0  0  0   0  0  0  0  0     0       0      0 0.00e+00    0 0.00e+00  0
SFPack                 2 1.0 3.7200e-07 1.0 0.00e+00 0.0 0.0e+00 0.0e+00 0.0e+00  0  0  0  0  0   0  0  0  0  0     0       0      0 0.00e+00    0 0.00e+00  0
SFUnpack               2 1.0 5.8100e-07 1.0 0.00e+00 0.0 0.0e+00 0.0e+00 0.0e+00  0  0  0  0  0   0  0  0  0  0     0       0      0 0.00e+00    0 0.00e+00  0
VecTDot              238 1.0 8.1384e-03 1.0 8.69e+06 1.0 0.0e+00 0.0e+00 0.0e+00  0  0  0  0  0   1  1  0  0  0  1068       0      0 0.00e+00    0 0.00e+00 100
VecNorm              117 1.0 6.1994e-03 1.0 4.24e+06 1.0 0.0e+00 0.0e+00 0.0e+00  0  0  0  0  0   1  0  0  0  0   684       0      0 0.00e+00    0 0.00e+00 100
VecCopy              136 1.0 6.6486e-04 1.0 0.00e+00 0.0 0.0e+00 0.0e+00 0.0e+00  0  0  0  0  0   0  0  0  0  0     0       0      0 0.00e+00    0 0.00e+00  0
VecSet                53 1.0 2.1011e-04 1.0 0.00e+00 0.0 0.0e+00 0.0e+00 0.0e+00  0  0  0  0  0   0  0  0  0  0     0       0      0 0.00e+00    0 0.00e+00  0
VecAXPY              208 1.0 6.0971e-04 1.0 8.07e+06 1.0 0.0e+00 0.0e+00 0.0e+00  0  0  0  0  0   0  1  0  0  0 13234       0      0 0.00e+00    0 0.00e+00 100
VecAYPX              305 1.0 1.1975e-03 1.0 1.46e+07 1.0 0.0e+00 0.0e+00 0.0e+00  0  0  0  0  0   0  1  0  0  0 12193       0      0 0.00e+00    0 0.00e+00 100
VecAXPBYCZ            72 1.0 2.5899e-04 1.0 9.31e+06 1.0 0.0e+00 0.0e+00 0.0e+00  0  0  0  0  0   0  1  0  0  0 35929       0      0 0.00e+00    0 0.00e+00 100
VecPointwiseMult      63 1.0 2.4982e-04 1.0 3.78e+02 1.0 0.0e+00 0.0e+00 0.0e+00  0  0  0  0  0   0  0  0  0  0     2       0      0 0.00e+00    0 0.00e+00 100
VecReciprocal          1 1.0 5.7010e-06 1.0 0.00e+00 0.0 0.0e+00 0.0e+00 0.0e+00  0  0  0  0  0   0  0  0  0  0     0       0      0 0.00e+00    0 0.00e+00  0
MatMult             6393 1.0 3.8467e-03 1.0 9.21e+08 1.0 0.0e+00 0.0e+00 0.0e+00  0 26  0  0  0   0 65  0  0  0 239416       0      0 0.00e+00    0 0.00e+00 100
MatMultAdd            36 1.0 4.0921e-04 1.0 4.50e+07 1.0 0.0e+00 0.0e+00 0.0e+00  0  1  0  0  0   0  3  0  0  0 110076       0      0 0.00e+00    0 0.00e+00 100
MatMultTranspose      36 1.0 3.4583e-04 1.0 4.50e+07 1.0 0.0e+00 0.0e+00 0.0e+00  0  1  0  0  0   0  3  0  0  0 130252       0      0 0.00e+00    0 0.00e+00 100
MatResidual           36 1.0 5.2593e-04 1.0 1.56e+08 1.0 0.0e+00 0.0e+00 0.0e+00  0  4  0  0  0   0 11  0  0  0 296034       0      0 0.00e+00    0 0.00e+00 100
MatPtAPNumeric         4 1.0 5.6420e-03 1.0 0.00e+00 0.0 0.0e+00 0.0e+00 0.0e+00  0  0  0  0  0   1  0  0  0  0     0       0      0 0.00e+00    0 0.00e+00  0
KSPSetUp               1 1.0 4.5100e-07 1.0 0.00e+00 0.0 0.0e+00 0.0e+00 0.0e+00  0  0  0  0  0   0  0  0  0  0     0       0      0 0.00e+00    0 0.00e+00  0
KSPSolve               1 1.0 1.6344e-02 1.0 8.95e+08 1.0 0.0e+00 0.0e+00 0.0e+00  0 26  0  0  0   2 63  0  0  0 54753       0      0 0.00e+00    0 0.00e+00 100
SNESSolve              1 1.0 8.4408e-01 1.0 1.41e+09 1.0 0.0e+00 0.0e+00 0.0e+00  5 41  0  0  0 100 100  0  0  0  1673       0      6 4.49e+00    3 2.83e+00 77
SNESFunctionEval       1 1.0 8.1477e-01 1.0 3.26e+08 1.0 0.0e+00 0.0e+00 0.0e+00  5  9  0  0  0  97 23  0  0  0   400       0      2 1.89e+00    3 2.83e+00  0
PCSetUp_GAMG+          1 1.0 1.2898e-02 1.0 1.91e+08 1.0 0.0e+00 0.0e+00 0.0e+00  0  5  0  0  0   2 14  0  0  0 14817       0      4 2.60e+00    0 0.00e+00 100
PCGAMG Gal l00         1 1.0 2.2952e-03 1.0 0.00e+00 0.0 0.0e+00 0.0e+00 0.0e+00  0  0  0  0  0   0  0  0  0  0     0       0      0 0.00e+00    0 0.00e+00  0
PCGAMG Gal l01         1 1.0 2.5882e-03 1.0 0.00e+00 0.0 0.0e+00 0.0e+00 0.0e+00  0  0  0  0  0   0  0  0  0  0     0       0      0 0.00e+00    0 0.00e+00  0
PCGAMG Gal l02         1 1.0 6.0710e-04 1.0 0.00e+00 0.0 0.0e+00 0.0e+00 0.0e+00  0  0  0  0  0   0  0  0  0  0     0       0      0 0.00e+00    0 0.00e+00  0
PCGAMG Gal l03         1 1.0 1.5870e-04 1.0 0.00e+00 0.0 0.0e+00 0.0e+00 0.0e+00  0  0  0  0  0   0  0  0  0  0     0       0      0 0.00e+00    0 0.00e+00  0
PCSetUp                1 1.0 1.2903e-02 1.0 1.91e+08 1.0 0.0e+00 0.0e+00 0.0e+00  0  5  0  0  0   2 14  0  0  0 14812       0      4 2.60e+00    0 0.00e+00 100
PCApply                9 1.0 1.2718e-02 1.0 7.49e+08 1.0 0.0e+00 0.0e+00 0.0e+00  0 22  0  0  0   2 53  0  0  0 58920       0      0 0.00e+00    0 0.00e+00 100
---------------------------------------------------------------------------------------------------------------------------------------------------------------

Object Type          Creations   Destructions. Reports information only for process 0.

--- Event Stage 0: Main Stage

           Container     2             31
    Distributed Mesh     0             39
            DM Label     0             57
          Quadrature     1            133
           Index Set    25            129
   IS L to G Mapping     0             97
             Section     0            114
   Star Forest Graph     0             63
     Discrete System     0             39
           Weak Form     0             40
    GraphPartitioner     0             15
              Vector     1             74
        Linear Space     0              6
          Dual Space     0             16
            FE Space     0              4
              Matrix     0             35
      Matrix Coarsen     0              1
   Matrix Null Space     0              1
                SNES     0              1
              DMSNES     0              1
       Krylov Solver     0             10
     DMKSP interface     0              1
       Field over DM     1              1
      Preconditioner     0              6
              Viewer     0              1

--- Event Stage 1: Mesh Setup

           Container    86             57
    Distributed Mesh   116             80
            DM Label   279            222
          Quadrature   348            216
           Index Set  1267           1163
   IS L to G Mapping   289            192
             Section   364            250
   Star Forest Graph   287            230
     Discrete System   170            134
           Weak Form   172            135
    GraphPartitioner    52             37
              Vector    75             49
        Linear Space    12              6
          Dual Space    60             44
            FE Space     6              2
              Matrix   139            120
   Matrix Null Space     1              0
  PetscDeviceContext     1              0
                SNES     1              0
              DMSNES     1              0
       Krylov Solver     1              0
       Field over DM     1              1
      Preconditioner     1              0
              Viewer     1              0

--- Event Stage 2: Solve 0

    Distributed Mesh     3              0
          Quadrature     1              1
           Index Set    36             36
   Star Forest Graph     6              0
     Discrete System     3              0
           Weak Form     3              0
              Vector    87             40
              Matrix    34             18
      Matrix Coarsen     4              3
       Krylov Solver    13              4
     DMKSP interface     1              0
      Preconditioner    13              8
         PetscRandom     4              4

--- Event Stage 3: Hot Solve

          Quadrature     1              1
           Index Set    31             31
              Vector    12             12
========================================================================================================================
Average time to get PetscTime(): 3.1e-08
#PETSc Option Table entries:
-dm_mat_type aijkokkos # (source: command line)
-dm_plex_box_faces 33,33,33 # (source: command line)
-dm_plex_box_lower 0,0,0 # (source: command line)
-dm_plex_box_upper 1,1,1 # (source: command line)
-dm_plex_dim 3 # (source: command line)
-dm_plex_simplex 0 # (source: command line)
-dm_vec_type kokkos # (source: command line)
-ksp_converged_reason # (source: command line)
-ksp_norm_type unpreconditioned # (source: command line)
-ksp_rtol 1e-6 # (source: command line)
-ksp_type cg # (source: command line)
-log_view # (source: command line)
-max_conv_its 1 # (source: command line)
-mg_coarse_ksp_type cg # (source: command line)
-mg_coarse_pc_type jacobi # (source: command line)
-mg_levels_ksp_type chebyshev # (source: command line)
-mg_levels_pc_type pbjacobi # (source: command line)
-my_mat_view ::ascii_info # (source: command line)
-n_solves 2 # (source: command line)
-pc_gamg_agg_nsmooths 1 # (source: command line)
-pc_gamg_coarse_eq_limit 20 # (source: command line)
-pc_gamg_parallel_coarse_grid_solver # (source: command line)
-pc_gamg_reuse_interpolation true # (source: command line)
-pc_gamg_type agg # (source: command line)
-pc_type gamg # (source: command line)
-petscpartitioner_type simple # (source: command line)
-petscspace_degree 1 # (source: command line)
-run_type 1 # (source: command line)
-snes_lag_jacobian -2 # (source: command line)
-snes_type ksponly # (source: command line)
-use_mat_nearnullspace true # (source: command line)
#End of PETSc Option Table entries
Compiled without FORTRAN kernels
Compiled with full precision matrices (default)
sizeof(short) 2 sizeof(int) 4 sizeof(long) 8 sizeof(void*) 8 sizeof(PetscScalar) 8 sizeof(PetscInt) 4
Configure options: --with-make-np=8 --with-mpiexec="srun -G4 --gpu-bind=none" --with-batch=0 --download-triangle=1 --with-cc=cc --with-cxx=CC --with-fc=0 --with-debugging=0 --with-cuda=1 --with-cuda-arch=80 --download-kokkos --download-kokkos-kernels PETSC_ARCH=arch-perlmutter-opt-gcc-kokkos-cuda
-----------------------------------------
Libraries compiled on 2026-06-19 13:41:00 on login10
Machine characteristics: Linux-6.4.0-150600.23.103_15.0.24-cray_shasta_c-x86_64-with-glibc2.3.4
Using PETSc directory: /global/u2/m/madams/petsc
Using PETSc arch: arch-perlmutter-opt-gcc-kokkos-cuda
-----------------------------------------

Using C compiler: cc  -fPIC -Wall -Wwrite-strings -Wno-unknown-pragmas -Wno-lto-type-mismatch -Wno-stringop-overflow -fstack-protector -fvisibility=hidden -g -O 
-----------------------------------------

Using include paths: -I/global/u2/m/madams/petsc/include -I/global/u2/m/madams/petsc/arch-perlmutter-opt-gcc-kokkos-cuda/include -I/opt/nvidia/hpc_sdk/Linux_x86_64/25.5/cuda/12.9/include -I/opt/nvidia/hpc_sdk/Linux_x86_64/25.5/math_libs/12.9/include
-----------------------------------------

Using C linker: cc
Using libraries: -Wl,-rpath,/global/u2/m/madams/petsc/arch-perlmutter-opt-gcc-kokkos-cuda/lib -L/global/u2/m/madams/petsc/arch-perlmutter-opt-gcc-kokkos-cuda/lib -lpetsc -Wl,-rpath,/global/u2/m/madams/petsc/arch-perlmutter-opt-gcc-kokkos-cuda/lib -L/global/u2/m/madams/petsc/arch-perlmutter-opt-gcc-kokkos-cuda/lib -Wl,-rpath,/opt/nvidia/hpc_sdk/Linux_x86_64/25.5/cuda/12.9/lib64 -L/opt/nvidia/hpc_sdk/Linux_x86_64/25.5/cuda/12.9/lib64 -Wl,-rpath,/opt/nvidia/hpc_sdk/Linux_x86_64/25.5/math_libs/12.9/lib64 -L/opt/nvidia/hpc_sdk/Linux_x86_64/25.5/math_libs/12.9/lib64 -L/opt/nvidia/hpc_sdk/Linux_x86_64/25.5/cuda/12.9/lib64/stubs -lkokkoskernels -lkokkoscontainers -lkokkoscore -lkokkossimd -ltriangle -lcudart -lnvtx3interop -lcufft -lcublas -lcusparse -lcusolver -lcurand -lcuda -lnvidia-ml -lX11 -lstdc++ -lquadmath
-----------------------------------------

