Mat Object: 8 MPI processes
  type: mpibaijkokkos
  rows=786432, cols=786432, bs=3
  total: nonzeros=61731000, allocated nonzeros=61731000
  total number of mallocs used during MatSetValues calls=0
    Linear solve converged due to CONVERGED_RTOL iterations 10
    Linear solve converged due to CONVERGED_RTOL iterations 10
[0] 0) N=      786432, max displ=5.9691657e+01, error=6.210e-02
****************************************************************************************************************************************************************
***                                WIDEN YOUR WINDOW TO 160 CHARACTERS.  Use 'enscript -r -fCourier9' to print this document                                 ***
****************************************************************************************************************************************************************

------------------------------------------------------------------ PETSc Performance Summary: ------------------------------------------------------------------

/global/homes/m/madams/petsc/src/snes/tutorials/ex56 on a arch-perlmutter-opt-gcc-kokkos-cuda named nid001036 with 8 processes and CUDA architecture 80, by madams on Sun Jun 21 14:18:40 2026
Using PETSc Development Git Revision: v3.25.2-320-ga5ba3691813 Git Date: 2026-06-19 09:07:30 -0400

                         Max       Max/Min     Avg       Total
Time (sec):           2.608e+01     1.000   2.608e+01
Objects:              0.000e+00     0.000   0.000e+00
Flops:                3.821e+09     1.153   3.737e+09  2.990e+10
Flops/sec:            1.465e+08     1.153   1.433e+08  1.146e+09
MPI Msg Count:        2.726e+03     2.001   2.127e+03  1.702e+04
MPI Msg Len (bytes):  1.943e+08     2.536   6.317e+04  1.075e+09
MPI Reductions:       2.760e+02     1.000

Flop counting convention: 1 flop = 1 real number operation of type (multiply/divide/add/subtract)
                            e.g., VecAXPY() for real vectors of length N --> 2N flops
                            and VecAXPY() for complex vectors of length N --> 8N flops

Summary of Stages:   ----- Time ------  ----- Flop ------  --- Messages ---  -- Message Lengths --  -- Reductions --
                        Avg     %Total     Avg     %Total    Count   %Total     Avg         %Total    Count   %Total
 0:      Main Stage: 9.8613e+00  37.8%  2.7951e+09   9.3%  6.300e+01   0.4%  1.218e+06        7.1%  6.000e+00   2.2%
 1:      Mesh Setup: 1.2738e+01  48.8%  7.3798e+08   2.5%  7.700e+02   4.5%  5.898e+05       42.2%  5.500e+01  19.9%
 2:         Solve 0: 2.6159e+00  10.0%  1.3971e+10  46.7%  1.142e+04  67.1%  3.379e+04       35.9%  1.980e+02  71.7%
 3:       Hot Solve: 8.6770e-01   3.3%  1.2393e+10  41.5%  4.762e+03  28.0%  3.323e+04       14.7%  0.000e+00   0.0%

------------------------------------------------------------------------------------------------------------------------
See the 'Profiling' chapter of the users' manual for details on interpreting output.
Phase summary info:
   Count: number of times phase was executed
   Time and Flop: Max - maximum over all processes
                  Ratio - ratio of maximum to minimum over all processes
   Mess: number of messages sent
   AvgLen: average message length (bytes)
   Reduct: number of global reductions
   Global: entire computation
   Stage: stages of a computation. Set stages with PetscLogStagePush() and PetscLogStagePop().
      %T - percent time in this phase         %F - percent flop in this phase
      %M - percent messages in this phase     %L - percent message lengths in this phase
      %R - percent reductions in this phase
   Total Mflop/s: 1e-6 * (sum of flop over all processes)/(max time over all processes)
   GPU Mflop/s: 1e-6 * (sum of flop on GPU over all processes)/(max GPU time over all processes)
   CpuToGpu Count: total number of CPU to GPU copies per processor
   CpuToGpu Size (Mbytes): 1e-6 * (total size of CPU to GPU copies per processor)
   GpuToCpu Count: total number of GPU to CPU copies per processor
   GpuToCpu Size (Mbytes): 1e-6 * (total size of GPU to CPU copies per processor)
   GPU %F: percent flops on GPU in this event
------------------------------------------------------------------------------------------------------------------------
Event                Count      Time (sec)     Flop                              --- Global ---  --- Stage ----  Total   GPU    - CpuToGpu -   - GpuToCpu - GPU
                   Max Ratio  Max     Ratio   Max  Ratio  Mess   AvgLen  Reduct  %T %F %M %L %R  %T %F %M %L %R Mflop/s Mflop/s Count   Size   Count   Size  %F
---------------------------------------------------------------------------------------------------------------------------------------------------------------

--- Event Stage 0: Main Stage

BuildTwoSided          3 1.0 6.0226e-02 62.8 0.00e+00 0.0 2.8e+01 4.0e+00 0.0e+00  0  0  0  0  0   0  0 44  0  0     0       0      0 0.00e+00    0 0.00e+00  0
BuildTwoSidedF         1 1.0 5.8992e-02 109.2 0.00e+00 0.0 1.4e+01 5.4e+06 0.0e+00  0  0  0  7  0   0  0 22 98  0     0       0      0 0.00e+00    0 0.00e+00  0
DMPlexJacobianFE       1 1.0 9.0775e+00 1.0 3.41e+08 1.0 1.4e+01 5.4e+06 0.0e+00 35  9  0  7  0  92 97 22 98  0   300       0      0 0.00e+00    1 9.55e-01  0
SFSetGraph             2 1.0 1.0309e-03 1.2 0.00e+00 0.0 0.0e+00 0.0e+00 0.0e+00  0  0  0  0  0   0  0  0  0  0     0       0      0 0.00e+00    0 0.00e+00  0
SFSetUp                2 1.0 4.4812e-03 1.2 0.00e+00 0.0 4.2e+01 2.5e+04 0.0e+00  0  0  0  0  0   0  0 67  1  0     0       0      0 0.00e+00    0 0.00e+00  0
SFBcastBegin           1 1.0 3.2689e-03 1.2 0.00e+00 0.0 7.0e+00 1.0e+05 0.0e+00  0  0  0  0  0   0  0 11  1  0     0       0      1 3.93e-01    0 0.00e+00  0
SFBcastEnd             1 1.0 3.2580e-03 3.9 0.00e+00 0.0 0.0e+00 0.0e+00 0.0e+00  0  0  0  0  0   0  0  0  0  0     0       0      1 4.37e-02    0 0.00e+00  0
SFPack                 1 1.0 2.5100e-07 1.9 0.00e+00 0.0 0.0e+00 0.0e+00 0.0e+00  0  0  0  0  0   0  0  0  0  0     0       0      0 0.00e+00    0 0.00e+00  0
SFUnpack               1 1.0 6.4113e-05 193.7 0.00e+00 0.0 0.0e+00 0.0e+00 0.0e+00  0  0  0  0  0   0  0  0  0  0     0       0      1 4.37e-02    0 0.00e+00  0
VecNorm                1 1.0 3.0672e-04 1.1 0.00e+00 0.0 0.0e+00 0.0e+00 0.0e+00  0  0  0  0  0   0  0  0  0  0     0       0      0 0.00e+00    0 0.00e+00  0
VecSet                 2 1.0 1.0349e-05 1.2 0.00e+00 0.0 0.0e+00 0.0e+00 0.0e+00  0  0  0  0  0   0  0  0  0  0     0       0      0 0.00e+00    0 0.00e+00  0
DCtxDestroy            1 1.0 2.8064e-05 1.1 0.00e+00 0.0 0.0e+00 0.0e+00 0.0e+00  0  0  0  0  0   0  0  0  0  0     0       0      0 0.00e+00    0 0.00e+00  0
MatMult             6097 3.0 1.0307e-03 3.6 1.46e+05 3.0 0.0e+00 0.0e+00 0.0e+00  0  0  0  0  0   0  0  0  0  0   572       0      0 0.00e+00    0 0.00e+00  0
MatConvert             1 1.0 5.6375e-01 1.1 0.00e+00 0.0 2.8e+01 2.5e+04 3.0e+00  2  0  0  0  1   5  0 44  1 50     0       0      0 0.00e+00    1 4.57e+00  0
MatScale               1 1.0 4.6811e-05 1.4 7.92e+06 1.2 0.0e+00 0.0e+00 0.0e+00  0  0  0  0  0   0  2  0  0  0 1318729       0      0 0.00e+00    0 0.00e+00 100
MatAssemblyBegin       2 1.0 6.0333e-02 1.0 0.00e+00 0.0 1.4e+01 5.4e+06 0.0e+00  0  0  0  7  0   1  0 22 98  0     0       0      0 0.00e+00    0 0.00e+00  0
MatAssemblyEnd         2 1.0 9.5614e-02 1.9 6.60e+05 0.0 2.8e+01 2.5e+04 1.0e+00  0  0  0  0  0   1  0 44  1 17    48       0      0 0.00e+00    1 4.57e+00  0
MatSetValues      914624 1.2 4.0554e-01 1.2 1.77e+07 1.1 0.0e+00 0.0e+00 0.0e+00  2  0  0  0  0   4  5  0  0  0   343       0      0 0.00e+00    0 0.00e+00  0
MatGetRow         199728 1.1 2.8682e-02 1.2 0.00e+00 0.0 0.0e+00 0.0e+00 0.0e+00  0  0  0  0  0   0  0  0  0  0     0       0      0 0.00e+00    0 0.00e+00  0
MatZeroEntries         1 1.0 1.4793e-03 1.3 0.00e+00 0.0 0.0e+00 0.0e+00 0.0e+00  0  0  0  0  0   0  0  0  0  0     0       0      0 0.00e+00    0 0.00e+00  0
MatView                1 1.0 7.6217e-04 12.8 0.00e+00 0.0 0.0e+00 0.0e+00 0.0e+00  0  0  0  0  0   0  0  0  0  0     0       0      0 0.00e+00    0 0.00e+00  0
SNESJacobianEval       1 1.0 9.2729e+00 1.0 3.43e+08 1.0 3.5e+01 2.2e+06 1.0e+00 36  9  0  7  0  94 98 56 99 17   295       0      3 1.39e+00    2 1.91e+00  0

--- Event Stage 1: Mesh Setup

BuildTwoSided         23 1.0 4.0234e-01 32.0 0.00e+00 0.0 1.6e+02 4.0e+00 0.0e+00  0  0  1  0  0   1  0 21  0  0     0       0      0 0.00e+00    0 0.00e+00  0
BuildTwoSidedF         1 1.0 1.9556e-02 166.1 0.00e+00 0.0 0.0e+00 0.0e+00 0.0e+00  0  0  0  0  0   0  0  0  0  0     0       0      0 0.00e+00    0 0.00e+00  0
DMCreateMat            1 1.0 1.8466e+00 1.0 0.00e+00 0.0 1.6e+02 1.1e+06 4.0e+00  7  0  1 16  1  14  0 21 38  7     0       0      0 0.00e+00    0 0.00e+00  0
DMProjectFunc          6 1.0 2.0945e+00 1.0 8.57e+07 1.0 0.0e+00 0.0e+00 1.0e+00  8  2  0  0  0  16 93  0  0  2   327       0      0 0.00e+00    6 5.73e+00  0
DMPlexCrFromOpts       1 1.0 2.4900e-01 1.0 0.00e+00 0.0 0.0e+00 0.0e+00 0.0e+00  1  0  0  0  0   2  0  0  0  0     0       0      0 0.00e+00    0 0.00e+00  0
Mesh Partition         1 1.0 7.7036e-01 1.0 0.00e+00 0.0 3.5e+01 1.2e+06 4.0e+00  3  0  0  4  1   6  0  5  9  7     0       0      0 0.00e+00    0 0.00e+00  0
Mesh Migration         1 1.0 9.6819e-01 1.0 0.00e+00 0.0 2.0e+02 8.9e+05 1.6e+01  4  0  1 17  6   8  0 26 40 29     0       0      0 0.00e+00    0 0.00e+00  0
DMPlexPartSelf         1 1.0 3.2513e-01 33011.5 0.00e+00 0.0 0.0e+00 0.0e+00 0.0e+00  0  0  0  0  0   0  0  0  0  0     0       0      0 0.00e+00    0 0.00e+00  0
DMPlexPartLblInv       1 1.0 3.5010e-01 15.6 0.00e+00 0.0 0.0e+00 0.0e+00 2.0e+00  1  0  0  1  1   2  0  0  2  4     0       0      0 0.00e+00    0 0.00e+00  0
DMPlexPartLblSF        1 1.0 3.7193e-02 1.3 0.00e+00 0.0 1.4e+01 5.9e+05 0.0e+00  0  0  0  1  0   0  0  2  2  0     0       0      0 0.00e+00    0 0.00e+00  0
DMPlexPartStrtSF       1 1.0 3.6330e-01 1.0 0.00e+00 0.0 7.0e+00 2.4e+06 0.0e+00  1  0  0  2  0   3  0  1  4  0     0       0      0 0.00e+00    0 0.00e+00  0
DMPlexPointSF          1 1.0 6.5952e+00 1.0 0.00e+00 0.0 1.4e+01 3.0e+06 0.0e+00 25  0  0  4  0  52  0  2  9  0     0       0      0 0.00e+00    0 0.00e+00  0
DMPlexInterp          36 1.0 2.6260e-03 1.0 0.00e+00 0.0 0.0e+00 0.0e+00 0.0e+00  0  0  0  0  0   0  0  0  0  0     0       0      0 0.00e+00    0 0.00e+00  0
DMPlexDistribute       1 1.0 8.3329e+00 1.0 0.00e+00 0.0 2.5e+02 1.0e+06 2.2e+01 32  0  1 25  8  65  0 33 58 40     0       0      0 0.00e+00    0 0.00e+00  0
DMPlexDistCones        1 1.0 1.1684e-01 1.0 0.00e+00 0.0 4.2e+01 2.1e+06 0.0e+00  0  0  0  8  0   1  0  5 20  0     0       0      0 0.00e+00    0 0.00e+00  0
DMPlexDistLabels       1 1.0 2.9671e-01 1.0 0.00e+00 0.0 1.0e+02 6.4e+05 1.4e+01  1  0  1  6  5   2  0 14 15 25     0       0      0 0.00e+00    0 0.00e+00  0
DMPlexDistField        1 1.0 5.0440e-01 1.0 0.00e+00 0.0 4.9e+01 3.2e+05 0.0e+00  2  0  0  1  0   4  0  6  3  0     0       0      0 0.00e+00    0 0.00e+00  0
DMPlexStratify        53 1.0 2.4178e-01 4.7 0.00e+00 0.0 0.0e+00 0.0e+00 0.0e+00  1  0  0  0  0   2  0  0  0  0     0       0      0 0.00e+00    0 0.00e+00  0
DMPlexSymmetrize      53 1.0 1.2127e-01 11.3 0.00e+00 0.0 0.0e+00 0.0e+00 0.0e+00  0  0  0  0  0   0  0  0  0  0     0       0      0 0.00e+00    0 0.00e+00  0
DMPlexPrealloc         1 1.0 1.8368e+00 1.0 0.00e+00 0.0 1.6e+02 1.1e+06 4.0e+00  7  0  1 16  1  14  0 21 38  7     0       0      0 0.00e+00    0 0.00e+00  0
DMPlexGenerate         1 1.0 2.4895e-01 1.0 0.00e+00 0.0 0.0e+00 0.0e+00 0.0e+00  1  0  0  0  0   2  0  0  0  0     0       0      0 0.00e+00    0 0.00e+00  0
SFSetGraph            27 1.0 2.5532e-02 1.4 0.00e+00 0.0 0.0e+00 0.0e+00 0.0e+00  0  0  0  0  0   0  0  0  0  0     0       0      0 0.00e+00    0 0.00e+00  0
SFSetUp               22 1.0 5.1589e-01 5.9 0.00e+00 0.0 3.2e+02 3.5e+05 0.0e+00  1  0  2 11  0   2  0 42 25  0     0       0      0 0.00e+00    0 0.00e+00  0
SFBcastBegin          49 1.0 4.5857e-02 64.7 0.00e+00 0.0 3.4e+02 6.0e+05 0.0e+00  0  0  2 19  0   0  0 45 46  0     0       0      0 0.00e+00    0 0.00e+00  0
SFBcastEnd            49 1.0 7.0508e+00 113.6 0.00e+00 0.0 0.0e+00 0.0e+00 0.0e+00 22  0  0  0  0  46  0  0  0  0     0       0      0 0.00e+00    0 0.00e+00  0
SFReduceBegin         11 1.0 8.2781e-01 3778.0 0.00e+00 0.0 7.7e+01 1.1e+06 0.0e+00  0  0  0  8  0   1  0 10 19  0     0       0      0 0.00e+00    0 0.00e+00  0
SFReduceEnd           11 1.0 5.7746e+00 554.0 0.00e+00 0.0 0.0e+00 0.0e+00 0.0e+00  4  0  0  0  0   8  0  0  0  0     0       0      0 0.00e+00    0 0.00e+00  0
SFFetchOpBegin         2 1.0 1.3091e-03 258.7 0.00e+00 0.0 1.4e+01 1.4e+06 0.0e+00  0  0  0  2  0   0  0  2  4  0     0       0      0 0.00e+00    0 0.00e+00  0
SFFetchOpEnd           2 1.0 6.2454e-03 3.0 0.00e+00 0.0 1.4e+01 1.4e+06 0.0e+00  0  0  0  2  0   0  0  2  4  0     0       0      0 0.00e+00    0 0.00e+00  0
SFCreateEmbed          3 1.0 5.1431e-02 15.1 0.00e+00 0.0 2.1e+01 1.1e+05 0.0e+00  0  0  0  0  0   0  0  3  1  0     0       0      0 0.00e+00    0 0.00e+00  0
SFDistSection          9 1.0 7.5235e-02 2.6 0.00e+00 0.0 1.7e+02 4.6e+05 0.0e+00  0  0  1  7  0   1  0 22 17  0     0       0      0 0.00e+00    0 0.00e+00  0
SFSectionSF           11 1.0 4.9223e-01 5.9 0.00e+00 0.0 1.5e+02 3.6e+05 0.0e+00  1  0  1  5  0   1  0 20 12  0     0       0      0 0.00e+00    0 0.00e+00  0
SFRemoteOff            2 1.0 4.7230e-02 22.6 0.00e+00 0.0 2.8e+01 3.8e+04 0.0e+00  0  0  0  0  0   0  0  4  0  0     0       0      0 0.00e+00    0 0.00e+00  0
SFPack                62 1.0 3.4919e-02 190.5 0.00e+00 0.0 0.0e+00 0.0e+00 0.0e+00  0  0  0  0  0   0  0  0  0  0     0       0      0 0.00e+00    0 0.00e+00  0
SFUnpack              64 1.0 5.7510e+00 6035.3 0.00e+00 0.0 0.0e+00 0.0e+00 0.0e+00  3  0  0  0  0   6  0  0  0  0     0       0      0 0.00e+00    0 0.00e+00  0
VecMDot                5 1.0 1.7490e-02 1.0 3.00e+06 1.1 0.0e+00 0.0e+00 0.0e+00  0  0  0  0  0   0  3  0  0  0  1349       0      0 0.00e+00    6 8.00e-05 100
VecNorm                6 1.0 4.7579e-02 1.9 1.20e+06 1.1 0.0e+00 0.0e+00 0.0e+00  0  0  0  0  0   0  1  0  0  0   198       0      0 0.00e+00    0 0.00e+00 100
VecScale               6 1.0 4.0936e-04 2.5 5.99e+05 1.1 0.0e+00 0.0e+00 0.0e+00  0  0  0  0  0   0  1  0  0  0 11527       0      0 0.00e+00    0 0.00e+00 100
VecCopy                1 1.0 5.2011e-05 1.6 0.00e+00 0.0 0.0e+00 0.0e+00 0.0e+00  0  0  0  0  0   0  0  0  0  0     0       0      0 0.00e+00    0 0.00e+00  0
VecSet                 8 1.0 1.8939e-04 1.3 0.00e+00 0.0 0.0e+00 0.0e+00 0.0e+00  0  0  0  0  0   0  0  0  0  0     0       0      0 0.00e+00    0 0.00e+00  0
VecAXPY                9 1.0 2.1980e-04 1.2 1.80e+06 1.1 0.0e+00 0.0e+00 0.0e+00  0  0  0  0  0   0  2  0  0  0 64404       0      0 0.00e+00    0 0.00e+00 100
VecNormalize           6 1.0 4.7770e-02 1.9 1.80e+06 1.1 0.0e+00 0.0e+00 0.0e+00  0  0  0  0  0   0  2  0  0  0   296       0      0 0.00e+00    0 0.00e+00 100
DCtxCreate             1 1.0 1.4709e-05 1.5 0.00e+00 0.0 0.0e+00 0.0e+00 0.0e+00  0  0  0  0  0   0  0  0  0  0     0       0      0 0.00e+00    0 0.00e+00  0
DCtxSetUp              1 1.0 8.5370e-06 1.1 0.00e+00 0.0 0.0e+00 0.0e+00 0.0e+00  0  0  0  0  0   0  0  0  0  0     0       0      0 0.00e+00    0 0.00e+00  0
DCtxSetDevice          1 1.0 1.4017e-05 1.3 0.00e+00 0.0 0.0e+00 0.0e+00 0.0e+00  0  0  0  0  0   0  0  0  0  0     0       0      0 0.00e+00    0 0.00e+00  0
DualSpaceSetUp         6 1.0 1.4178e-02 1.0 2.16e+03 1.0 0.0e+00 0.0e+00 0.0e+00  0  0  0  0  0   0  0  0  0  0     1       0      0 0.00e+00    0 0.00e+00  0
FESetUp                6 1.0 5.3925e-04 1.1 0.00e+00 0.0 0.0e+00 0.0e+00 0.0e+00  0  0  0  0  0   0  0  0  0  0     0       0      0 0.00e+00    0 0.00e+00  0
MatMult           205974 1.0 2.9611e-02 1.1 4.94e+06 1.0 0.0e+00 0.0e+00 0.0e+00  0  0  0  0  0   0  5  0  0  0  1336       0      0 0.00e+00    0 0.00e+00  0
MatAssemblyBegin      49 1.0 1.9601e-02 127.9 0.00e+00 0.0 0.0e+00 0.0e+00 0.0e+00  0  0  0  0  0   0  0  0  0  0     0       0      0 0.00e+00    0 0.00e+00  0
MatAssemblyEnd        49 1.0 1.2322e-02 1.0 0.00e+00 0.0 2.8e+01 2.5e+04 1.0e+00  0  0  0  0  0   0  0  4  0  2     0       0      0 0.00e+00    0 0.00e+00  0
MatSetPreallCOO       30 1.0 6.1662e-05 1.1 0.00e+00 0.0 0.0e+00 0.0e+00 0.0e+00  0  0  0  0  0   0  0  0  0  0     0       0      0 0.00e+00    0 0.00e+00  0
MatSetValuesCOO       30 1.0 4.1829e-05 1.1 0.00e+00 0.0 0.0e+00 0.0e+00 0.0e+00  0  0  0  0  0   0  0  0  0  0     0       0      0 0.00e+00    0 0.00e+00  0

--- Event Stage 2: Solve 0

BuildTwoSided        267 1.0 8.1113e-02 3.2 0.00e+00 0.0 1.6e+03 4.0e+00 0.0e+00  0  0  9  0  0   1  0 14  0  0     0       0      0 0.00e+00    0 0.00e+00  0
BuildTwoSidedF       162 1.0 7.0069e-02 4.2 0.00e+00 0.0 3.3e+02 2.5e+05 0.0e+00  0  0  2  8  0   1  0  3 21  0     0       0      0 0.00e+00    0 0.00e+00  0
DMPlexResidualFE       1 1.0 5.7161e-01 1.0 3.09e+08 1.0 0.0e+00 0.0e+00 0.0e+00  2  8  0  0  0  22 18  0  0  0  4324       0      0 0.00e+00    2 1.91e+00  0
SFSetGraph           113 1.0 1.1137e-03 2.0 0.00e+00 0.0 0.0e+00 0.0e+00 0.0e+00  0  0  0  0  0   0  0  0  0  0     0       0      0 0.00e+00    0 0.00e+00  0
SFSetUp              105 1.0 1.8070e-02 1.2 0.00e+00 0.0 2.8e+03 2.0e+03 0.0e+00  0  0 16  1  0   1  0 24  1  0     0       0      0 0.00e+00    0 0.00e+00  0
SFBcastBegin          62 1.0 4.6233e-03 5.3 0.00e+00 0.0 1.2e+03 6.5e+04 0.0e+00  0  0  7  7  0   0  0 11 21  0     0       0      0 0.00e+00    0 0.00e+00  0
SFBcastEnd            62 1.0 5.4614e-02 36.1 0.00e+00 0.0 0.0e+00 0.0e+00 0.0e+00  0  0  0  0  0   1  0  0  0  0     0       0      0 0.00e+00    0 0.00e+00  0
SFReduceBegin         32 1.0 7.2144e-03 17.8 0.00e+00 0.0 2.4e+02 2.0e+05 0.0e+00  0  0  1  5  0   0  0  2 13  0     0       0      0 0.00e+00    0 0.00e+00  0
SFReduceEnd           32 1.0 6.1851e-02 15.8 1.25e+04 0.0 0.0e+00 0.0e+00 0.0e+00  0  0  0  0  0   1  0  0  0  0     1       0      0 0.00e+00    0 0.00e+00 100
SFFetchOpBegin         8 1.0 9.7328e-05 3.3 0.00e+00 0.0 4.8e+01 4.0e+00 0.0e+00  0  0  0  0  0   0  0  0  0  0     0       0      0 0.00e+00    0 0.00e+00  0
SFFetchOpEnd           8 1.0 2.6572e-04 2.1 0.00e+00 0.0 4.8e+01 4.0e+00 0.0e+00  0  0  0  0  0   0  0  0  0  0     0       0      0 0.00e+00    0 0.00e+00  0
SFCreateEmbed          8 1.0 9.9204e-04 1.4 0.00e+00 0.0 1.4e+02 9.3e+02 0.0e+00  0  0  1  0  0   0  0  1  0  0     0       0      0 0.00e+00    0 0.00e+00  0
SFSectionSF            8 1.0 3.4872e-03 1.2 0.00e+00 0.0 2.9e+02 5.9e+03 0.0e+00  0  0  2  0  0   0  0  3  0  0     0       0      0 0.00e+00    0 0.00e+00  0
SFRemoteOff            8 1.0 1.6783e-03 1.1 0.00e+00 0.0 2.9e+02 2.3e+03 0.0e+00  0  0  2  0  0   0  0  3  0  0     0       0      0 0.00e+00    0 0.00e+00  0
SFPack               632 1.0 2.1837e-03 2.9 0.00e+00 0.0 0.0e+00 0.0e+00 0.0e+00  0  0  0  0  0   0  0  0  0  0     0       0      3 2.72e-02    0 0.00e+00  0
SFUnpack             640 1.0 3.8252e-04 1.5 5.48e+04 3.0 0.0e+00 0.0e+00 0.0e+00  0  0  0  0  0   0  0  0  0  0   952       0      2 1.30e-02    0 0.00e+00 100
VecTDot              344 1.0 2.4966e-02 1.3 1.41e+07 1.1 0.0e+00 0.0e+00 0.0e+00  0  0  0  0  0   1  1  0  0  0  4423       0      0 0.00e+00    0 0.00e+00 100
VecNorm              124 1.0 1.9890e-02 2.0 4.52e+06 1.1 0.0e+00 0.0e+00 0.0e+00  0  0  0  0  0   1  0  0  0  0  1781       0      0 0.00e+00    0 0.00e+00 100
VecCopy              158 1.0 8.9696e-04 1.5 0.00e+00 0.0 0.0e+00 0.0e+00 0.0e+00  0  0  0  0  0   0  0  0  0  0     0       0      0 0.00e+00    0 0.00e+00  0
VecSet                62 1.0 2.6988e-04 1.3 0.00e+00 0.0 0.0e+00 0.0e+00 0.0e+00  0  0  0  0  0   0  0  0  0  0     0       0      0 0.00e+00    0 0.00e+00  0
VecAXPY              300 1.0 1.1254e-03 1.9 1.28e+07 1.1 0.0e+00 0.0e+00 0.0e+00  0  0  0  0  0   0  1  0  0  0 89331       0      0 0.00e+00    0 0.00e+00 100
VecAYPX              370 1.0 2.3395e-03 1.3 1.82e+07 1.1 0.0e+00 0.0e+00 0.0e+00  0  0  0  0  0   0  1  0  0  0 61004       0      0 0.00e+00    0 0.00e+00 100
VecAXPBYCZ            80 1.0 5.8614e-04 1.2 1.05e+07 1.2 0.0e+00 0.0e+00 0.0e+00  0  0  0  0  0   0  1  0  0  0 140599       0      0 0.00e+00    0 0.00e+00 100
VecAssemblyBegin     136 1.0 1.8925e-02 3.4 0.00e+00 0.0 0.0e+00 0.0e+00 0.0e+00  0  0  0  0  0   0  0  0  0  0     0       0      0 0.00e+00    0 0.00e+00  0
VecAssemblyEnd       136 1.0 5.4464e-05 1.1 0.00e+00 0.0 0.0e+00 0.0e+00 0.0e+00  0  0  0  0  0   0  0  0  0  0     0       0      0 0.00e+00    0 0.00e+00  0
VecPointwiseMult     113 1.0 5.2694e-04 2.2 1.16e+06 1.2 0.0e+00 0.0e+00 0.0e+00  0  0  0  0  0   0  0  0  0  0 17204       0      0 0.00e+00    0 0.00e+00 100
VecReciprocal         13 1.0 1.3338e-04 1.1 0.00e+00 0.0 0.0e+00 0.0e+00 0.0e+00  0  0  0  0  0   0  0  0  0  0     0       0      0 0.00e+00    0 0.00e+00  0
VecSetValues      800287 1.1 4.7749e-02 1.1 0.00e+00 0.0 0.0e+00 0.0e+00 0.0e+00  0  0  0  0  0   2  0  0  0  0     0       0      0 0.00e+00    0 0.00e+00  0
VecScatterBegin      530 1.0 4.1004e-02 2.0 0.00e+00 0.0 6.6e+03 2.3e+04 0.0e+00  0  0 39 14  0   1  0 58 39  0     0       0      8 2.56e-01    0 0.00e+00  0
VecScatterEnd        530 1.0 3.6912e-02 1.9 4.23e+04 2.3 0.0e+00 0.0e+00 0.0e+00  0  0  0  0  0   1  0  0  0  0     8       0      2 1.30e-02    0 0.00e+00 100
MatMult             6406 2.7 4.4186e-02 1.5 1.27e+09 1.2 4.5e+03 2.8e+04 0.0e+00  0 33 26 12  0   1 70 39 32  0 222868       0      8 2.56e-01    0 0.00e+00 100
MatMultAdd            40 1.0 8.7401e-03 2.8 5.50e+07 1.2 4.8e+02 4.6e+03 0.0e+00  0  1  3  0  0   0  3  4  1  0 48615       0      0 0.00e+00    0 0.00e+00 100
MatMultTranspose      40 1.0 1.9006e-02 3.8 5.51e+07 1.2 4.8e+02 4.6e+03 0.0e+00  0  1  3  0  0   0  3  4  1  0 22370       0      2 1.30e-02    0 0.00e+00 100
MatConvert            20 1.0 8.3932e-01 1.0 0.00e+00 0.0 4.7e+02 5.8e+02 4.8e+01  3  0  3  0 17  32  0  4  0 24     0       0      0 0.00e+00   12 2.54e+01  0
MatScale              12 1.0 2.0200e-03 1.1 4.59e+06 1.2 7.2e+01 7.5e+03 0.0e+00  0  0  0  0  0   0  0  1  0  0 17584       0      0 0.00e+00    0 0.00e+00 60
MatResidual           40 1.0 1.0912e-02 2.7 1.87e+08 1.2 7.2e+02 2.5e+04 0.0e+00  0  5  4  2  0   0 10  6  5  0 133049       0      0 0.00e+00    0 0.00e+00 100
MatAssemblyBegin      77 1.0 6.3562e-02 1.6 0.00e+00 0.0 3.3e+02 2.5e+05 0.0e+00  0  0  2  8  0   2  0  3 21  0     0       0      0 0.00e+00    0 0.00e+00  0
MatAssemblyEnd        77 1.0 3.2057e-01 2.4 0.00e+00 0.0 1.2e+03 1.4e+03 4.4e+01  1  0  7  0 16   8  0 10  0 22     0       0      0 0.00e+00   10 4.46e+00  0
MatSetValues     3867230 1.2 5.9912e-01 1.4 1.55e+06 1.2 0.0e+00 0.0e+00 0.0e+00  2  0  0  0  0  20  0  0  0  0    20       0      0 0.00e+00    0 0.00e+00  0
MatGetRow         420027 1.2 4.3011e-02 1.3 0.00e+00 0.0 0.0e+00 0.0e+00 0.0e+00  0  0  0  0  0   2  0  0  0  0     0       0      0 0.00e+00    0 0.00e+00  0
MatCreateSubMat        2 1.0 1.1159e-02 1.0 0.00e+00 0.0 1.3e+02 5.9e+01 2.2e+01  0  0  1  0  8   0  0  1  0 11     0       0      0 0.00e+00    2 1.27e-01  0
MatCoarsen             4 1.0 1.0450e-02 1.0 0.00e+00 0.0 9.4e+02 2.8e+03 2.7e+01  0  0  6  0 10   0  0  8  1 14     0       0      0 0.00e+00    0 0.00e+00  0
MatAXPY                8 1.0 9.1526e-01 1.0 1.55e+06 1.2 5.1e+02 1.1e+03 4.0e+01  3  0  3  0 14  35  0  4  0 20    13       0      0 0.00e+00   10 2.52e+01  0
MatTranspose           9 1.0 3.7335e-02 1.0 0.00e+00 0.0 6.6e+02 1.7e+04 2.1e+01  0  0  4  1  8   1  0  6  3 11     0       0      0 0.00e+00    0 0.00e+00  0
MatMatMultSym          4 1.0 1.2757e-01 1.0 0.00e+00 0.0 9.4e+02 1.3e+04 2.8e+01  0  0  6  1 10   5  0  8  3 14     0       0      0 0.00e+00   33 1.31e+02  0
MatMatMultNum          4 1.0 8.9100e-07 1.3 0.00e+00 0.0 0.0e+00 0.0e+00 0.0e+00  0  0  0  0  0   0  0  0  0  0     0       0      0 0.00e+00    0 0.00e+00  0
MatPtAPSymbolic        4 1.0 1.5351e-01 1.1 0.00e+00 0.0 1.3e+03 8.9e+04 2.8e+01  1  0  8 11 10   6  0 11 30 14     0       0      0 0.00e+00   33 1.60e+02  0
MatPtAPNumeric         4 1.0 9.8300e-07 1.4 0.00e+00 0.0 0.0e+00 0.0e+00 0.0e+00  0  0  0  0  0   0  0  0  0  0     0       0      0 0.00e+00    0 0.00e+00  0
MatTrnMatMultSym       1 1.0 2.2311e-01 1.0 0.00e+00 0.0 9.8e+01 8.6e+05 4.0e+00  1  0  1  8  1   9  0  1 22  2     0       0      0 0.00e+00    0 0.00e+00  0
MatGetLocalMat         1 1.0 1.2131e-03 1.2 0.00e+00 0.0 0.0e+00 0.0e+00 0.0e+00  0  0  0  0  0   0  0  0  0  0     0       0      0 0.00e+00    0 0.00e+00  0
MatCreateGraph         4 1.0 1.1290e-01 1.0 2.75e+06 1.2 8.6e+02 1.4e+04 2.8e+01  0  0  5  1 10   4  0  8  3 14   190       0      0 0.00e+00    6 1.00e+01  0
MatSetPreallCOO        8 1.0 5.2603e-02 1.0 0.00e+00 0.0 9.1e+02 2.6e+03 3.2e+01  0  0  5  0 12   2  0  8  1 16     0       0      0 0.00e+00   24 3.96e+01  0
MatSetValuesCOO        8 1.0 1.0310e-02 2.3 0.00e+00 0.0 4.8e+01 9.7e+05 0.0e+00  0  0  0  4  0   0  0  0 12  0     0       0      0 0.00e+00    0 0.00e+00  0
KSPSetUp               1 1.0 4.5997e-04 1.6 0.00e+00 0.0 0.0e+00 0.0e+00 0.0e+00  0  0  0  0  0   0  0  0  0  0     0       0      0 0.00e+00    0 0.00e+00  0
KSPSolve               1 1.0 6.4706e-02 1.0 1.07e+09 1.2 4.0e+03 2.3e+04 0.0e+00  0 28 23  9  0   2 59 35 24  0 128456       0      3 1.30e-02    0 0.00e+00 100
SNESSolve              1 1.0 2.6154e+00 1.0 1.79e+09 1.2 1.1e+04 3.4e+04 2.0e+02 10 47 67 36 72 100 100 100 100 100  5342       0     12 2.18e+00   97 3.34e+02 82
SNESSetUp              1 1.0 4.2570e-04 6.0 0.00e+00 0.0 0.0e+00 0.0e+00 0.0e+00  0  0  0  0  0   0  0  0  0  0     0       0      0 0.00e+00    0 0.00e+00  0
SNESFunctionEval       1 1.0 7.7170e-01 1.1 3.12e+08 1.0 1.4e+01 1.0e+05 0.0e+00  3  8  0  0  0  29 18  0  0  0  3216       0      2 1.91e+00    3 2.87e+00  0
PCSetUp_GAMG+          1 1.0 1.8301e+00 1.0 4.09e+08 1.2 7.4e+03 3.9e+04 2.0e+02  7 11 44 27 72  69 23 65 76 100  1734       0      7 2.56e-01   94 3.31e+02 99
 PCGAMGCreateG         4 1.0 1.1290e-01 1.0 2.75e+06 1.2 8.6e+02 1.4e+04 2.8e+01  0  0  5  1 10   4  0  8  3 14   190       0      0 0.00e+00    6 1.00e+01  0
 GAMG Coarsen          8 1.0 2.5917e-01 1.0 0.00e+00 0.0 1.1e+03 8.2e+04 3.1e+01  1  0  7  8 11  10  0 10 24 16     0       0      0 0.00e+00    0 0.00e+00  0
  GAMG MIS/Agg         4 1.0 2.3455e-01 1.0 0.00e+00 0.0 1.0e+03 8.4e+04 3.1e+01  1  0  6  8 11   9  0  9 23 16     0       0      0 0.00e+00    0 0.00e+00  0
 PCGAMGProl            4 1.0 1.8110e-01 1.0 0.00e+00 0.0 1.2e+03 1.9e+04 1.2e+01  1  0  7  2  4   7  0 11  6  6     0       0      0 0.00e+00    4 3.48e-01  0
  GAMG Prol-col        4 1.0 8.9258e-02 1.0 0.00e+00 0.0 1.1e+03 1.7e+04 0.0e+00  0  0  6  2  0   3  0  9  5  0     0       0      0 0.00e+00    0 0.00e+00  0
  GAMG Prol-lift       4 1.0 8.8004e-02 1.0 0.00e+00 0.0 1.4e+02 3.9e+04 4.0e+00  0  0  1  1  1   3  0  1  1  2     0       0      0 0.00e+00    4 3.48e-01  0
 PCGAMGOptProl         4 1.0 1.0356e+00 1.0 2.01e+08 1.2 2.0e+03 1.5e+04 6.4e+01  4  5 12  3 23  39 11 18  8 32  1503       0      7 2.56e-01   43 1.56e+02 100
  GAMG smooth          4 1.0 1.0129e+00 1.0 3.38e+06 1.2 1.3e+03 9.8e+03 6.4e+01  4  0  8  1 23  38  0 11  3 32    26       0      0 0.00e+00   43 1.56e+02 81
 PCGAMGCreateL         4 1.0 1.6748e-01 1.1 0.00e+00 0.0 1.5e+03 7.8e+04 6.2e+01  1  0  9 11 22   6  0 13 30 31     0       0      0 0.00e+00   35 1.60e+02  0
  GAMG PtAP            4 1.0 1.5356e-01 1.1 0.00e+00 0.0 1.3e+03 8.9e+04 2.8e+01  1  0  8 11 10   6  0 11 30 14     0       0      0 0.00e+00   33 1.60e+02  0
  GAMG Reduce          2 1.0 4.0775e-02 1.2 0.00e+00 0.0 7.1e+02 9.1e+03 4.8e+01  0  0  4  1 17   1  0  6  2 24     0       0      0 0.00e+00   19 3.60e+00  0
PCGAMG Squ l00         1 1.0 2.2311e-01 1.0 0.00e+00 0.0 9.8e+01 8.6e+05 4.0e+00  1  0  1  8  1   9  0  1 22  2     0       0      0 0.00e+00    0 0.00e+00  0
PCGAMG Gal l00         1 1.0 1.0209e-01 1.1 0.00e+00 0.0 3.1e+02 2.3e+05 7.0e+00  0  0  2  7  3   4  0  3 19  4     0       0      0 0.00e+00    8 1.33e+02  0
PCGAMG Opt l00         1 1.0 1.0626e-01 1.0 0.00e+00 0.0 1.8e+02 5.3e+04 7.0e+00  0  0  1  1  3   4  0  2  3  4     0       0      0 0.00e+00    8 1.15e+02  0
PCGAMG Gal l01         1 1.0 2.5286e-02 1.0 0.00e+00 0.0 4.7e+02 8.0e+04 7.0e+00  0  0  3  4  3   1  0  4 10  4     0       0      0 0.00e+00    8 2.34e+01  0
PCGAMG Opt l01         1 1.0 1.1466e-02 1.0 0.00e+00 0.0 2.1e+02 1.1e+04 7.0e+00  0  0  1  0  3   0  0  2  1  4     0       0      0 0.00e+00    8 1.39e+01  0
PCGAMG Gal l02         1 1.0 2.1702e-02 1.4 0.00e+00 0.0 5.0e+02 1.3e+04 7.0e+00  0  0  3  1  3   1  0  4  2  4     0       0      0 0.00e+00    8 3.45e+00  0
PCGAMG Opt l02         1 1.0 5.9995e-03 1.0 0.00e+00 0.0 5.3e+02 1.2e+03 7.0e+00  0  0  3  0  3   0  0  5  0  4     0       0      0 0.00e+00    8 2.23e+00  0
PCGAMG Gal l03         1 1.0 5.7523e-03 1.3 0.00e+00 0.0 2.7e+01 2.3e+02 7.0e+00  0  0  0  0  3   0  0  0  0  4     0       0      0 0.00e+00    9 1.58e-02  0
PCGAMG Opt l03         1 1.0 4.1273e-03 1.0 0.00e+00 0.0 2.2e+01 2.7e+02 7.0e+00  0  0  0  0  3   0  0  0  0  4     0       0      0 0.00e+00    9 1.74e-02  0
PCSetUp                1 1.0 1.8301e+00 1.0 4.09e+08 1.2 7.4e+03 3.9e+04 2.0e+02  7 11 44 27 72  69 23 65 76 100  1734       0      7 2.56e-01   94 3.31e+02 99
PCApply               10 1.0 6.0216e-02 1.0 9.01e+08 1.2 3.8e+03 2.0e+04 0.0e+00  0 23 23  7  0   2 50 34 20  0 115913       0      3 1.30e-02    0 0.00e+00 100

--- Event Stage 3: Hot Solve

DMPlexResidualFE       1 1.0 5.8656e-01 1.0 3.09e+08 1.0 0.0e+00 0.0e+00 0.0e+00  2  8  0  0  0  67 20  0  0  0  4214       0      0 0.00e+00    2 1.91e+00  0
SFBcastBegin           1 1.0 6.7822e-05 1.2 0.00e+00 0.0 7.0e+00 1.0e+05 0.0e+00  0  0  0  0  0   0  0  0  0  0     0       0      0 0.00e+00    0 0.00e+00  0
SFBcastEnd             1 1.0 5.0745e-02 5729.4 0.00e+00 0.0 0.0e+00 0.0e+00 0.0e+00  0  0  0  0  0   2  0  0  0  0     0       0      0 0.00e+00    0 0.00e+00  0
SFReduceBegin          5 1.0 4.1738e-03 1.8 0.00e+00 0.0 5.5e+01 8.6e+05 0.0e+00  0  0  0  4  0   0  0  1 30  0     0       0      0 0.00e+00    0 0.00e+00  0
SFReduceEnd            5 1.0 6.2597e-02 75.0 1.25e+04 0.0 0.0e+00 0.0e+00 0.0e+00  0  0  0  0  0   4  0  0  0  0     1       0      0 0.00e+00    0 0.00e+00 100
SFPack               355 1.0 6.7925e-04 1.6 0.00e+00 0.0 0.0e+00 0.0e+00 0.0e+00  0  0  0  0  0   0  0  0  0  0     0       0      0 0.00e+00    0 0.00e+00  0
SFUnpack             355 1.0 2.1630e-04 1.7 5.48e+04 3.0 0.0e+00 0.0e+00 0.0e+00  0  0  0  0  0   0  0  0  0  0  1684       0      0 0.00e+00    0 0.00e+00 100
VecTDot              252 1.0 1.3520e-02 1.1 9.24e+06 1.1 0.0e+00 0.0e+00 0.0e+00  0  0  0  0  0   2  1  0  0  0  5363       0      0 0.00e+00    0 0.00e+00 100
VecNorm              124 1.0 1.2844e-02 1.3 4.52e+06 1.1 0.0e+00 0.0e+00 0.0e+00  0  0  0  0  0   1  0  0  0  0  2759       0      0 0.00e+00    0 0.00e+00 100
VecCopy              150 1.0 8.3811e-04 1.5 0.00e+00 0.0 0.0e+00 0.0e+00 0.0e+00  0  0  0  0  0   0  0  0  0  0     0       0      0 0.00e+00    0 0.00e+00  0
VecSet                58 1.0 2.2210e-04 1.3 0.00e+00 0.0 0.0e+00 0.0e+00 0.0e+00  0  0  0  0  0   0  0  0  0  0     0       0      0 0.00e+00    0 0.00e+00  0
VecAXPY              220 1.0 7.7050e-04 2.2 8.61e+06 1.1 0.0e+00 0.0e+00 0.0e+00  0  0  0  0  0   0  1  0  0  0 87695       0      0 0.00e+00    0 0.00e+00 100
VecAYPX              334 1.0 1.5135e-03 1.5 1.63e+07 1.1 0.0e+00 0.0e+00 0.0e+00  0  0  0  0  0   0  1  0  0  0 84496       0      0 0.00e+00    0 0.00e+00 100
VecAXPBYCZ            80 1.0 3.3926e-04 1.3 1.05e+07 1.2 0.0e+00 0.0e+00 0.0e+00  0  0  0  0  0   0  1  0  0  0 242918       0      0 0.00e+00    0 0.00e+00 100
VecPointwiseMult      69 1.0 3.0876e-04 4.6 4.14e+02 0.0 0.0e+00 0.0e+00 0.0e+00  0  0  0  0  0   0  0  0  0  0     1       0      0 0.00e+00    0 0.00e+00 100
VecReciprocal          1 1.0 5.3000e-06 2.4 0.00e+00 0.0 0.0e+00 0.0e+00 0.0e+00  0  0  0  0  0   0  0  0  0  0     0       0      0 0.00e+00    0 0.00e+00  0
VecScatterBegin      349 1.0 1.7721e-02 1.2 0.00e+00 0.0 4.7e+03 2.3e+04 0.0e+00  0  0 28 10  0   2  0 99 70  0     0       0      0 0.00e+00    0 0.00e+00  0
VecScatterEnd        349 1.0 8.5980e-03 1.6 4.23e+04 2.3 0.0e+00 0.0e+00 0.0e+00  0  0  0  0  0   1  0  0  0  0    32       0      0 0.00e+00    0 0.00e+00 100
MatMult             6366 2.7 2.2277e-02 1.1 1.09e+09 1.2 3.7e+03 2.8e+04 0.0e+00  0 28 22 10  0   2 68 79 67  0 377616       0      0 0.00e+00    0 0.00e+00 100
MatMultAdd            40 1.0 3.2766e-03 1.3 5.50e+07 1.2 4.8e+02 4.6e+03 0.0e+00  0  1  3  0  0   0  3 10  1  0 129678       0      0 0.00e+00    0 0.00e+00 100
MatMultTranspose      40 1.0 3.7144e-03 1.2 5.51e+07 1.2 4.8e+02 4.6e+03 0.0e+00  0  1  3  0  0   0  3 10  1  0 114467       0      0 0.00e+00    0 0.00e+00 100
MatResidual           40 1.0 4.4202e-03 1.1 1.87e+08 1.2 7.2e+02 2.5e+04 0.0e+00  0  5  4  2  0   0 12 15 12  0 328461       0      0 0.00e+00    0 0.00e+00 100
MatAssemblyBegin       4 1.0 1.0820e-06 1.3 0.00e+00 0.0 0.0e+00 0.0e+00 0.0e+00  0  0  0  0  0   0  0  0  0  0     0       0      0 0.00e+00    0 0.00e+00  0
MatAssemblyEnd         4 1.0 2.9480e-06 1.2 0.00e+00 0.0 0.0e+00 0.0e+00 0.0e+00  0  0  0  0  0   0  0  0  0  0     0       0      0 0.00e+00    0 0.00e+00  0
MatPtAPNumeric         4 1.0 6.1833e-02 8.9 0.00e+00 0.0 4.8e+01 9.7e+05 0.0e+00  0  0  0  4  0   3  0  1 30  0     0       0      0 0.00e+00    0 0.00e+00  0
MatSetValuesCOO        4 1.0 5.8679e-02 15.0 0.00e+00 0.0 4.8e+01 9.7e+05 0.0e+00  0  0  0  4  0   3  0  1 30  0     0       0      0 0.00e+00    0 0.00e+00  0
KSPSetUp               1 1.0 5.3100e-07 1.7 0.00e+00 0.0 0.0e+00 0.0e+00 0.0e+00  0  0  0  0  0   0  0  0  0  0     0       0      0 0.00e+00    0 0.00e+00  0
KSPSolve               1 1.0 4.1278e-02 1.0 1.07e+09 1.2 4.0e+03 2.3e+04 0.0e+00  0 28 23  9  0   5 67 84 58  0 201365       0      0 0.00e+00    0 0.00e+00 100
SNESSolve              1 1.0 8.6770e-01 1.0 1.59e+09 1.2 4.8e+03 3.3e+04 0.0e+00  3 41 28 15  0 100 100 100 100  0 14283       0      6 4.50e+00    7 6.58e+01 80
SNESFunctionEval       1 1.0 7.9405e-01 1.1 3.12e+08 1.0 1.4e+01 1.0e+05 0.0e+00  3  8  0  0  0  89 20  0  1  0  3126       0      2 1.91e+00    3 2.87e+00  0
PCSetUp_GAMG+          1 1.0 8.7146e-02 2.7 2.06e+08 1.2 7.7e+02 8.5e+04 0.0e+00  0  5  5  6  0   6 13 16 41  0 18315       0      4 2.59e+00    4 6.29e+01 100
PCGAMG Gal l00         1 1.0 5.6360e-02 17.0 0.00e+00 0.0 1.4e+01 2.1e+06 0.0e+00  0  0  0  3  0   2  0  0 18  0     0       0      0 0.00e+00    0 0.00e+00  0
PCGAMG Gal l01         1 1.0 2.1056e-02 9.7 0.00e+00 0.0 2.0e+01 8.6e+05 0.0e+00  0  0  0  2  0   1  0  0 11  0     0       0      0 0.00e+00    0 0.00e+00  0
PCGAMG Gal l02         1 1.0 1.9656e-02 16.6 0.00e+00 0.0 1.3e+01 4.4e+04 0.0e+00  0  0  0  0  0   1  0  0  0  0     0       0      0 0.00e+00    0 0.00e+00  0
PCGAMG Gal l03         1 1.0 9.8761e-05 1.2 0.00e+00 0.0 1.0e+00 2.9e+02 0.0e+00  0  0  0  0  0   0  0  0  0  0     0       0      0 0.00e+00    0 0.00e+00  0
PCSetUp                1 1.0 8.7150e-02 2.7 2.06e+08 1.2 7.7e+02 8.5e+04 0.0e+00  0  5  5  6  0   6 13 16 41  0 18315       0      4 2.59e+00    4 6.29e+01 100
PCApply               10 1.0 3.6869e-02 1.0 9.01e+08 1.2 3.8e+03 2.0e+04 0.0e+00  0 23 23  7  0   4 56 81 49  0 189316       0      0 0.00e+00    0 0.00e+00 100
---------------------------------------------------------------------------------------------------------------------------------------------------------------

Object Type          Creations   Destructions. Reports information only for process 0.

--- Event Stage 0: Main Stage

           Container     2             39
    Distributed Mesh     0             39
            DM Label     0             57
          Quadrature     1            133
           Index Set    27            126
   IS L to G Mapping     0             97
             Section     0            114
   Star Forest Graph     1             82
     Discrete System     0             39
           Weak Form     0             40
    GraphPartitioner     0             15
              Vector     3             85
        Linear Space     0              6
          Dual Space     0             16
            FE Space     0              4
              Matrix     7             80
      Matrix Coarsen     0              1
   Matrix Null Space     0              1
                SNES     0              1
              DMSNES     0              1
       Krylov Solver     0             10
     DMKSP interface     0              1
       Field over DM     1              1
      Preconditioner     0              6
              Viewer     0              1

--- Event Stage 1: Mesh Setup

           Container    87             58
    Distributed Mesh   118             82
            DM Label   293            236
          Quadrature   348            216
           Index Set  1331           1232
   IS L to G Mapping   290            193
             Section   387            273
   Star Forest Graph   313            254
     Discrete System   175            139
           Weak Form   177            140
    GraphPartitioner    53             38
              Vector    78             51
  PetscDeviceContext     1              0
        Linear Space    12              6
          Dual Space    60             44
            FE Space     6              2
              Matrix   141            120
   Matrix Null Space     1              0
                SNES     1              0
              DMSNES     1              0
       Krylov Solver     1              0
       Field over DM     1              1
      Preconditioner     1              0
              Viewer     1              0

--- Event Stage 2: Solve 0

           Container    37             29
    Distributed Mesh     3              0
          Quadrature     1              1
           Index Set   182            182
             Section    16             16
   Star Forest Graph   119             97
     Discrete System     3              0
           Weak Form     3              0
              Vector   360            305
              Matrix   323            271
      Matrix Coarsen     4              3
       Krylov Solver    13              4
     DMKSP interface     1              0
      Preconditioner    13              8
         PetscRandom     4              4

--- Event Stage 3: Hot Solve

          Quadrature     1              1
           Index Set    33             33
              Vector    12             12
========================================================================================================================
Average time to get PetscTime(): 3.51e-08
Average time for MPI_Barrier(): 1.6522e-05
Average time for zero size MPI_Send(): 1.37566e-05
#PETSc Option Table entries:
-block_mat_type mpibaijkokkos # (source: command line)
-dm_mat_type mpiaij # (source: command line)
-dm_plex_box_faces 65,65,65 # (source: command line)
-dm_plex_box_lower 0,0,0 # (source: command line)
-dm_plex_box_upper 1,1,1 # (source: command line)
-dm_plex_dim 3 # (source: command line)
-dm_plex_simplex 0 # (source: command line)
-dm_vec_type kokkos # (source: command line)
-ksp_converged_reason # (source: command line)
-ksp_norm_type unpreconditioned # (source: command line)
-ksp_rtol 1e-6 # (source: command line)
-ksp_type cg # (source: command line)
-log_view # (source: command line)
-max_conv_its 1 # (source: command line)
-mg_coarse_ksp_type cg # (source: command line)
-mg_coarse_pc_type jacobi # (source: command line)
-mg_levels_ksp_type chebyshev # (source: command line)
-mg_levels_pc_type pbjacobi # (source: command line)
-my_mat_view ::ascii_info # (source: command line)
-n_solves 2 # (source: command line)
-pc_gamg_agg_nsmooths 1 # (source: command line)
-pc_gamg_coarse_eq_limit 20 # (source: command line)
-pc_gamg_parallel_coarse_grid_solver # (source: command line)
-pc_gamg_reuse_interpolation true # (source: command line)
-pc_gamg_type agg # (source: command line)
-pc_type gamg # (source: command line)
-petscpartitioner_type simple # (source: command line)
-petscspace_degree 1 # (source: command line)
-run_type 1 # (source: command line)
-snes_lag_jacobian -2 # (source: command line)
-snes_type ksponly # (source: command line)
-use_mat_nearnullspace true # (source: command line)
#End of PETSc Option Table entries
Compiled without FORTRAN kernels
Compiled with full precision matrices (default)
sizeof(short) 2 sizeof(int) 4 sizeof(long) 8 sizeof(void*) 8 sizeof(PetscScalar) 8 sizeof(PetscInt) 4
Configure options: --with-make-np=8 --with-mpiexec="srun -G4 --gpu-bind=none" --with-batch=0 --download-triangle=1 --with-cc=cc --with-cxx=CC --with-fc=0 --with-debugging=0 --with-cuda=1 --with-cuda-arch=80 --download-kokkos --download-kokkos-kernels PETSC_ARCH=arch-perlmutter-opt-gcc-kokkos-cuda
-----------------------------------------
Libraries compiled on 2026-06-19 13:41:00 on login10
Machine characteristics: Linux-6.4.0-150600.23.103_15.0.24-cray_shasta_c-x86_64-with-glibc2.3.4
Using PETSc directory: /global/u2/m/madams/petsc
Using PETSc arch: arch-perlmutter-opt-gcc-kokkos-cuda
-----------------------------------------

Using C compiler: cc  -fPIC -Wall -Wwrite-strings -Wno-unknown-pragmas -Wno-lto-type-mismatch -Wno-stringop-overflow -fstack-protector -fvisibility=hidden -g -O 
-----------------------------------------

Using include paths: -I/global/u2/m/madams/petsc/include -I/global/u2/m/madams/petsc/arch-perlmutter-opt-gcc-kokkos-cuda/include -I/opt/nvidia/hpc_sdk/Linux_x86_64/25.5/cuda/12.9/include -I/opt/nvidia/hpc_sdk/Linux_x86_64/25.5/math_libs/12.9/include
-----------------------------------------

Using C linker: cc
Using libraries: -Wl,-rpath,/global/u2/m/madams/petsc/arch-perlmutter-opt-gcc-kokkos-cuda/lib -L/global/u2/m/madams/petsc/arch-perlmutter-opt-gcc-kokkos-cuda/lib -lpetsc -Wl,-rpath,/global/u2/m/madams/petsc/arch-perlmutter-opt-gcc-kokkos-cuda/lib -L/global/u2/m/madams/petsc/arch-perlmutter-opt-gcc-kokkos-cuda/lib -Wl,-rpath,/opt/nvidia/hpc_sdk/Linux_x86_64/25.5/cuda/12.9/lib64 -L/opt/nvidia/hpc_sdk/Linux_x86_64/25.5/cuda/12.9/lib64 -Wl,-rpath,/opt/nvidia/hpc_sdk/Linux_x86_64/25.5/math_libs/12.9/lib64 -L/opt/nvidia/hpc_sdk/Linux_x86_64/25.5/math_libs/12.9/lib64 -L/opt/nvidia/hpc_sdk/Linux_x86_64/25.5/cuda/12.9/lib64/stubs -lkokkoskernels -lkokkoscontainers -lkokkoscore -lkokkossimd -ltriangle -lcudart -lnvtx3interop -lcufft -lcublas -lcusparse -lcusolver -lcurand -lcuda -lnvidia-ml -lX11 -lstdc++ -lquadmath
-----------------------------------------

