Mat Object: 1 MPI process
  type: mpibaijkokkos
  rows=98304, cols=98304, bs=3
  total: nonzeros=7475256, allocated nonzeros=7475256
  total number of mallocs used during MatSetValues calls=0
    Linear solve converged due to CONVERGED_RTOL iterations 9
    Linear solve converged due to CONVERGED_RTOL iterations 9
[0] 0) N=       98304, max displ=5.9617833e+01, error=1.359e-01
****************************************************************************************************************************************************************
***                                WIDEN YOUR WINDOW TO 160 CHARACTERS.  Use 'enscript -r -fCourier9' to print this document                                 ***
****************************************************************************************************************************************************************

------------------------------------------------------------------ PETSc Performance Summary: ------------------------------------------------------------------

/global/homes/m/madams/petsc/src/snes/tutorials/ex56 on a arch-perlmutter-opt-gcc-kokkos-cuda named nid001049 with 1 process and CUDA architecture 80, by madams on Sun Jun 21 13:50:20 2026
Using PETSc Development Git Revision: v3.25.2-320-ga5ba3691813 Git Date: 2026-06-19 09:07:30 -0400

                         Max       Max/Min     Avg       Total
Time (sec):           1.778e+01     1.000   1.778e+01
Objects:              0.000e+00     0.000   0.000e+00
Flops:                3.475e+09     1.000   3.475e+09  3.475e+09
Flops/sec:            1.955e+08     1.000   1.955e+08  1.955e+08
MPI Msg Count:        0.000e+00     0.000   0.000e+00  0.000e+00
MPI Msg Len (bytes):  0.000e+00     0.000   0.000e+00  0.000e+00
MPI Reductions:       0.000e+00     0.000

Flop counting convention: 1 flop = 1 real number operation of type (multiply/divide/add/subtract)
                            e.g., VecAXPY() for real vectors of length N --> 2N flops
                            and VecAXPY() for complex vectors of length N --> 8N flops

Summary of Stages:   ----- Time ------  ----- Flop ------  --- Messages ---  -- Message Lengths --  -- Reductions --
                        Avg     %Total     Avg     %Total    Count   %Total     Avg         %Total    Count   %Total
 0:      Main Stage: 1.0162e+01  57.2%  3.6556e+08  10.5%  0.000e+00   0.0%  0.000e+00        0.0%  0.000e+00   0.0%
 1:      Mesh Setup: 4.7312e+00  26.6%  9.6263e+07   2.8%  0.000e+00   0.0%  0.000e+00        0.0%  0.000e+00   0.0%
 2:         Solve 0: 2.0343e+00  11.4%  1.6009e+09  46.1%  0.000e+00   0.0%  0.000e+00        0.0%  0.000e+00   0.0%
 3:       Hot Solve: 8.5051e-01   4.8%  1.4124e+09  40.6%  0.000e+00   0.0%  0.000e+00        0.0%  0.000e+00   0.0%

------------------------------------------------------------------------------------------------------------------------
See the 'Profiling' chapter of the users' manual for details on interpreting output.
Phase summary info:
   Count: number of times phase was executed
   Time and Flop: Max - maximum over all processes
                  Ratio - ratio of maximum to minimum over all processes
   Mess: number of messages sent
   AvgLen: average message length (bytes)
   Reduct: number of global reductions
   Global: entire computation
   Stage: stages of a computation. Set stages with PetscLogStagePush() and PetscLogStagePop().
      %T - percent time in this phase         %F - percent flop in this phase
      %M - percent messages in this phase     %L - percent message lengths in this phase
      %R - percent reductions in this phase
   Total Mflop/s: 1e-6 * (sum of flop over all processes)/(max time over all processes)
   GPU Mflop/s: 1e-6 * (sum of flop on GPU over all processes)/(max GPU time over all processes)
   CpuToGpu Count: total number of CPU to GPU copies per processor
   CpuToGpu Size (Mbytes): 1e-6 * (total size of CPU to GPU copies per processor)
   GpuToCpu Count: total number of GPU to CPU copies per processor
   GpuToCpu Size (Mbytes): 1e-6 * (total size of GPU to CPU copies per processor)
   GPU %F: percent flops on GPU in this event
------------------------------------------------------------------------------------------------------------------------
Event                Count      Time (sec)     Flop                              --- Global ---  --- Stage ----  Total   GPU    - CpuToGpu -   - GpuToCpu - GPU
                   Max Ratio  Max     Ratio   Max  Ratio  Mess   AvgLen  Reduct  %T %F %M %L %R  %T %F %M %L %R Mflop/s Mflop/s Count   Size   Count   Size  %F
---------------------------------------------------------------------------------------------------------------------------------------------------------------

--- Event Stage 0: Main Stage

BuildTwoSided          2 1.0 7.6340e-06 1.0 0.00e+00 0.0 0.0e+00 0.0e+00 0.0e+00  0  0  0  0  0   0  0  0  0  0     0       0      0 0.00e+00    0 0.00e+00  0
BuildTwoSidedF         1 1.0 9.5180e-06 1.0 0.00e+00 0.0 0.0e+00 0.0e+00 0.0e+00  0  0  0  0  0   0  0  0  0  0     0       0      0 0.00e+00    0 0.00e+00  0
DMPlexJacobianFE       1 1.0 9.4165e+00 1.0 3.56e+08 1.0 0.0e+00 0.0e+00 0.0e+00 53 10  0  0  0  93 97  0  0  0    38       0      0 0.00e+00    1 9.43e-01  0
SFSetGraph             1 1.0 7.6140e-04 1.0 0.00e+00 0.0 0.0e+00 0.0e+00 0.0e+00  0  0  0  0  0   0  0  0  0  0     0       0      0 0.00e+00    0 0.00e+00  0
SFSetUp                1 1.0 2.6435e-03 1.0 0.00e+00 0.0 0.0e+00 0.0e+00 0.0e+00  0  0  0  0  0   0  0  0  0  0     0       0      0 0.00e+00    0 0.00e+00  0
SFBcastBegin           1 1.0 2.9001e-03 1.0 0.00e+00 0.0 0.0e+00 0.0e+00 0.0e+00  0  0  0  0  0   0  0  0  0  0     0       0      1 3.60e-05    0 0.00e+00  0
SFBcastEnd             1 1.0 1.1520e-06 1.0 0.00e+00 0.0 0.0e+00 0.0e+00 0.0e+00  0  0  0  0  0   0  0  0  0  0     0       0      0 0.00e+00    0 0.00e+00  0
SFPack                 1 1.0 1.3000e-07 1.0 0.00e+00 0.0 0.0e+00 0.0e+00 0.0e+00  0  0  0  0  0   0  0  0  0  0     0       0      0 0.00e+00    0 0.00e+00  0
SFUnpack               1 1.0 3.2100e-07 1.0 0.00e+00 0.0 0.0e+00 0.0e+00 0.0e+00  0  0  0  0  0   0  0  0  0  0     0       0      0 0.00e+00    0 0.00e+00  0
VecNorm                1 1.0 2.1062e-04 1.0 0.00e+00 0.0 0.0e+00 0.0e+00 0.0e+00  0  0  0  0  0   0  0  0  0  0     0       0      0 0.00e+00    0 0.00e+00  0
VecSet                 2 1.0 9.2570e-06 1.0 0.00e+00 0.0 0.0e+00 0.0e+00 0.0e+00  0  0  0  0  0   0  0  0  0  0     0       0      0 0.00e+00    0 0.00e+00  0
MatMult             6146 1.0 8.6950e-04 1.0 1.48e+05 1.0 0.0e+00 0.0e+00 0.0e+00  0  0  0  0  0   0  0  0  0  0   170       0      0 0.00e+00    0 0.00e+00  0
MatConvert             1 1.0 5.1539e-01 1.0 0.00e+00 0.0 0.0e+00 0.0e+00 0.0e+00  3  0  0  0  0   5  0  0  0  0     0       0      0 0.00e+00    0 0.00e+00  0
MatScale               1 1.0 7.8350e-06 1.0 7.48e+06 1.0 0.0e+00 0.0e+00 0.0e+00  0  0  0  0  0   0  2  0  0  0 954085       0      0 0.00e+00    0 0.00e+00 100
MatAssemblyBegin       2 1.0 4.6259e-05 1.0 0.00e+00 0.0 0.0e+00 0.0e+00 0.0e+00  0  0  0  0  0   0  0  0  0  0     0       0      0 0.00e+00    0 0.00e+00  0
MatAssemblyEnd         2 1.0 3.6202e-02 1.0 0.00e+00 0.0 0.0e+00 0.0e+00 0.0e+00  0  0  0  0  0   0  0  0  0  0     0       0      0 0.00e+00    0 0.00e+00  0
MatSetValues      866521 1.0 3.9662e-01 1.0 1.80e+07 1.0 0.0e+00 0.0e+00 0.0e+00  2  1  0  0  0   4  5  0  0  0    45       0      0 0.00e+00    0 0.00e+00  0
MatGetRow         196608 1.0 2.6590e-02 1.0 0.00e+00 0.0 0.0e+00 0.0e+00 0.0e+00  0  0  0  0  0   0  0  0  0  0     0       0      0 0.00e+00    0 0.00e+00  0
MatZeroEntries         1 1.0 1.1948e-03 1.0 0.00e+00 0.0 0.0e+00 0.0e+00 0.0e+00  0  0  0  0  0   0  0  0  0  0     0       0      0 0.00e+00    0 0.00e+00  0
MatView                1 1.0 9.9262e-05 1.0 0.00e+00 0.0 0.0e+00 0.0e+00 0.0e+00  0  0  0  0  0   0  0  0  0  0     0       0      0 0.00e+00    0 0.00e+00  0
DCtxDestroy            1 1.0 2.4728e-05 1.0 0.00e+00 0.0 0.0e+00 0.0e+00 0.0e+00  0  0  0  0  0   0  0  0  0  0     0       0      0 0.00e+00    0 0.00e+00  0
SNESJacobianEval       1 1.0 9.6290e+00 1.0 3.58e+08 1.0 0.0e+00 0.0e+00 0.0e+00 54 10  0  0  0  95 98  0  0  0    37       0      2 9.43e-01    2 1.89e+00  0

--- Event Stage 1: Mesh Setup

BuildTwoSided          3 1.0 2.3806e-05 1.0 0.00e+00 0.0 0.0e+00 0.0e+00 0.0e+00  0  0  0  0  0   0  0  0  0  0     0       0      0 0.00e+00    0 0.00e+00  0
BuildTwoSidedF         1 1.0 3.0639e-05 1.0 0.00e+00 0.0 0.0e+00 0.0e+00 0.0e+00  0  0  0  0  0   0  0  0  0  0     0       0      0 0.00e+00    0 0.00e+00  0
DMCreateMat            1 1.0 1.6548e+00 1.0 0.00e+00 0.0 0.0e+00 0.0e+00 0.0e+00  9  0  0  0  0  35  0  0  0  0     0       0      0 0.00e+00    0 0.00e+00  0
DMProjectFunc          6 1.0 2.5552e+00 1.0 8.97e+07 1.0 0.0e+00 0.0e+00 0.0e+00 14  3  0  0  0  54 93  0  0  0    35       0      0 0.00e+00    7 6.60e+00  0
DMPlexCrFromOpts       1 1.0 3.3763e-02 1.0 0.00e+00 0.0 0.0e+00 0.0e+00 0.0e+00  0  0  0  0  0   1  0  0  0  0     0       0      0 0.00e+00    0 0.00e+00  0
DMPlexInterp          36 1.0 2.5617e-03 1.0 0.00e+00 0.0 0.0e+00 0.0e+00 0.0e+00  0  0  0  0  0   0  0  0  0  0     0       0      0 0.00e+00    0 0.00e+00  0
DMPlexStratify        52 1.0 7.9513e-03 1.0 0.00e+00 0.0 0.0e+00 0.0e+00 0.0e+00  0  0  0  0  0   0  0  0  0  0     0       0      0 0.00e+00    0 0.00e+00  0
DMPlexSymmetrize      52 1.0 1.2244e-02 1.0 0.00e+00 0.0 0.0e+00 0.0e+00 0.0e+00  0  0  0  0  0   0  0  0  0  0     0       0      0 0.00e+00    0 0.00e+00  0
DMPlexPrealloc         1 1.0 1.6485e+00 1.0 0.00e+00 0.0 0.0e+00 0.0e+00 0.0e+00  9  0  0  0  0  35  0  0  0  0     0       0      0 0.00e+00    0 0.00e+00  0
DMPlexGenerate         1 1.0 3.3725e-02 1.0 0.00e+00 0.0 0.0e+00 0.0e+00 0.0e+00  0  0  0  0  0   1  0  0  0  0     0       0      0 0.00e+00    0 0.00e+00  0
SFSetGraph             4 1.0 2.6801e-03 1.0 0.00e+00 0.0 0.0e+00 0.0e+00 0.0e+00  0  0  0  0  0   0  0  0  0  0     0       0      0 0.00e+00    0 0.00e+00  0
SFSetUp                2 1.0 1.8234e-03 1.0 0.00e+00 0.0 0.0e+00 0.0e+00 0.0e+00  0  0  0  0  0   0  0  0  0  0     0       0      0 0.00e+00    0 0.00e+00  0
SFBcastBegin           1 1.0 5.6790e-05 1.0 0.00e+00 0.0 0.0e+00 0.0e+00 0.0e+00  0  0  0  0  0   0  0  0  0  0     0       0      0 0.00e+00    0 0.00e+00  0
SFBcastEnd             1 1.0 2.9060e-06 1.0 0.00e+00 0.0 0.0e+00 0.0e+00 0.0e+00  0  0  0  0  0   0  0  0  0  0     0       0      0 0.00e+00    0 0.00e+00  0
SFPack                 1 1.0 1.7100e-07 1.0 0.00e+00 0.0 0.0e+00 0.0e+00 0.0e+00  0  0  0  0  0   0  0  0  0  0     0       0      0 0.00e+00    0 0.00e+00  0
SFUnpack               1 1.0 2.9100e-07 1.0 0.00e+00 0.0 0.0e+00 0.0e+00 0.0e+00  0  0  0  0  0   0  0  0  0  0     0       0      0 0.00e+00    0 0.00e+00  0
VecMDot                5 1.0 2.1486e-02 1.0 2.95e+06 1.0 0.0e+00 0.0e+00 0.0e+00  0  0  0  0  0   0  3  0  0  0   137       0      0 0.00e+00    6 8.00e-05 100
VecNorm                6 1.0 2.3953e-02 1.0 1.18e+06 1.0 0.0e+00 0.0e+00 0.0e+00  0  0  0  0  0   1  1  0  0  0    49       0      0 0.00e+00    0 0.00e+00 100
VecScale               6 1.0 1.4942e-04 1.0 5.90e+05 1.0 0.0e+00 0.0e+00 0.0e+00  0  0  0  0  0   0  1  0  0  0  3947       0      0 0.00e+00    0 0.00e+00 100
VecCopy                1 1.0 5.0137e-05 1.0 0.00e+00 0.0 0.0e+00 0.0e+00 0.0e+00  0  0  0  0  0   0  0  0  0  0     0       0      0 0.00e+00    0 0.00e+00  0
VecSet                 8 1.0 2.3560e-04 1.0 0.00e+00 0.0 0.0e+00 0.0e+00 0.0e+00  0  0  0  0  0   0  0  0  0  0     0       0      0 0.00e+00    0 0.00e+00  0
VecAXPY                9 1.0 1.8849e-04 1.0 1.77e+06 1.0 0.0e+00 0.0e+00 0.0e+00  0  0  0  0  0   0  2  0  0  0  9387       0      0 0.00e+00    0 0.00e+00 100
VecNormalize           6 1.0 2.4120e-02 1.0 1.77e+06 1.0 0.0e+00 0.0e+00 0.0e+00  0  0  0  0  0   1  2  0  0  0    73       0      0 0.00e+00    0 0.00e+00 100
DualSpaceSetUp         6 1.0 1.3788e-02 1.0 2.16e+03 1.0 0.0e+00 0.0e+00 0.0e+00  0  0  0  0  0   0  0  0  0  0     0       0      0 0.00e+00    0 0.00e+00  0
FESetUp                6 1.0 4.5863e-04 1.0 0.00e+00 0.0 0.0e+00 0.0e+00 0.0e+00  0  0  0  0  0   0  0  0  0  0     0       0      0 0.00e+00    0 0.00e+00  0
MatMult           215622 1.0 3.0070e-02 1.0 5.17e+06 1.0 0.0e+00 0.0e+00 0.0e+00  0  0  0  0  0   1  5  0  0  0   172       0      0 0.00e+00    0 0.00e+00  0
MatAssemblyBegin      49 1.0 8.2298e-05 1.0 0.00e+00 0.0 0.0e+00 0.0e+00 0.0e+00  0  0  0  0  0   0  0  0  0  0     0       0      0 0.00e+00    0 0.00e+00  0
MatAssemblyEnd        49 1.0 2.7086e-03 1.0 0.00e+00 0.0 0.0e+00 0.0e+00 0.0e+00  0  0  0  0  0   0  0  0  0  0     0       0      0 0.00e+00    0 0.00e+00  0
MatSetPreallCOO       30 1.0 7.0917e-05 1.0 0.00e+00 0.0 0.0e+00 0.0e+00 0.0e+00  0  0  0  0  0   0  0  0  0  0     0       0      0 0.00e+00    0 0.00e+00  0
MatSetValuesCOO       30 1.0 4.3833e-05 1.0 0.00e+00 0.0 0.0e+00 0.0e+00 0.0e+00  0  0  0  0  0   0  0  0  0  0     0       0      0 0.00e+00    0 0.00e+00  0
DCtxCreate             1 1.0 1.3737e-05 1.0 0.00e+00 0.0 0.0e+00 0.0e+00 0.0e+00  0  0  0  0  0   0  0  0  0  0     0       0      0 0.00e+00    0 0.00e+00  0
DCtxSetUp              1 1.0 8.5870e-06 1.0 0.00e+00 0.0 0.0e+00 0.0e+00 0.0e+00  0  0  0  0  0   0  0  0  0  0     0       0      0 0.00e+00    0 0.00e+00  0
DCtxSetDevice          1 1.0 1.5080e-05 1.0 0.00e+00 0.0 0.0e+00 0.0e+00 0.0e+00  0  0  0  0  0   0  0  0  0  0     0       0      0 0.00e+00    0 0.00e+00  0

--- Event Stage 2: Solve 0

BuildTwoSided         93 1.0 7.1846e-05 1.0 0.00e+00 0.0 0.0e+00 0.0e+00 0.0e+00  0  0  0  0  0   0  0  0  0  0     0       0      0 0.00e+00    0 0.00e+00  0
BuildTwoSidedF        23 1.0 3.5656e-05 1.0 0.00e+00 0.0 0.0e+00 0.0e+00 0.0e+00  0  0  0  0  0   0  0  0  0  0     0       0      0 0.00e+00    0 0.00e+00  0
DMPlexResidualFE       1 1.0 5.8690e-01 1.0 3.23e+08 1.0 0.0e+00 0.0e+00 0.0e+00  3  9  0  0  0  29 20  0  0  0   551       0      0 0.00e+00    2 1.89e+00  0
SFSetGraph            70 1.0 9.4120e-06 1.0 0.00e+00 0.0 0.0e+00 0.0e+00 0.0e+00  0  0  0  0  0   0  0  0  0  0     0       0      0 0.00e+00    0 0.00e+00  0
SFSetUp               70 1.0 1.9559e-04 1.0 0.00e+00 0.0 0.0e+00 0.0e+00 0.0e+00  0  0  0  0  0   0  0  0  0  0     0       0      0 0.00e+00    0 0.00e+00  0
SFBcastBegin          13 1.0 6.3171e-05 1.0 0.00e+00 0.0 0.0e+00 0.0e+00 0.0e+00  0  0  0  0  0   0  0  0  0  0     0       0      0 0.00e+00    0 0.00e+00  0
SFBcastEnd            13 1.0 5.4400e-06 1.0 0.00e+00 0.0 0.0e+00 0.0e+00 0.0e+00  0  0  0  0  0   0  0  0  0  0     0       0      0 0.00e+00    0 0.00e+00  0
SFReduceBegin         32 1.0 2.3889e-04 1.0 0.00e+00 0.0 0.0e+00 0.0e+00 0.0e+00  0  0  0  0  0   0  0  0  0  0     0       0      0 0.00e+00    0 0.00e+00  0
SFReduceEnd           32 1.0 2.1726e-05 1.0 0.00e+00 0.0 0.0e+00 0.0e+00 0.0e+00  0  0  0  0  0   0  0  0  0  0     0       0      0 0.00e+00    0 0.00e+00  0
SFFetchOpBegin         8 1.0 2.0258e-05 1.0 0.00e+00 0.0 0.0e+00 0.0e+00 0.0e+00  0  0  0  0  0   0  0  0  0  0     0       0      0 0.00e+00    0 0.00e+00  0
SFFetchOpEnd           8 1.0 8.2550e-06 1.0 0.00e+00 0.0 0.0e+00 0.0e+00 0.0e+00  0  0  0  0  0   0  0  0  0  0     0       0      0 0.00e+00    0 0.00e+00  0
SFPack               284 1.0 2.7161e-05 1.0 0.00e+00 0.0 0.0e+00 0.0e+00 0.0e+00  0  0  0  0  0   0  0  0  0  0     0       0      0 0.00e+00    0 0.00e+00  0
SFUnpack             292 1.0 2.6772e-05 1.0 0.00e+00 0.0 0.0e+00 0.0e+00 0.0e+00  0  0  0  0  0   0  0  0  0  0     0       0      0 0.00e+00    0 0.00e+00  0
VecTDot              330 1.0 1.3542e-02 1.0 1.34e+07 1.0 0.0e+00 0.0e+00 0.0e+00  0  0  0  0  0   1  1  0  0  0   993       0      0 0.00e+00    0 0.00e+00 100
VecNorm              117 1.0 7.9529e-03 1.0 4.24e+06 1.0 0.0e+00 0.0e+00 0.0e+00  0  0  0  0  0   0  0  0  0  0   533       0      0 0.00e+00    0 0.00e+00 100
VecCopy              144 1.0 7.1440e-04 1.0 0.00e+00 0.0 0.0e+00 0.0e+00 0.0e+00  0  0  0  0  0   0  0  0  0  0     0       0      0 0.00e+00    0 0.00e+00  0
VecSet                57 1.0 2.1564e-04 1.0 0.00e+00 0.0 0.0e+00 0.0e+00 0.0e+00  0  0  0  0  0   0  0  0  0  0     0       0      0 0.00e+00    0 0.00e+00  0
VecAXPY              288 1.0 8.8379e-04 1.0 1.22e+07 1.0 0.0e+00 0.0e+00 0.0e+00  0  0  0  0  0   0  1  0  0  0 13810       0      0 0.00e+00    0 0.00e+00 100
VecAYPX              341 1.0 1.8453e-03 1.0 1.65e+07 1.0 0.0e+00 0.0e+00 0.0e+00  0  0  0  0  0   0  1  0  0  0  8921       0      0 0.00e+00    0 0.00e+00 100
VecAXPBYCZ            72 1.0 4.8549e-04 1.0 9.31e+06 1.0 0.0e+00 0.0e+00 0.0e+00  0  0  0  0  0   0  1  0  0  0 19167       0      0 0.00e+00    0 0.00e+00 100
VecAssemblyBegin       4 1.0 3.6200e-07 1.0 0.00e+00 0.0 0.0e+00 0.0e+00 0.0e+00  0  0  0  0  0   0  0  0  0  0     0       0      0 0.00e+00    0 0.00e+00  0
VecAssemblyEnd         4 1.0 3.2100e-07 1.0 0.00e+00 0.0 0.0e+00 0.0e+00 0.0e+00  0  0  0  0  0   0  0  0  0  0     0       0      0 0.00e+00    0 0.00e+00  0
VecPointwiseMult     107 1.0 4.3078e-04 1.0 1.14e+06 1.0 0.0e+00 0.0e+00 0.0e+00  0  0  0  0  0   0  0  0  0  0  2641       0      0 0.00e+00    0 0.00e+00 100
VecReciprocal         13 1.0 1.3593e-04 1.0 0.00e+00 0.0 0.0e+00 0.0e+00 0.0e+00  0  0  0  0  0   0  0  0  0  0     0       0      0 0.00e+00    0 0.00e+00  0
VecSetValues      131072 1.0 7.4512e-03 1.0 0.00e+00 0.0 0.0e+00 0.0e+00 0.0e+00  0  0  0  0  0   0  0  0  0  0     0       0      0 0.00e+00    0 0.00e+00  0
VecScatterBegin      231 1.0 1.9755e-04 1.0 0.00e+00 0.0 0.0e+00 0.0e+00 0.0e+00  0  0  0  0  0   0  0  0  0  0     0       0      4 0.00e+00    0 0.00e+00  0
VecScatterEnd        231 1.0 1.1950e-04 1.0 0.00e+00 0.0 0.0e+00 0.0e+00 0.0e+00  0  0  0  0  0   0  0  0  0  0     0       0      0 0.00e+00    0 0.00e+00  0
MatMult             6433 1.0 4.2055e-03 1.0 1.09e+09 1.0 0.0e+00 0.0e+00 0.0e+00  0 31  0  0  0   0 68  0  0  0 259630       0      4 0.00e+00    0 0.00e+00 100
MatMultAdd            36 1.0 2.0987e-04 1.0 4.50e+07 1.0 0.0e+00 0.0e+00 0.0e+00  0  1  0  0  0   0  3  0  0  0 214627       0      0 0.00e+00    0 0.00e+00 100
MatMultTranspose      36 1.0 3.1044e-04 1.0 4.50e+07 1.0 0.0e+00 0.0e+00 0.0e+00  0  1  0  0  0   0  3  0  0  0 145101       0      0 0.00e+00    0 0.00e+00 100
MatConvert            16 1.0 6.3795e-01 1.0 0.00e+00 0.0 0.0e+00 0.0e+00 0.0e+00  4  0  0  0  0  31  0  0  0  0     0       0      0 0.00e+00    8 2.00e+01  0
MatScale              12 1.0 1.5503e-03 1.0 4.22e+06 1.0 0.0e+00 0.0e+00 0.0e+00  0  0  0  0  0   0  0  0  0  0  2724       0      0 0.00e+00    0 0.00e+00 59
MatResidual           36 1.0 5.2105e-04 1.0 1.56e+08 1.0 0.0e+00 0.0e+00 0.0e+00  0  4  0  0  0   0 10  0  0  0 298805       0      0 0.00e+00    0 0.00e+00 100
MatAssemblyBegin      68 1.0 1.6602e-04 1.0 0.00e+00 0.0 0.0e+00 0.0e+00 0.0e+00  0  0  0  0  0   0  0  0  0  0     0       0      0 0.00e+00    0 0.00e+00  0
MatAssemblyEnd        68 1.0 2.2447e-02 1.0 0.00e+00 0.0 0.0e+00 0.0e+00 0.0e+00  0  0  0  0  0   1  0  0  0  0     0       0      0 0.00e+00    0 0.00e+00  0
MatSetValues     3494847 1.0 4.6501e-01 1.0 1.48e+06 1.0 0.0e+00 0.0e+00 0.0e+00  3  0  0  0  0  23  0  0  0  0     3       0      0 0.00e+00    0 0.00e+00  0
MatGetRow         411096 1.0 3.7730e-02 1.0 0.00e+00 0.0 0.0e+00 0.0e+00 0.0e+00  0  0  0  0  0   2  0  0  0  0     0       0      0 0.00e+00    0 0.00e+00  0
MatCoarsen             4 1.0 3.2878e-03 1.0 0.00e+00 0.0 0.0e+00 0.0e+00 0.0e+00  0  0  0  0  0   0  0  0  0  0     0       0      0 0.00e+00    0 0.00e+00  0
MatAXPY                8 1.0 7.1973e-01 1.0 1.48e+06 1.0 0.0e+00 0.0e+00 0.0e+00  4  0  0  0  0  35  0  0  0  0     2       0      0 0.00e+00    8 2.00e+01  0
MatTranspose           9 1.0 1.5237e-02 1.0 0.00e+00 0.0 0.0e+00 0.0e+00 0.0e+00  0  0  0  0  0   1  0  0  0  0     0       0      0 0.00e+00    0 0.00e+00  0
MatMatMultSym          4 1.0 8.4855e-02 1.0 0.00e+00 0.0 0.0e+00 0.0e+00 0.0e+00  0  0  0  0  0   4  0  0  0  0     0       0      0 0.00e+00   28 1.18e+02  0
MatMatMultNum          4 1.0 7.0100e-07 1.0 0.00e+00 0.0 0.0e+00 0.0e+00 0.0e+00  0  0  0  0  0   0  0  0  0  0     0       0      0 0.00e+00    0 0.00e+00  0
MatPtAPSymbolic        4 1.0 9.6160e-02 1.0 0.00e+00 0.0 0.0e+00 0.0e+00 0.0e+00  1  0  0  0  0   5  0  0  0  0     0       0      0 0.00e+00   28 1.26e+02  0
MatPtAPNumeric         4 1.0 1.1830e-06 1.0 0.00e+00 0.0 0.0e+00 0.0e+00 0.0e+00  0  0  0  0  0   0  0  0  0  0     0       0      0 0.00e+00    0 0.00e+00  0
MatTrnMatMultSym       1 1.0 1.3597e-01 1.0 0.00e+00 0.0 0.0e+00 0.0e+00 0.0e+00  1  0  0  0  0   7  0  0  0  0     0       0      0 0.00e+00    0 0.00e+00  0
MatCreateGraph         4 1.0 7.9329e-02 1.0 2.58e+06 1.0 0.0e+00 0.0e+00 0.0e+00  0  0  0  0  0   4  0  0  0  0    33       0      0 0.00e+00    6 8.57e+00  0
MatSetPreallCOO        8 1.0 2.2280e-02 1.0 0.00e+00 0.0 0.0e+00 0.0e+00 0.0e+00  0  0  0  0  0   1  0  0  0  0     0       0      0 0.00e+00   24 2.86e+01  0
MatSetValuesCOO        8 1.0 5.1638e-04 1.0 0.00e+00 0.0 0.0e+00 0.0e+00 0.0e+00  0  0  0  0  0   0  0  0  0  0     0       0      0 0.00e+00    0 0.00e+00  0
KSPSetUp               1 1.0 3.2131e-03 1.0 0.00e+00 0.0 0.0e+00 0.0e+00 0.0e+00  0  0  0  0  0   0  0  0  0  0     0       0      0 0.00e+00    0 0.00e+00  0
KSPSolve               1 1.0 1.9643e-02 1.0 8.95e+08 1.0 0.0e+00 0.0e+00 0.0e+00  0 26  0  0  0   1 56  0  0  0 45558       0      1 0.00e+00    0 0.00e+00 100
SNESSolve              1 1.0 2.0337e+00 1.0 1.60e+09 1.0 0.0e+00 0.0e+00 0.0e+00 11 46  0  0  0 100 100  0  0  0   787       0      6 1.89e+00   79 2.80e+02 79
SNESSetUp              1 1.0 9.1446e-05 1.0 0.00e+00 0.0 0.0e+00 0.0e+00 0.0e+00  0  0  0  0  0   0  0  0  0  0     0       0      0 0.00e+00    0 0.00e+00  0
SNESFunctionEval       1 1.0 8.0807e-01 1.0 3.26e+08 1.0 0.0e+00 0.0e+00 0.0e+00  5  9  0  0  0  40 20  0  0  0   403       0      2 1.89e+00    3 2.83e+00  0
PCSetUp_GAMG+          1 1.0 1.2027e+00 1.0 3.80e+08 1.0 0.0e+00 0.0e+00 0.0e+00  7 11  0  0  0  59 24  0  0  0   316       0      3 0.00e+00   76 2.77e+02 99
 PCGAMGCreateG         4 1.0 7.9336e-02 1.0 2.58e+06 1.0 0.0e+00 0.0e+00 0.0e+00  0  0  0  0  0   4  0  0  0  0    33       0      0 0.00e+00    6 8.57e+00  0
 GAMG Coarsen          8 1.0 1.6249e-01 1.0 0.00e+00 0.0 0.0e+00 0.0e+00 0.0e+00  1  0  0  0  0   8  0  0  0  0     0       0      0 0.00e+00    0 0.00e+00  0
  GAMG MIS/Agg         4 1.0 1.3937e-01 1.0 0.00e+00 0.0 0.0e+00 0.0e+00 0.0e+00  1  0  0  0  0   7  0  0  0  0     0       0      0 0.00e+00    0 0.00e+00  0
 PCGAMGProl            4 1.0 6.8438e-02 1.0 0.00e+00 0.0 0.0e+00 0.0e+00 0.0e+00  0  0  0  0  0   3  0  0  0  0     0       0      0 0.00e+00    0 0.00e+00  0
  GAMG Prol-col        4 1.0 2.1331e-05 1.0 0.00e+00 0.0 0.0e+00 0.0e+00 0.0e+00  0  0  0  0  0   0  0  0  0  0     0       0      0 0.00e+00    0 0.00e+00  0
  GAMG Prol-lift       4 1.0 6.6117e-02 1.0 0.00e+00 0.0 0.0e+00 0.0e+00 0.0e+00  0  0  0  0  0   3  0  0  0  0     0       0      0 0.00e+00    0 0.00e+00  0
 PCGAMGOptProl         4 1.0 7.7669e-01 1.0 1.86e+08 1.0 0.0e+00 0.0e+00 0.0e+00  4  5  0  0  0  38 12  0  0  0   239       0      3 0.00e+00   36 1.38e+02 100
  GAMG smooth          4 1.0 7.6787e-01 1.0 3.12e+06 1.0 0.0e+00 0.0e+00 0.0e+00  4  0  0  0  0  38  0  0  0  0     4       0      0 0.00e+00   36 1.38e+02 80
 PCGAMGCreateL         4 1.0 9.6221e-02 1.0 0.00e+00 0.0 0.0e+00 0.0e+00 0.0e+00  1  0  0  0  0   5  0  0  0  0     0       0      0 0.00e+00   28 1.26e+02  0
  GAMG PtAP            4 1.0 9.6211e-02 1.0 0.00e+00 0.0 0.0e+00 0.0e+00 0.0e+00  1  0  0  0  0   5  0  0  0  0     0       0      0 0.00e+00   28 1.26e+02  0
PCGAMG Squ l00         1 1.0 1.3598e-01 1.0 0.00e+00 0.0 0.0e+00 0.0e+00 0.0e+00  1  0  0  0  0   7  0  0  0  0     0       0      0 0.00e+00    0 0.00e+00  0
PCGAMG Gal l00         1 1.0 7.8242e-02 1.0 0.00e+00 0.0 0.0e+00 0.0e+00 0.0e+00  0  0  0  0  0   4  0  0  0  0     0       0      0 0.00e+00    7 1.12e+02  0
PCGAMG Opt l00         1 1.0 7.3648e-02 1.0 0.00e+00 0.0 0.0e+00 0.0e+00 0.0e+00  0  0  0  0  0   4  0  0  0  0     0       0      0 0.00e+00    7 1.06e+02  0
PCGAMG Gal l01         1 1.0 1.1090e-02 1.0 0.00e+00 0.0 0.0e+00 0.0e+00 0.0e+00  0  0  0  0  0   1  0  0  0  0     0       0      0 0.00e+00    7 1.26e+01  0
PCGAMG Opt l01         1 1.0 6.1279e-03 1.0 0.00e+00 0.0 0.0e+00 0.0e+00 0.0e+00  0  0  0  0  0   0  0  0  0  0     0       0      0 0.00e+00    7 1.13e+01  0
PCGAMG Gal l02         1 1.0 3.8197e-03 1.0 0.00e+00 0.0 0.0e+00 0.0e+00 0.0e+00  0  0  0  0  0   0  0  0  0  0     0       0      0 0.00e+00    7 1.05e+00  0
PCGAMG Opt l02         1 1.0 2.8013e-03 1.0 0.00e+00 0.0 0.0e+00 0.0e+00 0.0e+00  0  0  0  0  0   0  0  0  0  0     0       0      0 0.00e+00    7 1.07e+00  0
PCGAMG Gal l03         1 1.0 3.0561e-03 1.0 0.00e+00 0.0 0.0e+00 0.0e+00 0.0e+00  0  0  0  0  0   0  0  0  0  0     0       0      0 0.00e+00    7 1.07e-02  0
PCGAMG Opt l03         1 1.0 2.3165e-03 1.0 0.00e+00 0.0 0.0e+00 0.0e+00 0.0e+00  0  0  0  0  0   0  0  0  0  0     0       0      0 0.00e+00    7 1.30e-02  0
PCSetUp                1 1.0 1.2027e+00 1.0 3.80e+08 1.0 0.0e+00 0.0e+00 0.0e+00  7 11  0  0  0  59 24  0  0  0   316       0      3 0.00e+00   76 2.77e+02 99
PCApply                9 1.0 1.4502e-02 1.0 7.49e+08 1.0 0.0e+00 0.0e+00 0.0e+00  0 22  0  0  0   1 47  0  0  0 51669       0      1 0.00e+00    0 0.00e+00 100

--- Event Stage 3: Hot Solve

DMPlexResidualFE       1 1.0 5.9502e-01 1.0 3.23e+08 1.0 0.0e+00 0.0e+00 0.0e+00  3  9  0  0  0  70 23  0  0  0   544       0      0 0.00e+00    2 1.89e+00  0
SFBcastBegin           1 1.0 1.9788e-05 1.0 0.00e+00 0.0 0.0e+00 0.0e+00 0.0e+00  0  0  0  0  0   0  0  0  0  0     0       0      0 0.00e+00    0 0.00e+00  0
SFBcastEnd             1 1.0 8.2100e-07 1.0 0.00e+00 0.0 0.0e+00 0.0e+00 0.0e+00  0  0  0  0  0   0  0  0  0  0     0       0      0 0.00e+00    0 0.00e+00  0
SFReduceBegin          5 1.0 2.5920e-05 1.0 0.00e+00 0.0 0.0e+00 0.0e+00 0.0e+00  0  0  0  0  0   0  0  0  0  0     0       0      0 0.00e+00    0 0.00e+00  0
SFReduceEnd            5 1.0 3.8890e-06 1.0 0.00e+00 0.0 0.0e+00 0.0e+00 0.0e+00  0  0  0  0  0   0  0  0  0  0     0       0      0 0.00e+00    0 0.00e+00  0
SFPack               198 1.0 2.0058e-05 1.0 0.00e+00 0.0 0.0e+00 0.0e+00 0.0e+00  0  0  0  0  0   0  0  0  0  0     0       0      0 0.00e+00    0 0.00e+00  0
SFUnpack             198 1.0 1.5931e-05 1.0 0.00e+00 0.0 0.0e+00 0.0e+00 0.0e+00  0  0  0  0  0   0  0  0  0  0     0       0      0 0.00e+00    0 0.00e+00  0
VecTDot              238 1.0 1.0027e-02 1.0 8.69e+06 1.0 0.0e+00 0.0e+00 0.0e+00  0  0  0  0  0   1  1  0  0  0   867       0      0 0.00e+00    0 0.00e+00 100
VecNorm              117 1.0 8.2773e-03 1.0 4.24e+06 1.0 0.0e+00 0.0e+00 0.0e+00  0  0  0  0  0   1  0  0  0  0   512       0      0 0.00e+00    0 0.00e+00 100
VecCopy              136 1.0 6.7635e-04 1.0 0.00e+00 0.0 0.0e+00 0.0e+00 0.0e+00  0  0  0  0  0   0  0  0  0  0     0       0      0 0.00e+00    0 0.00e+00  0
VecSet                53 1.0 1.7889e-04 1.0 0.00e+00 0.0 0.0e+00 0.0e+00 0.0e+00  0  0  0  0  0   0  0  0  0  0     0       0      0 0.00e+00    0 0.00e+00  0
VecAXPY              208 1.0 5.9757e-04 1.0 8.07e+06 1.0 0.0e+00 0.0e+00 0.0e+00  0  0  0  0  0   0  1  0  0  0 13503       0      0 0.00e+00    0 0.00e+00 100
VecAYPX              305 1.0 1.1087e-03 1.0 1.46e+07 1.0 0.0e+00 0.0e+00 0.0e+00  0  0  0  0  0   0  1  0  0  0 13170       0      0 0.00e+00    0 0.00e+00 100
VecAXPBYCZ            72 1.0 2.5008e-04 1.0 9.31e+06 1.0 0.0e+00 0.0e+00 0.0e+00  0  0  0  0  0   0  1  0  0  0 37209       0      0 0.00e+00    0 0.00e+00 100
VecPointwiseMult      63 1.0 2.3987e-04 1.0 3.78e+02 1.0 0.0e+00 0.0e+00 0.0e+00  0  0  0  0  0   0  0  0  0  0     2       0      0 0.00e+00    0 0.00e+00 100
VecReciprocal          1 1.0 5.9220e-06 1.0 0.00e+00 0.0 0.0e+00 0.0e+00 0.0e+00  0  0  0  0  0   0  0  0  0  0     0       0      0 0.00e+00    0 0.00e+00  0
VecScatterBegin      192 1.0 1.4795e-04 1.0 0.00e+00 0.0 0.0e+00 0.0e+00 0.0e+00  0  0  0  0  0   0  0  0  0  0     0       0      0 0.00e+00    0 0.00e+00  0
VecScatterEnd        192 1.0 9.1450e-05 1.0 0.00e+00 0.0 0.0e+00 0.0e+00 0.0e+00  0  0  0  0  0   0  0  0  0  0     0       0      0 0.00e+00    0 0.00e+00  0
MatMult             6393 1.0 3.6798e-03 1.0 9.21e+08 1.0 0.0e+00 0.0e+00 0.0e+00  0 27  0  0  0   0 65  0  0  0 250273       0      0 0.00e+00    0 0.00e+00 100
MatMultAdd            36 1.0 1.8599e-04 1.0 4.50e+07 1.0 0.0e+00 0.0e+00 0.0e+00  0  1  0  0  0   0  3  0  0  0 242187       0      0 0.00e+00    0 0.00e+00 100
MatMultTranspose      36 1.0 2.6686e-04 1.0 4.50e+07 1.0 0.0e+00 0.0e+00 0.0e+00  0  1  0  0  0   0  3  0  0  0 168792       0      0 0.00e+00    0 0.00e+00 100
MatResidual           36 1.0 5.1535e-04 1.0 1.56e+08 1.0 0.0e+00 0.0e+00 0.0e+00  0  4  0  0  0   0 11  0  0  0 302112       0      0 0.00e+00    0 0.00e+00 100
MatAssemblyBegin       4 1.0 9.1200e-07 1.0 0.00e+00 0.0 0.0e+00 0.0e+00 0.0e+00  0  0  0  0  0   0  0  0  0  0     0       0      0 0.00e+00    0 0.00e+00  0
MatAssemblyEnd         4 1.0 2.5450e-06 1.0 0.00e+00 0.0 0.0e+00 0.0e+00 0.0e+00  0  0  0  0  0   0  0  0  0  0     0       0      0 0.00e+00    0 0.00e+00  0
MatPtAPNumeric         4 1.0 6.0341e-03 1.0 0.00e+00 0.0 0.0e+00 0.0e+00 0.0e+00  0  0  0  0  0   1  0  0  0  0     0       0      0 0.00e+00    0 0.00e+00  0
MatSetValuesCOO        4 1.0 6.7361e-05 1.0 0.00e+00 0.0 0.0e+00 0.0e+00 0.0e+00  0  0  0  0  0   0  0  0  0  0     0       0      0 0.00e+00    0 0.00e+00  0
KSPSetUp               1 1.0 5.2100e-07 1.0 0.00e+00 0.0 0.0e+00 0.0e+00 0.0e+00  0  0  0  0  0   0  0  0  0  0     0       0      0 0.00e+00    0 0.00e+00  0
KSPSolve               1 1.0 1.9424e-02 1.0 8.95e+08 1.0 0.0e+00 0.0e+00 0.0e+00  0 26  0  0  0   2 63  0  0  0 46072       0      0 0.00e+00    0 0.00e+00 100
SNESSolve              1 1.0 8.5050e-01 1.0 1.41e+09 1.0 0.0e+00 0.0e+00 0.0e+00  5 41  0  0  0 100 100  0  0  0  1661       0      6 4.49e+00    7 7.12e+01 77
SNESFunctionEval       1 1.0 8.0768e-01 1.0 3.26e+08 1.0 0.0e+00 0.0e+00 0.0e+00  5  9  0  0  0  95 23  0  0  0   404       0      2 1.89e+00    3 2.83e+00  0
PCSetUp_GAMG+          1 1.0 2.3364e-02 1.0 1.91e+08 1.0 0.0e+00 0.0e+00 0.0e+00  0  5  0  0  0   3 14  0  0  0  8180       0      4 2.60e+00    4 6.84e+01 100
PCGAMG Gal l00         1 1.0 1.6144e-03 1.0 0.00e+00 0.0 0.0e+00 0.0e+00 0.0e+00  0  0  0  0  0   0  0  0  0  0     0       0      0 0.00e+00    0 0.00e+00  0
PCGAMG Gal l01         1 1.0 1.8386e-03 1.0 0.00e+00 0.0 0.0e+00 0.0e+00 0.0e+00  0  0  0  0  0   0  0  0  0  0     0       0      0 0.00e+00    0 0.00e+00  0
PCGAMG Gal l02         1 1.0 2.4301e-03 1.0 0.00e+00 0.0 0.0e+00 0.0e+00 0.0e+00  0  0  0  0  0   0  0  0  0  0     0       0      0 0.00e+00    0 0.00e+00  0
PCGAMG Gal l03         1 1.0 1.5798e-04 1.0 0.00e+00 0.0 0.0e+00 0.0e+00 0.0e+00  0  0  0  0  0   0  0  0  0  0     0       0      0 0.00e+00    0 0.00e+00  0
PCSetUp                1 1.0 2.3369e-02 1.0 1.91e+08 1.0 0.0e+00 0.0e+00 0.0e+00  0  5  0  0  0   3 14  0  0  0  8178       0      4 2.60e+00    4 6.84e+01 100
PCApply                9 1.0 1.4294e-02 1.0 7.49e+08 1.0 0.0e+00 0.0e+00 0.0e+00  0 22  0  0  0   2 53  0  0  0 52421       0      0 0.00e+00    0 0.00e+00 100
---------------------------------------------------------------------------------------------------------------------------------------------------------------

Object Type          Creations   Destructions. Reports information only for process 0.

--- Event Stage 0: Main Stage

           Container     2             39
    Distributed Mesh     0             39
            DM Label     0             57
          Quadrature     1            133
           Index Set    25            129
   IS L to G Mapping     0             97
             Section     0            114
   Star Forest Graph     0             72
     Discrete System     0             39
           Weak Form     0             40
    GraphPartitioner     0             15
              Vector     1             79
        Linear Space     0              6
          Dual Space     0             16
            FE Space     0              4
              Matrix     6             75
      Matrix Coarsen     0              1
   Matrix Null Space     0              1
                SNES     0              1
              DMSNES     0              1
       Krylov Solver     0             10
     DMKSP interface     0              1
       Field over DM     1              1
      Preconditioner     0              6
              Viewer     0              1

--- Event Stage 1: Mesh Setup

           Container    86             57
    Distributed Mesh   116             80
            DM Label   279            222
          Quadrature   348            216
           Index Set  1269           1165
   IS L to G Mapping   289            192
             Section   364            250
   Star Forest Graph   288            230
     Discrete System   170            134
           Weak Form   172            135
    GraphPartitioner    52             37
              Vector    78             51
        Linear Space    12              6
          Dual Space    60             44
            FE Space     6              2
              Matrix   141            120
   Matrix Null Space     1              0
  PetscDeviceContext     1              0
                SNES     1              0
              DMSNES     1              0
       Krylov Solver     1              0
       Field over DM     1              1
      Preconditioner     1              0
              Viewer     1              0

--- Event Stage 2: Solve 0

           Container    37             29
    Distributed Mesh     3              0
          Quadrature     1              1
           Index Set   122            122
   Star Forest Graph    76             62
     Discrete System     3              0
           Weak Form     3              0
              Vector   233            182
              Matrix   272            224
      Matrix Coarsen     4              3
       Krylov Solver    13              4
     DMKSP interface     1              0
      Preconditioner    13              8
         PetscRandom     4              4

--- Event Stage 3: Hot Solve

          Quadrature     1              1
           Index Set    31             31
              Vector    12             12
========================================================================================================================
Average time to get PetscTime(): 3.11e-08
#PETSc Option Table entries:
-block_mat_type mpibaijkokkos # (source: command line)
-dm_mat_type mpiaij # (source: command line)
-dm_plex_box_faces 33,33,33 # (source: command line)
-dm_plex_box_lower 0,0,0 # (source: command line)
-dm_plex_box_upper 1,1,1 # (source: command line)
-dm_plex_dim 3 # (source: command line)
-dm_plex_simplex 0 # (source: command line)
-dm_vec_type kokkos # (source: command line)
-ksp_converged_reason # (source: command line)
-ksp_norm_type unpreconditioned # (source: command line)
-ksp_rtol 1e-6 # (source: command line)
-ksp_type cg # (source: command line)
-log_view # (source: command line)
-max_conv_its 1 # (source: command line)
-mg_coarse_ksp_type cg # (source: command line)
-mg_coarse_pc_type jacobi # (source: command line)
-mg_levels_ksp_type chebyshev # (source: command line)
-mg_levels_pc_type pbjacobi # (source: command line)
-my_mat_view ::ascii_info # (source: command line)
-n_solves 2 # (source: command line)
-pc_gamg_agg_nsmooths 1 # (source: command line)
-pc_gamg_coarse_eq_limit 20 # (source: command line)
-pc_gamg_parallel_coarse_grid_solver # (source: command line)
-pc_gamg_reuse_interpolation true # (source: command line)
-pc_gamg_type agg # (source: command line)
-pc_type gamg # (source: command line)
-petscpartitioner_type simple # (source: command line)
-petscspace_degree 1 # (source: command line)
-run_type 1 # (source: command line)
-snes_lag_jacobian -2 # (source: command line)
-snes_type ksponly # (source: command line)
-use_mat_nearnullspace true # (source: command line)
#End of PETSc Option Table entries
Compiled without FORTRAN kernels
Compiled with full precision matrices (default)
sizeof(short) 2 sizeof(int) 4 sizeof(long) 8 sizeof(void*) 8 sizeof(PetscScalar) 8 sizeof(PetscInt) 4
Configure options: --with-make-np=8 --with-mpiexec="srun -G4 --gpu-bind=none" --with-batch=0 --download-triangle=1 --with-cc=cc --with-cxx=CC --with-fc=0 --with-debugging=0 --with-cuda=1 --with-cuda-arch=80 --download-kokkos --download-kokkos-kernels PETSC_ARCH=arch-perlmutter-opt-gcc-kokkos-cuda
-----------------------------------------
Libraries compiled on 2026-06-19 13:41:00 on login10
Machine characteristics: Linux-6.4.0-150600.23.103_15.0.24-cray_shasta_c-x86_64-with-glibc2.3.4
Using PETSc directory: /global/u2/m/madams/petsc
Using PETSc arch: arch-perlmutter-opt-gcc-kokkos-cuda
-----------------------------------------

Using C compiler: cc  -fPIC -Wall -Wwrite-strings -Wno-unknown-pragmas -Wno-lto-type-mismatch -Wno-stringop-overflow -fstack-protector -fvisibility=hidden -g -O 
-----------------------------------------

Using include paths: -I/global/u2/m/madams/petsc/include -I/global/u2/m/madams/petsc/arch-perlmutter-opt-gcc-kokkos-cuda/include -I/opt/nvidia/hpc_sdk/Linux_x86_64/25.5/cuda/12.9/include -I/opt/nvidia/hpc_sdk/Linux_x86_64/25.5/math_libs/12.9/include
-----------------------------------------

Using C linker: cc
Using libraries: -Wl,-rpath,/global/u2/m/madams/petsc/arch-perlmutter-opt-gcc-kokkos-cuda/lib -L/global/u2/m/madams/petsc/arch-perlmutter-opt-gcc-kokkos-cuda/lib -lpetsc -Wl,-rpath,/global/u2/m/madams/petsc/arch-perlmutter-opt-gcc-kokkos-cuda/lib -L/global/u2/m/madams/petsc/arch-perlmutter-opt-gcc-kokkos-cuda/lib -Wl,-rpath,/opt/nvidia/hpc_sdk/Linux_x86_64/25.5/cuda/12.9/lib64 -L/opt/nvidia/hpc_sdk/Linux_x86_64/25.5/cuda/12.9/lib64 -Wl,-rpath,/opt/nvidia/hpc_sdk/Linux_x86_64/25.5/math_libs/12.9/lib64 -L/opt/nvidia/hpc_sdk/Linux_x86_64/25.5/math_libs/12.9/lib64 -L/opt/nvidia/hpc_sdk/Linux_x86_64/25.5/cuda/12.9/lib64/stubs -lkokkoskernels -lkokkoscontainers -lkokkoscore -lkokkossimd -ltriangle -lcudart -lnvtx3interop -lcufft -lcublas -lcusparse -lcusolver -lcurand -lcuda -lnvidia-ml -lX11 -lstdc++ -lquadmath
-----------------------------------------

