Mat Object: 8 MPI processes
  type: mpiaijkokkos
  rows=786432, cols=786432, bs=3 variable blocks set
  total: nonzeros=61731000, allocated nonzeros=61731000
  total number of mallocs used during MatSetValues calls=0
    using I-node (on process 0) routines: found 29128 nodes, limit used is 5
    Linear solve converged due to CONVERGED_RTOL iterations 10
    Linear solve converged due to CONVERGED_RTOL iterations 10
[0] 0) N=      786432, max displ=5.9691657e+01, error=6.210e-02
****************************************************************************************************************************************************************
***                                WIDEN YOUR WINDOW TO 160 CHARACTERS.  Use 'enscript -r -fCourier9' to print this document                                 ***
****************************************************************************************************************************************************************

------------------------------------------------------------------ PETSc Performance Summary: ------------------------------------------------------------------

/global/homes/m/madams/petsc/src/snes/tutorials/ex56 on a arch-perlmutter-opt-gcc-kokkos-cuda named nid001036 with 8 processes and CUDA architecture 80, by madams on Sun Jun 21 14:17:29 2026
Using PETSc Development Git Revision: v3.25.2-320-ga5ba3691813 Git Date: 2026-06-19 09:07:30 -0400

                         Max       Max/Min     Avg       Total
Time (sec):           3.067e+01     1.001   3.066e+01
Objects:              0.000e+00     0.000   0.000e+00
Flops:                3.823e+09     1.153   3.739e+09  2.991e+10
Flops/sec:            1.247e+08     1.153   1.219e+08  9.755e+08
MPI Msg Count:        2.884e+03     2.059   2.200e+03  1.760e+04
MPI Msg Len (bytes):  2.048e+08     2.341   6.972e+04  1.227e+09
MPI Reductions:       1.880e+02     1.000

Flop counting convention: 1 flop = 1 real number operation of type (multiply/divide/add/subtract)
                            e.g., VecAXPY() for real vectors of length N --> 2N flops
                            and VecAXPY() for complex vectors of length N --> 8N flops

Summary of Stages:   ----- Time ------  ----- Flop ------  --- Messages ---  -- Message Lengths --  -- Reductions --
                        Avg     %Total     Avg     %Total    Count   %Total     Avg         %Total    Count   %Total
 0:      Main Stage: 1.1553e+01  37.7%  2.7951e+09   9.3%  3.500e+01   0.2%  2.172e+06        6.2%  3.000e+00   1.6%
 1:      Mesh Setup: 1.3250e+01  43.2%  7.3798e+08   2.5%  7.700e+02   4.4%  5.898e+05       37.0%  5.500e+01  29.3%
 2:         Solve 0: 4.9465e+00  16.1%  1.3985e+10  46.8%  1.094e+04  62.1%  4.339e+04       38.7%  1.130e+02  60.1%
 3:       Hot Solve: 9.1292e-01   3.0%  1.2393e+10  41.4%  5.859e+03  33.3%  3.795e+04       18.1%  0.000e+00   0.0%

------------------------------------------------------------------------------------------------------------------------
See the 'Profiling' chapter of the users' manual for details on interpreting output.
Phase summary info:
   Count: number of times phase was executed
   Time and Flop: Max - maximum over all processes
                  Ratio - ratio of maximum to minimum over all processes
   Mess: number of messages sent
   AvgLen: average message length (bytes)
   Reduct: number of global reductions
   Global: entire computation
   Stage: stages of a computation. Set stages with PetscLogStagePush() and PetscLogStagePop().
      %T - percent time in this phase         %F - percent flop in this phase
      %M - percent messages in this phase     %L - percent message lengths in this phase
      %R - percent reductions in this phase
   Total Mflop/s: 1e-6 * (sum of flop over all processes)/(max time over all processes)
   GPU Mflop/s: 1e-6 * (sum of flop on GPU over all processes)/(max GPU time over all processes)
   CpuToGpu Count: total number of CPU to GPU copies per processor
   CpuToGpu Size (Mbytes): 1e-6 * (total size of CPU to GPU copies per processor)
   GpuToCpu Count: total number of GPU to CPU copies per processor
   GpuToCpu Size (Mbytes): 1e-6 * (total size of GPU to CPU copies per processor)
   GPU %F: percent flops on GPU in this event
------------------------------------------------------------------------------------------------------------------------
Event                Count      Time (sec)     Flop                              --- Global ---  --- Stage ----  Total   GPU    - CpuToGpu -   - GpuToCpu - GPU
                   Max Ratio  Max     Ratio   Max  Ratio  Mess   AvgLen  Reduct  %T %F %M %L %R  %T %F %M %L %R Mflop/s Mflop/s Count   Size   Count   Size  %F
---------------------------------------------------------------------------------------------------------------------------------------------------------------

--- Event Stage 0: Main Stage

BuildTwoSided          2 1.0 5.8872e-02 93.7 0.00e+00 0.0 1.4e+01 4.0e+00 0.0e+00  0  0  0  0  0   0  0 40  0  0     0       0      0 0.00e+00    0 0.00e+00  0
BuildTwoSidedF         1 1.0 5.8174e-02 59.6 0.00e+00 0.0 1.4e+01 5.4e+06 0.0e+00  0  0  0  6  0   0  0 40 99  0     0       0      0 0.00e+00    0 0.00e+00  0
DMPlexJacobianFE       1 1.0 1.1221e+01 1.2 3.41e+08 1.0 1.4e+01 5.4e+06 0.0e+00 35  9  0  6  0  94 97 40 99  0   243       0      0 0.00e+00    3 6.27e+01  0
SFSetGraph             1 1.0 9.3419e-04 1.3 0.00e+00 0.0 0.0e+00 0.0e+00 0.0e+00  0  0  0  0  0   0  0  0  0  0     0       0      0 0.00e+00    0 0.00e+00  0
SFSetUp                1 1.0 3.3934e-03 1.2 0.00e+00 0.0 1.4e+01 2.5e+04 0.0e+00  0  0  0  0  0   0  0 40  0  0     0       0      0 0.00e+00    0 0.00e+00  0
SFBcastBegin           1 1.0 1.2340e-02 1.1 0.00e+00 0.0 7.0e+00 1.0e+05 0.0e+00  0  0  0  0  0   0  0 20  1  0     0       0      1 3.93e-01    0 0.00e+00  0
SFBcastEnd             1 1.0 5.2548e-03 2.0 0.00e+00 0.0 0.0e+00 0.0e+00 0.0e+00  0  0  0  0  0   0  0  0  0  0     0       0      1 4.37e-02    0 0.00e+00  0
SFPack                 1 1.0 1.8000e-07 1.4 0.00e+00 0.0 0.0e+00 0.0e+00 0.0e+00  0  0  0  0  0   0  0  0  0  0     0       0      0 0.00e+00    0 0.00e+00  0
SFUnpack               1 1.0 7.1718e-05 198.7 0.00e+00 0.0 0.0e+00 0.0e+00 0.0e+00  0  0  0  0  0   0  0  0  0  0     0       0      1 4.37e-02    0 0.00e+00  0
VecNorm                1 1.0 2.9516e-04 1.1 0.00e+00 0.0 0.0e+00 0.0e+00 0.0e+00  0  0  0  0  0   0  0  0  0  0     0       0      0 0.00e+00    0 0.00e+00  0
VecSet                 2 1.0 1.4989e-05 1.4 0.00e+00 0.0 0.0e+00 0.0e+00 0.0e+00  0  0  0  0  0   0  0  0  0  0     0       0      0 0.00e+00    0 0.00e+00  0
DCtxDestroy            1 1.0 2.5870e-05 1.1 0.00e+00 0.0 0.0e+00 0.0e+00 0.0e+00  0  0  0  0  0   0  0  0  0  0     0       0      0 0.00e+00    0 0.00e+00  0
MatMult             6097 3.0 9.0035e-04 3.1 1.46e+05 3.0 0.0e+00 0.0e+00 0.0e+00  0  0  0  0  0   0  0  0  0  0   655       0      0 0.00e+00    0 0.00e+00  0
MatScale               1 1.0 6.9940e-06 1.1 7.92e+06 1.2 0.0e+00 0.0e+00 0.0e+00  0  0  0  0  0   0  2  0  0  0 8826279       0      0 0.00e+00    0 0.00e+00 100
MatAssemblyBegin       1 1.0 5.9471e-02 1.0 0.00e+00 0.0 1.4e+01 5.4e+06 0.0e+00  0  0  0  6  0   1  0 40 99  0     0       0      0 0.00e+00    0 0.00e+00  0
MatAssemblyEnd         1 1.0 2.0441e+00 1545.1 6.60e+05 0.0 0.0e+00 0.0e+00 0.0e+00  5  0  0  0  0  14  0  0  0  0     2       0      0 0.00e+00    0 0.00e+00  0
MatSetValues       34329 1.0 3.1228e-01 1.1 1.77e+07 1.1 0.0e+00 0.0e+00 0.0e+00  1  0  0  0  0   3  5  0  0  0   446       0      0 0.00e+00    2 6.17e+01  0
MatZeroEntries         1 1.0 2.4918e-05 1.8 0.00e+00 0.0 0.0e+00 0.0e+00 0.0e+00  0  0  0  0  0   0  0  0  0  0     0       0      0 0.00e+00    0 0.00e+00  0
MatView                1 1.0 2.0431e+00 15145.3 0.00e+00 0.0 0.0e+00 0.0e+00 0.0e+00  1  0  0  0  0   3  0  0  0  0     0       0      0 0.00e+00    0 0.00e+00  0
SNESJacobianEval       1 1.0 1.1436e+01 1.2 3.43e+08 1.0 3.5e+01 2.2e+06 1.0e+00 36  9  0  6  1  96 98 100 100 33   239       0      3 1.39e+00    4 6.36e+01  0

--- Event Stage 1: Mesh Setup

BuildTwoSided         23 1.0 4.3919e-01 15.0 0.00e+00 0.0 1.6e+02 4.0e+00 0.0e+00  1  0  1  0  0   1  0 21  0  0     0       0      0 0.00e+00    0 0.00e+00  0
BuildTwoSidedF         1 1.0 2.3694e-02 352.8 0.00e+00 0.0 0.0e+00 0.0e+00 0.0e+00  0  0  0  0  0   0  0  0  0  0     0       0      0 0.00e+00    0 0.00e+00  0
DMCreateMat            1 1.0 1.8834e+00 1.0 0.00e+00 0.0 1.6e+02 1.1e+06 4.0e+00  6  0  1 14  2  14  0 21 38  7     0       0      0 0.00e+00    0 0.00e+00  0
DMProjectFunc          6 1.0 2.1148e+00 1.0 8.57e+07 1.0 0.0e+00 0.0e+00 1.0e+00  7  2  0  0  1  16 93  0  0  2   324       0      0 0.00e+00    6 5.73e+00  0
DMPlexCrFromOpts       1 1.0 2.4296e-01 1.0 0.00e+00 0.0 0.0e+00 0.0e+00 0.0e+00  1  0  0  0  0   2  0  0  0  0     0       0      0 0.00e+00    0 0.00e+00  0
Mesh Partition         1 1.0 8.3507e-01 1.0 0.00e+00 0.0 3.5e+01 1.2e+06 4.0e+00  3  0  0  3  2   6  0  5  9  7     0       0      0 0.00e+00    0 0.00e+00  0
Mesh Migration         1 1.0 9.9450e-01 1.0 0.00e+00 0.0 2.0e+02 8.9e+05 1.6e+01  3  0  1 15  9   7  0 26 40 29     0       0      0 0.00e+00    0 0.00e+00  0
DMPlexPartSelf         1 1.0 3.2075e-01 29973.7 0.00e+00 0.0 0.0e+00 0.0e+00 0.0e+00  0  0  0  0  0   0  0  0  0  0     0       0      0 0.00e+00    0 0.00e+00  0
DMPlexPartLblInv       1 1.0 3.4503e-01 15.3 0.00e+00 0.0 0.0e+00 0.0e+00 2.0e+00  1  0  0  1  1   2  0  0  2  4     0       0      0 0.00e+00    0 0.00e+00  0
DMPlexPartLblSF        1 1.0 1.0368e-01 1.3 0.00e+00 0.0 1.4e+01 5.9e+05 0.0e+00  0  0  0  1  0   1  0  2  2  0     0       0      0 0.00e+00    0 0.00e+00  0
DMPlexPartStrtSF       1 1.0 3.6518e-01 1.0 0.00e+00 0.0 7.0e+00 2.4e+06 0.0e+00  1  0  0  1  0   3  0  1  4  0     0       0      0 0.00e+00    0 0.00e+00  0
DMPlexPointSF          1 1.0 6.6400e+00 1.0 0.00e+00 0.0 1.4e+01 3.0e+06 0.0e+00 22  0  0  3  0  50  0  2  9  0     0       0      0 0.00e+00    0 0.00e+00  0
DMPlexInterp          36 1.0 2.9451e-03 1.1 0.00e+00 0.0 0.0e+00 0.0e+00 0.0e+00  0  0  0  0  0   0  0  0  0  0     0       0      0 0.00e+00    0 0.00e+00  0
DMPlexDistribute       1 1.0 8.4644e+00 1.0 0.00e+00 0.0 2.5e+02 1.0e+06 2.2e+01 28  0  1 22 12  64  0 33 58 40     0       0      0 0.00e+00    0 0.00e+00  0
DMPlexDistCones        1 1.0 1.1358e-01 1.0 0.00e+00 0.0 4.2e+01 2.1e+06 0.0e+00  0  0  0  7  0   1  0  5 20  0     0       0      0 0.00e+00    0 0.00e+00  0
DMPlexDistLabels       1 1.0 2.9515e-01 1.0 0.00e+00 0.0 1.0e+02 6.4e+05 1.4e+01  1  0  1  5  7   2  0 14 15 25     0       0      0 0.00e+00    0 0.00e+00  0
DMPlexDistField        1 1.0 5.3818e-01 1.0 0.00e+00 0.0 4.9e+01 3.2e+05 0.0e+00  2  0  0  1  0   4  0  6  3  0     0       0      0 0.00e+00    0 0.00e+00  0
DMPlexStratify        53 1.0 2.3672e-01 4.2 0.00e+00 0.0 0.0e+00 0.0e+00 0.0e+00  1  0  0  0  0   2  0  0  0  0     0       0      0 0.00e+00    0 0.00e+00  0
DMPlexSymmetrize      53 1.0 1.1179e-01 11.2 0.00e+00 0.0 0.0e+00 0.0e+00 0.0e+00  0  0  0  0  0   0  0  0  0  0     0       0      0 0.00e+00    0 0.00e+00  0
DMPlexPrealloc         1 1.0 1.8771e+00 1.0 0.00e+00 0.0 1.6e+02 1.1e+06 4.0e+00  6  0  1 14  2  14  0 21 38  7     0       0      0 0.00e+00    0 0.00e+00  0
DMPlexGenerate         1 1.0 2.4292e-01 1.0 0.00e+00 0.0 0.0e+00 0.0e+00 0.0e+00  1  0  0  0  0   2  0  0  0  0     0       0      0 0.00e+00    0 0.00e+00  0
SFSetGraph            27 1.0 2.4549e-02 1.4 0.00e+00 0.0 0.0e+00 0.0e+00 0.0e+00  0  0  0  0  0   0  0  0  0  0     0       0      0 0.00e+00    0 0.00e+00  0
SFSetUp               22 1.0 5.6220e-01 4.1 0.00e+00 0.0 3.2e+02 3.5e+05 0.0e+00  1  0  2  9  0   2  0 42 25  0     0       0      0 0.00e+00    0 0.00e+00  0
SFBcastBegin          49 1.0 4.5230e-02 59.7 0.00e+00 0.0 3.4e+02 6.0e+05 0.0e+00  0  0  2 17  0   0  0 45 46  0     0       0      0 0.00e+00    0 0.00e+00  0
SFBcastEnd            49 1.0 7.0958e+00 107.4 0.00e+00 0.0 0.0e+00 0.0e+00 0.0e+00 19  0  0  0  0  45  0  0  0  0     0       0      0 0.00e+00    0 0.00e+00  0
SFReduceBegin         11 1.0 8.3285e-01 3522.4 0.00e+00 0.0 7.7e+01 1.1e+06 0.0e+00  0  0  0  7  0   1  0 10 19  0     0       0      0 0.00e+00    0 0.00e+00  0
SFReduceEnd           11 1.0 5.8142e+00 609.6 0.00e+00 0.0 0.0e+00 0.0e+00 0.0e+00  3  0  0  0  0   8  0  0  0  0     0       0      0 0.00e+00    0 0.00e+00  0
SFFetchOpBegin         2 1.0 1.4945e-03 275.8 0.00e+00 0.0 1.4e+01 1.4e+06 0.0e+00  0  0  0  2  0   0  0  2  4  0     0       0      0 0.00e+00    0 0.00e+00  0
SFFetchOpEnd           2 1.0 9.9626e-03 5.1 0.00e+00 0.0 1.4e+01 1.4e+06 0.0e+00  0  0  0  2  0   0  0  2  4  0     0       0      0 0.00e+00    0 0.00e+00  0
SFCreateEmbed          3 1.0 5.2609e-02 16.7 0.00e+00 0.0 2.1e+01 1.1e+05 0.0e+00  0  0  0  0  0   0  0  3  1  0     0       0      0 0.00e+00    0 0.00e+00  0
SFDistSection          9 1.0 7.4228e-02 2.5 0.00e+00 0.0 1.7e+02 4.6e+05 0.0e+00  0  0  1  6  0   1  0 22 17  0     0       0      0 0.00e+00    0 0.00e+00  0
SFSectionSF           11 1.0 4.7051e-01 5.8 0.00e+00 0.0 1.5e+02 3.6e+05 0.0e+00  1  0  1  5  0   1  0 20 12  0     0       0      0 0.00e+00    0 0.00e+00  0
SFRemoteOff            2 1.0 5.0960e-02 25.4 0.00e+00 0.0 2.8e+01 3.8e+04 0.0e+00  0  0  0  0  0   0  0  4  0  0     0       0      0 0.00e+00    0 0.00e+00  0
SFPack                62 1.0 3.4815e-02 182.3 0.00e+00 0.0 0.0e+00 0.0e+00 0.0e+00  0  0  0  0  0   0  0  0  0  0     0       0      0 0.00e+00    0 0.00e+00  0
SFUnpack              64 1.0 5.7914e+00 6000.7 0.00e+00 0.0 0.0e+00 0.0e+00 0.0e+00  2  0  0  0  0   5  0  0  0  0     0       0      0 0.00e+00    0 0.00e+00  0
VecMDot                5 1.0 7.6917e-02 1.0 3.00e+06 1.1 0.0e+00 0.0e+00 0.0e+00  0  0  0  0  0   1  3  0  0  0   307       0      0 0.00e+00    6 9.20e-05 100
VecNorm                6 1.0 7.6516e-02 1.5 1.20e+06 1.1 0.0e+00 0.0e+00 0.0e+00  0  0  0  0  0   0  1  0  0  0   123       0      0 0.00e+00    0 0.00e+00 100
VecScale               6 1.0 4.8986e-03 1.0 5.99e+05 1.1 0.0e+00 0.0e+00 0.0e+00  0  0  0  0  0   0  1  0  0  0   963       0      0 0.00e+00    0 0.00e+00 100
VecCopy                1 1.0 4.4356e-05 1.3 0.00e+00 0.0 0.0e+00 0.0e+00 0.0e+00  0  0  0  0  0   0  0  0  0  0     0       0      0 0.00e+00    0 0.00e+00  0
VecSet                 8 1.0 1.7041e-04 1.1 0.00e+00 0.0 0.0e+00 0.0e+00 0.0e+00  0  0  0  0  0   0  0  0  0  0     0       0      0 0.00e+00    0 0.00e+00  0
VecAXPY                9 1.0 4.7123e-03 1.2 1.80e+06 1.1 0.0e+00 0.0e+00 0.0e+00  0  0  0  0  0   0  2  0  0  0  3004       0      0 0.00e+00    0 0.00e+00 100
VecNormalize           6 1.0 8.1321e-02 1.5 1.80e+06 1.1 0.0e+00 0.0e+00 0.0e+00  0  0  0  0  0   1  2  0  0  0   174       0      0 0.00e+00    0 0.00e+00 100
DCtxCreate             1 1.0 1.6181e-05 1.4 0.00e+00 0.0 0.0e+00 0.0e+00 0.0e+00  0  0  0  0  0   0  0  0  0  0     0       0      0 0.00e+00    0 0.00e+00  0
DCtxSetUp              1 1.0 9.1970e-06 1.2 0.00e+00 0.0 0.0e+00 0.0e+00 0.0e+00  0  0  0  0  0   0  0  0  0  0     0       0      0 0.00e+00    0 0.00e+00  0
DCtxSetDevice          1 1.0 1.5059e-05 1.3 0.00e+00 0.0 0.0e+00 0.0e+00 0.0e+00  0  0  0  0  0   0  0  0  0  0     0       0      0 0.00e+00    0 0.00e+00  0
DualSpaceSetUp         6 1.0 2.0894e-02 1.1 2.16e+03 1.0 0.0e+00 0.0e+00 0.0e+00  0  0  0  0  0   0  0  0  0  0     1       0      0 0.00e+00    0 0.00e+00  0
FESetUp                6 1.0 2.0710e-01 2.7 0.00e+00 0.0 0.0e+00 0.0e+00 0.0e+00  1  0  0  0  0   1  0  0  0  0     0       0      0 0.00e+00    0 0.00e+00  0
MatMult           205974 1.0 3.1769e-02 1.1 4.94e+06 1.0 0.0e+00 0.0e+00 0.0e+00  0  0  0  0  0   0  5  0  0  0  1245       0      0 0.00e+00    0 0.00e+00  0
MatAssemblyBegin      49 1.0 2.3733e-02 216.5 0.00e+00 0.0 0.0e+00 0.0e+00 0.0e+00  0  0  0  0  0   0  0  0  0  0     0       0      0 0.00e+00    0 0.00e+00  0
MatAssemblyEnd        49 1.0 1.8530e-02 1.0 0.00e+00 0.0 2.8e+01 2.5e+04 1.0e+00  0  0  0  0  1   0  0  4  0  2     0       0      0 0.00e+00    0 0.00e+00  0
MatSetPreallCOO       30 1.0 6.2821e-05 1.0 0.00e+00 0.0 0.0e+00 0.0e+00 0.0e+00  0  0  0  0  0   0  0  0  0  0     0       0      0 0.00e+00    0 0.00e+00  0
MatSetValuesCOO       30 1.0 4.5018e-05 1.1 0.00e+00 0.0 0.0e+00 0.0e+00 0.0e+00  0  0  0  0  0   0  0  0  0  0     0       0      0 0.00e+00    0 0.00e+00  0

--- Event Stage 2: Solve 0

BuildTwoSided        207 1.0 3.1864e-01 7.7 0.00e+00 0.0 8.3e+02 4.0e+00 0.0e+00  0  0  5  0  0   2  0  8  0  0     0       0      0 0.00e+00    0 0.00e+00  0
BuildTwoSidedF       153 1.0 2.4998e-01 7.6 0.00e+00 0.0 1.6e+02 3.5e+04 0.0e+00  0  0  1  0  0   2  0  1  1  0     0       0      0 0.00e+00    0 0.00e+00  0
DMPlexResidualFE       1 1.0 6.0292e-01 1.1 3.09e+08 1.0 0.0e+00 0.0e+00 0.0e+00  2  8  0  0  0  11 18  0  0  0  4099       0      0 0.00e+00    2 1.91e+00  0
SFSetGraph            54 1.0 3.5499e-04 2.0 0.00e+00 0.0 0.0e+00 0.0e+00 0.0e+00  0  0  0  0  0   0  0  0  0  0     0       0      0 0.00e+00    0 0.00e+00  0
SFSetUp               54 1.0 9.2211e-02 1.7 0.00e+00 0.0 1.5e+03 5.3e+04 0.0e+00  0  0  9  6  0   1  0 14 17  0     0       0      0 0.00e+00    0 0.00e+00  0
SFBcastBegin          46 1.0 1.3095e-02 6.0 0.00e+00 0.0 1.0e+03 1.1e+05 0.0e+00  0  0  6 10  0   0  0  9 25  0     0       0      0 0.00e+00    0 0.00e+00  0
SFBcastEnd            46 1.0 9.1713e-02 4.8 0.00e+00 0.0 0.0e+00 0.0e+00 0.0e+00  0  0  0  0  0   1  0  0  0  0     0       0      0 0.00e+00    0 0.00e+00  0
SFReduceBegin         14 1.0 4.9451e-03 17.1 0.00e+00 0.0 1.5e+02 7.9e+05 0.0e+00  0  0  1 10  0   0  0  1 26  0     0       0      0 0.00e+00    0 0.00e+00  0
SFReduceEnd           14 1.0 5.8742e-02 6.2 1.25e+04 0.0 0.0e+00 0.0e+00 0.0e+00  0  0  0  0  0   1  0  0  0  0     1       0      0 0.00e+00    0 0.00e+00 100
SFPack               590 1.0 1.4889e-03 2.3 0.00e+00 0.0 0.0e+00 0.0e+00 0.0e+00  0  0  0  0  0   0  0  0  0  0     0       0      7 3.19e-02    0 0.00e+00  0
SFUnpack             590 1.0 4.1890e-04 1.5 5.48e+04 3.0 0.0e+00 0.0e+00 0.0e+00  0  0  0  0  0   0  0  0  0  0   870       0      2 1.30e-02    0 0.00e+00 100
VecTDot              344 1.0 6.8681e-02 1.9 1.41e+07 1.1 0.0e+00 0.0e+00 0.0e+00  0  0  0  0  0   1  1  0  0  0  1608       0      0 0.00e+00    0 0.00e+00 100
VecNorm              124 1.0 1.8358e-02 1.8 4.52e+06 1.1 0.0e+00 0.0e+00 0.0e+00  0  0  0  0  0   0  0  0  0  0  1930       0      0 0.00e+00    0 0.00e+00 100
VecCopy              158 1.0 9.5149e-04 1.5 0.00e+00 0.0 0.0e+00 0.0e+00 0.0e+00  0  0  0  0  0   0  0  0  0  0     0       0      0 0.00e+00    0 0.00e+00  0
VecSet                62 1.0 3.0991e-04 1.5 0.00e+00 0.0 0.0e+00 0.0e+00 0.0e+00  0  0  0  0  0   0  0  0  0  0     0       0      0 0.00e+00    0 0.00e+00  0
VecAXPY              300 1.0 1.0694e-03 1.8 1.28e+07 1.1 0.0e+00 0.0e+00 0.0e+00  0  0  0  0  0   0  1  0  0  0 94007       0      0 0.00e+00    0 0.00e+00 100
VecAYPX              370 1.0 3.2805e-03 1.7 1.82e+07 1.1 0.0e+00 0.0e+00 0.0e+00  0  0  0  0  0   0  1  0  0  0 43505       0      0 0.00e+00    0 0.00e+00 100
VecAXPBYCZ            80 1.0 6.7626e-03 1.1 1.05e+07 1.2 0.0e+00 0.0e+00 0.0e+00  0  0  0  0  0   0  1  0  0  0 12186       0      0 0.00e+00    0 0.00e+00 100
VecAssemblyBegin     136 1.0 2.1057e-01 23.5 0.00e+00 0.0 0.0e+00 0.0e+00 0.0e+00  0  0  0  0  0   1  0  0  0  0     0       0      0 0.00e+00    0 0.00e+00  0
VecAssemblyEnd       136 1.0 1.4053e-04 1.2 0.00e+00 0.0 0.0e+00 0.0e+00 0.0e+00  0  0  0  0  0   0  0  0  0  0     0       0      0 0.00e+00    0 0.00e+00  0
VecPointwiseMult     113 1.0 5.5629e-04 2.0 1.16e+06 1.2 0.0e+00 0.0e+00 0.0e+00  0  0  0  0  0   0  0  0  0  0 16297       0      0 0.00e+00    0 0.00e+00 100
VecReciprocal         13 1.0 1.2116e-03 13.8 0.00e+00 0.0 0.0e+00 0.0e+00 0.0e+00  0  0  0  0  0   0  0  0  0  0     0       0      0 0.00e+00    0 0.00e+00  0
VecSetValues      800287 1.1 1.3273e+00 1.2 0.00e+00 0.0 0.0e+00 0.0e+00 0.0e+00  4  0  0  0  0  26  0  0  0  0     0       0      0 0.00e+00    0 0.00e+00  0
VecScatterBegin      530 1.0 6.2958e-02 4.6 0.00e+00 0.0 7.8e+03 1.9e+04 0.0e+00  0  0 44 12  0   1  0 71 32  0     0       0     53 8.54e+00    0 0.00e+00  0
VecScatterEnd        530 1.0 6.1139e-02 2.7 4.23e+04 2.3 0.0e+00 0.0e+00 0.0e+00  0  0  0  0  0   1  0  0  0  0     5       0      2 1.30e-02    0 0.00e+00 100
MatMult             6406 2.7 1.4735e-01 1.3 1.27e+09 1.2 5.6e+03 2.2e+04 0.0e+00  0 33 32 10  0   3 70 51 26  0 66832       0      4 4.60e+00    0 0.00e+00 100
MatMultAdd            40 1.0 3.5764e-03 1.1 5.50e+07 1.2 4.8e+02 4.6e+03 0.0e+00  0  1  3  0  0   0  3  4  0  0 118807       0      0 0.00e+00    0 0.00e+00 100
MatMultTranspose      40 1.0 8.7726e-03 1.2 5.51e+07 1.2 4.8e+02 4.6e+03 0.0e+00  0  1  3  0  0   0  3  4  0  0 48466       0      2 1.30e-02    0 0.00e+00 100
MatScale              12 1.0 7.3768e-03 1.6 7.34e+06 1.2 7.2e+01 7.5e+03 0.0e+00  0  0  0  0  0   0  0  1  0  0  7695       0     11 9.01e-01    0 0.00e+00 100
MatResidual           40 1.0 7.0960e-03 1.1 1.87e+08 1.2 8.4e+02 2.2e+04 0.0e+00  0  5  5  1  0   0 10  8  4  0 204605       0      0 0.00e+00    0 0.00e+00 100
MatAssemblyBegin      64 1.0 3.9803e-02 12.5 0.00e+00 0.0 1.6e+02 3.5e+04 0.0e+00  0  0  1  0  0   1  0  1  1  0     0       0      0 0.00e+00    0 0.00e+00  0
MatAssemblyEnd        64 1.0 1.1379e-01 2.2 0.00e+00 0.0 8.5e+02 1.5e+03 3.2e+01  0  0  5  0 17   1  0  8  0 28     0       0      0 0.00e+00    0 0.00e+00  0
MatSetValues      149572 1.2 3.7831e-01 1.1 6.33e+05 1.2 0.0e+00 0.0e+00 0.0e+00  1  0  0  0  0   7  0  0  0  0    13       0      0 0.00e+00    6 2.12e+01  0
MatGetValues       34219 1.1 7.1056e-02 1.1 0.00e+00 0.0 0.0e+00 0.0e+00 0.0e+00  0  0  0  0  0   1  0  0  0  0     0       0      0 0.00e+00    0 0.00e+00  0
MatGetRow         490322 1.2 9.8203e-01 1.1 0.00e+00 0.0 0.0e+00 0.0e+00 0.0e+00  3  0  0  0  0  19  0  0  0  0     0       0      0 0.00e+00   11 1.72e+01  0
MatCreateSubMat        2 1.0 3.8324e-03 1.0 0.00e+00 0.0 2.8e+01 9.3e+01 1.0e+01  0  0  0  0  5   0  0  0  0  9     0       0      0 0.00e+00    2 0.00e+00  0
MatCoarsen             4 1.0 1.7303e-02 1.2 0.00e+00 0.0 9.4e+02 2.8e+03 2.7e+01  0  0  5  0 14   0  0  9  1 24     0       0      3 5.56e-03    0 0.00e+00  0
MatAXPY                4 1.0 7.1363e-01 1.1 6.33e+05 1.2 0.0e+00 0.0e+00 0.0e+00  2  0  0  0  0  14  0  0  0  0     7       0      0 0.00e+00    6 2.12e+01  0
MatTranspose           3 1.0 3.7171e-03 1.0 0.00e+00 0.0 1.5e+02 1.1e+02 9.0e+00  0  0  1  0  5   0  0  1  0  8     0       0      3 5.56e-03    0 0.00e+00  0
MatMatMultSym          4 1.0 1.3813e-01 1.0 0.00e+00 0.0 6.6e+02 3.5e+04 1.2e+01  0  0  4  2  6   3  0  6  5 11     0       0      8 4.94e+00    0 0.00e+00  0
MatMatMultNum          4 1.0 1.5040e-06 2.0 0.00e+00 0.0 0.0e+00 0.0e+00 0.0e+00  0  0  0  0  0   0  0  0  0  0     0       0      0 0.00e+00    0 0.00e+00  0
MatPtAPSymbolic        4 1.0 5.5023e-01 1.2 0.00e+00 0.0 1.1e+03 2.1e+05 2.4e+01  2  0  6 18 13  10  0 10 47 21     0       0      8 2.12e+01    0 0.00e+00  0
MatPtAPNumeric         4 1.0 1.0820e-06 1.5 0.00e+00 0.0 0.0e+00 0.0e+00 0.0e+00  0  0  0  0  0   0  0  0  0  0     0       0      0 0.00e+00    0 0.00e+00  0
MatTrnMatMultSym       1 1.0 2.8310e-01 1.0 0.00e+00 0.0 1.1e+02 6.0e+05 3.0e+00  1  0  1  6  2   6  0  1 14  3     0       0      0 0.00e+00    0 0.00e+00  0
MatCreateGraph         4 1.0 6.4986e-01 1.0 1.84e+06 1.2 2.2e+02 3.7e+03 1.2e+01  2  0  1  0  6  13  0  2  0 11    22       0     15 7.41e+00    8 1.03e+01 100
KSPSetUp               1 1.0 1.3975e-03 4.7 0.00e+00 0.0 0.0e+00 0.0e+00 0.0e+00  0  0  0  0  0   0  0  0  0  0     0       0      0 0.00e+00    0 0.00e+00  0
KSPSolve               1 1.0 7.1522e-02 1.0 1.07e+09 1.2 4.9e+03 1.9e+04 0.0e+00  0 28 28  7  0   1 59 45 19  0 116215       0      2 1.30e-02    0 0.00e+00 100
SNESSolve              1 1.0 4.9457e+00 1.0 1.79e+09 1.2 1.1e+04 4.3e+04 1.1e+02 16 47 62 39 60 100 100 100 100 100  2828       0     86 1.06e+02   56 4.90e+01 82
SNESSetUp              1 1.0 1.9843e-03 21.7 0.00e+00 0.0 0.0e+00 0.0e+00 0.0e+00  0  0  0  0  0   0  0  0  0  0     0       0      0 0.00e+00    0 0.00e+00  0
SNESFunctionEval       1 1.0 8.0403e-01 1.1 3.12e+08 1.0 1.4e+01 1.0e+05 0.0e+00  2  8  0  0  0  15 18  0  0  0  3087       0      2 1.91e+00    3 2.87e+00  0
PCSetUp_GAMG+          1 1.0 4.1599e+00 1.0 4.11e+08 1.2 6.0e+03 6.3e+04 1.1e+02 13 11 34 31 60  83 23 55 80 100   766       0     82 1.04e+02   53 4.61e+01 100
 PCGAMGCreateG         4 1.0 6.4987e-01 1.0 1.84e+06 1.2 2.2e+02 3.7e+03 1.2e+01  2  0  1  0  6  13  0  2  0 11    22       0     15 7.41e+00    8 1.03e+01 100
 GAMG Coarsen          8 1.0 6.5508e-01 1.0 0.00e+00 0.0 1.1e+03 6.6e+04 3.0e+01  2  0  6  6 16  13  0 10 16 27     0       0      8 1.05e+00   12 7.66e+00  0
  GAMG MIS/Agg         4 1.0 3.0703e-01 1.0 0.00e+00 0.0 1.1e+03 6.7e+04 3.0e+01  1  0  6  6 16   6  0 10 15 27     0       0      3 5.56e-03    0 0.00e+00  0
 PCGAMGProl            4 1.0 1.1949e+00 1.0 0.00e+00 0.0 1.2e+03 1.9e+04 1.2e+01  4  0  7  2  6  24  0 11  5 11     0       0     38 7.19e+00   19 2.21e+00  0
  GAMG Prol-col        4 1.0 1.1669e+00 1.0 0.00e+00 0.0 1.1e+03 1.7e+04 0.0e+00  4  0  6  1  0  24  0 10  4  0     0       0     38 7.19e+00   19 2.21e+00  0
  GAMG Prol-lift       4 1.0 2.5434e-02 1.0 0.00e+00 0.0 1.4e+02 3.9e+04 4.0e+00  0  0  1  0  2   1  0  1  1  4     0       0      0 0.00e+00    0 0.00e+00  0
 PCGAMGOptProl         4 1.0 9.9717e-01 1.1 2.04e+08 1.2 1.5e+03 2.8e+04 1.2e+01  3  5  9  3  6  20 11 14  9 11  1582       0     13 6.67e+01    6 2.12e+01 100
  GAMG smooth          4 1.0 8.6259e-01 1.1 6.13e+06 1.2 6.6e+02 3.5e+04 1.2e+01  3  0  4  2  6  17  0  6  5 11    55       0      8 4.94e+00    6 2.12e+01 90
 PCGAMGCreateL         4 1.0 5.5784e-01 1.2 0.00e+00 0.0 1.1e+03 1.9e+05 4.6e+01  2  0  7 18 24  10  0 10 47 41     0       0      8 2.12e+01    2 0.00e+00  0
  GAMG PtAP            4 1.0 5.5028e-01 1.2 0.00e+00 0.0 1.1e+03 2.1e+05 2.4e+01  2  0  6 18 13  10  0 10 47 21     0       0      8 2.12e+01    0 0.00e+00  0
  GAMG Reduce          2 1.0 4.2039e-02 1.0 0.00e+00 0.0 5.7e+02 2.2e+04 3.4e+01  0  0  3  1 18   1  0  5  3 30     0       0      4 1.52e-01    2 0.00e+00  0
PCGAMG Squ l00         1 1.0 2.8310e-01 1.0 0.00e+00 0.0 1.1e+02 6.0e+05 3.0e+00  1  0  1  6  2   6  0  1 14  3     0       0      0 0.00e+00    0 0.00e+00  0
PCGAMG Gal l00         1 1.0 4.0817e-01 1.3 0.00e+00 0.0 2.2e+02 6.1e+05 6.0e+00  1  0  1 11  3   7  0  2 29  5     0       0      2 1.92e+01    0 0.00e+00  0
PCGAMG Opt l00         1 1.0 5.5767e-02 1.0 0.00e+00 0.0 1.1e+02 1.6e+05 3.0e+00  0  0  1  1  2   1  0  1  4  3     0       0      2 4.72e+00    0 0.00e+00  0
PCGAMG Gal l01         1 1.0 1.0822e-01 1.1 0.00e+00 0.0 3.5e+02 2.1e+05 6.0e+00  0  0  2  6  3   2  0  3 16  5     0       0      2 1.85e+00    0 0.00e+00  0
PCGAMG Opt l01         1 1.0 1.6650e-02 1.0 0.00e+00 0.0 1.2e+02 3.4e+04 3.0e+00  0  0  1  0  2   0  0  1  1  3     0       0      2 2.09e-01    0 0.00e+00  0
PCGAMG Gal l02         1 1.0 2.7336e-02 1.0 0.00e+00 0.0 3.9e+02 3.2e+04 6.0e+00  0  0  2  1  3   1  0  4  3  5     0       0      2 1.51e-01    0 0.00e+00  0
PCGAMG Opt l02         1 1.0 6.2084e-02 1.0 0.00e+00 0.0 3.3e+02 3.6e+03 3.0e+00  0  0  2  0  2   1  0  3  0  3     0       0      2 1.62e-02    0 0.00e+00  0
PCGAMG Gal l03         1 1.0 6.5646e-03 1.0 0.00e+00 0.0 1.2e+02 6.9e+02 6.0e+00  0  0  1  0  3   0  0  1  0  5     0       0      2 6.84e-04    0 0.00e+00  0
PCGAMG Opt l03         1 1.0 3.7031e-03 1.0 0.00e+00 0.0 9.8e+01 8.2e+02 3.0e+00  0  0  1  0  2   0  0  1  0  3     0       0      2 6.84e-04    0 0.00e+00  0
PCSetUp                1 1.0 4.1599e+00 1.0 4.11e+08 1.2 6.0e+03 6.3e+04 1.1e+02 13 11 34 31 60  83 23 55 80 100   766       0     82 1.04e+02   53 4.61e+01 100
PCApply               10 1.0 6.1132e-02 1.0 9.01e+08 1.2 4.7e+03 1.6e+04 0.0e+00  0 23 27  6  0   1 50 43 16  0 114175       0      2 1.30e-02    0 0.00e+00 100

--- Event Stage 3: Hot Solve

DMPlexResidualFE       1 1.0 6.0442e-01 1.1 3.09e+08 1.0 0.0e+00 0.0e+00 0.0e+00  2  8  0  0  0  64 20  0  0  0  4089       0      0 0.00e+00    2 1.91e+00  0
SFBcastBegin           5 1.0 4.0766e-03 3.3 0.00e+00 0.0 9.1e+01 7.1e+05 0.0e+00  0  0  1  5  0   0  0  2 29  0     0       0      0 0.00e+00    0 0.00e+00  0
SFBcastEnd             5 1.0 8.0264e-02 23.0 0.00e+00 0.0 0.0e+00 0.0e+00 0.0e+00  0  0  0  0  0   4  0  0  0  0     0       0      0 0.00e+00    0 0.00e+00  0
SFReduceBegin          5 1.0 1.8586e-03 6.9 0.00e+00 0.0 5.5e+01 8.6e+05 0.0e+00  0  0  0  4  0   0  0  1 21  0     0       0      0 0.00e+00    0 0.00e+00  0
SFReduceEnd            5 1.0 8.3642e-02 14.7 1.25e+04 0.0 0.0e+00 0.0e+00 0.0e+00  0  0  0  0  0   4  0  0  0  0     1       0      0 0.00e+00    0 0.00e+00 100
SFPack               359 1.0 9.1879e-04 2.0 0.00e+00 0.0 0.0e+00 0.0e+00 0.0e+00  0  0  0  0  0   0  0  0  0  0     0       0      0 0.00e+00    0 0.00e+00  0
SFUnpack             359 1.0 2.5841e-04 1.7 5.48e+04 3.0 0.0e+00 0.0e+00 0.0e+00  0  0  0  0  0   0  0  0  0  0  1410       0      0 0.00e+00    0 0.00e+00 100
VecTDot              252 1.0 2.7078e-02 1.1 9.24e+06 1.1 0.0e+00 0.0e+00 0.0e+00  0  0  0  0  0   3  1  0  0  0  2678       0      0 0.00e+00    0 0.00e+00 100
VecNorm              124 1.0 1.2636e-02 1.5 4.52e+06 1.1 0.0e+00 0.0e+00 0.0e+00  0  0  0  0  0   1  0  0  0  0  2804       0      0 0.00e+00    0 0.00e+00 100
VecCopy              150 1.0 9.1796e-04 1.5 0.00e+00 0.0 0.0e+00 0.0e+00 0.0e+00  0  0  0  0  0   0  0  0  0  0     0       0      0 0.00e+00    0 0.00e+00  0
VecSet                58 1.0 2.7946e-04 1.5 0.00e+00 0.0 0.0e+00 0.0e+00 0.0e+00  0  0  0  0  0   0  0  0  0  0     0       0      0 0.00e+00    0 0.00e+00  0
VecAXPY              220 1.0 7.6085e-04 2.2 8.61e+06 1.1 0.0e+00 0.0e+00 0.0e+00  0  0  0  0  0   0  1  0  0  0 88807       0      0 0.00e+00    0 0.00e+00 100
VecAYPX              334 1.0 1.6723e-03 1.5 1.63e+07 1.1 0.0e+00 0.0e+00 0.0e+00  0  0  0  0  0   0  1  0  0  0 76471       0      0 0.00e+00    0 0.00e+00 100
VecAXPBYCZ            80 1.0 3.4693e-04 1.3 1.05e+07 1.2 0.0e+00 0.0e+00 0.0e+00  0  0  0  0  0   0  1  0  0  0 237543       0      0 0.00e+00    0 0.00e+00 100
VecPointwiseMult      69 1.0 3.2426e-04 4.4 4.14e+02 0.0 0.0e+00 0.0e+00 0.0e+00  0  0  0  0  0   0  0  0  0  0     1       0      0 0.00e+00    0 0.00e+00 100
VecReciprocal          1 1.0 5.8320e-06 3.6 0.00e+00 0.0 0.0e+00 0.0e+00 0.0e+00  0  0  0  0  0   0  0  0  0  0     0       0      0 0.00e+00    0 0.00e+00  0
VecScatterBegin      349 1.0 2.2346e-02 3.5 0.00e+00 0.0 5.7e+03 1.9e+04 0.0e+00  0  0 32  9  0   2  0 98 50  0     0       0      0 0.00e+00    0 0.00e+00  0
VecScatterEnd        349 1.0 2.7565e-02 2.7 4.23e+04 2.3 0.0e+00 0.0e+00 0.0e+00  0  0  0  0  0   2  0  0  0  0    10       0      0 0.00e+00    0 0.00e+00 100
MatMult             6366 2.7 3.3076e-02 1.1 1.09e+09 1.2 4.8e+03 2.2e+04 0.0e+00  0 28 27  9  0   3 68 81 48  0 254326       0      0 0.00e+00    0 0.00e+00 100
MatMultAdd            40 1.0 2.7286e-03 1.1 5.50e+07 1.2 4.8e+02 4.6e+03 0.0e+00  0  1  3  0  0   0  3  8  1  0 155719       0      0 0.00e+00    0 0.00e+00 100
MatMultTranspose      40 1.0 7.9766e-03 1.4 5.51e+07 1.2 4.8e+02 4.6e+03 0.0e+00  0  1  3  0  0   1  3  8  1  0 53303       0      0 0.00e+00    0 0.00e+00 100
MatResidual           40 1.0 8.4263e-03 1.2 1.87e+08 1.2 8.4e+02 2.2e+04 0.0e+00  0  5  5  1  0   1 12 14  8  0 172303       0      0 0.00e+00    0 0.00e+00 100
MatPtAPNumeric         4 1.0 9.9682e-02 5.2 0.00e+00 0.0 1.3e+02 8.4e+05 0.0e+00  0  0  1  9  0   6  0  2 50  0     0       0      0 0.00e+00    0 0.00e+00  0
KSPSetUp               1 1.0 7.7100e-07 3.1 0.00e+00 0.0 0.0e+00 0.0e+00 0.0e+00  0  0  0  0  0   0  0  0  0  0     0       0      0 0.00e+00    0 0.00e+00  0
KSPSolve               1 1.0 6.3583e-02 1.0 1.07e+09 1.2 4.9e+03 1.9e+04 0.0e+00  0 28 28  7  0   7 67 83 41  0 130726       0      0 0.00e+00    0 0.00e+00 100
SNESSolve              1 1.0 9.1288e-01 1.0 1.59e+09 1.2 5.9e+03 3.8e+04 0.0e+00  3 41 33 18  0 100 100 100 100  0 13576       0      6 4.50e+00    3 2.87e+00 80
SNESFunctionEval       1 1.0 8.0951e-01 1.1 3.12e+08 1.0 1.4e+01 1.0e+05 0.0e+00  3  8  0  0  0  85 20  0  1  0  3066       0      2 1.91e+00    3 2.87e+00  0
PCSetUp_GAMG+          1 1.0 1.2011e-01 3.0 2.06e+08 1.2 9.7e+02 1.3e+05 0.0e+00  0  5  6 11  0   8 13 17 58  0 13289       0      4 2.59e+00    0 0.00e+00 100
PCGAMG Gal l00         1 1.0 8.7014e-02 12.9 0.00e+00 0.0 2.8e+01 2.4e+06 0.0e+00  0  0  0  6  0   3  0  0 30  0     0       0      0 0.00e+00    0 0.00e+00  0
PCGAMG Gal l01         1 1.0 3.2521e-02 10.2 0.00e+00 0.0 3.4e+01 1.1e+06 0.0e+00  0  0  0  3  0   2  0  1 17  0     0       0      0 0.00e+00    0 0.00e+00  0
PCGAMG Gal l02         1 1.0 3.3067e-02 15.2 0.00e+00 0.0 5.5e+01 1.1e+05 0.0e+00  0  0  0  1  0   1  0  1  3  0     0       0      0 0.00e+00    0 0.00e+00  0
PCGAMG Gal l03         1 1.0 7.1197e-04 1.5 0.00e+00 0.0 1.5e+01 2.6e+03 0.0e+00  0  0  0  0  0   0  0  0  0  0     0       0      0 0.00e+00    0 0.00e+00  0
PCSetUp                1 1.0 1.2011e-01 3.0 2.06e+08 1.2 9.7e+02 1.3e+05 0.0e+00  0  5  6 11  0   8 13 17 58  0 13288       0      4 2.59e+00    0 0.00e+00 100
PCApply               10 1.0 5.3019e-02 1.0 9.01e+08 1.2 4.7e+03 1.6e+04 0.0e+00  0 23 27  6  0   6 56 81 35  0 131647       0      0 0.00e+00    0 0.00e+00 100
---------------------------------------------------------------------------------------------------------------------------------------------------------------

Object Type          Creations   Destructions. Reports information only for process 0.

--- Event Stage 0: Main Stage

           Container     2             31
    Distributed Mesh     0             39
            DM Label     0             57
          Quadrature     1            133
           Index Set    25            130
   IS L to G Mapping     0             97
             Section     0            114
   Star Forest Graph     0             85
     Discrete System     0             39
           Weak Form     0             40
    GraphPartitioner     0             15
              Vector     1             87
        Linear Space     0              6
          Dual Space     0             16
            FE Space     0              4
              Matrix     0             59
      Matrix Coarsen     0              1
   Matrix Null Space     0              1
                SNES     0              1
              DMSNES     0              1
       Krylov Solver     0             10
     DMKSP interface     0              1
       Field over DM     1              1
      Preconditioner     0              6
              Viewer     0              1

--- Event Stage 1: Mesh Setup

           Container    87             58
    Distributed Mesh   118             82
            DM Label   293            236
          Quadrature   348            216
           Index Set  1331           1232
   IS L to G Mapping   290            193
             Section   387            273
   Star Forest Graph   313            254
     Discrete System   175            139
           Weak Form   177            140
    GraphPartitioner    53             38
              Vector    78             51
  PetscDeviceContext     1              0
        Linear Space    12              6
          Dual Space    60             44
            FE Space     6              2
              Matrix   141            120
   Matrix Null Space     1              0
                SNES     1              0
              DMSNES     1              0
       Krylov Solver     1              0
       Field over DM     1              1
      Preconditioner     1              0
              Viewer     1              0

--- Event Stage 2: Solve 0

           Container     3              3
    Distributed Mesh     3              0
          Quadrature     1              1
           Index Set   118            112
   Star Forest Graph    60             34
     Discrete System     3              0
           Weak Form     3              0
              Vector   292            233
              Matrix    98             60
      Matrix Coarsen     4              3
       Krylov Solver    13              4
     DMKSP interface     1              0
      Preconditioner    13              8
         PetscRandom     4              4

--- Event Stage 3: Hot Solve

          Quadrature     1              1
           Index Set    33             33
              Vector    12             12
========================================================================================================================
Average time to get PetscTime(): 3.2e-08
Average time for MPI_Barrier(): 1.53538e-05
Average time for zero size MPI_Send(): 1.18141e-05
#PETSc Option Table entries:
-dm_mat_type aijkokkos # (source: command line)
-dm_plex_box_faces 65,65,65 # (source: command line)
-dm_plex_box_lower 0,0,0 # (source: command line)
-dm_plex_box_upper 1,1,1 # (source: command line)
-dm_plex_dim 3 # (source: command line)
-dm_plex_simplex 0 # (source: command line)
-dm_vec_type kokkos # (source: command line)
-ksp_converged_reason # (source: command line)
-ksp_norm_type unpreconditioned # (source: command line)
-ksp_rtol 1e-6 # (source: command line)
-ksp_type cg # (source: command line)
-log_view # (source: command line)
-max_conv_its 1 # (source: command line)
-mg_coarse_ksp_type cg # (source: command line)
-mg_coarse_pc_type jacobi # (source: command line)
-mg_levels_ksp_type chebyshev # (source: command line)
-mg_levels_pc_type pbjacobi # (source: command line)
-my_mat_view ::ascii_info # (source: command line)
-n_solves 2 # (source: command line)
-pc_gamg_agg_nsmooths 1 # (source: command line)
-pc_gamg_coarse_eq_limit 20 # (source: command line)
-pc_gamg_parallel_coarse_grid_solver # (source: command line)
-pc_gamg_reuse_interpolation true # (source: command line)
-pc_gamg_type agg # (source: command line)
-pc_type gamg # (source: command line)
-petscpartitioner_type simple # (source: command line)
-petscspace_degree 1 # (source: command line)
-run_type 1 # (source: command line)
-snes_lag_jacobian -2 # (source: command line)
-snes_type ksponly # (source: command line)
-use_mat_nearnullspace true # (source: command line)
#End of PETSc Option Table entries
Compiled without FORTRAN kernels
Compiled with full precision matrices (default)
sizeof(short) 2 sizeof(int) 4 sizeof(long) 8 sizeof(void*) 8 sizeof(PetscScalar) 8 sizeof(PetscInt) 4
Configure options: --with-make-np=8 --with-mpiexec="srun -G4 --gpu-bind=none" --with-batch=0 --download-triangle=1 --with-cc=cc --with-cxx=CC --with-fc=0 --with-debugging=0 --with-cuda=1 --with-cuda-arch=80 --download-kokkos --download-kokkos-kernels PETSC_ARCH=arch-perlmutter-opt-gcc-kokkos-cuda
-----------------------------------------
Libraries compiled on 2026-06-19 13:41:00 on login10
Machine characteristics: Linux-6.4.0-150600.23.103_15.0.24-cray_shasta_c-x86_64-with-glibc2.3.4
Using PETSc directory: /global/u2/m/madams/petsc
Using PETSc arch: arch-perlmutter-opt-gcc-kokkos-cuda
-----------------------------------------

Using C compiler: cc  -fPIC -Wall -Wwrite-strings -Wno-unknown-pragmas -Wno-lto-type-mismatch -Wno-stringop-overflow -fstack-protector -fvisibility=hidden -g -O 
-----------------------------------------

Using include paths: -I/global/u2/m/madams/petsc/include -I/global/u2/m/madams/petsc/arch-perlmutter-opt-gcc-kokkos-cuda/include -I/opt/nvidia/hpc_sdk/Linux_x86_64/25.5/cuda/12.9/include -I/opt/nvidia/hpc_sdk/Linux_x86_64/25.5/math_libs/12.9/include
-----------------------------------------

Using C linker: cc
Using libraries: -Wl,-rpath,/global/u2/m/madams/petsc/arch-perlmutter-opt-gcc-kokkos-cuda/lib -L/global/u2/m/madams/petsc/arch-perlmutter-opt-gcc-kokkos-cuda/lib -lpetsc -Wl,-rpath,/global/u2/m/madams/petsc/arch-perlmutter-opt-gcc-kokkos-cuda/lib -L/global/u2/m/madams/petsc/arch-perlmutter-opt-gcc-kokkos-cuda/lib -Wl,-rpath,/opt/nvidia/hpc_sdk/Linux_x86_64/25.5/cuda/12.9/lib64 -L/opt/nvidia/hpc_sdk/Linux_x86_64/25.5/cuda/12.9/lib64 -Wl,-rpath,/opt/nvidia/hpc_sdk/Linux_x86_64/25.5/math_libs/12.9/lib64 -L/opt/nvidia/hpc_sdk/Linux_x86_64/25.5/math_libs/12.9/lib64 -L/opt/nvidia/hpc_sdk/Linux_x86_64/25.5/cuda/12.9/lib64/stubs -lkokkoskernels -lkokkoscontainers -lkokkoscore -lkokkossimd -ltriangle -lcudart -lnvtx3interop -lcufft -lcublas -lcusparse -lcusolver -lcurand -lcuda -lnvidia-ml -lX11 -lstdc++ -lquadmath
-----------------------------------------

