    Linear solve converged due to CONVERGED_RTOL iterations 19
    Linear solve converged due to CONVERGED_RTOL iterations 19
[0] 0) N=      750141, max displ=5.9664262e+01, error=8.950e-02
****************************************************************************************************************************************************************
***                                WIDEN YOUR WINDOW TO 160 CHARACTERS.  Use 'enscript -r -fCourier9' to print this document                                 ***
****************************************************************************************************************************************************************

------------------------------------------------------------------ PETSc Performance Summary: ------------------------------------------------------------------



      ##########################################################
      #                                                        #
      #                       WARNING!!!                       #
      #                                                        #
      #   This code was run with -log_view_gpu_time            #
      #   This provides accurate timing within the GPU kernels #
      #   but can slow down the entire computation by a        #
      #   measurable amount. For fastest runs we recommend     #
      #   not using this option.                               #
      #                                                        #
      ##########################################################


/global/homes/m/madams/petsc/src/snes/tutorials/ex56 on a arch-perlmutter-opt-gcc-kokkos-cuda named nid001036 with 8 processes and CUDA architecture 80, by madams on Sun Jun 21 14:21:08 2026
Using PETSc Development Git Revision: v3.25.2-320-ga5ba3691813 Git Date: 2026-06-19 09:07:30 -0400

                         Max       Max/Min     Avg       Total
Time (sec):           5.094e+01     1.001   5.092e+01
Objects:              0.000e+00     0.000   0.000e+00
Flops:                1.005e+10     1.241   9.732e+09  7.786e+10
Flops/sec:            1.975e+08     1.241   1.911e+08  1.529e+09
MPI Msg Count:        4.435e+03     1.699   3.770e+03  3.016e+04
MPI Msg Len (bytes):  2.868e+08     1.971   6.690e+04  2.018e+09
MPI Reductions:       1.770e+02     1.000

Flop counting convention: 1 flop = 1 real number operation of type (multiply/divide/add/subtract)
                            e.g., VecAXPY() for real vectors of length N --> 2N flops
                            and VecAXPY() for complex vectors of length N --> 8N flops

Summary of Stages:   ----- Time ------  ----- Flop ------  --- Messages ---  -- Message Lengths --  -- Reductions --
                        Avg     %Total     Avg     %Total    Count   %Total     Avg         %Total    Count   %Total
 0:      Main Stage: 4.1669e+01  81.8%  3.6423e+09   4.7%  3.500e+01   0.1%  5.424e+06        9.4%  3.000e+00   1.7%
 1:      Mesh Setup: 3.2023e+00   6.3%  3.3029e+08   0.4%  7.700e+02   2.6%  6.093e+05       23.3%  5.500e+01  31.1%
 2:         Solve 0: 5.3832e+00  10.6%  3.8437e+10  49.4%  1.754e+04  58.2%  5.670e+04       49.3%  1.020e+02  57.6%
 3:       Hot Solve: 6.6811e-01   1.3%  3.5448e+10  45.5%  1.181e+04  39.2%  3.081e+04       18.0%  0.000e+00   0.0%

------------------------------------------------------------------------------------------------------------------------
See the 'Profiling' chapter of the users' manual for details on interpreting output.
Phase summary info:
   Count: number of times phase was executed
   Time and Flop: Max - maximum over all processes
                  Ratio - ratio of maximum to minimum over all processes
   Mess: number of messages sent
   AvgLen: average message length (bytes)
   Reduct: number of global reductions
   Global: entire computation
   Stage: stages of a computation. Set stages with PetscLogStagePush() and PetscLogStagePop().
      %T - percent time in this phase         %F - percent flop in this phase
      %M - percent messages in this phase     %L - percent message lengths in this phase
      %R - percent reductions in this phase
   Total Mflop/s: 1e-6 * (sum of flop over all processes)/(max time over all processes)
   GPU Mflop/s: 1e-6 * (sum of flop on GPU over all processes)/(max GPU time over all processes)
   CpuToGpu Count: total number of CPU to GPU copies per processor
   CpuToGpu Size (Mbytes): 1e-6 * (total size of CPU to GPU copies per processor)
   GpuToCpu Count: total number of GPU to CPU copies per processor
   GpuToCpu Size (Mbytes): 1e-6 * (total size of GPU to CPU copies per processor)
   GPU %F: percent flops on GPU in this event
------------------------------------------------------------------------------------------------------------------------
Event                Count      Time (sec)     Flop                              --- Global ---  --- Stage ----  Total   GPU    - CpuToGpu -   - GpuToCpu - GPU
                   Max Ratio  Max     Ratio   Max  Ratio  Mess   AvgLen  Reduct  %T %F %M %L %R  %T %F %M %L %R Mflop/s Mflop/s Count   Size   Count   Size  %F
---------------------------------------------------------------------------------------------------------------------------------------------------------------

--- Event Stage 0: Main Stage

BuildTwoSided          2 1.0 1.1928e-01 266.3 0.00e+00 0.0 1.4e+01 4.0e+00 0.0e+00  0  0  0  0  0   0  0 40  0  0     0       0      0 0.00e+00    0 0.00e+00  0
BuildTwoSidedF         1 1.0 1.1888e-01 49.6 0.00e+00 0.0 1.4e+01 1.3e+07 0.0e+00  0  0  0  9  0   0  0 40 99  0     0       0      0 0.00e+00    0 0.00e+00  0
DMPlexJacobianFE       1 1.0 4.2127e+01 1.1 4.38e+08 1.0 1.4e+01 1.3e+07 0.0e+00 81  4  0  9  0  99 96 40 99  0    83       0      0 0.00e+00    3 1.37e+02  0
SFSetGraph             1 1.0 8.0694e-04 1.1 0.00e+00 0.0 0.0e+00 0.0e+00 0.0e+00  0  0  0  0  0   0  0  0  0  0     0       0      0 0.00e+00    0 0.00e+00  0
SFSetUp                1 1.0 3.0033e-03 1.1 0.00e+00 0.0 1.4e+01 2.4e+04 0.0e+00  0  0  0  0  0   0  0 40  0  0     0       0      0 0.00e+00    0 0.00e+00  0
SFBcastBegin           1 1.0 6.6774e-03 2.2 0.00e+00 0.0 7.0e+00 9.5e+04 0.0e+00  0  0  0  0  0   0  0 20  0  0     0       0      2 4.17e-01    0 0.00e+00  0
SFBcastEnd             1 1.0 3.4043e-03 7.3 0.00e+00 0.0 0.0e+00 0.0e+00 0.0e+00  0  0  0  0  0   0  0  0  0  0     0       0      1 4.17e-02    0 0.00e+00  0
SFPack                 1 1.0 4.8293e-03 34495.1 0.00e+00 0.0 0.0e+00 0.0e+00 0.0e+00  0  0  0  0  0   0  0  0  0  0     0       0      1 4.17e-02    0 0.00e+00  0
SFUnpack               1 1.0 6.1609e-05 219.2 0.00e+00 0.0 0.0e+00 0.0e+00 0.0e+00  0  0  0  0  0   0  0  0  0  0     0       0      1 4.17e-02    0 0.00e+00  0
VecNorm                1 1.0 2.5710e-04 1.1 0.00e+00 0.0 0.0e+00 0.0e+00 0.0e+00  0  0  0  0  0   0  0  0  0  0     0       0      0 0.00e+00    0 0.00e+00  0
VecSet                 2 1.0 3.7283e-05 1.1 0.00e+00 0.0 0.0e+00 0.0e+00 0.0e+00  0  0  0  0  0   0  0  0  0  0     0       0      0 0.00e+00    0 0.00e+00  0
DCtxDestroy            1 1.0 2.6381e-05 1.1 0.00e+00 0.0 0.0e+00 0.0e+00 0.0e+00  0  0  0  0  0   0  0  0  0  0     0       0      0 0.00e+00    0 0.00e+00  0
MatMult             1396 2.8 3.2506e-04 2.9 1.13e+05 2.8 0.0e+00 0.0e+00 0.0e+00  0  0  0  0  0   0  0  0  0  0  1437       0      0 0.00e+00    0 0.00e+00  0
MatScale               1 1.0 2.2369e-04 1.2 1.76e+07 1.3 0.0e+00 0.0e+00 0.0e+00  0  0  0  0  0   0  4  0  0  0 606294   668489      0 0.00e+00    0 0.00e+00 100
MatAssemblyBegin       1 1.0 1.2344e-01 1.0 0.00e+00 0.0 1.4e+01 1.3e+07 0.0e+00  0  0  0  9  0   0  0 40 99  0     0       0      0 0.00e+00    0 0.00e+00  0
MatAssemblyEnd         1 1.0 4.8588e+00 1231.2 1.65e+06 0.0 0.0e+00 0.0e+00 0.0e+00  8  0  0  0  0  10  0  0  0  0     2       0      0 0.00e+00    0 0.00e+00  0
MatSetValues        4096 1.0 3.2965e-01 1.2 2.30e+07 1.2 0.0e+00 0.0e+00 0.0e+00  1  0  0  0  0   1  5  0  0  0   542       0      0 0.00e+00    2 1.36e+02  0
MatZeroEntries         1 1.0 1.3897e-05 1.1 0.00e+00 0.0 0.0e+00 0.0e+00 0.0e+00  0  0  0  0  0   0  0  0  0  0     0       0      0 0.00e+00    0 0.00e+00  0
SNESJacobianEval       1 1.0 4.2177e+01 1.1 4.39e+08 1.0 3.5e+01 5.4e+06 1.0e+00 81  5  0  9  1 100 96 100 100 33    83       0      4 1.37e+00    4 1.37e+02  0

--- Event Stage 1: Mesh Setup

BuildTwoSided         23 1.0 4.0954e-01 67.3 0.00e+00 0.0 1.6e+02 4.0e+00 0.0e+00  0  0  1  0  0   3  0 21  0  0     0       0      0 0.00e+00    0 0.00e+00  0
BuildTwoSidedF         1 1.0 5.7744e-02 791.9 0.00e+00 0.0 0.0e+00 0.0e+00 0.0e+00  0  0  0  0  0   0  0  0  0  0     0       0      0 0.00e+00    0 0.00e+00  0
DMCreateMat            1 1.0 1.1830e+00 1.0 0.00e+00 0.0 1.6e+02 2.7e+06 4.0e+00  2  0  1 21  2  37  0 21 92  7     0       0      0 0.00e+00    0 0.00e+00  0
DMProjectFunc          6 1.0 3.9901e-01 1.0 3.46e+07 1.0 0.0e+00 0.0e+00 1.0e+00  1  0  0  0  1  12 84  0  0  2   693       0      0 0.00e+00    6 5.48e+00  0
DMPlexCrFromOpts       1 1.0 3.6476e-02 1.0 0.00e+00 0.0 0.0e+00 0.0e+00 0.0e+00  0  0  0  0  0   1  0  0  0  0     0       0      0 0.00e+00    0 0.00e+00  0
Mesh Partition         1 1.0 9.2513e-02 1.0 0.00e+00 0.0 3.5e+01 1.6e+05 4.0e+00  0  0  0  0  2   3  0  5  1  7     0       0      0 0.00e+00    0 0.00e+00  0
Mesh Migration         1 1.0 5.5398e-01 1.0 0.00e+00 0.0 2.0e+02 1.1e+05 1.6e+01  1  0  1  1  9  17  0 26  5 29     0       0      0 0.00e+00    0 0.00e+00  0
DMPlexPartSelf         1 1.0 3.7991e-02 3628.5 0.00e+00 0.0 0.0e+00 0.0e+00 0.0e+00  0  0  0  0  0   0  0  0  0  0     0       0      0 0.00e+00    0 0.00e+00  0
DMPlexPartLblInv       1 1.0 4.1808e-02 12.4 0.00e+00 0.0 0.0e+00 0.0e+00 2.0e+00  0  0  0  0  1   1  0  0  0  4     0       0      0 0.00e+00    0 0.00e+00  0
DMPlexPartLblSF        1 1.0 5.2943e-03 1.5 0.00e+00 0.0 1.4e+01 7.6e+04 0.0e+00  0  0  0  0  0   0  0  2  0  0     0       0      0 0.00e+00    0 0.00e+00  0
DMPlexPartStrtSF       1 1.0 4.2148e-02 1.0 0.00e+00 0.0 7.0e+00 3.0e+05 0.0e+00  0  0  0  0  0   1  0  1  0  0     0       0      0 0.00e+00    0 0.00e+00  0
DMPlexPointSF          1 1.0 8.4651e-01 1.0 0.00e+00 0.0 1.4e+01 3.8e+05 0.0e+00  2  0  0  0  0  26  0  2  1  0     0       0      0 0.00e+00    0 0.00e+00  0
DMPlexInterp          36 1.0 2.6460e-03 1.0 0.00e+00 0.0 0.0e+00 0.0e+00 0.0e+00  0  0  0  0  0   0  0  0  0  0     0       0      0 0.00e+00    0 0.00e+00  0
DMPlexDistribute       1 1.0 1.4932e+00 1.0 0.00e+00 0.0 2.5e+02 1.3e+05 2.2e+01  3  0  1  2 12  47  0 33  7 40     0       0      0 0.00e+00    0 0.00e+00  0
DMPlexDistCones        1 1.0 1.2590e-02 1.0 0.00e+00 0.0 4.2e+01 2.7e+05 0.0e+00  0  0  0  1  0   0  0  5  2  0     0       0      0 0.00e+00    0 0.00e+00  0
DMPlexDistLabels       1 1.0 3.4530e-02 1.0 0.00e+00 0.0 1.0e+02 8.3e+04 1.4e+01  0  0  0  0  8   1  0 14  2 25     0       0      0 0.00e+00    0 0.00e+00  0
DMPlexDistField        1 1.0 5.0078e-01 1.0 0.00e+00 0.0 4.9e+01 4.3e+04 0.0e+00  1  0  0  0  0  16  0  6  0  0     0       0      0 0.00e+00    0 0.00e+00  0
DMPlexStratify        53 1.0 3.6721e-02 3.6 0.00e+00 0.0 0.0e+00 0.0e+00 0.0e+00  0  0  0  0  0   1  0  0  0  0     0       0      0 0.00e+00    0 0.00e+00  0
DMPlexSymmetrize      53 1.0 1.5032e-02 12.3 0.00e+00 0.0 0.0e+00 0.0e+00 0.0e+00  0  0  0  0  0   0  0  0  0  0     0       0      0 0.00e+00    0 0.00e+00  0
DMPlexPrealloc         1 1.0 1.1810e+00 1.0 0.00e+00 0.0 1.6e+02 2.7e+06 4.0e+00  2  0  1 21  2  37  0 21 92  7     0       0      0 0.00e+00    0 0.00e+00  0
DMPlexGenerate         1 1.0 3.6435e-02 1.0 0.00e+00 0.0 0.0e+00 0.0e+00 0.0e+00  0  0  0  0  0   1  0  0  0  0     0       0      0 0.00e+00    0 0.00e+00  0
SFSetGraph            27 1.0 1.9924e-02 6.8 0.00e+00 0.0 0.0e+00 0.0e+00 0.0e+00  0  0  0  0  0   1  0  0  0  0     0       0      0 0.00e+00    0 0.00e+00  0
SFSetUp               22 1.0 4.3431e-01 3.2 0.00e+00 0.0 3.2e+02 4.7e+05 0.0e+00  0  0  1  8  0   7  0 42 32  0     0       0      0 0.00e+00    0 0.00e+00  0
SFBcastBegin          49 1.0 7.3295e-03 16.3 0.00e+00 0.0 3.4e+02 2.1e+05 0.0e+00  0  0  1  4  0   0  0 45 16  0     0       0      0 0.00e+00    0 0.00e+00  0
SFBcastEnd            49 1.0 9.0275e-01 20.7 0.00e+00 0.0 0.0e+00 0.0e+00 0.0e+00  1  0  0  0  0  24  0  0  0  0     0       0      0 0.00e+00    0 0.00e+00  0
SFReduceBegin         11 1.0 1.0769e-01 848.2 0.00e+00 0.0 7.7e+01 1.9e+06 0.0e+00  0  0  0  7  0   0  0 10 31  0     0       0      0 0.00e+00    0 0.00e+00  0
SFReduceEnd           11 1.0 8.0365e-01 106.0 0.00e+00 0.0 0.0e+00 0.0e+00 0.0e+00  0  0  0  0  0   5  0  0  0  0     0       0      0 0.00e+00    0 0.00e+00  0
SFFetchOpBegin         2 1.0 1.8521e-03 133.0 0.00e+00 0.0 1.4e+01 3.4e+06 0.0e+00  0  0  0  2  0   0  0  2 10  0     0       0      0 0.00e+00    0 0.00e+00  0
SFFetchOpEnd           2 1.0 1.1308e-02 2.7 0.00e+00 0.0 1.4e+01 3.4e+06 0.0e+00  0  0  0  2  0   0  0  2 10  0     0       0      0 0.00e+00    0 0.00e+00  0
SFCreateEmbed          3 1.0 2.3382e-02 13.8 0.00e+00 0.0 2.1e+01 1.8e+04 0.0e+00  0  0  0  0  0   0  0  3  0  0     0       0      0 0.00e+00    0 0.00e+00  0
SFDistSection          9 1.0 1.0088e-02 2.0 0.00e+00 0.0 1.7e+02 6.2e+04 0.0e+00  0  0  1  1  0   0  0 22  2  0     0       0      0 0.00e+00    0 0.00e+00  0
SFSectionSF           11 1.0 4.0072e-01 3.8 0.00e+00 0.0 1.5e+02 3.4e+05 0.0e+00  0  0  1  3  0   6  0 20 11  0     0       0      0 0.00e+00    0 0.00e+00  0
SFRemoteOff            2 1.0 2.3630e-02 12.9 0.00e+00 0.0 2.8e+01 2.1e+04 0.0e+00  0  0  0  0  0   0  0  4  0  0     0       0      0 0.00e+00    0 0.00e+00  0
SFPack                62 1.0 6.7168e-03 102.6 0.00e+00 0.0 0.0e+00 0.0e+00 0.0e+00  0  0  0  0  0   0  0  0  0  0     0       0      0 0.00e+00    0 0.00e+00  0
SFUnpack              64 1.0 7.3844e-01 274.5 0.00e+00 0.0 0.0e+00 0.0e+00 0.0e+00  0  0  0  0  0   3  0  0  0  0     0       0      0 0.00e+00    0 0.00e+00  0
VecMDot                5 1.0 2.0610e-02 1.0 2.86e+06 1.1 0.0e+00 0.0e+00 0.0e+00  0  0  0  0  0   1  7  0  0  0  1092    1164      0 0.00e+00    6 9.70e-05 100
VecNorm                6 1.0 3.5247e-02 1.9 1.14e+06 1.1 0.0e+00 0.0e+00 0.0e+00  0  0  0  0  0   1  3  0  0  0   255     300      0 0.00e+00    0 0.00e+00 100
VecScale               6 1.0 2.5085e-04 1.1 5.72e+05 1.1 0.0e+00 0.0e+00 0.0e+00  0  0  0  0  0   0  1  0  0  0 17942   22889      0 0.00e+00    0 0.00e+00 100
VecCopy                1 1.0 7.3140e-06 1.2 0.00e+00 0.0 0.0e+00 0.0e+00 0.0e+00  0  0  0  0  0   0  0  0  0  0     0       0      0 0.00e+00    0 0.00e+00  0
VecSet                 8 1.0 2.4040e-04 1.1 0.00e+00 0.0 0.0e+00 0.0e+00 0.0e+00  0  0  0  0  0   0  0  0  0  0     0       0      0 0.00e+00    0 0.00e+00  0
VecAXPY                9 1.0 5.3490e-04 1.1 1.71e+06 1.1 0.0e+00 0.0e+00 0.0e+00  0  0  0  0  0   0  4  0  0  0 25243   30632      0 0.00e+00    0 0.00e+00 100
VecNormalize           6 1.0 3.5499e-02 1.8 1.71e+06 1.1 0.0e+00 0.0e+00 0.0e+00  0  0  0  0  0   1  4  0  0  0   380     447      0 0.00e+00    0 0.00e+00 100
DCtxCreate             1 1.0 1.6852e-05 1.4 0.00e+00 0.0 0.0e+00 0.0e+00 0.0e+00  0  0  0  0  0   0  0  0  0  0     0       0      0 0.00e+00    0 0.00e+00  0
DCtxSetUp              1 1.0 1.1642e-05 1.5 0.00e+00 0.0 0.0e+00 0.0e+00 0.0e+00  0  0  0  0  0   0  0  0  0  0     0       0      0 0.00e+00    0 0.00e+00  0
DCtxSetDevice          1 1.0 2.0419e-05 1.8 0.00e+00 0.0 0.0e+00 0.0e+00 0.0e+00  0  0  0  0  0   0  0  0  0  0     0       0      0 0.00e+00    0 0.00e+00  0
DualSpaceSetUp         6 1.0 1.5523e-02 1.1 3.61e+03 1.0 0.0e+00 0.0e+00 0.0e+00  0  0  0  0  0   0  0  0  0  0     2       0      0 0.00e+00    0 0.00e+00  0
FESetUp                6 1.0 6.0280e-04 1.1 0.00e+00 0.0 0.0e+00 0.0e+00 0.0e+00  0  0  0  0  0   0  0  0  0  0     0       0      0 0.00e+00    0 0.00e+00  0
MatMult            24576 1.0 5.7110e-03 1.0 1.99e+06 1.0 0.0e+00 0.0e+00 0.0e+00  0  0  0  0  0   0  5  0  0  0  2789       0      0 0.00e+00    0 0.00e+00  0
MatAssemblyBegin      68 1.0 5.7786e-02 513.4 0.00e+00 0.0 0.0e+00 0.0e+00 0.0e+00  0  0  0  0  0   0  0  0  0  0     0       0      0 0.00e+00    0 0.00e+00  0
MatAssemblyEnd        68 1.0 4.5421e-02 1.0 0.00e+00 0.0 2.8e+01 3.6e+04 1.0e+00  0  0  0  0  1   1  0  4  0  2     0       0      0 0.00e+00    0 0.00e+00  0
MatSetPreallCOO       36 1.0 7.9783e-05 1.2 0.00e+00 0.0 0.0e+00 0.0e+00 0.0e+00  0  0  0  0  0   0  0  0  0  0     0       0      0 0.00e+00    0 0.00e+00  0
MatSetValuesCOO       36 1.0 4.7428e-05 1.1 0.00e+00 0.0 0.0e+00 0.0e+00 0.0e+00  0  0  0  0  0   0  0  0  0  0     0       0      0 0.00e+00    0 0.00e+00  0

--- Event Stage 2: Solve 0

BuildTwoSided        204 1.0 3.2263e-01 10.1 0.00e+00 0.0 9.2e+02 4.0e+00 0.0e+00  0  0  3  0  0   2  0  5  0  0     0       0      0 0.00e+00    0 0.00e+00  0
BuildTwoSidedF       152 1.0 2.4663e-01 12.5 0.00e+00 0.0 1.7e+02 6.5e+04 0.0e+00  0  0  1  1  0   1  0  1  1  0     0       0      0 0.00e+00    0 0.00e+00  0
DMPlexResidualFE       1 1.0 4.2619e-01 1.0 4.08e+08 1.0 0.0e+00 0.0e+00 0.0e+00  1  4  0  0  0   8  8  0  0  0  7660       0      0 0.00e+00    2 1.83e+00  0
SFSetGraph            52 1.0 3.8077e-04 2.3 0.00e+00 0.0 0.0e+00 0.0e+00 0.0e+00  0  0  0  0  0   0  0  0  0  0     0       0      0 0.00e+00    0 0.00e+00  0
SFSetUp               52 1.0 1.2127e-01 1.3 0.00e+00 0.0 1.7e+03 1.0e+05 0.0e+00  0  0  6  9  0   2  0  9 17  0     0       0      0 0.00e+00    0 0.00e+00  0
SFBcastBegin          49 1.0 1.1680e-02 3.6 0.00e+00 0.0 1.3e+03 1.3e+05 0.0e+00  0  0  4  8  0   0  0  7 16  0     0       0      0 0.00e+00    0 0.00e+00  0
SFBcastEnd            49 1.0 4.7865e+00 934.8 0.00e+00 0.0 0.0e+00 0.0e+00 0.0e+00  1  0  0  0  0  12  0  0  0  0     0       0      0 0.00e+00    0 0.00e+00  0
SFReduceBegin         14 1.0 5.9774e-03 10.0 0.00e+00 0.0 1.6e+02 2.2e+06 0.0e+00  0  0  1 18  0   0  0  1 36  0     0       0      0 0.00e+00    0 0.00e+00  0
SFReduceEnd           14 1.0 1.4390e-01 21.3 1.19e+04 0.0 0.0e+00 0.0e+00 0.0e+00  0  0  0  0  0   1  0  0  0  0     1       0      0 0.00e+00    0 0.00e+00 100
SFPack               872 1.0 2.6966e-03 1.6 0.00e+00 0.0 0.0e+00 0.0e+00 0.0e+00  0  0  0  0  0   0  0  0  0  0     0       0      7 2.81e-01    0 0.00e+00  0
SFUnpack             872 1.0 6.8252e-04 1.8 5.75e+04 2.1 0.0e+00 0.0e+00 0.0e+00  0  0  0  0  0   0  0  0  0  0   586       0      2 8.29e-03    0 0.00e+00 100
VecTDot              490 1.0 5.0683e-02 1.3 1.66e+07 1.1 0.0e+00 0.0e+00 0.0e+00  0  0  0  0  0   1  0  0  0  0  2570   11996      0 0.00e+00    0 0.00e+00 100
VecNorm              197 1.0 2.5845e-02 1.3 5.95e+06 1.1 0.0e+00 0.0e+00 0.0e+00  0  0  0  0  0   0  0  0  0  0  1811    5676      0 0.00e+00    0 0.00e+00 100
VecCopy              284 1.0 5.1754e-03 1.2 0.00e+00 0.0 0.0e+00 0.0e+00 0.0e+00  0  0  0  0  0   0  0  0  0  0     0       0      0 0.00e+00    0 0.00e+00  0
VecSet               107 1.0 1.8516e-03 1.1 0.00e+00 0.0 0.0e+00 0.0e+00 0.0e+00  0  0  0  0  0   0  0  0  0  0     0       0      0 0.00e+00    0 0.00e+00  0
VecAXPY              428 1.0 7.0219e-03 1.2 1.54e+07 1.1 0.0e+00 0.0e+00 0.0e+00  0  0  0  0  0   0  0  0  0  0 17248   46881      0 0.00e+00    0 0.00e+00 100
VecAYPX              641 1.0 1.1859e-02 1.1 2.91e+07 1.1 0.0e+00 0.0e+00 0.0e+00  0  0  0  0  0   0  1  0  0  0 19279   43798      0 0.00e+00    0 0.00e+00 100
VecAXPBYCZ           152 1.0 2.8237e-03 1.1 1.85e+07 1.1 0.0e+00 0.0e+00 0.0e+00  0  0  0  0  0   0  0  0  0  0 51389   114585      0 0.00e+00    0 0.00e+00 100
VecAssemblyBegin     135 1.0 2.0547e-01 16.9 0.00e+00 0.0 0.0e+00 0.0e+00 0.0e+00  0  0  0  0  0   1  0  0  0  0     0       0      0 0.00e+00    0 0.00e+00  0
VecAssemblyEnd       135 1.0 1.4387e-04 1.3 0.00e+00 0.0 0.0e+00 0.0e+00 0.0e+00  0  0  0  0  0   0  0  0  0  0     0       0      0 0.00e+00    0 0.00e+00  0
VecPointwiseMult     177 1.0 3.0349e-03 1.3 1.07e+06 1.1 0.0e+00 0.0e+00 0.0e+00  0  0  0  0  0   0  0  0  0  0  2768    6852      0 0.00e+00    0 0.00e+00 100
VecReciprocal         13 1.0 2.6362e-03 2.0 0.00e+00 0.0 0.0e+00 0.0e+00 0.0e+00  0  0  0  0  0   0  0  0  0  0     0       0      0 0.00e+00    0 0.00e+00  0
VecSetValues      742320 1.1 1.2774e+00 1.2 0.00e+00 0.0 0.0e+00 0.0e+00 0.0e+00  2  0  0  0  0  23  0  0  0  0     0       0      0 0.00e+00    0 0.00e+00  0
VecScatterBegin      809 1.0 6.4187e-02 4.4 0.00e+00 0.0 1.4e+04 2.1e+04 0.0e+00  0  0 46 15  0   1  0 79 30  0     0       0     53 9.98e+00    0 0.00e+00  0
VecScatterEnd        809 1.0 7.9508e-02 2.2 4.56e+04 1.9 0.0e+00 0.0e+00 0.0e+00  0  0  0  0  0   1  0  0  0  0     4       0      2 8.29e-03    0 0.00e+00 100
MatMult             1913 1.9 1.3996e-01 1.5 4.18e+09 1.3 1.0e+04 2.4e+04 0.0e+00  0 41 34 13  0   2 84 59 26  0 230266   622248      4 1.55e+01    0 0.00e+00 100
MatMultAdd            76 1.0 1.1264e-02 1.1 1.16e+08 1.3 1.1e+03 2.3e+03 0.0e+00  0  1  4  0  0   0  2  6  0  0 78517   225055      0 0.00e+00    0 0.00e+00 100
MatMultTranspose      76 1.0 4.3288e-02 5.1 1.16e+08 1.3 1.1e+03 2.3e+03 0.0e+00  0  1  4  0  0   0  2  6  0  0 20437   351028      2 8.29e-03    0 0.00e+00 100
MatScale              12 1.0 7.9724e-03 1.6 1.00e+07 1.3 9.0e+01 7.9e+03 0.0e+00  0  0  0  0  0   0  0  1  0  0  9656   29783     11 2.09e+00    0 0.00e+00 100
MatResidual           76 1.0 5.2053e-02 3.4 6.99e+08 1.3 1.8e+03 2.3e+04 0.0e+00  0  7  6  2  0   0 14 11  4  0 103498   595705      0 0.00e+00    0 0.00e+00 100
MatAssemblyBegin      62 1.0 4.1732e-02 6.2 0.00e+00 0.0 1.7e+02 6.5e+04 0.0e+00  0  0  1  1  0   0  0  1  1  0     0       0      0 0.00e+00    0 0.00e+00  0
MatAssemblyEnd        62 1.0 8.9471e-02 1.4 0.00e+00 0.0 9.1e+02 1.6e+03 3.1e+01  0  0  3  0 18   1  0  5  0 30     0       0      0 0.00e+00    0 0.00e+00  0
MatSetValues      142155 1.2 3.6465e-01 1.2 5.83e+05 1.1 0.0e+00 0.0e+00 0.0e+00  1  0  0  0  0   7  0  0  0  0    13       0      0 0.00e+00    6 2.33e+01  0
MatGetValues       32076 1.1 6.5822e-02 1.2 0.00e+00 0.0 0.0e+00 0.0e+00 0.0e+00  0  0  0  0  0   1  0  0  0  0     0       0      0 0.00e+00    0 0.00e+00  0
MatGetRow         452976 1.1 8.8999e-01 1.1 0.00e+00 0.0 0.0e+00 0.0e+00 0.0e+00  2  0  0  0  0  16  0  0  0  0     0       0      0 0.00e+00   10 2.06e+01  0
MatCreateSubMat        1 1.0 1.3574e-03 1.0 0.00e+00 0.0 1.4e+01 4.5e+01 5.0e+00  0  0  0  0  3   0  0  0  0  5     0       0      0 0.00e+00    0 0.00e+00  0
MatCoarsen             4 1.0 2.2749e-02 1.1 0.00e+00 0.0 1.2e+03 3.6e+03 2.7e+01  0  0  4  0 15   0  0  7  0 26     0       0      3 9.14e-04    0 0.00e+00  0
MatAXPY                4 1.0 6.7151e-01 1.2 5.83e+05 1.1 0.0e+00 0.0e+00 0.0e+00  1  0  0  0  0  12  0  0  0  0     7       0      0 0.00e+00    6 2.33e+01  0
MatTranspose           3 1.0 3.7222e-03 1.0 0.00e+00 0.0 1.7e+02 1.7e+02 9.0e+00  0  0  1  0  5   0  0  1  0  9     0       0      3 9.14e-04    0 0.00e+00  0
MatMatMultSym          4 1.0 8.9078e-02 1.0 0.00e+00 0.0 7.4e+02 3.8e+04 1.2e+01  0  0  2  1  7   2  0  4  3 12     0       0      8 4.58e+00    0 0.00e+00  0
MatMatMultNum          4 1.0 9.0400e-07 1.4 0.00e+00 0.0 0.0e+00 0.0e+00 0.0e+00  0  0  0  0  0   0  0  0  0  0     0       0      0 0.00e+00    0 0.00e+00  0
MatPtAPSymbolic        4 1.0 7.8344e-01 1.2 0.00e+00 0.0 1.2e+03 2.1e+05 2.4e+01  1  0  4 13 14  13  0  7 25 24     0       0      6 2.33e+01    0 0.00e+00  0
MatPtAPNumeric         4 1.0 1.0120e-06 1.4 0.00e+00 0.0 0.0e+00 0.0e+00 0.0e+00  0  0  0  0  0   0  0  0  0  0     0       0      0 0.00e+00    0 0.00e+00  0
MatTrnMatMultSym       1 1.0 2.9604e-01 1.0 0.00e+00 0.0 1.1e+02 3.6e+06 3.0e+00  1  0  0 20  2   5  0  1 40  3     0       0      0 0.00e+00    0 0.00e+00  0
MatCreateGraph         4 1.0 6.2255e-01 1.0 3.95e+06 1.3 2.7e+02 3.9e+03 1.2e+01  1  0  1  0  7  12  0  2  0 12    49    6728     15 1.55e+01    8 5.64e+00 100
KSPSetUp               1 1.0 6.5054e-03 18.2 0.00e+00 0.0 0.0e+00 0.0e+00 0.0e+00  0  0  0  0  0   0  0  0  0  0     0       0      0 0.00e+00    0 0.00e+00  0
KSPSolve               1 1.0 1.9809e-01 1.0 3.79e+09 1.3 1.1e+04 2.0e+04 0.0e+00  0 38 35 11  0   4 76 61 22  0 147426   461844      2 8.31e-03    0 0.00e+00 100
SNESSolve              1 1.0 9.5512e+00 2.0 4.97e+09 1.3 1.8e+04 5.7e+04 1.0e+02 11 49 58 49 58 100 100 100 100 100  4024   408461     85 1.91e+02   54 5.59e+01 91
SNESSetUp              1 1.0 9.7057e-04 3.1 0.00e+00 0.0 0.0e+00 0.0e+00 0.0e+00  0  0  0  0  0   0  0  0  0  0     0       0      0 0.00e+00    0 0.00e+00  0
SNESFunctionEval       1 1.0 5.2450e+00 11.6 4.10e+08 1.0 1.4e+01 9.5e+04 0.0e+00  2  4  0  0  0  21  9  0  0  0   624    1680      2 1.83e+00    3 2.74e+00  0
PCSetUp_GAMG+          1 1.0 4.1052e+00 1.0 7.73e+08 1.3 6.9e+03 1.1e+05 1.0e+02  8  8 23 39 58  76 15 39 78 100  1451   249167     81 1.89e+02   51 5.32e+01 100
 PCGAMGCreateG         4 1.0 6.2256e-01 1.0 3.95e+06 1.3 2.7e+02 3.9e+03 1.2e+01  1  0  1  0  7  12  0  2  0 12    49    6728     15 1.55e+01    8 5.64e+00 100
 GAMG Coarsen          8 1.0 6.6648e-01 1.0 0.00e+00 0.0 1.3e+03 3.1e+05 3.0e+01  1  0  4 20 17  12  0  8 41 29     0       0      8 1.10e+00   11 1.61e+01  0
  GAMG MIS/Agg         4 1.0 3.3313e-01 1.0 0.00e+00 0.0 1.3e+03 3.2e+05 3.0e+01  1  0  4 20 17   6  0  7 41 29     0       0      3 9.14e-04    0 0.00e+00  0
 PCGAMGProl            4 1.0 1.1540e+00 1.0 0.00e+00 0.0 1.3e+03 3.1e+04 1.2e+01  2  0  4  2  7  21  0  7  4 12     0       0     38 8.45e+00   19 3.70e+00  0
  GAMG Prol-col        4 1.0 1.1213e+00 1.0 0.00e+00 0.0 1.2e+03 2.6e+04 0.0e+00  2  0  4  1  0  21  0  7  3  0     0       0     38 8.45e+00   19 3.70e+00  0
  GAMG Prol-lift       4 1.0 2.6975e-02 1.0 0.00e+00 0.0 1.5e+02 7.3e+04 4.0e+00  0  0  1  1  2   1  0  1  1  4     0       0      0 0.00e+00    0 0.00e+00  0
 PCGAMGOptProl         4 1.0 8.2413e-01 1.1 3.84e+08 1.3 1.7e+03 3.0e+04 1.2e+01  2  4  6  3  7  15  8 10  5 12  3591   258106     13 1.40e+02    6 2.33e+01 100
  GAMG smooth          4 1.0 7.7798e-01 1.2 6.69e+06 1.3 7.4e+02 3.8e+04 1.2e+01  1  0  2  1  7  14  0  4  3 12    66   157882      8 4.58e+00    6 2.33e+01 91
 PCGAMGCreateL         4 1.0 7.8684e-01 1.2 0.00e+00 0.0 1.3e+03 2.0e+05 3.5e+01  1  0  4 13 20  13  0  7 25 34     0       0      6 2.33e+01    0 0.00e+00  0
  GAMG PtAP            4 1.0 7.8350e-01 1.2 0.00e+00 0.0 1.2e+03 2.1e+05 2.4e+01  1  0  4 13 14  13  0  7 25 24     0       0      6 2.33e+01    0 0.00e+00  0
  GAMG Reduce          1 1.0 1.4844e-02 1.1 0.00e+00 0.0 4.0e+02 3.0e+03 1.7e+01  0  0  1  0 10   0  0  2  0 17     0       0      2 1.19e-02    0 0.00e+00  0
PCGAMG Squ l00         1 1.0 2.9605e-01 1.0 0.00e+00 0.0 1.1e+02 3.6e+06 3.0e+00  1  0  0 20  2   5  0  1 40  3     0       0      0 0.00e+00    0 0.00e+00  0
PCGAMG Gal l00         1 1.0 6.2645e-01 1.2 0.00e+00 0.0 2.5e+02 8.8e+05 6.0e+00  1  0  1 11  3  10  0  1 22  6     0       0      2 2.26e+01    0 0.00e+00  0
PCGAMG Opt l00         1 1.0 6.2436e-02 1.0 0.00e+00 0.0 1.1e+02 2.2e+05 3.0e+00  0  0  0  1  2   1  0  1  3  3     0       0      2 4.50e+00    0 0.00e+00  0
PCGAMG Gal l01         1 1.0 1.4051e-01 1.0 0.00e+00 0.0 5.2e+02 6.6e+04 6.0e+00  0  0  2  2  3   3  0  3  3  6     0       0      2 7.01e-01    0 0.00e+00  0
PCGAMG Opt l01         1 1.0 1.7669e-02 1.0 0.00e+00 0.0 2.2e+02 1.3e+04 3.0e+00  0  0  1  0  2   0  0  1  0  3     0       0      2 7.77e-02    0 0.00e+00  0
PCGAMG Gal l02         1 1.0 1.1392e-02 1.0 0.00e+00 0.0 3.7e+02 3.3e+03 6.0e+00  0  0  1  0  3   0  0  2  0  6     0       0      2 1.19e-02    0 0.00e+00  0
PCGAMG Opt l02         1 1.0 6.5506e-03 1.0 0.00e+00 0.0 3.5e+02 1.0e+03 3.0e+00  0  0  1  0  2   0  0  2  0  3     0       0      2 3.67e-03    0 0.00e+00  0
PCGAMG Gal l03         1 1.0 5.4071e-03 1.0 0.00e+00 0.0 8.4e+01 2.1e+02 6.0e+00  0  0  0  0  3   0  0  0  0  6     0       0      0 1.44e-04    0 0.00e+00  0
PCGAMG Opt l03         1 1.0 2.5164e-03 1.0 0.00e+00 0.0 5.6e+01 3.0e+02 3.0e+00  0  0  0  0  2   0  0  0  0  3     0       0      2 1.44e-04    0 0.00e+00  0
PCSetUp                1 1.0 4.1052e+00 1.0 7.73e+08 1.3 6.9e+03 1.1e+05 1.0e+02  8  8 23 39 58  76 15 39 78 100  1451   249167     81 1.89e+02   51 5.32e+01 100
PCApply               19 1.0 1.8545e-01 1.0 3.10e+09 1.3 1.0e+04 1.7e+04 0.0e+00  0 31 35  9  0   3 62 59 18  0 128751   418330      2 8.31e-03    0 0.00e+00 100

--- Event Stage 3: Hot Solve

DMPlexResidualFE       1 1.0 4.2724e-01 1.0 4.08e+08 1.0 0.0e+00 0.0e+00 0.0e+00  1  4  0  0  0  64  9  0  0  0  7641       0      0 0.00e+00    2 1.83e+00  0
SFBcastBegin           5 1.0 2.7397e-03 2.9 0.00e+00 0.0 1.0e+02 8.6e+05 0.0e+00  0  0  0  4  0   0  0  1 25  0     0       0      0 0.00e+00    0 0.00e+00  0
SFBcastEnd             5 1.0 1.7097e-02 6.8 0.00e+00 0.0 0.0e+00 0.0e+00 0.0e+00  0  0  0  0  0   2  0  0  0  0     0       0      0 0.00e+00    0 0.00e+00  0
SFReduceBegin          5 1.0 9.3030e-04 2.9 0.00e+00 0.0 5.9e+01 6.4e+05 0.0e+00  0  0  0  2  0   0  0  0 10  0     0       0      0 0.00e+00    0 0.00e+00  0
SFReduceEnd            5 1.0 1.7618e-02 10.1 1.19e+04 0.0 0.0e+00 0.0e+00 0.0e+00  0  0  0  0  0   1  0  0  0  0     5       0      0 0.00e+00    0 0.00e+00 100
SFPack               639 1.0 1.9849e-03 1.8 0.00e+00 0.0 0.0e+00 0.0e+00 0.0e+00  0  0  0  0  0   0  0  0  0  0     0       0      0 0.00e+00    0 0.00e+00  0
SFUnpack             639 1.0 4.6901e-04 1.9 5.75e+04 2.1 0.0e+00 0.0e+00 0.0e+00  0  0  0  0  0   0  0  0  0  0   853       0      0 0.00e+00    0 0.00e+00 100
VecTDot              398 1.0 3.6116e-02 1.3 1.21e+07 1.1 0.0e+00 0.0e+00 0.0e+00  0  0  0  0  0   5  0  0  0  0  2634   10989      0 0.00e+00    0 0.00e+00 100
VecNorm              197 1.0 2.0583e-02 1.3 5.95e+06 1.1 0.0e+00 0.0e+00 0.0e+00  0  0  0  0  0   3  0  0  0  0  2274    5691      0 0.00e+00    0 0.00e+00 100
VecCopy              276 1.0 4.9594e-03 1.2 0.00e+00 0.0 0.0e+00 0.0e+00 0.0e+00  0  0  0  0  0   1  0  0  0  0     0       0      0 0.00e+00    0 0.00e+00  0
VecSet               103 1.0 1.7477e-03 1.1 0.00e+00 0.0 0.0e+00 0.0e+00 0.0e+00  0  0  0  0  0   0  0  0  0  0     0       0      0 0.00e+00    0 0.00e+00  0
VecAXPY              348 1.0 5.6573e-03 1.2 1.15e+07 1.1 0.0e+00 0.0e+00 0.0e+00  0  0  0  0  0   1  0  0  0  0 16008   44391      0 0.00e+00    0 0.00e+00 100
VecAYPX              605 1.0 1.0565e-02 1.1 2.73e+07 1.1 0.0e+00 0.0e+00 0.0e+00  0  0  0  0  0   1  1  0  0  0 20338   50401      0 0.00e+00    0 0.00e+00 100
VecAXPBYCZ           152 1.0 2.5797e-03 1.1 1.85e+07 1.1 0.0e+00 0.0e+00 0.0e+00  0  0  0  0  0   0  0  0  0  0 56250   141914      0 0.00e+00    0 0.00e+00 100
VecPointwiseMult     133 1.0 2.2436e-03 1.4 7.98e+02 0.0 0.0e+00 0.0e+00 0.0e+00  0  0  0  0  0   0  0  0  0  0     0       1      0 0.00e+00    0 0.00e+00 100
VecReciprocal          1 1.0 1.8025e-05 1.5 0.00e+00 0.0 0.0e+00 0.0e+00 0.0e+00  0  0  0  0  0   0  0  0  0  0     0       0      0 0.00e+00    0 0.00e+00  0
VecScatterBegin      629 1.0 2.7854e-02 3.4 0.00e+00 0.0 1.2e+04 2.0e+04 0.0e+00  0  0 39 12  0   2  0 99 65  0     0       0      0 0.00e+00    0 0.00e+00  0
VecScatterEnd        629 1.0 3.0614e-02 1.8 4.56e+04 1.9 0.0e+00 0.0e+00 0.0e+00  0  0  0  0  0   4  0  0  0  0    10       0      0 0.00e+00    0 0.00e+00 100
MatMult             1873 1.9 8.4158e-02 1.1 3.82e+09 1.3 9.4e+03 2.5e+04 0.0e+00  0 38 31 11  0  12 83 80 64  0 349434   680045      0 0.00e+00    0 0.00e+00 100
MatMultAdd            76 1.0 1.1077e-02 1.1 1.16e+08 1.3 1.1e+03 2.3e+03 0.0e+00  0  1  4  0  0   2  2  9  1  0 79839   227579      0 0.00e+00    0 0.00e+00 100
MatMultTranspose      76 1.0 1.0864e-02 1.7 1.16e+08 1.3 1.1e+03 2.3e+03 0.0e+00  0  1  4  0  0   1  2  9  1  0 81437   350680      0 0.00e+00    0 0.00e+00 100
MatResidual           76 1.0 1.6624e-02 1.1 6.99e+08 1.3 1.8e+03 2.3e+04 0.0e+00  0  7  6  2  0   2 15 16 12  0 324072   628013      0 0.00e+00    0 0.00e+00 100
MatPtAPNumeric         4 1.0 3.5687e-02 1.8 0.00e+00 0.0 1.5e+02 8.5e+05 0.0e+00  0  0  0  6  0   4  0  1 35  0     0       0      0 0.00e+00    0 0.00e+00  0
KSPSetUp               1 1.0 2.6100e-07 1.5 0.00e+00 0.0 0.0e+00 0.0e+00 0.0e+00  0  0  0  0  0   0  0  0  0  0     0       0      0 0.00e+00    0 0.00e+00  0
KSPSolve               1 1.0 1.5823e-01 1.0 3.79e+09 1.3 1.1e+04 2.0e+04 0.0e+00  0 38 35 11  0  24 82 90 59  0 184571   464880      0 0.00e+00    0 0.00e+00 100
SNESSolve              1 1.0 6.6811e-01 1.0 4.58e+09 1.3 1.2e+04 3.1e+04 0.0e+00  1 46 39 18  0 100 100 100 100  0 53056   450201      6 4.16e+00    3 2.74e+00 91
SNESFunctionEval       1 1.0 4.6723e-01 1.0 4.10e+08 1.0 1.4e+01 9.5e+04 0.0e+00  1  4  0  0  0  69  9  0  0  0  7005    3165      2 1.83e+00    3 2.74e+00  0
PCSetUp_GAMG+          1 1.0 5.8256e-02 1.4 3.85e+08 1.3 1.1e+03 1.3e+05 0.0e+00  0  4  4  7  0   7  8  9 41  0 50943   339140      4 2.33e+00    0 0.00e+00 100
PCGAMG Gal l00         1 1.0 2.8571e-02 2.0 0.00e+00 0.0 2.8e+01 3.9e+06 0.0e+00  0  0  0  5  0   3  0  0 30  0     0       0      0 0.00e+00    0 0.00e+00  0
PCGAMG Gal l01         1 1.0 6.1968e-03 1.6 0.00e+00 0.0 5.7e+01 3.0e+05 0.0e+00  0  0  0  1  0   1  0  0  5  0     0       0      0 0.00e+00    0 0.00e+00  0
PCGAMG Gal l02         1 1.0 1.9700e-03 1.6 0.00e+00 0.0 5.7e+01 1.0e+04 0.0e+00  0  0  0  0  0   0  0  0  0  0     0       0      0 0.00e+00    0 0.00e+00  0
PCGAMG Gal l03         1 1.0 6.4200e-04 1.3 0.00e+00 0.0 7.0e+00 1.2e+03 0.0e+00  0  0  0  0  0   0  0  0  0  0     0       0      0 0.00e+00    0 0.00e+00  0
PCSetUp                1 1.0 5.8258e-02 1.4 3.85e+08 1.3 1.1e+03 1.3e+05 0.0e+00  0  4  4  7  0   7  8  9 41  0 50941   339140      4 2.33e+00    0 0.00e+00 100
PCApply               19 1.0 1.4567e-01 1.0 3.10e+09 1.3 1.0e+04 1.7e+04 0.0e+00  0 31 35  9  0  21 67 88 48  0 163908   421116      0 0.00e+00    0 0.00e+00 100
---------------------------------------------------------------------------------------------------------------------------------------------------------------

Object Type          Creations   Destructions. Reports information only for process 0.

--- Event Stage 0: Main Stage

           Container     2             34
    Distributed Mesh     0             39
            DM Label     0             57
          Quadrature     1            236
           Index Set    25            127
   IS L to G Mapping     0             97
             Section     0            114
   Star Forest Graph     0             85
     Discrete System     0             39
           Weak Form     0             40
    GraphPartitioner     0             15
              Vector     1             87
        Linear Space     0              6
          Dual Space     0             16
            FE Space     0              4
              Matrix     0             64
      Matrix Coarsen     0              1
   Matrix Null Space     0              1
                SNES     0              1
              DMSNES     0              1
       Krylov Solver     0             10
     DMKSP interface     0              1
       Field over DM     1              1
      Preconditioner     0              6
              Viewer     0              1

--- Event Stage 1: Mesh Setup

           Container    93             61
    Distributed Mesh   118             82
            DM Label   296            239
          Quadrature   533            298
           Index Set  1340           1241
   IS L to G Mapping   290            193
             Section   390            276
   Star Forest Graph   313            254
     Discrete System   175            139
           Weak Form   177            140
    GraphPartitioner    53             38
              Vector    78             51
  PetscDeviceContext     1              0
        Linear Space    12              6
          Dual Space    63             47
            FE Space     6              2
              Matrix   178            151
   Matrix Null Space     1              0
                SNES     1              0
              DMSNES     1              0
       Krylov Solver     1              0
       Field over DM     1              1
      Preconditioner     1              0
              Viewer     1              0

--- Event Stage 2: Solve 0

           Container     3              3
    Distributed Mesh     3              0
          Quadrature     1              1
           Index Set   108            105
   Star Forest Graph    58             32
     Discrete System     3              0
           Weak Form     3              0
              Vector   287            228
              Matrix    94             57
      Matrix Coarsen     4              3
       Krylov Solver    13              4
     DMKSP interface     1              0
      Preconditioner    13              8
         PetscRandom     4              4

--- Event Stage 3: Hot Solve

          Quadrature     1              1
           Index Set    33             33
              Vector    12             12
========================================================================================================================
Average time to get PetscTime(): 3.2e-08
Average time for MPI_Barrier(): 1.52776e-05
Average time for zero size MPI_Send(): 1.21886e-05
#PETSc Option Table entries:
-dm_mat_type aijkokkos # (source: command line)
-dm_plex_box_faces 32,32,32 # (source: command line)
-dm_plex_box_lower 0,0,0 # (source: command line)
-dm_plex_box_upper 1,1,1 # (source: command line)
-dm_plex_dim 3 # (source: command line)
-dm_plex_simplex 0 # (source: command line)
-dm_vec_type kokkos # (source: command line)
-ksp_converged_reason # (source: command line)
-ksp_norm_type unpreconditioned # (source: command line)
-ksp_rtol 1e-6 # (source: command line)
-ksp_type cg # (source: command line)
-log_view # (source: command line)
-log_view_gpu_time # (source: command line)
-max_conv_its 1 # (source: command line)
-mg_coarse_ksp_type cg # (source: command line)
-mg_coarse_pc_type jacobi # (source: command line)
-mg_levels_ksp_type chebyshev # (source: command line)
-mg_levels_pc_type pbjacobi # (source: command line)
-n_solves 2 # (source: command line)
-pc_gamg_agg_nsmooths 1 # (source: command line)
-pc_gamg_coarse_eq_limit 20 # (source: command line)
-pc_gamg_parallel_coarse_grid_solver # (source: command line)
-pc_gamg_reuse_interpolation true # (source: command line)
-pc_gamg_type agg # (source: command line)
-pc_type gamg # (source: command line)
-petscpartitioner_type simple # (source: command line)
-petscspace_degree 2 # (source: command line)
-run_type 1 # (source: command line)
-snes_lag_jacobian -2 # (source: command line)
-snes_type ksponly # (source: command line)
-use_mat_nearnullspace true # (source: command line)
#End of PETSc Option Table entries
Compiled without FORTRAN kernels
Compiled with full precision matrices (default)
sizeof(short) 2 sizeof(int) 4 sizeof(long) 8 sizeof(void*) 8 sizeof(PetscScalar) 8 sizeof(PetscInt) 4
Configure options: --with-make-np=8 --with-mpiexec="srun -G4 --gpu-bind=none" --with-batch=0 --download-triangle=1 --with-cc=cc --with-cxx=CC --with-fc=0 --with-debugging=0 --with-cuda=1 --with-cuda-arch=80 --download-kokkos --download-kokkos-kernels PETSC_ARCH=arch-perlmutter-opt-gcc-kokkos-cuda
-----------------------------------------
Libraries compiled on 2026-06-19 13:41:00 on login10
Machine characteristics: Linux-6.4.0-150600.23.103_15.0.24-cray_shasta_c-x86_64-with-glibc2.3.4
Using PETSc directory: /global/u2/m/madams/petsc
Using PETSc arch: arch-perlmutter-opt-gcc-kokkos-cuda
-----------------------------------------

Using C compiler: cc  -fPIC -Wall -Wwrite-strings -Wno-unknown-pragmas -Wno-lto-type-mismatch -Wno-stringop-overflow -fstack-protector -fvisibility=hidden -g -O 
-----------------------------------------

Using include paths: -I/global/u2/m/madams/petsc/include -I/global/u2/m/madams/petsc/arch-perlmutter-opt-gcc-kokkos-cuda/include -I/opt/nvidia/hpc_sdk/Linux_x86_64/25.5/cuda/12.9/include -I/opt/nvidia/hpc_sdk/Linux_x86_64/25.5/math_libs/12.9/include
-----------------------------------------

Using C linker: cc
Using libraries: -Wl,-rpath,/global/u2/m/madams/petsc/arch-perlmutter-opt-gcc-kokkos-cuda/lib -L/global/u2/m/madams/petsc/arch-perlmutter-opt-gcc-kokkos-cuda/lib -lpetsc -Wl,-rpath,/global/u2/m/madams/petsc/arch-perlmutter-opt-gcc-kokkos-cuda/lib -L/global/u2/m/madams/petsc/arch-perlmutter-opt-gcc-kokkos-cuda/lib -Wl,-rpath,/opt/nvidia/hpc_sdk/Linux_x86_64/25.5/cuda/12.9/lib64 -L/opt/nvidia/hpc_sdk/Linux_x86_64/25.5/cuda/12.9/lib64 -Wl,-rpath,/opt/nvidia/hpc_sdk/Linux_x86_64/25.5/math_libs/12.9/lib64 -L/opt/nvidia/hpc_sdk/Linux_x86_64/25.5/math_libs/12.9/lib64 -L/opt/nvidia/hpc_sdk/Linux_x86_64/25.5/cuda/12.9/lib64/stubs -lkokkoskernels -lkokkoscontainers -lkokkoscore -lkokkossimd -ltriangle -lcudart -lnvtx3interop -lcufft -lcublas -lcusparse -lcusolver -lcurand -lcuda -lnvidia-ml -lX11 -lstdc++ -lquadmath
-----------------------------------------

