Mat Object: 1 MPI process
  type: mpibaijkokkos
  rows=89373, cols=89373, bs=3
  total: nonzeros=15166431, allocated nonzeros=15166431
  total number of mallocs used during MatSetValues calls=0
    Linear solve converged due to CONVERGED_RTOL iterations 18
    Linear solve converged due to CONVERGED_RTOL iterations 18
[0] 0) N=       89373, max displ=5.9602713e+01, error=1.510e-01
****************************************************************************************************************************************************************
***                                WIDEN YOUR WINDOW TO 160 CHARACTERS.  Use 'enscript -r -fCourier9' to print this document                                 ***
****************************************************************************************************************************************************************

------------------------------------------------------------------ PETSc Performance Summary: ------------------------------------------------------------------

/global/homes/m/madams/petsc/src/snes/tutorials/ex56 on a arch-perlmutter-opt-gcc-kokkos-cuda named nid001049 with 1 process and CUDA architecture 80, by madams on Sun Jun 21 13:52:50 2026
Using PETSc Development Git Revision: v3.25.2-320-ga5ba3691813 Git Date: 2026-06-19 09:07:30 -0400

                         Max       Max/Min     Avg       Total
Time (sec):           4.272e+01     1.000   4.272e+01
Objects:              0.000e+00     0.000   0.000e+00
Flops:                8.461e+09     1.000   8.461e+09  8.461e+09
Flops/sec:            1.980e+08     1.000   1.980e+08  1.980e+08
MPI Msg Count:        0.000e+00     0.000   0.000e+00  0.000e+00
MPI Msg Len (bytes):  0.000e+00     0.000   0.000e+00  0.000e+00
MPI Reductions:       0.000e+00     0.000

Flop counting convention: 1 flop = 1 real number operation of type (multiply/divide/add/subtract)
                            e.g., VecAXPY() for real vectors of length N --> 2N flops
                            and VecAXPY() for complex vectors of length N --> 8N flops

Summary of Stages:   ----- Time ------  ----- Flop ------  --- Messages ---  -- Message Lengths --  -- Reductions --
                        Avg     %Total     Avg     %Total    Count   %Total     Avg         %Total    Count   %Total
 0:      Main Stage: 3.8187e+01  89.4%  4.5225e+08   5.3%  0.000e+00   0.0%  0.000e+00        0.0%  0.000e+00   0.0%
 1:      Mesh Setup: 1.7120e+00   4.0%  4.0996e+07   0.5%  0.000e+00   0.0%  0.000e+00        0.0%  0.000e+00   0.0%
 2:         Solve 0: 2.2671e+00   5.3%  4.1496e+09  49.0%  0.000e+00   0.0%  0.000e+00        0.0%  0.000e+00   0.0%
 3:       Hot Solve: 5.5540e-01   1.3%  3.8179e+09  45.1%  0.000e+00   0.0%  0.000e+00        0.0%  0.000e+00   0.0%

------------------------------------------------------------------------------------------------------------------------
See the 'Profiling' chapter of the users' manual for details on interpreting output.
Phase summary info:
   Count: number of times phase was executed
   Time and Flop: Max - maximum over all processes
                  Ratio - ratio of maximum to minimum over all processes
   Mess: number of messages sent
   AvgLen: average message length (bytes)
   Reduct: number of global reductions
   Global: entire computation
   Stage: stages of a computation. Set stages with PetscLogStagePush() and PetscLogStagePop().
      %T - percent time in this phase         %F - percent flop in this phase
      %M - percent messages in this phase     %L - percent message lengths in this phase
      %R - percent reductions in this phase
   Total Mflop/s: 1e-6 * (sum of flop over all processes)/(max time over all processes)
   GPU Mflop/s: 1e-6 * (sum of flop on GPU over all processes)/(max GPU time over all processes)
   CpuToGpu Count: total number of CPU to GPU copies per processor
   CpuToGpu Size (Mbytes): 1e-6 * (total size of CPU to GPU copies per processor)
   GpuToCpu Count: total number of GPU to CPU copies per processor
   GpuToCpu Size (Mbytes): 1e-6 * (total size of GPU to CPU copies per processor)
   GPU %F: percent flops on GPU in this event
------------------------------------------------------------------------------------------------------------------------
Event                Count      Time (sec)     Flop                              --- Global ---  --- Stage ----  Total   GPU    - CpuToGpu -   - GpuToCpu - GPU
                   Max Ratio  Max     Ratio   Max  Ratio  Mess   AvgLen  Reduct  %T %F %M %L %R  %T %F %M %L %R Mflop/s Mflop/s Count   Size   Count   Size  %F
---------------------------------------------------------------------------------------------------------------------------------------------------------------

--- Event Stage 0: Main Stage

BuildTwoSided          2 1.0 6.0820e-06 1.0 0.00e+00 0.0 0.0e+00 0.0e+00 0.0e+00  0  0  0  0  0   0  0  0  0  0     0       0      0 0.00e+00    0 0.00e+00  0
BuildTwoSidedF         1 1.0 8.0160e-06 1.0 0.00e+00 0.0 0.0e+00 0.0e+00 0.0e+00  0  0  0  0  0   0  0  0  0  0     0       0      0 0.00e+00    0 0.00e+00  0
DMPlexJacobianFE       1 1.0 3.7076e+01 1.0 4.35e+08 1.0 0.0e+00 0.0e+00 0.0e+00 87  5  0  0  0  97 96  0  0  0    12       0      0 0.00e+00    1 8.62e-01  0
SFSetGraph             1 1.0 7.5793e-04 1.0 0.00e+00 0.0 0.0e+00 0.0e+00 0.0e+00  0  0  0  0  0   0  0  0  0  0     0       0      0 0.00e+00    0 0.00e+00  0
SFSetUp                1 1.0 2.4542e-03 1.0 0.00e+00 0.0 0.0e+00 0.0e+00 0.0e+00  0  0  0  0  0   0  0  0  0  0     0       0      0 0.00e+00    0 0.00e+00  0
SFBcastBegin           1 1.0 3.1590e-03 1.0 0.00e+00 0.0 0.0e+00 0.0e+00 0.0e+00  0  0  0  0  0   0  0  0  0  0     0       0      1 3.57e-01    0 0.00e+00  0
SFBcastEnd             1 1.0 1.1820e-06 1.0 0.00e+00 0.0 0.0e+00 0.0e+00 0.0e+00  0  0  0  0  0   0  0  0  0  0     0       0      0 0.00e+00    0 0.00e+00  0
SFPack                 1 1.0 1.3000e-07 1.0 0.00e+00 0.0 0.0e+00 0.0e+00 0.0e+00  0  0  0  0  0   0  0  0  0  0     0       0      0 0.00e+00    0 0.00e+00  0
SFUnpack               1 1.0 3.7100e-07 1.0 0.00e+00 0.0 0.0e+00 0.0e+00 0.0e+00  0  0  0  0  0   0  0  0  0  0     0       0      0 0.00e+00    0 0.00e+00  0
VecNorm                1 1.0 1.9816e-04 1.0 0.00e+00 0.0 0.0e+00 0.0e+00 0.0e+00  0  0  0  0  0   0  0  0  0  0     0       0      0 0.00e+00    0 0.00e+00  0
VecSet                 2 1.0 8.4970e-06 1.0 0.00e+00 0.0 0.0e+00 0.0e+00 0.0e+00  0  0  0  0  0   0  0  0  0  0     0       0      0 0.00e+00    0 0.00e+00  0
MatMult             1352 1.0 3.1742e-04 1.0 1.10e+05 1.0 0.0e+00 0.0e+00 0.0e+00  0  0  0  0  0   0  0  0  0  0   345       0      0 0.00e+00    0 0.00e+00  0
MatConvert             1 1.0 1.0427e+00 1.0 0.00e+00 0.0 0.0e+00 0.0e+00 0.0e+00  2  0  0  0  0   3  0  0  0  0     0       0      0 0.00e+00    0 0.00e+00  0
MatScale               1 1.0 7.3550e-06 1.0 1.52e+07 1.0 0.0e+00 0.0e+00 0.0e+00  0  0  0  0  0   0  3  0  0  0 2062057       0      0 0.00e+00    0 0.00e+00 100
MatAssemblyBegin       2 1.0 5.2371e-05 1.0 0.00e+00 0.0 0.0e+00 0.0e+00 0.0e+00  0  0  0  0  0   0  0  0  0  0     0       0      0 0.00e+00    0 0.00e+00  0
MatAssemblyEnd         2 1.0 4.5139e-02 1.0 0.00e+00 0.0 0.0e+00 0.0e+00 0.0e+00  0  0  0  0  0   0  0  0  0  0     0       0      0 0.00e+00    0 0.00e+00  0
MatSetValues     1689255 1.0 7.0637e-01 1.0 2.17e+07 1.0 0.0e+00 0.0e+00 0.0e+00  2  0  0  0  0   2  5  0  0  0    31       0      0 0.00e+00    0 0.00e+00  0
MatGetRow         178746 1.0 3.9676e-02 1.0 0.00e+00 0.0 0.0e+00 0.0e+00 0.0e+00  0  0  0  0  0   0  0  0  0  0     0       0      0 0.00e+00    0 0.00e+00  0
MatZeroEntries         1 1.0 4.2205e-03 1.0 0.00e+00 0.0 0.0e+00 0.0e+00 0.0e+00  0  0  0  0  0   0  0  0  0  0     0       0      0 0.00e+00    0 0.00e+00  0
MatView                1 1.0 1.0634e-04 1.0 0.00e+00 0.0 0.0e+00 0.0e+00 0.0e+00  0  0  0  0  0   0  0  0  0  0     0       0      0 0.00e+00    0 0.00e+00  0
DCtxDestroy            1 1.0 2.5339e-05 1.0 0.00e+00 0.0 0.0e+00 0.0e+00 0.0e+00  0  0  0  0  0   0  0  0  0  0     0       0      0 0.00e+00    0 0.00e+00  0
SNESJacobianEval       1 1.0 3.7127e+01 1.0 4.37e+08 1.0 0.0e+00 0.0e+00 0.0e+00 87  5  0  0  0  97 97  0  0  0    12       0      2 1.22e+00    2 1.72e+00  0

--- Event Stage 1: Mesh Setup

BuildTwoSided          3 1.0 2.2152e-05 1.0 0.00e+00 0.0 0.0e+00 0.0e+00 0.0e+00  0  0  0  0  0   0  0  0  0  0     0       0      0 0.00e+00    0 0.00e+00  0
BuildTwoSidedF         1 1.0 2.8635e-05 1.0 0.00e+00 0.0 0.0e+00 0.0e+00 0.0e+00  0  0  0  0  0   0  0  0  0  0     0       0      0 0.00e+00    0 0.00e+00  0
DMCreateMat            1 1.0 8.3497e-01 1.0 0.00e+00 0.0 0.0e+00 0.0e+00 0.0e+00  2  0  0  0  0  49  0  0  0  0     0       0      0 0.00e+00    0 0.00e+00  0
DMProjectFunc          6 1.0 4.2711e-01 1.0 3.46e+07 1.0 0.0e+00 0.0e+00 0.0e+00  1  0  0  0  0  25 84  0  0  0    81       0      0 0.00e+00    7 5.29e+00  0
DMPlexCrFromOpts       1 1.0 5.3882e-03 1.0 0.00e+00 0.0 0.0e+00 0.0e+00 0.0e+00  0  0  0  0  0   0  0  0  0  0     0       0      0 0.00e+00    0 0.00e+00  0
DMPlexInterp          36 1.0 2.5943e-03 1.0 0.00e+00 0.0 0.0e+00 0.0e+00 0.0e+00  0  0  0  0  0   0  0  0  0  0     0       0      0 0.00e+00    0 0.00e+00  0
DMPlexStratify        52 1.0 3.3844e-03 1.0 0.00e+00 0.0 0.0e+00 0.0e+00 0.0e+00  0  0  0  0  0   0  0  0  0  0     0       0      0 0.00e+00    0 0.00e+00  0
DMPlexSymmetrize      52 1.0 1.5410e-03 1.0 0.00e+00 0.0 0.0e+00 0.0e+00 0.0e+00  0  0  0  0  0   0  0  0  0  0     0       0      0 0.00e+00    0 0.00e+00  0
DMPlexPrealloc         1 1.0 8.3339e-01 1.0 0.00e+00 0.0 0.0e+00 0.0e+00 0.0e+00  2  0  0  0  0  49  0  0  0  0     0       0      0 0.00e+00    0 0.00e+00  0
DMPlexGenerate         1 1.0 5.3519e-03 1.0 0.00e+00 0.0 0.0e+00 0.0e+00 0.0e+00  0  0  0  0  0   0  0  0  0  0     0       0      0 0.00e+00    0 0.00e+00  0
SFSetGraph             4 1.0 8.8606e-04 1.0 0.00e+00 0.0 0.0e+00 0.0e+00 0.0e+00  0  0  0  0  0   0  0  0  0  0     0       0      0 0.00e+00    0 0.00e+00  0
SFSetUp                2 1.0 2.0556e-04 1.0 0.00e+00 0.0 0.0e+00 0.0e+00 0.0e+00  0  0  0  0  0   0  0  0  0  0     0       0      0 0.00e+00    0 0.00e+00  0
SFBcastBegin           1 1.0 4.3223e-05 1.0 0.00e+00 0.0 0.0e+00 0.0e+00 0.0e+00  0  0  0  0  0   0  0  0  0  0     0       0      0 0.00e+00    0 0.00e+00  0
SFBcastEnd             1 1.0 2.5850e-06 1.0 0.00e+00 0.0 0.0e+00 0.0e+00 0.0e+00  0  0  0  0  0   0  0  0  0  0     0       0      0 0.00e+00    0 0.00e+00  0
SFPack                 1 1.0 1.0000e-07 1.0 0.00e+00 0.0 0.0e+00 0.0e+00 0.0e+00  0  0  0  0  0   0  0  0  0  0     0       0      0 0.00e+00    0 0.00e+00  0
SFUnpack               1 1.0 2.8000e-07 1.0 0.00e+00 0.0 0.0e+00 0.0e+00 0.0e+00  0  0  0  0  0   0  0  0  0  0     0       0      0 0.00e+00    0 0.00e+00  0
VecMDot                5 1.0 2.4221e-02 1.0 2.68e+06 1.0 0.0e+00 0.0e+00 0.0e+00  0  0  0  0  0   1  7  0  0  0   111       0      0 0.00e+00    6 8.00e-05 100
VecNorm                6 1.0 3.8359e-02 1.0 1.07e+06 1.0 0.0e+00 0.0e+00 0.0e+00  0  0  0  0  0   2  3  0  0  0    28       0      0 0.00e+00    0 0.00e+00 100
VecScale               6 1.0 1.4346e-04 1.0 5.36e+05 1.0 0.0e+00 0.0e+00 0.0e+00  0  0  0  0  0   0  1  0  0  0  3738       0      0 0.00e+00    0 0.00e+00 100
VecCopy                1 1.0 2.0280e-05 1.0 0.00e+00 0.0 0.0e+00 0.0e+00 0.0e+00  0  0  0  0  0   0  0  0  0  0     0       0      0 0.00e+00    0 0.00e+00  0
VecSet                 8 1.0 1.1549e-04 1.0 0.00e+00 0.0 0.0e+00 0.0e+00 0.0e+00  0  0  0  0  0   0  0  0  0  0     0       0      0 0.00e+00    0 0.00e+00  0
VecAXPY                9 1.0 3.8191e-04 1.0 1.61e+06 1.0 0.0e+00 0.0e+00 0.0e+00  0  0  0  0  0   0  4  0  0  0  4212       0      0 0.00e+00    0 0.00e+00 100
VecNormalize           6 1.0 3.8524e-02 1.0 1.61e+06 1.0 0.0e+00 0.0e+00 0.0e+00  0  0  0  0  0   2  4  0  0  0    42       0      0 0.00e+00    0 0.00e+00 100
DualSpaceSetUp         6 1.0 1.4436e-02 1.0 3.61e+03 1.0 0.0e+00 0.0e+00 0.0e+00  0  0  0  0  0   1  0  0  0  0     0       0      0 0.00e+00    0 0.00e+00  0
FESetUp                6 1.0 5.6176e-04 1.0 0.00e+00 0.0 0.0e+00 0.0e+00 0.0e+00  0  0  0  0  0   0  0  0  0  0     0       0      0 0.00e+00    0 0.00e+00  0
MatMult            24576 1.0 5.6246e-03 1.0 1.99e+06 1.0 0.0e+00 0.0e+00 0.0e+00  0  0  0  0  0   0  5  0  0  0   354       0      0 0.00e+00    0 0.00e+00  0
MatAssemblyBegin      68 1.0 7.1955e-05 1.0 0.00e+00 0.0 0.0e+00 0.0e+00 0.0e+00  0  0  0  0  0   0  0  0  0  0     0       0      0 0.00e+00    0 0.00e+00  0
MatAssemblyEnd        68 1.0 4.1133e-03 1.0 0.00e+00 0.0 0.0e+00 0.0e+00 0.0e+00  0  0  0  0  0   0  0  0  0  0     0       0      0 0.00e+00    0 0.00e+00  0
MatSetPreallCOO       36 1.0 6.9583e-05 1.0 0.00e+00 0.0 0.0e+00 0.0e+00 0.0e+00  0  0  0  0  0   0  0  0  0  0     0       0      0 0.00e+00    0 0.00e+00  0
MatSetValuesCOO       36 1.0 4.5591e-05 1.0 0.00e+00 0.0 0.0e+00 0.0e+00 0.0e+00  0  0  0  0  0   0  0  0  0  0     0       0      0 0.00e+00    0 0.00e+00  0
DCtxCreate             1 1.0 1.2194e-05 1.0 0.00e+00 0.0 0.0e+00 0.0e+00 0.0e+00  0  0  0  0  0   0  0  0  0  0     0       0      0 0.00e+00    0 0.00e+00  0
DCtxSetUp              1 1.0 8.9370e-06 1.0 0.00e+00 0.0 0.0e+00 0.0e+00 0.0e+00  0  0  0  0  0   0  0  0  0  0     0       0      0 0.00e+00    0 0.00e+00  0
DCtxSetDevice          1 1.0 1.2804e-05 1.0 0.00e+00 0.0 0.0e+00 0.0e+00 0.0e+00  0  0  0  0  0   0  0  0  0  0     0       0      0 0.00e+00    0 0.00e+00  0

--- Event Stage 2: Solve 0

BuildTwoSided         69 1.0 5.9693e-05 1.0 0.00e+00 0.0 0.0e+00 0.0e+00 0.0e+00  0  0  0  0  0   0  0  0  0  0     0       0      0 0.00e+00    0 0.00e+00  0
BuildTwoSidedF        17 1.0 3.1720e-05 1.0 0.00e+00 0.0 0.0e+00 0.0e+00 0.0e+00  0  0  0  0  0   0  0  0  0  0     0       0      0 0.00e+00    0 0.00e+00  0
DMPlexResidualFE       1 1.0 4.2853e-01 1.0 4.08e+08 1.0 0.0e+00 0.0e+00 0.0e+00  1  5  0  0  0  19 10  0  0  0   952       0      0 0.00e+00    2 1.72e+00  0
SFSetGraph            52 1.0 7.0720e-06 1.0 0.00e+00 0.0 0.0e+00 0.0e+00 0.0e+00  0  0  0  0  0   0  0  0  0  0     0       0      0 0.00e+00    0 0.00e+00  0
SFSetUp               52 1.0 1.6015e-04 1.0 0.00e+00 0.0 0.0e+00 0.0e+00 0.0e+00  0  0  0  0  0   0  0  0  0  0     0       0      0 0.00e+00    0 0.00e+00  0
SFBcastBegin          10 1.0 5.2521e-05 1.0 0.00e+00 0.0 0.0e+00 0.0e+00 0.0e+00  0  0  0  0  0   0  0  0  0  0     0       0      0 0.00e+00    0 0.00e+00  0
SFBcastEnd            10 1.0 4.3110e-06 1.0 0.00e+00 0.0 0.0e+00 0.0e+00 0.0e+00  0  0  0  0  0   0  0  0  0  0     0       0      0 0.00e+00    0 0.00e+00  0
SFReduceBegin         24 1.0 1.9193e-04 1.0 0.00e+00 0.0 0.0e+00 0.0e+00 0.0e+00  0  0  0  0  0   0  0  0  0  0     0       0      0 0.00e+00    0 0.00e+00  0
SFReduceEnd           24 1.0 1.6118e-05 1.0 0.00e+00 0.0 0.0e+00 0.0e+00 0.0e+00  0  0  0  0  0   0  0  0  0  0     0       0      0 0.00e+00    0 0.00e+00  0
SFFetchOpBegin         6 1.0 1.9066e-05 1.0 0.00e+00 0.0 0.0e+00 0.0e+00 0.0e+00  0  0  0  0  0   0  0  0  0  0     0       0      0 0.00e+00    0 0.00e+00  0
SFFetchOpEnd           6 1.0 6.3810e-06 1.0 0.00e+00 0.0 0.0e+00 0.0e+00 0.0e+00  0  0  0  0  0   0  0  0  0  0     0       0      0 0.00e+00    0 0.00e+00  0
SFPack               333 1.0 2.2813e-05 1.0 0.00e+00 0.0 0.0e+00 0.0e+00 0.0e+00  0  0  0  0  0   0  0  0  0  0     0       0      0 0.00e+00    0 0.00e+00  0
SFUnpack             339 1.0 2.8399e-05 1.0 0.00e+00 0.0 0.0e+00 0.0e+00 0.0e+00  0  0  0  0  0   0  0  0  0  0     0       0      0 0.00e+00    0 0.00e+00  0
VecTDot              414 1.0 2.7174e-02 1.0 1.52e+07 1.0 0.0e+00 0.0e+00 0.0e+00  0  0  0  0  0   1  0  0  0  0   559       0      0 0.00e+00    0 0.00e+00 100
VecNorm              171 1.0 1.7388e-02 1.0 5.40e+06 1.0 0.0e+00 0.0e+00 0.0e+00  0  0  0  0  0   1  0  0  0  0   311       0      0 0.00e+00    0 0.00e+00 100
VecCopy              212 1.0 9.5355e-04 1.0 0.00e+00 0.0 0.0e+00 0.0e+00 0.0e+00  0  0  0  0  0   0  0  0  0  0     0       0      0 0.00e+00    0 0.00e+00  0
VecSet                82 1.0 2.6753e-04 1.0 0.00e+00 0.0 0.0e+00 0.0e+00 0.0e+00  0  0  0  0  0   0  0  0  0  0     0       0      0 0.00e+00    0 0.00e+00  0
VecAXPY              360 1.0 1.0855e-03 1.0 1.41e+07 1.0 0.0e+00 0.0e+00 0.0e+00  0  0  0  0  0   0  0  0  0  0 12977       0      0 0.00e+00    0 0.00e+00 100
VecAYPX              478 1.0 2.3642e-03 1.0 2.60e+07 1.0 0.0e+00 0.0e+00 0.0e+00  0  0  0  0  0   0  1  0  0  0 11002       0      0 0.00e+00    0 0.00e+00 100
VecAXPBYCZ           108 1.0 6.5203e-04 1.0 1.64e+07 1.0 0.0e+00 0.0e+00 0.0e+00  0  0  0  0  0   0  0  0  0  0 25164       0      0 0.00e+00    0 0.00e+00 100
VecAssemblyBegin       4 1.0 3.5000e-07 1.0 0.00e+00 0.0 0.0e+00 0.0e+00 0.0e+00  0  0  0  0  0   0  0  0  0  0     0       0      0 0.00e+00    0 0.00e+00  0
VecAssemblyEnd         4 1.0 3.3200e-07 1.0 0.00e+00 0.0 0.0e+00 0.0e+00 0.0e+00  0  0  0  0  0   0  0  0  0  0     0       0      0 0.00e+00    0 0.00e+00  0
VecPointwiseMult     152 1.0 6.1630e-04 1.0 1.00e+06 1.0 0.0e+00 0.0e+00 0.0e+00  0  0  0  0  0   0  0  0  0  0  1628       0      0 0.00e+00    0 0.00e+00 100
VecReciprocal         10 1.0 1.2993e-04 1.0 0.00e+00 0.0 0.0e+00 0.0e+00 0.0e+00  0  0  0  0  0   0  0  0  0  0     0       0      0 0.00e+00    0 0.00e+00  0
VecSetValues      119164 1.0 6.8862e-03 1.0 0.00e+00 0.0 0.0e+00 0.0e+00 0.0e+00  0  0  0  0  0   0  0  0  0  0     0       0      0 0.00e+00    0 0.00e+00  0
VecScatterBegin      293 1.0 2.6739e-04 1.0 0.00e+00 0.0 0.0e+00 0.0e+00 0.0e+00  0  0  0  0  0   0  0  0  0  0     0       0      3 0.00e+00    0 0.00e+00  0
VecScatterEnd        293 1.0 1.5060e-04 1.0 0.00e+00 0.0 0.0e+00 0.0e+00 0.0e+00  0  0  0  0  0   0  0  0  0  0     0       0      0 0.00e+00    0 0.00e+00  0
MatMult             1747 1.0 4.7751e-03 1.0 3.43e+09 1.0 0.0e+00 0.0e+00 0.0e+00  0 41  0  0  0   0 83  0  0  0 717690       0      3 0.00e+00    0 0.00e+00 100
MatMultAdd            54 1.0 3.0827e-04 1.0 9.01e+07 1.0 0.0e+00 0.0e+00 0.0e+00  0  1  0  0  0   0  2  0  0  0 292256       0      0 0.00e+00    0 0.00e+00 100
MatMultTranspose      54 1.0 4.4228e-04 1.0 9.01e+07 1.0 0.0e+00 0.0e+00 0.0e+00  0  1  0  0  0   0  2  0  0  0 203701       0      0 0.00e+00    0 0.00e+00 100
MatConvert            12 1.0 6.2539e-01 1.0 0.00e+00 0.0 0.0e+00 0.0e+00 0.0e+00  1  0  0  0  0  28  0  0  0  0     0       0      0 0.00e+00    6 2.00e+01  0
MatScale               9 1.0 2.7444e-03 1.0 5.90e+06 1.0 0.0e+00 0.0e+00 0.0e+00  0  0  0  0  0   0  0  0  0  0  2150       0      0 0.00e+00    0 0.00e+00 42
MatResidual           54 1.0 7.5892e-04 1.0 5.67e+08 1.0 0.0e+00 0.0e+00 0.0e+00  0  7  0  0  0   0 14  0  0  0 747034       0      0 0.00e+00    0 0.00e+00 100
MatAssemblyBegin      51 1.0 1.4604e-04 1.0 0.00e+00 0.0 0.0e+00 0.0e+00 0.0e+00  0  0  0  0  0   0  0  0  0  0     0       0      0 0.00e+00    0 0.00e+00  0
MatAssemblyEnd        51 1.0 1.6094e-02 1.0 0.00e+00 0.0 0.0e+00 0.0e+00 0.0e+00  0  0  0  0  0   1  0  0  0  0     0       0      0 0.00e+00    0 0.00e+00  0
MatSetValues     3398678 1.0 5.6352e-01 1.0 2.25e+06 1.0 0.0e+00 0.0e+00 0.0e+00  1  0  0  0  0  25  0  0  0  0     4       0      0 0.00e+00    0 0.00e+00  0
MatGetRow         363747 1.0 3.6305e-02 1.0 0.00e+00 0.0 0.0e+00 0.0e+00 0.0e+00  0  0  0  0  0   2  0  0  0  0     0       0      0 0.00e+00    0 0.00e+00  0
MatCoarsen             3 1.0 6.1566e-03 1.0 0.00e+00 0.0 0.0e+00 0.0e+00 0.0e+00  0  0  0  0  0   0  0  0  0  0     0       0      0 0.00e+00    0 0.00e+00  0
MatAXPY                6 1.0 7.1566e-01 1.0 2.25e+06 1.0 0.0e+00 0.0e+00 0.0e+00  2  0  0  0  0  32  0  0  0  0     3       0      0 0.00e+00    6 2.00e+01  0
MatTranspose           7 1.0 2.7706e-02 1.0 0.00e+00 0.0 0.0e+00 0.0e+00 0.0e+00  0  0  0  0  0   1  0  0  0  0     0       0      0 0.00e+00    0 0.00e+00  0
MatMatMultSym          3 1.0 1.8013e-01 1.0 0.00e+00 0.0 0.0e+00 0.0e+00 0.0e+00  0  0  0  0  0   8  0  0  0  0     0       0      0 0.00e+00   21 1.74e+02  0
MatMatMultNum          3 1.0 5.2000e-07 1.0 0.00e+00 0.0 0.0e+00 0.0e+00 0.0e+00  0  0  0  0  0   0  0  0  0  0     0       0      0 0.00e+00    0 0.00e+00  0
MatPtAPSymbolic        3 1.0 1.2262e-01 1.0 0.00e+00 0.0 0.0e+00 0.0e+00 0.0e+00  0  0  0  0  0   5  0  0  0  0     0       0      0 0.00e+00   21 1.73e+02  0
MatPtAPNumeric         3 1.0 5.1100e-07 1.0 0.00e+00 0.0 0.0e+00 0.0e+00 0.0e+00  0  0  0  0  0   0  0  0  0  0     0       0      0 0.00e+00    0 0.00e+00  0
MatTrnMatMultSym       1 1.0 5.1137e-01 1.0 0.00e+00 0.0 0.0e+00 0.0e+00 0.0e+00  1  0  0  0  0  23  0  0  0  0     0       0      0 0.00e+00    0 0.00e+00  0
MatCreateGraph         3 1.0 1.2170e-01 1.0 5.10e+06 1.0 0.0e+00 0.0e+00 0.0e+00  0  0  0  0  0   5  0  0  0  0    42       0      0 0.00e+00    4 3.93e+00  0
MatSetPreallCOO        6 1.0 2.8024e-02 1.0 0.00e+00 0.0 0.0e+00 0.0e+00 0.0e+00  0  0  0  0  0   1  0  0  0  0     0       0      0 0.00e+00   18 2.39e+01  0
MatSetValuesCOO        6 1.0 4.6156e-04 1.0 0.00e+00 0.0 0.0e+00 0.0e+00 0.0e+00  0  0  0  0  0   0  0  0  0  0     0       0      0 0.00e+00    0 0.00e+00  0
KSPSetUp               1 1.0 3.0738e-04 1.0 0.00e+00 0.0 0.0e+00 0.0e+00 0.0e+00  0  0  0  0  0   0  0  0  0  0     0       0      0 0.00e+00    0 0.00e+00  0
KSPSolve               1 1.0 4.5877e-02 1.0 3.08e+09 1.0 0.0e+00 0.0e+00 0.0e+00  0 36  0  0  0   2 74  0  0  0 67065       0      1 0.00e+00    0 0.00e+00 100
SNESSolve              1 1.0 2.2667e+00 1.0 4.15e+09 1.0 0.0e+00 0.0e+00 0.0e+00  5 49  0  0  0 100 100  0  0  0  1831       0      5 1.72e+00   61 3.78e+02 90
SNESSetUp              1 1.0 1.0146e-04 1.0 0.00e+00 0.0 0.0e+00 0.0e+00 0.0e+00  0  0  0  0  0   0  0  0  0  0     0       0      0 0.00e+00    0 0.00e+00  0
SNESFunctionEval       1 1.0 4.7035e-01 1.0 4.10e+08 1.0 0.0e+00 0.0e+00 0.0e+00  1  5  0  0  0  21 10  0  0  0   872       0      2 1.72e+00    3 2.59e+00  0
PCSetUp_GAMG+          1 1.0 1.7501e+00 1.0 6.63e+08 1.0 0.0e+00 0.0e+00 0.0e+00  4  8  0  0  0  77 16  0  0  0   379       0      2 0.00e+00   58 3.75e+02 99
 PCGAMGCreateG         3 1.0 1.2171e-01 1.0 5.10e+06 1.0 0.0e+00 0.0e+00 0.0e+00  0  0  0  0  0   5  0  0  0  0    42       0      0 0.00e+00    4 3.93e+00  0
 GAMG Coarsen          6 1.0 5.4179e-01 1.0 0.00e+00 0.0 0.0e+00 0.0e+00 0.0e+00  1  0  0  0  0  24  0  0  0  0     0       0      0 0.00e+00    0 0.00e+00  0
  GAMG MIS/Agg         3 1.0 5.1787e-01 1.0 0.00e+00 0.0 0.0e+00 0.0e+00 0.0e+00  1  0  0  0  0  23  0  0  0  0     0       0      0 0.00e+00    0 0.00e+00  0
 PCGAMGProl            3 1.0 6.2636e-02 1.0 0.00e+00 0.0 0.0e+00 0.0e+00 0.0e+00  0  0  0  0  0   3  0  0  0  0     0       0      0 0.00e+00    0 0.00e+00  0
  GAMG Prol-col        3 1.0 1.9077e-05 1.0 0.00e+00 0.0 0.0e+00 0.0e+00 0.0e+00  0  0  0  0  0   0  0  0  0  0     0       0      0 0.00e+00    0 0.00e+00  0
  GAMG Prol-lift       3 1.0 6.0738e-02 1.0 0.00e+00 0.0 0.0e+00 0.0e+00 0.0e+00  0  0  0  0  0   3  0  0  0  0     0       0      0 0.00e+00    0 0.00e+00  0
 PCGAMGOptProl         3 1.0 8.8065e-01 1.0 3.27e+08 1.0 0.0e+00 0.0e+00 0.0e+00  2  4  0  0  0  39  8  0  0  0   371       0      2 0.00e+00   27 1.94e+02 100
  GAMG smooth          3 1.0 8.7197e-01 1.0 3.05e+06 1.0 0.0e+00 0.0e+00 0.0e+00  2  0  0  0  0  38  0  0  0  0     3       0      0 0.00e+00   27 1.94e+02 82
 PCGAMGCreateL         3 1.0 1.2267e-01 1.0 0.00e+00 0.0 0.0e+00 0.0e+00 0.0e+00  0  0  0  0  0   5  0  0  0  0     0       0      0 0.00e+00   21 1.73e+02  0
  GAMG PtAP            3 1.0 1.2266e-01 1.0 0.00e+00 0.0 0.0e+00 0.0e+00 0.0e+00  0  0  0  0  0   5  0  0  0  0     0       0      0 0.00e+00   21 1.73e+02  0
PCGAMG Squ l00         1 1.0 5.1138e-01 1.0 0.00e+00 0.0 0.0e+00 0.0e+00 0.0e+00  1  0  0  0  0  23  0  0  0  0     0       0      0 0.00e+00    0 0.00e+00  0
PCGAMG Gal l00         1 1.0 1.1322e-01 1.0 0.00e+00 0.0 0.0e+00 0.0e+00 0.0e+00  0  0  0  0  0   5  0  0  0  0     0       0      0 0.00e+00    7 1.68e+02  0
PCGAMG Opt l00         1 1.0 1.7358e-01 1.0 0.00e+00 0.0 0.0e+00 0.0e+00 0.0e+00  0  0  0  0  0   8  0  0  0  0     0       0      0 0.00e+00    7 1.69e+02  0
PCGAMG Gal l01         1 1.0 6.3969e-03 1.0 0.00e+00 0.0 0.0e+00 0.0e+00 0.0e+00  0  0  0  0  0   0  0  0  0  0     0       0      0 0.00e+00    7 4.98e+00  0
PCGAMG Opt l01         1 1.0 4.1597e-03 1.0 0.00e+00 0.0 0.0e+00 0.0e+00 0.0e+00  0  0  0  0  0   0  0  0  0  0     0       0      0 0.00e+00    7 4.98e+00  0
PCGAMG Gal l02         1 1.0 3.0422e-03 1.0 0.00e+00 0.0 0.0e+00 0.0e+00 0.0e+00  0  0  0  0  0   0  0  0  0  0     0       0      0 0.00e+00    7 9.36e-02  0
PCGAMG Opt l02         1 1.0 2.4226e-03 1.0 0.00e+00 0.0 0.0e+00 0.0e+00 0.0e+00  0  0  0  0  0   0  0  0  0  0     0       0      0 0.00e+00    7 1.03e-01  0
PCSetUp                1 1.0 1.7501e+00 1.0 6.63e+08 1.0 0.0e+00 0.0e+00 0.0e+00  4  8  0  0  0  77 16  0  0  0   379       0      2 0.00e+00   58 3.75e+02 99
PCApply               18 1.0 2.9693e-02 1.0 2.51e+09 1.0 0.0e+00 0.0e+00 0.0e+00  0 30  0  0  0   1 61  0  0  0 84569       0      1 0.00e+00    0 0.00e+00 100

--- Event Stage 3: Hot Solve

DMPlexResidualFE       1 1.0 4.2932e-01 1.0 4.08e+08 1.0 0.0e+00 0.0e+00 0.0e+00  1  5  0  0  0  77 11  0  0  0   951       0      0 0.00e+00    2 1.72e+00  0
SFBcastBegin           1 1.0 1.2154e-05 1.0 0.00e+00 0.0 0.0e+00 0.0e+00 0.0e+00  0  0  0  0  0   0  0  0  0  0     0       0      0 0.00e+00    0 0.00e+00  0
SFBcastEnd             1 1.0 5.3100e-07 1.0 0.00e+00 0.0 0.0e+00 0.0e+00 0.0e+00  0  0  0  0  0   0  0  0  0  0     0       0      0 0.00e+00    0 0.00e+00  0
SFReduceBegin          4 1.0 2.5479e-05 1.0 0.00e+00 0.0 0.0e+00 0.0e+00 0.0e+00  0  0  0  0  0   0  0  0  0  0     0       0      0 0.00e+00    0 0.00e+00  0
SFReduceEnd            4 1.0 3.8260e-06 1.0 0.00e+00 0.0 0.0e+00 0.0e+00 0.0e+00  0  0  0  0  0   0  0  0  0  0     0       0      0 0.00e+00    0 0.00e+00  0
SFPack               270 1.0 1.7438e-05 1.0 0.00e+00 0.0 0.0e+00 0.0e+00 0.0e+00  0  0  0  0  0   0  0  0  0  0     0       0      0 0.00e+00    0 0.00e+00  0
SFUnpack             270 1.0 2.0769e-05 1.0 0.00e+00 0.0 0.0e+00 0.0e+00 0.0e+00  0  0  0  0  0   0  0  0  0  0     0       0      0 0.00e+00    0 0.00e+00  0
VecTDot              345 1.0 2.2957e-02 1.0 1.10e+07 1.0 0.0e+00 0.0e+00 0.0e+00  0  0  0  0  0   4  0  0  0  0   479       0      0 0.00e+00    0 0.00e+00 100
VecNorm              171 1.0 1.7912e-02 1.0 5.40e+06 1.0 0.0e+00 0.0e+00 0.0e+00  0  0  0  0  0   3  0  0  0  0   302       0      0 0.00e+00    0 0.00e+00 100
VecCopy              206 1.0 9.2718e-04 1.0 0.00e+00 0.0 0.0e+00 0.0e+00 0.0e+00  0  0  0  0  0   0  0  0  0  0     0       0      0 0.00e+00    0 0.00e+00  0
VecSet                79 1.0 2.3972e-04 1.0 0.00e+00 0.0 0.0e+00 0.0e+00 0.0e+00  0  0  0  0  0   0  0  0  0  0     0       0      0 0.00e+00    0 0.00e+00  0
VecAXPY              300 1.0 8.6737e-04 1.0 1.04e+07 1.0 0.0e+00 0.0e+00 0.0e+00  0  0  0  0  0   0  0  0  0  0 12038       0      0 0.00e+00    0 0.00e+00 100
VecAYPX              451 1.0 1.6365e-03 1.0 2.44e+07 1.0 0.0e+00 0.0e+00 0.0e+00  0  0  0  0  0   0  1  0  0  0 14892       0      0 0.00e+00    0 0.00e+00 100
VecAXPBYCZ           108 1.0 3.8061e-04 1.0 1.64e+07 1.0 0.0e+00 0.0e+00 0.0e+00  0  0  0  0  0   0  0  0  0  0 43109       0      0 0.00e+00    0 0.00e+00 100
VecPointwiseMult     119 1.0 4.4508e-04 1.0 7.14e+02 1.0 0.0e+00 0.0e+00 0.0e+00  0  0  0  0  0   0  0  0  0  0     2       0      0 0.00e+00    0 0.00e+00 100
VecReciprocal          1 1.0 5.4700e-06 1.0 0.00e+00 0.0 0.0e+00 0.0e+00 0.0e+00  0  0  0  0  0   0  0  0  0  0     0       0      0 0.00e+00    0 0.00e+00  0
VecScatterBegin      265 1.0 2.2172e-04 1.0 0.00e+00 0.0 0.0e+00 0.0e+00 0.0e+00  0  0  0  0  0   0  0  0  0  0     0       0      0 0.00e+00    0 0.00e+00  0
VecScatterEnd        265 1.0 1.3248e-04 1.0 0.00e+00 0.0 0.0e+00 0.0e+00 0.0e+00  0  0  0  0  0   0  0  0  0  0     0       0      0 0.00e+00    0 0.00e+00  0
MatMult             1717 1.0 4.3124e-03 1.0 3.11e+09 1.0 0.0e+00 0.0e+00 0.0e+00  0 37  0  0  0   1 82  0  0  0 722072       0      0 0.00e+00    0 0.00e+00 100
MatMultAdd            54 1.0 2.7914e-04 1.0 9.01e+07 1.0 0.0e+00 0.0e+00 0.0e+00  0  1  0  0  0   0  2  0  0  0 322759       0      0 0.00e+00    0 0.00e+00 100
MatMultTranspose      54 1.0 3.9030e-04 1.0 9.01e+07 1.0 0.0e+00 0.0e+00 0.0e+00  0  1  0  0  0   0  2  0  0  0 230832       0      0 0.00e+00    0 0.00e+00 100
MatResidual           54 1.0 7.5487e-04 1.0 5.67e+08 1.0 0.0e+00 0.0e+00 0.0e+00  0  7  0  0  0   0 15  0  0  0 751050       0      0 0.00e+00    0 0.00e+00 100
MatAssemblyBegin       3 1.0 7.3200e-07 1.0 0.00e+00 0.0 0.0e+00 0.0e+00 0.0e+00  0  0  0  0  0   0  0  0  0  0     0       0      0 0.00e+00    0 0.00e+00  0
MatAssemblyEnd         3 1.0 1.4830e-06 1.0 0.00e+00 0.0 0.0e+00 0.0e+00 0.0e+00  0  0  0  0  0   0  0  0  0  0     0       0      0 0.00e+00    0 0.00e+00  0
MatPtAPNumeric         3 1.0 1.3329e-02 1.0 0.00e+00 0.0 0.0e+00 0.0e+00 0.0e+00  0  0  0  0  0   2  0  0  0  0     0       0      0 0.00e+00    0 0.00e+00  0
MatSetValuesCOO        3 1.0 5.9795e-05 1.0 0.00e+00 0.0 0.0e+00 0.0e+00 0.0e+00  0  0  0  0  0   0  0  0  0  0     0       0      0 0.00e+00    0 0.00e+00  0
KSPSetUp               1 1.0 3.2100e-07 1.0 0.00e+00 0.0 0.0e+00 0.0e+00 0.0e+00  0  0  0  0  0   0  0  0  0  0     0       0      0 0.00e+00    0 0.00e+00  0
KSPSolve               1 1.0 4.5425e-02 1.0 3.08e+09 1.0 0.0e+00 0.0e+00 0.0e+00  0 36  0  0  0   8 81  0  0  0 67732       0      0 0.00e+00    0 0.00e+00 100
SNESSolve              1 1.0 5.5538e-01 1.0 3.82e+09 1.0 0.0e+00 0.0e+00 0.0e+00  1 45  0  0  0 100 100  0  0  0  6874       0      5 3.96e+00    6 1.28e+02 89
SNESFunctionEval       1 1.0 4.6919e-01 1.0 4.10e+08 1.0 0.0e+00 0.0e+00 0.0e+00  1  5  0  0  0  84 11  0  0  0   874       0      2 1.72e+00    3 2.59e+00  0
PCSetUp_GAMG+          1 1.0 4.0727e-02 1.0 3.31e+08 1.0 0.0e+00 0.0e+00 0.0e+00  0  4  0  0  0   7  9  0  0  0  8121       0      3 2.23e+00    3 1.25e+02 100
PCGAMG Gal l00         1 1.0 3.8233e-03 1.0 0.00e+00 0.0 0.0e+00 0.0e+00 0.0e+00  0  0  0  0  0   1  0  0  0  0     0       0      0 0.00e+00    0 0.00e+00  0
PCGAMG Gal l01         1 1.0 8.2811e-03 1.0 0.00e+00 0.0 0.0e+00 0.0e+00 0.0e+00  0  0  0  0  0   1  0  0  0  0     0       0      0 0.00e+00    0 0.00e+00  0
PCGAMG Gal l02         1 1.0 1.2339e-03 1.0 0.00e+00 0.0 0.0e+00 0.0e+00 0.0e+00  0  0  0  0  0   0  0  0  0  0     0       0      0 0.00e+00    0 0.00e+00  0
PCSetUp                1 1.0 4.0730e-02 1.0 3.31e+08 1.0 0.0e+00 0.0e+00 0.0e+00  0  4  0  0  0   7  9  0  0  0  8121       0      3 2.23e+00    3 1.25e+02 100
PCApply               18 1.0 2.9383e-02 1.0 2.51e+09 1.0 0.0e+00 0.0e+00 0.0e+00  0 30  0  0  0   5 66  0  0  0 85459       0      0 0.00e+00    0 0.00e+00 100
---------------------------------------------------------------------------------------------------------------------------------------------------------------

Object Type          Creations   Destructions. Reports information only for process 0.

--- Event Stage 0: Main Stage

           Container     2             40
    Distributed Mesh     0             38
            DM Label     0             57
          Quadrature     1            236
           Index Set    25            129
   IS L to G Mapping     0             97
             Section     0            114
   Star Forest Graph     0             68
     Discrete System     0             38
           Weak Form     0             39
    GraphPartitioner     0             15
              Vector     1             69
        Linear Space     0              6
          Dual Space     0             16
            FE Space     0              4
              Matrix     6             69
      Matrix Coarsen     0              1
   Matrix Null Space     0              1
                SNES     0              1
              DMSNES     0              1
       Krylov Solver     0              8
     DMKSP interface     0              1
       Field over DM     1              1
      Preconditioner     0              5
              Viewer     0              1

--- Event Stage 1: Mesh Setup

           Container    92             60
    Distributed Mesh   116             80
            DM Label   282            225
          Quadrature   533            298
           Index Set  1278           1174
   IS L to G Mapping   289            192
             Section   367            253
   Star Forest Graph   288            230
     Discrete System   170            134
           Weak Form   172            135
    GraphPartitioner    52             37
              Vector    78             51
        Linear Space    12              6
          Dual Space    63             47
            FE Space     6              2
              Matrix   178            151
   Matrix Null Space     1              0
  PetscDeviceContext     1              0
                SNES     1              0
              DMSNES     1              0
       Krylov Solver     1              0
       Field over DM     1              1
      Preconditioner     1              0
              Viewer     1              0

--- Event Stage 2: Solve 0

           Container    28             22
    Distributed Mesh     2              0
          Quadrature     1              1
           Index Set    99             99
   Star Forest Graph    56             46
     Discrete System     2              0
           Weak Form     2              0
              Vector   178            137
              Matrix   204            168
      Matrix Coarsen     3              2
       Krylov Solver    10              3
     DMKSP interface     1              0
      Preconditioner    10              6
         PetscRandom     3              3

--- Event Stage 3: Hot Solve

          Quadrature     1              1
           Index Set    31             31
              Vector     9              9
========================================================================================================================
Average time to get PetscTime(): 3.51e-08
#PETSc Option Table entries:
-block_mat_type mpibaijkokkos # (source: command line)
-dm_mat_type mpiaij # (source: command line)
-dm_plex_box_faces 16,16,16 # (source: command line)
-dm_plex_box_lower 0,0,0 # (source: command line)
-dm_plex_box_upper 1,1,1 # (source: command line)
-dm_plex_dim 3 # (source: command line)
-dm_plex_simplex 0 # (source: command line)
-dm_vec_type kokkos # (source: command line)
-ksp_converged_reason # (source: command line)
-ksp_norm_type unpreconditioned # (source: command line)
-ksp_rtol 1e-6 # (source: command line)
-ksp_type cg # (source: command line)
-log_view # (source: command line)
-max_conv_its 1 # (source: command line)
-mg_coarse_ksp_type cg # (source: command line)
-mg_coarse_pc_type jacobi # (source: command line)
-mg_levels_ksp_type chebyshev # (source: command line)
-mg_levels_pc_type pbjacobi # (source: command line)
-my_mat_view ::ascii_info # (source: command line)
-n_solves 2 # (source: command line)
-pc_gamg_agg_nsmooths 1 # (source: command line)
-pc_gamg_coarse_eq_limit 20 # (source: command line)
-pc_gamg_parallel_coarse_grid_solver # (source: command line)
-pc_gamg_reuse_interpolation true # (source: command line)
-pc_gamg_type agg # (source: command line)
-pc_type gamg # (source: command line)
-petscpartitioner_type simple # (source: command line)
-petscspace_degree 2 # (source: command line)
-run_type 1 # (source: command line)
-snes_lag_jacobian -2 # (source: command line)
-snes_type ksponly # (source: command line)
-use_mat_nearnullspace true # (source: command line)
#End of PETSc Option Table entries
Compiled without FORTRAN kernels
Compiled with full precision matrices (default)
sizeof(short) 2 sizeof(int) 4 sizeof(long) 8 sizeof(void*) 8 sizeof(PetscScalar) 8 sizeof(PetscInt) 4
Configure options: --with-make-np=8 --with-mpiexec="srun -G4 --gpu-bind=none" --with-batch=0 --download-triangle=1 --with-cc=cc --with-cxx=CC --with-fc=0 --with-debugging=0 --with-cuda=1 --with-cuda-arch=80 --download-kokkos --download-kokkos-kernels PETSC_ARCH=arch-perlmutter-opt-gcc-kokkos-cuda
-----------------------------------------
Libraries compiled on 2026-06-19 13:41:00 on login10
Machine characteristics: Linux-6.4.0-150600.23.103_15.0.24-cray_shasta_c-x86_64-with-glibc2.3.4
Using PETSc directory: /global/u2/m/madams/petsc
Using PETSc arch: arch-perlmutter-opt-gcc-kokkos-cuda
-----------------------------------------

Using C compiler: cc  -fPIC -Wall -Wwrite-strings -Wno-unknown-pragmas -Wno-lto-type-mismatch -Wno-stringop-overflow -fstack-protector -fvisibility=hidden -g -O 
-----------------------------------------

Using include paths: -I/global/u2/m/madams/petsc/include -I/global/u2/m/madams/petsc/arch-perlmutter-opt-gcc-kokkos-cuda/include -I/opt/nvidia/hpc_sdk/Linux_x86_64/25.5/cuda/12.9/include -I/opt/nvidia/hpc_sdk/Linux_x86_64/25.5/math_libs/12.9/include
-----------------------------------------

Using C linker: cc
Using libraries: -Wl,-rpath,/global/u2/m/madams/petsc/arch-perlmutter-opt-gcc-kokkos-cuda/lib -L/global/u2/m/madams/petsc/arch-perlmutter-opt-gcc-kokkos-cuda/lib -lpetsc -Wl,-rpath,/global/u2/m/madams/petsc/arch-perlmutter-opt-gcc-kokkos-cuda/lib -L/global/u2/m/madams/petsc/arch-perlmutter-opt-gcc-kokkos-cuda/lib -Wl,-rpath,/opt/nvidia/hpc_sdk/Linux_x86_64/25.5/cuda/12.9/lib64 -L/opt/nvidia/hpc_sdk/Linux_x86_64/25.5/cuda/12.9/lib64 -Wl,-rpath,/opt/nvidia/hpc_sdk/Linux_x86_64/25.5/math_libs/12.9/lib64 -L/opt/nvidia/hpc_sdk/Linux_x86_64/25.5/math_libs/12.9/lib64 -L/opt/nvidia/hpc_sdk/Linux_x86_64/25.5/cuda/12.9/lib64/stubs -lkokkoskernels -lkokkoscontainers -lkokkoscore -lkokkossimd -ltriangle -lcudart -lnvtx3interop -lcufft -lcublas -lcusparse -lcusolver -lcurand -lcuda -lnvidia-ml -lX11 -lstdc++ -lquadmath
-----------------------------------------

