Mat Object: 8 MPI processes
  type: mpibaijkokkos
  rows=750141, cols=750141, bs=3
  total: nonzeros=135623007, allocated nonzeros=135623007
  total number of mallocs used during MatSetValues calls=0
    Linear solve converged due to CONVERGED_RTOL iterations 19
    Linear solve converged due to CONVERGED_RTOL iterations 19
[0] 0) N=      750141, max displ=5.9664262e+01, error=8.950e-02
****************************************************************************************************************************************************************
***                                WIDEN YOUR WINDOW TO 160 CHARACTERS.  Use 'enscript -r -fCourier9' to print this document                                 ***
****************************************************************************************************************************************************************

------------------------------------------------------------------ PETSc Performance Summary: ------------------------------------------------------------------

/global/homes/m/madams/petsc/src/snes/tutorials/ex56 on a arch-perlmutter-opt-gcc-kokkos-cuda named nid001036 with 8 processes and CUDA architecture 80, by madams on Sun Jun 21 14:22:00 2026
Using PETSc Development Git Revision: v3.25.2-320-ga5ba3691813 Git Date: 2026-06-19 09:07:30 -0400

                         Max       Max/Min     Avg       Total
Time (sec):           4.637e+01     1.001   4.636e+01
Objects:              0.000e+00     0.000   0.000e+00
Flops:                1.005e+10     1.241   9.731e+09  7.785e+10
Flops/sec:            2.169e+08     1.241   2.099e+08  1.679e+09
MPI Msg Count:        4.139e+03     1.624   3.577e+03  2.862e+04
MPI Msg Len (bytes):  2.735e+08     1.972   6.733e+04  1.927e+09
MPI Reductions:       2.590e+02     1.000

Flop counting convention: 1 flop = 1 real number operation of type (multiply/divide/add/subtract)
                            e.g., VecAXPY() for real vectors of length N --> 2N flops
                            and VecAXPY() for complex vectors of length N --> 8N flops

Summary of Stages:   ----- Time ------  ----- Flop ------  --- Messages ---  -- Message Lengths --  -- Reductions --
                        Avg     %Total     Avg     %Total    Count   %Total     Avg         %Total    Count   %Total
 0:      Main Stage: 3.9002e+01  84.1%  3.6423e+09   4.7%  6.300e+01   0.2%  3.029e+06        9.9%  6.000e+00   2.3%
 1:      Mesh Setup: 3.2478e+00   7.0%  3.3029e+08   0.4%  7.700e+02   2.7%  6.093e+05       24.3%  5.500e+01  21.2%
 2:         Solve 0: 3.4984e+00   7.5%  3.8429e+10  49.4%  1.774e+04  62.0%  5.594e+04       51.5%  1.810e+02  69.9%
 3:       Hot Solve: 6.0880e-01   1.3%  3.5448e+10  45.5%  1.005e+04  35.1%  2.735e+04       14.3%  0.000e+00   0.0%

------------------------------------------------------------------------------------------------------------------------
See the 'Profiling' chapter of the users' manual for details on interpreting output.
Phase summary info:
   Count: number of times phase was executed
   Time and Flop: Max - maximum over all processes
                  Ratio - ratio of maximum to minimum over all processes
   Mess: number of messages sent
   AvgLen: average message length (bytes)
   Reduct: number of global reductions
   Global: entire computation
   Stage: stages of a computation. Set stages with PetscLogStagePush() and PetscLogStagePop().
      %T - percent time in this phase         %F - percent flop in this phase
      %M - percent messages in this phase     %L - percent message lengths in this phase
      %R - percent reductions in this phase
   Total Mflop/s: 1e-6 * (sum of flop over all processes)/(max time over all processes)
   GPU Mflop/s: 1e-6 * (sum of flop on GPU over all processes)/(max GPU time over all processes)
   CpuToGpu Count: total number of CPU to GPU copies per processor
   CpuToGpu Size (Mbytes): 1e-6 * (total size of CPU to GPU copies per processor)
   GpuToCpu Count: total number of GPU to CPU copies per processor
   GpuToCpu Size (Mbytes): 1e-6 * (total size of GPU to CPU copies per processor)
   GPU %F: percent flops on GPU in this event
------------------------------------------------------------------------------------------------------------------------
Event                Count      Time (sec)     Flop                              --- Global ---  --- Stage ----  Total   GPU    - CpuToGpu -   - GpuToCpu - GPU
                   Max Ratio  Max     Ratio   Max  Ratio  Mess   AvgLen  Reduct  %T %F %M %L %R  %T %F %M %L %R Mflop/s Mflop/s Count   Size   Count   Size  %F
---------------------------------------------------------------------------------------------------------------------------------------------------------------

--- Event Stage 0: Main Stage

BuildTwoSided          3 1.0 1.1868e-01 136.7 0.00e+00 0.0 2.8e+01 4.0e+00 0.0e+00  0  0  0  0  0   0  0 44  0  0     0       0      0 0.00e+00    0 0.00e+00  0
BuildTwoSidedF         1 1.0 1.1741e-01 68.8 0.00e+00 0.0 1.4e+01 1.3e+07 0.0e+00  0  0  0 10  0   0  0 22 99  0     0       0      0 0.00e+00    0 0.00e+00  0
DMPlexJacobianFE       1 1.0 3.7643e+01 1.0 4.38e+08 1.0 1.4e+01 1.3e+07 0.0e+00 81  4  0 10  0  96 96 22 99  0    93       0      0 0.00e+00    1 9.13e-01  0
SFSetGraph             2 1.0 1.1585e-03 1.3 0.00e+00 0.0 0.0e+00 0.0e+00 0.0e+00  0  0  0  0  0   0  0  0  0  0     0       0      0 0.00e+00    0 0.00e+00  0
SFSetUp                2 1.0 4.5480e-03 1.1 0.00e+00 0.0 4.2e+01 3.2e+04 0.0e+00  0  0  0  0  0   0  0 67  1  0     0       0      0 0.00e+00    0 0.00e+00  0
SFBcastBegin           1 1.0 6.5345e-03 2.1 0.00e+00 0.0 7.0e+00 9.5e+04 0.0e+00  0  0  0  0  0   0  0 11  0  0     0       0      2 4.17e-01    0 0.00e+00  0
SFBcastEnd             1 1.0 3.8520e-03 8.0 0.00e+00 0.0 0.0e+00 0.0e+00 0.0e+00  0  0  0  0  0   0  0  0  0  0     0       0      1 4.17e-02    0 0.00e+00  0
SFPack                 1 1.0 5.1192e-03 33901.8 0.00e+00 0.0 0.0e+00 0.0e+00 0.0e+00  0  0  0  0  0   0  0  0  0  0     0       0      1 4.17e-02    0 0.00e+00  0
SFUnpack               1 1.0 7.5255e-05 166.9 0.00e+00 0.0 0.0e+00 0.0e+00 0.0e+00  0  0  0  0  0   0  0  0  0  0     0       0      1 4.17e-02    0 0.00e+00  0
VecNorm                1 1.0 2.4664e-04 1.1 0.00e+00 0.0 0.0e+00 0.0e+00 0.0e+00  0  0  0  0  0   0  0  0  0  0     0       0      0 0.00e+00    0 0.00e+00  0
VecSet                 2 1.0 9.6490e-06 1.1 0.00e+00 0.0 0.0e+00 0.0e+00 0.0e+00  0  0  0  0  0   0  0  0  0  0     0       0      0 0.00e+00    0 0.00e+00  0
DCtxDestroy            1 1.0 2.7002e-05 1.1 0.00e+00 0.0 0.0e+00 0.0e+00 0.0e+00  0  0  0  0  0   0  0  0  0  0     0       0      0 0.00e+00    0 0.00e+00  0
MatMult             1396 2.8 3.3935e-04 3.1 1.13e+05 2.8 0.0e+00 0.0e+00 0.0e+00  0  0  0  0  0   0  0  0  0  0  1377       0      0 0.00e+00    0 0.00e+00  0
MatConvert             1 1.0 1.3295e+00 1.1 0.00e+00 0.0 2.8e+01 3.6e+04 3.0e+00  3  0  0  0  1   3  0 44  1 50     0       0      0 0.00e+00    1 1.54e+01  0
MatScale               1 1.0 5.1990e-05 1.6 1.76e+07 1.3 0.0e+00 0.0e+00 0.0e+00  0  0  0  0  0   0  4  0  0  0 2608636       0      0 0.00e+00    0 0.00e+00 100
MatAssemblyBegin       2 1.0 1.2069e-01 1.0 0.00e+00 0.0 1.4e+01 1.3e+07 0.0e+00  0  0  0 10  0   0  0 22 99  0     0       0      0 0.00e+00    0 0.00e+00  0
MatAssemblyEnd         2 1.0 2.6210e-01 2.0 1.65e+06 0.0 2.8e+01 3.6e+04 1.0e+00  0  0  0  0  0   0  0 44  1 17    44       0      0 0.00e+00    1 1.54e+01  0
MatSetValues     1956384 1.3 8.0475e-01 1.2 2.30e+07 1.2 0.0e+00 0.0e+00 0.0e+00  2  0  0  0  0   2  5  0  0  0   222       0      0 0.00e+00    0 0.00e+00  0
MatGetRow         190512 1.1 4.8969e-02 1.2 0.00e+00 0.0 0.0e+00 0.0e+00 0.0e+00  0  0  0  0  0   0  0  0  0  0     0       0      0 0.00e+00    0 0.00e+00  0
MatZeroEntries         1 1.0 4.5061e-03 1.7 0.00e+00 0.0 0.0e+00 0.0e+00 0.0e+00  0  0  0  0  0   0  0  0  0  0     0       0      0 0.00e+00    0 0.00e+00  0
MatView                1 1.0 3.9081e-04 5.5 0.00e+00 0.0 0.0e+00 0.0e+00 0.0e+00  0  0  0  0  0   0  0  0  0  0     0       0      0 0.00e+00    0 0.00e+00  0
SNESJacobianEval       1 1.0 3.7697e+01 1.0 4.39e+08 1.0 3.5e+01 5.4e+06 1.0e+00 81  5  0 10  0  97 96 56 99 17    93       0      4 1.37e+00    2 1.83e+00  0

--- Event Stage 1: Mesh Setup

BuildTwoSided         23 1.0 4.0776e-01 33.4 0.00e+00 0.0 1.6e+02 4.0e+00 0.0e+00  0  0  1  0  0   4  0 21  0  0     0       0      0 0.00e+00    0 0.00e+00  0
BuildTwoSidedF         1 1.0 5.8621e-02 837.6 0.00e+00 0.0 0.0e+00 0.0e+00 0.0e+00  0  0  0  0  0   0  0  0  0  0     0       0      0 0.00e+00    0 0.00e+00  0
DMCreateMat            1 1.0 1.1980e+00 1.0 0.00e+00 0.0 1.6e+02 2.7e+06 4.0e+00  3  0  1 22  2  37  0 21 92  7     0       0      0 0.00e+00    0 0.00e+00  0
DMProjectFunc          6 1.0 3.9445e-01 1.0 3.46e+07 1.0 0.0e+00 0.0e+00 1.0e+00  1  0  0  0  0  12 84  0  0  2   701       0      0 0.00e+00    6 5.48e+00  0
DMPlexCrFromOpts       1 1.0 3.4558e-02 1.0 0.00e+00 0.0 0.0e+00 0.0e+00 0.0e+00  0  0  0  0  0   1  0  0  0  0     0       0      0 0.00e+00    0 0.00e+00  0
Mesh Partition         1 1.0 9.4037e-02 1.0 0.00e+00 0.0 3.5e+01 1.6e+05 4.0e+00  0  0  0  0  2   3  0  5  1  7     0       0      0 0.00e+00    0 0.00e+00  0
Mesh Migration         1 1.0 5.7835e-01 1.0 0.00e+00 0.0 2.0e+02 1.1e+05 1.6e+01  1  0  1  1  6  18  0 26  5 29     0       0      0 0.00e+00    0 0.00e+00  0
DMPlexPartSelf         1 1.0 3.9064e-02 3946.3 0.00e+00 0.0 0.0e+00 0.0e+00 0.0e+00  0  0  0  0  0   0  0  0  0  0     0       0      0 0.00e+00    0 0.00e+00  0
DMPlexPartLblInv       1 1.0 4.3042e-02 12.4 0.00e+00 0.0 0.0e+00 0.0e+00 2.0e+00  0  0  0  0  1   1  0  0  0  4     0       0      0 0.00e+00    0 0.00e+00  0
DMPlexPartLblSF        1 1.0 5.3813e-03 1.5 0.00e+00 0.0 1.4e+01 7.6e+04 0.0e+00  0  0  0  0  0   0  0  2  0  0     0       0      0 0.00e+00    0 0.00e+00  0
DMPlexPartStrtSF       1 1.0 4.2601e-02 1.0 0.00e+00 0.0 7.0e+00 3.0e+05 0.0e+00  0  0  0  0  0   1  0  1  0  0     0       0      0 0.00e+00    0 0.00e+00  0
DMPlexPointSF          1 1.0 8.4496e-01 1.0 0.00e+00 0.0 1.4e+01 3.8e+05 0.0e+00  2  0  0  0  0  26  0  2  1  0     0       0      0 0.00e+00    0 0.00e+00  0
DMPlexInterp          36 1.0 2.6016e-03 1.0 0.00e+00 0.0 0.0e+00 0.0e+00 0.0e+00  0  0  0  0  0   0  0  0  0  0     0       0      0 0.00e+00    0 0.00e+00  0
DMPlexDistribute       1 1.0 1.5175e+00 1.0 0.00e+00 0.0 2.5e+02 1.3e+05 2.2e+01  3  0  1  2  8  47  0 33  7 40     0       0      0 0.00e+00    0 0.00e+00  0
DMPlexDistCones        1 1.0 1.2639e-02 1.0 0.00e+00 0.0 4.2e+01 2.7e+05 0.0e+00  0  0  0  1  0   0  0  5  2  0     0       0      0 0.00e+00    0 0.00e+00  0
DMPlexDistLabels       1 1.0 3.5233e-02 1.0 0.00e+00 0.0 1.0e+02 8.3e+04 1.4e+01  0  0  0  0  5   1  0 14  2 25     0       0      0 0.00e+00    0 0.00e+00  0
DMPlexDistField        1 1.0 5.2434e-01 1.0 0.00e+00 0.0 4.9e+01 4.3e+04 0.0e+00  1  0  0  0  0  16  0  6  0  0     0       0      0 0.00e+00    0 0.00e+00  0
DMPlexStratify        53 1.0 3.5002e-02 3.4 0.00e+00 0.0 0.0e+00 0.0e+00 0.0e+00  0  0  0  0  0   1  0  0  0  0     0       0      0 0.00e+00    0 0.00e+00  0
DMPlexSymmetrize      53 1.0 1.3997e-02 10.6 0.00e+00 0.0 0.0e+00 0.0e+00 0.0e+00  0  0  0  0  0   0  0  0  0  0     0       0      0 0.00e+00    0 0.00e+00  0
DMPlexPrealloc         1 1.0 1.1925e+00 1.0 0.00e+00 0.0 1.6e+02 2.7e+06 4.0e+00  3  0  1 22  2  37  0 21 92  7     0       0      0 0.00e+00    0 0.00e+00  0
DMPlexGenerate         1 1.0 3.4518e-02 1.0 0.00e+00 0.0 0.0e+00 0.0e+00 0.0e+00  0  0  0  0  0   1  0  0  0  0     0       0      0 0.00e+00    0 0.00e+00  0
SFSetGraph            27 1.0 1.9327e-02 6.7 0.00e+00 0.0 0.0e+00 0.0e+00 0.0e+00  0  0  0  0  0   1  0  0  0  0     0       0      0 0.00e+00    0 0.00e+00  0
SFSetUp               22 1.0 4.9206e-01 3.5 0.00e+00 0.0 3.2e+02 4.7e+05 0.0e+00  1  0  1  8  0   7  0 42 32  0     0       0      0 0.00e+00    0 0.00e+00  0
SFBcastBegin          49 1.0 7.1086e-03 15.6 0.00e+00 0.0 3.4e+02 2.1e+05 0.0e+00  0  0  1  4  0   0  0 45 16  0     0       0      0 0.00e+00    0 0.00e+00  0
SFBcastEnd            49 1.0 9.0138e-01 20.8 0.00e+00 0.0 0.0e+00 0.0e+00 0.0e+00  2  0  0  0  0  23  0  0  0  0     0       0      0 0.00e+00    0 0.00e+00  0
SFReduceBegin         11 1.0 1.0522e-01 787.1 0.00e+00 0.0 7.7e+01 1.9e+06 0.0e+00  0  0  0  8  0   0  0 10 31  0     0       0      0 0.00e+00    0 0.00e+00  0
SFReduceEnd           11 1.0 8.0473e-01 99.9 0.00e+00 0.0 0.0e+00 0.0e+00 0.0e+00  0  0  0  0  0   5  0  0  0  0     0       0      0 0.00e+00    0 0.00e+00  0
SFFetchOpBegin         2 1.0 1.8575e-03 178.1 0.00e+00 0.0 1.4e+01 3.4e+06 0.0e+00  0  0  0  2  0   0  0  2 10  0     0       0      0 0.00e+00    0 0.00e+00  0
SFFetchOpEnd           2 1.0 1.1022e-02 2.7 0.00e+00 0.0 1.4e+01 3.4e+06 0.0e+00  0  0  0  2  0   0  0  2 10  0     0       0      0 0.00e+00    0 0.00e+00  0
SFCreateEmbed          3 1.0 2.3372e-02 13.0 0.00e+00 0.0 2.1e+01 1.8e+04 0.0e+00  0  0  0  0  0   0  0  3  0  0     0       0      0 0.00e+00    0 0.00e+00  0
SFDistSection          9 1.0 1.0321e-02 2.0 0.00e+00 0.0 1.7e+02 6.2e+04 0.0e+00  0  0  1  1  0   0  0 22  2  0     0       0      0 0.00e+00    0 0.00e+00  0
SFSectionSF           11 1.0 4.6218e-01 4.3 0.00e+00 0.0 1.5e+02 3.4e+05 0.0e+00  0  0  1  3  0   6  0 20 11  0     0       0      0 0.00e+00    0 0.00e+00  0
SFRemoteOff            2 1.0 2.3672e-02 12.0 0.00e+00 0.0 2.8e+01 2.1e+04 0.0e+00  0  0  0  0  0   0  0  4  0  0     0       0      0 0.00e+00    0 0.00e+00  0
SFPack                62 1.0 6.5079e-03 96.3 0.00e+00 0.0 0.0e+00 0.0e+00 0.0e+00  0  0  0  0  0   0  0  0  0  0     0       0      0 0.00e+00    0 0.00e+00  0
SFUnpack              64 1.0 7.3893e-01 296.0 0.00e+00 0.0 0.0e+00 0.0e+00 0.0e+00  0  0  0  0  0   3  0  0  0  0     0       0      0 0.00e+00    0 0.00e+00  0
VecMDot                5 1.0 2.9712e-02 1.0 2.86e+06 1.1 0.0e+00 0.0e+00 0.0e+00  0  0  0  0  0   1  7  0  0  0   757       0      0 0.00e+00    6 8.00e-05 100
VecNorm                6 1.0 3.1011e-02 1.3 1.14e+06 1.1 0.0e+00 0.0e+00 0.0e+00  0  0  0  0  0   1  3  0  0  0   290       0      0 0.00e+00    0 0.00e+00 100
VecScale               6 1.0 1.7245e-04 1.2 5.72e+05 1.1 0.0e+00 0.0e+00 0.0e+00  0  0  0  0  0   0  1  0  0  0 26099       0      0 0.00e+00    0 0.00e+00 100
VecCopy                1 1.0 7.8150e-06 1.2 0.00e+00 0.0 0.0e+00 0.0e+00 0.0e+00  0  0  0  0  0   0  0  0  0  0     0       0      0 0.00e+00    0 0.00e+00  0
VecSet                 8 1.0 1.0561e-04 1.2 0.00e+00 0.0 0.0e+00 0.0e+00 0.0e+00  0  0  0  0  0   0  0  0  0  0     0       0      0 0.00e+00    0 0.00e+00  0
VecAXPY                9 1.0 4.1016e-04 1.1 1.71e+06 1.1 0.0e+00 0.0e+00 0.0e+00  0  0  0  0  0   0  4  0  0  0 32920       0      0 0.00e+00    0 0.00e+00 100
VecNormalize           6 1.0 3.1184e-02 1.3 1.71e+06 1.1 0.0e+00 0.0e+00 0.0e+00  0  0  0  0  0   1  4  0  0  0   433       0      0 0.00e+00    0 0.00e+00 100
DCtxCreate             1 1.0 1.6222e-05 1.6 0.00e+00 0.0 0.0e+00 0.0e+00 0.0e+00  0  0  0  0  0   0  0  0  0  0     0       0      0 0.00e+00    0 0.00e+00  0
DCtxSetUp              1 1.0 9.3670e-06 1.2 0.00e+00 0.0 0.0e+00 0.0e+00 0.0e+00  0  0  0  0  0   0  0  0  0  0     0       0      0 0.00e+00    0 0.00e+00  0
DCtxSetDevice          1 1.0 1.4308e-05 1.3 0.00e+00 0.0 0.0e+00 0.0e+00 0.0e+00  0  0  0  0  0   0  0  0  0  0     0       0      0 0.00e+00    0 0.00e+00  0
DualSpaceSetUp         6 1.0 1.5016e-02 1.1 3.61e+03 1.0 0.0e+00 0.0e+00 0.0e+00  0  0  0  0  0   0  0  0  0  0     2       0      0 0.00e+00    0 0.00e+00  0
FESetUp                6 1.0 6.0731e-04 1.1 0.00e+00 0.0 0.0e+00 0.0e+00 0.0e+00  0  0  0  0  0   0  0  0  0  0     0       0      0 0.00e+00    0 0.00e+00  0
MatMult            24576 1.0 6.1093e-03 1.1 1.99e+06 1.0 0.0e+00 0.0e+00 0.0e+00  0  0  0  0  0   0  5  0  0  0  2607       0      0 0.00e+00    0 0.00e+00  0
MatAssemblyBegin      68 1.0 5.8665e-02 529.5 0.00e+00 0.0 0.0e+00 0.0e+00 0.0e+00  0  0  0  0  0   0  0  0  0  0     0       0      0 0.00e+00    0 0.00e+00  0
MatAssemblyEnd        68 1.0 3.4773e-02 1.0 0.00e+00 0.0 2.8e+01 3.6e+04 1.0e+00  0  0  0  0  0   1  0  4  0  2     0       0      0 0.00e+00    0 0.00e+00  0
MatSetPreallCOO       36 1.0 7.6516e-05 1.2 0.00e+00 0.0 0.0e+00 0.0e+00 0.0e+00  0  0  0  0  0   0  0  0  0  0     0       0      0 0.00e+00    0 0.00e+00  0
MatSetValuesCOO       36 1.0 4.9107e-05 1.1 0.00e+00 0.0 0.0e+00 0.0e+00 0.0e+00  0  0  0  0  0   0  0  0  0  0     0       0      0 0.00e+00    0 0.00e+00  0

--- Event Stage 2: Solve 0

BuildTwoSided        262 1.0 2.4613e-01 7.0 0.00e+00 0.0 1.8e+03 4.0e+00 0.0e+00  0  0  6  0  0   2  0 10  0  0     0       0      0 0.00e+00    0 0.00e+00  0
BuildTwoSidedF       161 1.0 2.3324e-01 9.0 0.00e+00 0.0 3.8e+02 1.2e+06 0.0e+00  0  0  1 23  0   2  0  2 44  0     0       0      0 0.00e+00    0 0.00e+00  0
DMPlexResidualFE       1 1.0 4.4426e-01 1.0 4.08e+08 1.0 0.0e+00 0.0e+00 0.0e+00  1  4  0  0  0  12  8  0  0  0  7349       0      0 0.00e+00    2 1.83e+00  0
SFSetGraph           109 1.0 1.5156e-03 2.8 0.00e+00 0.0 0.0e+00 0.0e+00 0.0e+00  0  0  0  0  0   0  0  0  0  0     0       0      0 0.00e+00    0 0.00e+00  0
SFSetUp              101 1.0 2.1509e-02 1.2 0.00e+00 0.0 3.1e+03 2.3e+03 0.0e+00  0  0 11  0  0   1  0 18  1  0     0       0      0 0.00e+00    0 0.00e+00  0
SFBcastBegin          65 1.0 5.0802e-03 3.0 0.00e+00 0.0 1.6e+03 7.0e+04 0.0e+00  0  0  5  6  0   0  0  9 11  0     0       0      0 0.00e+00    0 0.00e+00  0
SFBcastEnd            65 1.0 1.9544e-02 8.5 0.00e+00 0.0 0.0e+00 0.0e+00 0.0e+00  0  0  0  0  0   0  0  0  0  0     0       0      0 0.00e+00    0 0.00e+00  0
SFReduceBegin         32 1.0 1.1653e-02 11.9 0.00e+00 0.0 2.8e+02 1.4e+05 0.0e+00  0  0  1  2  0   0  0  2  4  0     0       0      0 0.00e+00    0 0.00e+00  0
SFReduceEnd           32 1.0 2.3189e-02 4.7 1.19e+04 0.0 0.0e+00 0.0e+00 0.0e+00  0  0  0  0  0   0  0  0  0  0     4       0      0 0.00e+00    0 0.00e+00 100
SFFetchOpBegin         8 1.0 9.4171e-05 2.7 0.00e+00 0.0 5.2e+01 4.0e+00 0.0e+00  0  0  0  0  0   0  0  0  0  0     0       0      0 0.00e+00    0 0.00e+00  0
SFFetchOpEnd           8 1.0 2.1672e-04 1.4 0.00e+00 0.0 5.2e+01 4.0e+00 0.0e+00  0  0  0  0  0   0  0  0  0  0     0       0      0 0.00e+00    0 0.00e+00  0
SFCreateEmbed          8 1.0 1.0707e-03 1.1 0.00e+00 0.0 1.8e+02 9.8e+02 0.0e+00  0  0  1  0  0   0  0  1  0  0     0       0      0 0.00e+00    0 0.00e+00  0
SFSectionSF            8 1.0 4.7346e-03 1.0 0.00e+00 0.0 3.6e+02 7.3e+03 0.0e+00  0  0  1  0  0   0  0  2  0  0     0       0      0 0.00e+00    0 0.00e+00  0
SFRemoteOff            8 1.0 1.7359e-03 1.0 0.00e+00 0.0 3.6e+02 2.5e+03 0.0e+00  0  0  1  0  0   0  0  2  0  0     0       0      0 0.00e+00    0 0.00e+00  0
SFPack               914 1.0 4.1842e-03 1.8 0.00e+00 0.0 0.0e+00 0.0e+00 0.0e+00  0  0  0  0  0   0  0  0  0  0     0       0      3 1.40e-01    0 0.00e+00  0
SFUnpack             922 1.0 4.9273e-04 1.3 5.75e+04 2.1 0.0e+00 0.0e+00 0.0e+00  0  0  0  0  0   0  0  0  0  0   810       0      2 8.26e-03    0 0.00e+00 100
VecTDot              490 1.0 3.8621e-02 1.4 1.66e+07 1.1 0.0e+00 0.0e+00 0.0e+00  0  0  0  0  0   1  0  0  0  0  3373       0      0 0.00e+00    0 0.00e+00 100
VecNorm              197 1.0 2.1265e-02 1.3 5.95e+06 1.1 0.0e+00 0.0e+00 0.0e+00  0  0  0  0  0   1  0  0  0  0  2201       0      0 0.00e+00    0 0.00e+00 100
VecCopy              284 1.0 1.4946e-03 1.5 0.00e+00 0.0 0.0e+00 0.0e+00 0.0e+00  0  0  0  0  0   0  0  0  0  0     0       0      0 0.00e+00    0 0.00e+00  0
VecSet               107 1.0 4.2648e-04 1.4 0.00e+00 0.0 0.0e+00 0.0e+00 0.0e+00  0  0  0  0  0   0  0  0  0  0     0       0      0 0.00e+00    0 0.00e+00  0
VecAXPY              428 1.0 1.5533e-03 2.3 1.54e+07 1.1 0.0e+00 0.0e+00 0.0e+00  0  0  0  0  0   0  0  0  0  0 77969       0      0 0.00e+00    0 0.00e+00 100
VecAYPX              641 1.0 3.5009e-03 1.3 2.91e+07 1.1 0.0e+00 0.0e+00 0.0e+00  0  0  0  0  0   0  1  0  0  0 65305       0      0 0.00e+00    0 0.00e+00 100
VecAXPBYCZ           152 1.0 8.7803e-04 1.2 1.85e+07 1.1 0.0e+00 0.0e+00 0.0e+00  0  0  0  0  0   0  0  0  0  0 165265       0      0 0.00e+00    0 0.00e+00 100
VecAssemblyBegin     135 1.0 3.1834e-02 2.8 0.00e+00 0.0 0.0e+00 0.0e+00 0.0e+00  0  0  0  0  0   0  0  0  0  0     0       0      0 0.00e+00    0 0.00e+00  0
VecAssemblyEnd       135 1.0 5.7569e-05 1.1 0.00e+00 0.0 0.0e+00 0.0e+00 0.0e+00  0  0  0  0  0   0  0  0  0  0     0       0      0 0.00e+00    0 0.00e+00  0
VecPointwiseMult     177 1.0 7.6016e-04 2.5 1.07e+06 1.1 0.0e+00 0.0e+00 0.0e+00  0  0  0  0  0   0  0  0  0  0 11053       0      0 0.00e+00    0 0.00e+00 100
VecReciprocal         13 1.0 1.3453e-04 1.1 0.00e+00 0.0 0.0e+00 0.0e+00 0.0e+00  0  0  0  0  0   0  0  0  0  0     0       0      0 0.00e+00    0 0.00e+00  0
VecSetValues      742320 1.1 4.7994e-02 1.2 0.00e+00 0.0 0.0e+00 0.0e+00 0.0e+00  0  0  0  0  0   1  0  0  0  0     0       0      0 0.00e+00    0 0.00e+00  0
VecScatterBegin      809 1.0 6.1493e-02 1.4 0.00e+00 0.0 1.2e+04 2.4e+04 0.0e+00  0  0 43 15  0   2  0 69 30  0     0       0      8 4.21e-01    0 0.00e+00  0
VecScatterEnd        809 1.0 4.0043e-02 1.7 4.56e+04 1.9 0.0e+00 0.0e+00 0.0e+00  0  0  0  0  0   1  0  0  0  0     8       0      2 8.26e-03    0 0.00e+00 100
MatMult             1913 1.9 7.3689e-02 1.2 4.18e+09 1.3 8.9e+03 2.8e+04 0.0e+00  0 41 31 13  0   2 84 50 26  0 437354       0      8 4.21e-01    0 0.00e+00 100
MatMultAdd            76 1.0 8.6538e-03 1.5 1.16e+08 1.3 9.9e+02 2.6e+03 0.0e+00  0  1  3  0  0   0  2  6  0  0 102195       0      0 0.00e+00    0 0.00e+00 100
MatMultTranspose      76 1.0 1.8604e-02 2.4 1.16e+08 1.3 9.9e+02 2.6e+03 0.0e+00  0  1  3  0  0   0  2  6  0  0 47554       0      2 8.26e-03    0 0.00e+00 100
MatConvert            18 1.0 8.2165e-01 1.0 0.00e+00 0.0 4.2e+02 3.9e+02 4.2e+01  2  0  1  0 16  23  0  2  0 23     0       0      0 0.00e+00   11 2.95e+01  0
MatScale              12 1.0 3.5751e-03 1.1 7.00e+06 1.3 9.0e+01 7.9e+03 0.0e+00  0  0  0  0  0   0  0  1  0  0 15024       0      0 0.00e+00    0 0.00e+00 43
MatResidual           76 1.0 1.4108e-02 1.3 6.99e+08 1.3 1.7e+03 2.5e+04 0.0e+00  0  7  6  2  0   0 14 10  4  0 381878       0      0 0.00e+00    0 0.00e+00 100
MatAssemblyBegin      73 1.0 2.6036e-01 1.4 0.00e+00 0.0 3.8e+02 1.2e+06 0.0e+00  0  0  1 23  0   6  0  2 44  0     0       0      0 0.00e+00    0 0.00e+00  0
MatAssemblyEnd        73 1.0 5.4440e-01 1.5 0.00e+00 0.0 1.2e+03 1.7e+03 4.1e+01  1  0  4  0 16  12  0  7  0 23     0       0      0 0.00e+00    9 6.97e+00  0
MatSetValues     4165734 1.3 7.0839e-01 1.3 2.55e+06 1.2 0.0e+00 0.0e+00 0.0e+00  1  0  0  0  0  19  0  0  0  0    28       0      0 0.00e+00    0 0.00e+00  0
MatGetRow         388128 1.1 4.3278e-02 1.2 0.00e+00 0.0 0.0e+00 0.0e+00 0.0e+00  0  0  0  0  0   1  0  0  0  0     0       0      0 0.00e+00    0 0.00e+00  0
MatCreateSubMat        1 1.0 3.0951e-03 1.0 0.00e+00 0.0 7.8e+01 2.5e+01 1.1e+01  0  0  0  0  4   0  0  0  0  6     0       0      0 0.00e+00    1 1.03e-02  0
MatCoarsen             4 1.0 1.6716e-02 1.0 0.00e+00 0.0 1.2e+03 3.6e+03 2.7e+01  0  0  4  0 10   0  0  7  0 15     0       0      0 0.00e+00    0 0.00e+00  0
MatAXPY                8 1.0 9.2922e-01 1.0 2.55e+06 1.2 5.4e+02 9.7e+02 4.0e+01  2  0  2  0 15  27  0  3  0 22    21       0      0 0.00e+00   10 2.95e+01  0
MatTranspose           9 1.0 8.8581e-02 1.0 0.00e+00 0.0 8.0e+02 3.7e+04 2.1e+01  0  0  3  2  8   2  0  4  3 12     0       0      0 0.00e+00    0 0.00e+00  0
MatMatMultSym          4 1.0 1.7116e-01 1.0 0.00e+00 0.0 1.1e+03 1.4e+04 2.8e+01  0  0  4  1 11   5  0  6  2 15     0       0      0 0.00e+00   33 2.06e+02  0
MatMatMultNum          4 1.0 9.4400e-07 1.5 0.00e+00 0.0 0.0e+00 0.0e+00 0.0e+00  0  0  0  0  0   0  0  0  0  0     0       0      0 0.00e+00    0 0.00e+00  0
MatPtAPSymbolic        4 1.0 2.5151e-01 1.2 0.00e+00 0.0 1.6e+03 8.4e+04 2.8e+01  1  0  6  7 11   7  0  9 13 15     0       0      0 0.00e+00   33 2.28e+02  0
MatPtAPNumeric         4 1.0 1.0330e-06 1.5 0.00e+00 0.0 0.0e+00 0.0e+00 0.0e+00  0  0  0  0  0   0  0  0  0  0     0       0      0 0.00e+00    0 0.00e+00  0
MatTrnMatMultSym       1 1.0 1.1156e+00 1.0 0.00e+00 0.0 9.8e+01 5.1e+06 4.0e+00  2  0  0 26  2  32  0  1 50  2     0       0      0 0.00e+00    0 0.00e+00  0
MatGetLocalMat         1 1.0 2.9279e-03 1.3 0.00e+00 0.0 0.0e+00 0.0e+00 0.0e+00  0  0  0  0  0   0  0  0  0  0     0       0      0 0.00e+00    0 0.00e+00  0
MatCreateGraph         4 1.0 2.0840e-01 1.0 5.92e+06 1.3 1.1e+03 2.9e+04 2.8e+01  0  0  4  2 11   6  0  6  3 15   219       0      0 0.00e+00    6 5.39e+00  0
MatSetPreallCOO        8 1.0 5.2337e-02 1.1 0.00e+00 0.0 1.0e+03 1.8e+03 3.2e+01  0  0  3  0 12   1  0  6  0 18     0       0      0 0.00e+00   24 3.81e+01  0
MatSetValuesCOO        8 1.0 1.7095e-02 4.2 0.00e+00 0.0 5.2e+01 7.1e+05 0.0e+00  0  0  0  2  0   0  0  0  4  0     0       0      0 0.00e+00    0 0.00e+00  0
KSPSetUp               1 1.0 2.3120e-03 7.1 0.00e+00 0.0 0.0e+00 0.0e+00 0.0e+00  0  0  0  0  0   0  0  0  0  0     0       0      0 0.00e+00    0 0.00e+00  0
KSPSolve               1 1.0 1.0742e-01 1.0 3.79e+09 1.3 9.1e+03 2.4e+04 0.0e+00  0 38 32 11  0   3 76 51 22  0 271877       0      3 8.26e-03    0 0.00e+00 100
SNESSolve              1 1.0 3.4978e+00 1.0 4.97e+09 1.3 1.8e+04 5.6e+04 1.8e+02  8 49 62 51 70 100 100 100 100 100 10987       0     12 2.25e+00   96 4.77e+02 91
SNESSetUp              1 1.0 4.8190e-04 1.2 0.00e+00 0.0 0.0e+00 0.0e+00 0.0e+00  0  0  0  0  0   0  0  0  0  0     0       0      0 0.00e+00    0 0.00e+00  0
SNESFunctionEval       1 1.0 4.7083e-01 1.0 4.10e+08 1.0 1.4e+01 9.5e+04 0.0e+00  1  4  0  0  0  13  9  0  0  0  6951       0      2 1.83e+00    3 2.74e+00  0
PCSetUp_GAMG+          1 1.0 2.9236e+00 1.0 7.72e+08 1.3 8.6e+03 9.0e+04 1.8e+02  6  8 30 40 70  83 15 49 78 100  2035       0      7 4.21e-01   92 4.74e+02 99
 PCGAMGCreateG         4 1.0 2.0841e-01 1.0 5.92e+06 1.3 1.1e+03 2.9e+04 2.8e+01  0  0  4  2 11   6  0  6  3 15   219       0      0 0.00e+00    6 5.39e+00  0
 GAMG Coarsen          8 1.0 1.1597e+00 1.0 0.00e+00 0.0 1.3e+03 3.9e+05 3.1e+01  3  0  5 26 12  33  0  7 51 17     0       0      0 0.00e+00    0 0.00e+00  0
  GAMG MIS/Agg         4 1.0 1.1335e+00 1.0 0.00e+00 0.0 1.3e+03 4.0e+05 3.1e+01  2  0  4 26 12  32  0  7 51 17     0       0      0 0.00e+00    0 0.00e+00  0
 PCGAMGProl            4 1.0 2.0757e-01 1.0 0.00e+00 0.0 1.3e+03 3.1e+04 1.2e+01  0  0  5  2  5   6  0  7  4  7     0       0      0 0.00e+00    4 6.94e-01  0
  GAMG Prol-col        4 1.0 9.6105e-02 1.0 0.00e+00 0.0 1.2e+03 2.6e+04 0.0e+00  0  0  4  2  0   3  0  7  3  0     0       0      0 0.00e+00    0 0.00e+00  0
  GAMG Prol-lift       4 1.0 1.0652e-01 1.0 0.00e+00 0.0 1.5e+02 7.3e+04 4.0e+00  0  0  1  1  2   3  0  1  1  2     0       0      0 0.00e+00    4 6.94e-01  0
 PCGAMGOptProl         4 1.0 1.0673e+00 1.0 3.81e+08 1.3 2.3e+03 1.6e+04 6.4e+01  2  4  8  2 25  30  8 13  4 35  2751       0      7 4.21e-01   43 2.36e+02 100
  GAMG smooth          4 1.0 1.0320e+00 1.0 3.63e+06 1.3 1.4e+03 1.1e+04 6.4e+01  2  0  5  1 25  29  0  8  2 35    27       0      0 0.00e+00   43 2.36e+02 84
 PCGAMGCreateL         4 1.0 2.5577e-01 1.2 0.00e+00 0.0 1.7e+03 7.9e+04 4.5e+01  1  0  6  7 17   7  0  9 13 25     0       0      0 0.00e+00   34 2.28e+02  0
  GAMG PtAP            4 1.0 2.5156e-01 1.2 0.00e+00 0.0 1.6e+03 8.4e+04 2.8e+01  1  0  6  7 11   7  0  9 13 15     0       0      0 0.00e+00   33 2.28e+02  0
  GAMG Reduce          1 1.0 1.1204e-02 1.1 0.00e+00 0.0 6.1e+02 1.0e+03 2.4e+01  0  0  2  0  9   0  0  3  0 13     0       0      0 0.00e+00    9 4.29e-01  0
PCGAMG Squ l00         1 1.0 1.1156e+00 1.0 0.00e+00 0.0 9.8e+01 5.1e+06 4.0e+00  2  0  0 26  2  32  0  1 50  2     0       0      0 0.00e+00    0 0.00e+00  0
PCGAMG Gal l00         1 1.0 2.1876e-01 1.2 0.00e+00 0.0 3.6e+02 3.2e+05 7.0e+00  0  0  1  6  3   6  0  2 12  4     0       0      0 0.00e+00    8 2.17e+02  0
PCGAMG Opt l00         1 1.0 1.5389e-01 1.0 0.00e+00 0.0 1.8e+02 7.6e+04 7.0e+00  0  0  1  1  3   4  0  1  1  4     0       0      0 0.00e+00    8 1.99e+02  0
PCGAMG Gal l01         1 1.0 2.1635e-02 1.1 0.00e+00 0.0 7.1e+02 2.5e+04 7.0e+00  0  0  2  1  3   1  0  4  2  4     0       0      0 0.00e+00    8 1.09e+01  0
PCGAMG Opt l01         1 1.0 8.9573e-03 1.0 0.00e+00 0.0 3.6e+02 4.0e+03 7.0e+00  0  0  1  0  3   0  0  2  0  4     0       0      0 0.00e+00    8 7.50e+00  0
PCGAMG Gal l02         1 1.0 7.0034e-03 1.1 0.00e+00 0.0 5.1e+02 1.2e+03 7.0e+00  0  0  2  0  3   0  0  3  0  4     0       0      0 0.00e+00    8 4.19e-01  0
PCGAMG Opt l02         1 1.0 4.9866e-03 1.0 0.00e+00 0.0 5.5e+02 3.3e+02 7.0e+00  0  0  2  0  3   0  0  3  0  4     0       0      0 0.00e+00    8 3.31e-01  0
PCGAMG Gal l03         1 1.0 4.2028e-03 1.0 0.00e+00 0.0 0.0e+00 0.0e+00 7.0e+00  0  0  0  0  3   0  0  0  0  4     0       0      0 0.00e+00    9 9.36e-04  0
PCGAMG Opt l03         1 1.0 3.4844e-03 1.0 0.00e+00 0.0 0.0e+00 0.0e+00 7.0e+00  0  0  0  0  3   0  0  0  0  4     0       0      0 0.00e+00    9 1.15e-03  0
PCSetUp                1 1.0 2.9236e+00 1.0 7.72e+08 1.3 8.6e+03 9.0e+04 1.8e+02  6  8 30 40 70  83 15 49 78 100  2035       0      7 4.21e-01   92 4.74e+02 99
PCApply               19 1.0 9.6265e-02 1.0 3.10e+09 1.3 8.8e+03 2.0e+04 0.0e+00  0 31 31  9  0   3 62 50 18  0 248026       0      3 8.26e-03    0 0.00e+00 100

--- Event Stage 3: Hot Solve

DMPlexResidualFE       1 1.0 4.4742e-01 1.1 4.08e+08 1.0 0.0e+00 0.0e+00 0.0e+00  1  4  0  0  0  71  9  0  0  0  7297       0      0 0.00e+00    2 1.83e+00  0
SFBcastBegin           1 1.0 7.1508e-05 1.4 0.00e+00 0.0 7.0e+00 9.5e+04 0.0e+00  0  0  0  0  0   0  0  0  0  0     0       0      0 0.00e+00    0 0.00e+00  0
SFBcastEnd             1 1.0 1.5982e-02 1484.0 0.00e+00 0.0 0.0e+00 0.0e+00 0.0e+00  0  0  0  0  0   1  0  0  0  0     0       0      0 0.00e+00    0 0.00e+00  0
SFReduceBegin          5 1.0 8.0793e-03 1.5 0.00e+00 0.0 5.9e+01 6.4e+05 0.0e+00  0  0  0  2  0   1  0  1 14  0     0       0      0 0.00e+00    0 0.00e+00  0
SFReduceEnd            5 1.0 2.1600e-02 93.9 1.19e+04 0.0 0.0e+00 0.0e+00 0.0e+00  0  0  0  0  0   1  0  0  0  0     4       0      0 0.00e+00    0 0.00e+00 100
SFPack               635 1.0 1.1767e-03 1.1 0.00e+00 0.0 0.0e+00 0.0e+00 0.0e+00  0  0  0  0  0   0  0  0  0  0     0       0      0 0.00e+00    0 0.00e+00  0
SFUnpack             635 1.0 3.2478e-04 1.4 5.75e+04 2.1 0.0e+00 0.0e+00 0.0e+00  0  0  0  0  0   0  0  0  0  0  1229       0      0 0.00e+00    0 0.00e+00 100
VecTDot              398 1.0 2.1744e-02 1.1 1.21e+07 1.1 0.0e+00 0.0e+00 0.0e+00  0  0  0  0  0   3  0  0  0  0  4376       0      0 0.00e+00    0 0.00e+00 100
VecNorm              197 1.0 1.7201e-02 1.1 5.95e+06 1.1 0.0e+00 0.0e+00 0.0e+00  0  0  0  0  0   3  0  0  0  0  2721       0      0 0.00e+00    0 0.00e+00 100
VecCopy              276 1.0 1.4300e-03 1.5 0.00e+00 0.0 0.0e+00 0.0e+00 0.0e+00  0  0  0  0  0   0  0  0  0  0     0       0      0 0.00e+00    0 0.00e+00  0
VecSet               103 1.0 3.8093e-04 1.4 0.00e+00 0.0 0.0e+00 0.0e+00 0.0e+00  0  0  0  0  0   0  0  0  0  0     0       0      0 0.00e+00    0 0.00e+00  0
VecAXPY              348 1.0 1.2059e-03 2.7 1.15e+07 1.1 0.0e+00 0.0e+00 0.0e+00  0  0  0  0  0   0  0  0  0  0 75100       0      0 0.00e+00    0 0.00e+00 100
VecAYPX              605 1.0 2.6549e-03 1.5 2.73e+07 1.1 0.0e+00 0.0e+00 0.0e+00  0  0  0  0  0   0  1  0  0  0 80937       0      0 0.00e+00    0 0.00e+00 100
VecAXPBYCZ           152 1.0 6.2514e-04 1.3 1.85e+07 1.1 0.0e+00 0.0e+00 0.0e+00  0  0  0  0  0   0  0  0  0  0 232119       0      0 0.00e+00    0 0.00e+00 100
VecPointwiseMult     133 1.0 5.3942e-04 4.5 7.98e+02 0.0 0.0e+00 0.0e+00 0.0e+00  0  0  0  0  0   0  0  0  0  0     1       0      0 0.00e+00    0 0.00e+00 100
VecReciprocal          1 1.0 5.2800e-06 3.4 0.00e+00 0.0 0.0e+00 0.0e+00 0.0e+00  0  0  0  0  0   0  0  0  0  0     0       0      0 0.00e+00    0 0.00e+00  0
VecScatterBegin      629 1.0 4.7273e-02 1.2 0.00e+00 0.0 1.0e+04 2.4e+04 0.0e+00  0  0 35 12  0   7  0 99 86  0     0       0      0 0.00e+00    0 0.00e+00  0
VecScatterEnd        629 1.0 1.7846e-02 1.9 4.56e+04 1.9 0.0e+00 0.0e+00 0.0e+00  0  0  0  0  0   2  0  0  0  0    18       0      0 0.00e+00    0 0.00e+00 100
MatMult             1873 1.9 5.2223e-02 1.0 3.82e+09 1.3 8.0e+03 2.9e+04 0.0e+00  0 38 28 12  0   8 83 80 84  0 563121       0      0 0.00e+00    0 0.00e+00 100
MatMultAdd            76 1.0 5.8701e-03 1.2 1.16e+08 1.3 9.9e+02 2.6e+03 0.0e+00  0  1  3  0  0   1  2 10  1  0 150657       0      0 0.00e+00    0 0.00e+00 100
MatMultTranspose      76 1.0 8.0074e-03 1.2 1.16e+08 1.3 9.9e+02 2.6e+03 0.0e+00  0  1  3  0  0   1  2 10  1  0 110485       0      0 0.00e+00    0 0.00e+00 100
MatResidual           76 1.0 1.0855e-02 1.0 6.99e+08 1.3 1.7e+03 2.5e+04 0.0e+00  0  7  6  2  0   2 15 17 16  0 496325       0      0 0.00e+00    0 0.00e+00 100
MatAssemblyBegin       4 1.0 8.4400e-07 1.7 0.00e+00 0.0 0.0e+00 0.0e+00 0.0e+00  0  0  0  0  0   0  0  0  0  0     0       0      0 0.00e+00    0 0.00e+00  0
MatAssemblyEnd         4 1.0 2.6750e-06 1.4 0.00e+00 0.0 0.0e+00 0.0e+00 0.0e+00  0  0  0  0  0   0  0  0  0  0     0       0      0 0.00e+00    0 0.00e+00  0
MatPtAPNumeric         4 1.0 1.7350e-02 1.3 0.00e+00 0.0 5.2e+01 7.1e+05 0.0e+00  0  0  0  2  0   2  0  1 13  0     0       0      0 0.00e+00    0 0.00e+00  0
MatSetValuesCOO        4 1.0 1.3324e-02 1.6 0.00e+00 0.0 5.2e+01 7.1e+05 0.0e+00  0  0  0  2  0   2  0  1 13  0     0       0      0 0.00e+00    0 0.00e+00  0
KSPSetUp               1 1.0 4.8100e-07 2.7 0.00e+00 0.0 0.0e+00 0.0e+00 0.0e+00  0  0  0  0  0   0  0  0  0  0     0       0      0 0.00e+00    0 0.00e+00  0
KSPSolve               1 1.0 9.2224e-02 1.0 3.79e+09 1.3 9.1e+03 2.4e+04 0.0e+00  0 38 32 11  0  15 82 90 78  0 316663       0      0 0.00e+00    0 0.00e+00 100
SNESSolve              1 1.0 6.0880e-01 1.0 4.58e+09 1.3 1.0e+04 2.7e+04 0.0e+00  1 46 35 14  0 100 100 100 100  0 58225       0      6 4.16e+00    7 1.25e+02 91
SNESFunctionEval       1 1.0 4.7125e-01 1.0 4.10e+08 1.0 1.4e+01 9.5e+04 0.0e+00  1  4  0  0  0  77  9  0  0  0  6945       0      2 1.83e+00    3 2.74e+00  0
PCSetUp_GAMG+          1 1.0 4.8918e-02 1.1 3.85e+08 1.3 9.5e+02 6.3e+04 0.0e+00  0  4  3  3  0   8  8  9 22  0 60668       0      4 2.33e+00    4 1.22e+02 100
PCGAMG Gal l00         1 1.0 1.4187e-02 1.3 0.00e+00 0.0 1.4e+01 2.3e+06 0.0e+00  0  0  0  2  0   2  0  0 12  0     0       0      0 0.00e+00    0 0.00e+00  0
PCGAMG Gal l01         1 1.0 5.4280e-03 2.1 0.00e+00 0.0 3.1e+01 1.6e+05 0.0e+00  0  0  0  0  0   1  0  0  2  0     0       0      0 0.00e+00    0 0.00e+00  0
PCGAMG Gal l02         1 1.0 2.4116e-04 1.3 0.00e+00 0.0 7.0e+00 4.1e+03 0.0e+00  0  0  0  0  0   0  0  0  0  0     0       0      0 0.00e+00    0 0.00e+00  0
PCGAMG Gal l03         1 1.0 7.4103e-05 1.2 0.00e+00 0.0 0.0e+00 0.0e+00 0.0e+00  0  0  0  0  0   0  0  0  0  0     0       0      0 0.00e+00    0 0.00e+00  0
PCSetUp                1 1.0 4.8920e-02 1.1 3.85e+08 1.3 9.5e+02 6.3e+04 0.0e+00  0  4  3  3  0   8  8  9 22  0 60665       0      4 2.33e+00    4 1.22e+02 100
PCApply               19 1.0 8.1007e-02 1.0 3.10e+09 1.3 8.8e+03 2.0e+04 0.0e+00  0 31 31  9  0  13 67 88 64  0 294743       0      0 0.00e+00    0 0.00e+00 100
---------------------------------------------------------------------------------------------------------------------------------------------------------------

Object Type          Creations   Destructions. Reports information only for process 0.

--- Event Stage 0: Main Stage

           Container     2             42
    Distributed Mesh     0             39
            DM Label     0             57
          Quadrature     1            236
           Index Set    27            126
   IS L to G Mapping     0             97
             Section     0            114
   Star Forest Graph     1             82
     Discrete System     0             39
           Weak Form     0             40
    GraphPartitioner     0             15
              Vector     3             85
        Linear Space     0              6
          Dual Space     0             16
            FE Space     0              4
              Matrix     7             86
      Matrix Coarsen     0              1
   Matrix Null Space     0              1
                SNES     0              1
              DMSNES     0              1
       Krylov Solver     0             10
     DMKSP interface     0              1
       Field over DM     1              1
      Preconditioner     0              6
              Viewer     0              1

--- Event Stage 1: Mesh Setup

           Container    93             61
    Distributed Mesh   118             82
            DM Label   296            239
          Quadrature   533            298
           Index Set  1340           1241
   IS L to G Mapping   290            193
             Section   390            276
   Star Forest Graph   313            254
     Discrete System   175            139
           Weak Form   177            140
    GraphPartitioner    53             38
              Vector    78             51
  PetscDeviceContext     1              0
        Linear Space    12              6
          Dual Space    63             47
            FE Space     6              2
              Matrix   178            151
   Matrix Null Space     1              0
                SNES     1              0
              DMSNES     1              0
       Krylov Solver     1              0
       Field over DM     1              1
      Preconditioner     1              0
              Viewer     1              0

--- Event Stage 2: Solve 0

           Container    37             29
    Distributed Mesh     3              0
          Quadrature     1              1
           Index Set   168            168
             Section    16             16
   Star Forest Graph   115             93
     Discrete System     3              0
           Weak Form     3              0
              Vector   351            296
              Matrix   309            257
      Matrix Coarsen     4              3
       Krylov Solver    13              4
     DMKSP interface     1              0
      Preconditioner    13              8
         PetscRandom     4              4

--- Event Stage 3: Hot Solve

          Quadrature     1              1
           Index Set    33             33
              Vector    12             12
========================================================================================================================
Average time to get PetscTime(): 3.11e-08
Average time for MPI_Barrier(): 1.6067e-05
Average time for zero size MPI_Send(): 1.31918e-05
#PETSc Option Table entries:
-block_mat_type mpibaijkokkos # (source: command line)
-dm_mat_type mpiaij # (source: command line)
-dm_plex_box_faces 32,32,32 # (source: command line)
-dm_plex_box_lower 0,0,0 # (source: command line)
-dm_plex_box_upper 1,1,1 # (source: command line)
-dm_plex_dim 3 # (source: command line)
-dm_plex_simplex 0 # (source: command line)
-dm_vec_type kokkos # (source: command line)
-ksp_converged_reason # (source: command line)
-ksp_norm_type unpreconditioned # (source: command line)
-ksp_rtol 1e-6 # (source: command line)
-ksp_type cg # (source: command line)
-log_view # (source: command line)
-max_conv_its 1 # (source: command line)
-mg_coarse_ksp_type cg # (source: command line)
-mg_coarse_pc_type jacobi # (source: command line)
-mg_levels_ksp_type chebyshev # (source: command line)
-mg_levels_pc_type pbjacobi # (source: command line)
-my_mat_view ::ascii_info # (source: command line)
-n_solves 2 # (source: command line)
-pc_gamg_agg_nsmooths 1 # (source: command line)
-pc_gamg_coarse_eq_limit 20 # (source: command line)
-pc_gamg_parallel_coarse_grid_solver # (source: command line)
-pc_gamg_reuse_interpolation true # (source: command line)
-pc_gamg_type agg # (source: command line)
-pc_type gamg # (source: command line)
-petscpartitioner_type simple # (source: command line)
-petscspace_degree 2 # (source: command line)
-run_type 1 # (source: command line)
-snes_lag_jacobian -2 # (source: command line)
-snes_type ksponly # (source: command line)
-use_mat_nearnullspace true # (source: command line)
#End of PETSc Option Table entries
Compiled without FORTRAN kernels
Compiled with full precision matrices (default)
sizeof(short) 2 sizeof(int) 4 sizeof(long) 8 sizeof(void*) 8 sizeof(PetscScalar) 8 sizeof(PetscInt) 4
Configure options: --with-make-np=8 --with-mpiexec="srun -G4 --gpu-bind=none" --with-batch=0 --download-triangle=1 --with-cc=cc --with-cxx=CC --with-fc=0 --with-debugging=0 --with-cuda=1 --with-cuda-arch=80 --download-kokkos --download-kokkos-kernels PETSC_ARCH=arch-perlmutter-opt-gcc-kokkos-cuda
-----------------------------------------
Libraries compiled on 2026-06-19 13:41:00 on login10
Machine characteristics: Linux-6.4.0-150600.23.103_15.0.24-cray_shasta_c-x86_64-with-glibc2.3.4
Using PETSc directory: /global/u2/m/madams/petsc
Using PETSc arch: arch-perlmutter-opt-gcc-kokkos-cuda
-----------------------------------------

Using C compiler: cc  -fPIC -Wall -Wwrite-strings -Wno-unknown-pragmas -Wno-lto-type-mismatch -Wno-stringop-overflow -fstack-protector -fvisibility=hidden -g -O 
-----------------------------------------

Using include paths: -I/global/u2/m/madams/petsc/include -I/global/u2/m/madams/petsc/arch-perlmutter-opt-gcc-kokkos-cuda/include -I/opt/nvidia/hpc_sdk/Linux_x86_64/25.5/cuda/12.9/include -I/opt/nvidia/hpc_sdk/Linux_x86_64/25.5/math_libs/12.9/include
-----------------------------------------

Using C linker: cc
Using libraries: -Wl,-rpath,/global/u2/m/madams/petsc/arch-perlmutter-opt-gcc-kokkos-cuda/lib -L/global/u2/m/madams/petsc/arch-perlmutter-opt-gcc-kokkos-cuda/lib -lpetsc -Wl,-rpath,/global/u2/m/madams/petsc/arch-perlmutter-opt-gcc-kokkos-cuda/lib -L/global/u2/m/madams/petsc/arch-perlmutter-opt-gcc-kokkos-cuda/lib -Wl,-rpath,/opt/nvidia/hpc_sdk/Linux_x86_64/25.5/cuda/12.9/lib64 -L/opt/nvidia/hpc_sdk/Linux_x86_64/25.5/cuda/12.9/lib64 -Wl,-rpath,/opt/nvidia/hpc_sdk/Linux_x86_64/25.5/math_libs/12.9/lib64 -L/opt/nvidia/hpc_sdk/Linux_x86_64/25.5/math_libs/12.9/lib64 -L/opt/nvidia/hpc_sdk/Linux_x86_64/25.5/cuda/12.9/lib64/stubs -lkokkoskernels -lkokkoscontainers -lkokkoscore -lkokkossimd -ltriangle -lcudart -lnvtx3interop -lcufft -lcublas -lcusparse -lcusolver -lcurand -lcuda -lnvidia-ml -lX11 -lstdc++ -lquadmath
-----------------------------------------

