Mat Object: 8 MPI processes
  type: mpiaijkokkos
  rows=750141, cols=750141, bs=3 variable blocks set
  total: nonzeros=135623007, allocated nonzeros=135623007
  total number of mallocs used during MatSetValues calls=0
    using I-node (on process 0) routines: found 27783 nodes, limit used is 5
    Linear solve converged due to CONVERGED_RTOL iterations 19
    Linear solve converged due to CONVERGED_RTOL iterations 19
[0] 0) N=      750141, max displ=5.9664262e+01, error=8.950e-02
****************************************************************************************************************************************************************
***                                WIDEN YOUR WINDOW TO 160 CHARACTERS.  Use 'enscript -r -fCourier9' to print this document                                 ***
****************************************************************************************************************************************************************

------------------------------------------------------------------ PETSc Performance Summary: ------------------------------------------------------------------

/global/homes/m/madams/petsc/src/snes/tutorials/ex56 on a arch-perlmutter-opt-gcc-kokkos-cuda named nid001036 with 8 processes and CUDA architecture 80, by madams on Sun Jun 21 14:20:12 2026
Using PETSc Development Git Revision: v3.25.2-320-ga5ba3691813 Git Date: 2026-06-19 09:07:30 -0400

                         Max       Max/Min     Avg       Total
Time (sec):           5.102e+01     1.001   5.100e+01
Objects:              0.000e+00     0.000   0.000e+00
Flops:                1.005e+10     1.241   9.732e+09  7.786e+10
Flops/sec:            1.972e+08     1.241   1.908e+08  1.527e+09
MPI Msg Count:        4.435e+03     1.699   3.770e+03  3.016e+04
MPI Msg Len (bytes):  2.868e+08     1.971   6.690e+04  2.018e+09
MPI Reductions:       1.770e+02     1.000

Flop counting convention: 1 flop = 1 real number operation of type (multiply/divide/add/subtract)
                            e.g., VecAXPY() for real vectors of length N --> 2N flops
                            and VecAXPY() for complex vectors of length N --> 8N flops

Summary of Stages:   ----- Time ------  ----- Flop ------  --- Messages ---  -- Message Lengths --  -- Reductions --
                        Avg     %Total     Avg     %Total    Count   %Total     Avg         %Total    Count   %Total
 0:      Main Stage: 4.2367e+01  83.1%  3.6423e+09   4.7%  3.500e+01   0.1%  5.424e+06        9.4%  3.000e+00   1.7%
 1:      Mesh Setup: 3.2100e+00   6.3%  3.3029e+08   0.4%  7.700e+02   2.6%  6.093e+05       23.3%  5.500e+01  31.1%
 2:         Solve 0: 4.7596e+00   9.3%  3.8437e+10  49.4%  1.754e+04  58.2%  5.670e+04       49.3%  1.020e+02  57.6%
 3:       Hot Solve: 6.6360e-01   1.3%  3.5448e+10  45.5%  1.181e+04  39.2%  3.081e+04       18.0%  0.000e+00   0.0%

------------------------------------------------------------------------------------------------------------------------
See the 'Profiling' chapter of the users' manual for details on interpreting output.
Phase summary info:
   Count: number of times phase was executed
   Time and Flop: Max - maximum over all processes
                  Ratio - ratio of maximum to minimum over all processes
   Mess: number of messages sent
   AvgLen: average message length (bytes)
   Reduct: number of global reductions
   Global: entire computation
   Stage: stages of a computation. Set stages with PetscLogStagePush() and PetscLogStagePop().
      %T - percent time in this phase         %F - percent flop in this phase
      %M - percent messages in this phase     %L - percent message lengths in this phase
      %R - percent reductions in this phase
   Total Mflop/s: 1e-6 * (sum of flop over all processes)/(max time over all processes)
   GPU Mflop/s: 1e-6 * (sum of flop on GPU over all processes)/(max GPU time over all processes)
   CpuToGpu Count: total number of CPU to GPU copies per processor
   CpuToGpu Size (Mbytes): 1e-6 * (total size of CPU to GPU copies per processor)
   GpuToCpu Count: total number of GPU to CPU copies per processor
   GpuToCpu Size (Mbytes): 1e-6 * (total size of GPU to CPU copies per processor)
   GPU %F: percent flops on GPU in this event
------------------------------------------------------------------------------------------------------------------------
Event                Count      Time (sec)     Flop                              --- Global ---  --- Stage ----  Total   GPU    - CpuToGpu -   - GpuToCpu - GPU
                   Max Ratio  Max     Ratio   Max  Ratio  Mess   AvgLen  Reduct  %T %F %M %L %R  %T %F %M %L %R Mflop/s Mflop/s Count   Size   Count   Size  %F
---------------------------------------------------------------------------------------------------------------------------------------------------------------

--- Event Stage 0: Main Stage

BuildTwoSided          2 1.0 1.2007e-01 127.2 0.00e+00 0.0 1.4e+01 4.0e+00 0.0e+00  0  0  0  0  0   0  0 40  0  0     0       0      0 0.00e+00    0 0.00e+00  0
BuildTwoSidedF         1 1.0 1.1911e-01 410.9 0.00e+00 0.0 1.4e+01 1.3e+07 0.0e+00  0  0  0  9  0   0  0 40 99  0     0       0      0 0.00e+00    0 0.00e+00  0
DMPlexJacobianFE       1 1.0 4.2170e+01 1.1 4.38e+08 1.0 1.4e+01 1.3e+07 0.0e+00 81  4  0  9  0  98 96 40 99  0    83       0      0 0.00e+00    3 1.37e+02  0
SFSetGraph             1 1.0 8.1903e-04 1.1 0.00e+00 0.0 0.0e+00 0.0e+00 0.0e+00  0  0  0  0  0   0  0  0  0  0     0       0      0 0.00e+00    0 0.00e+00  0
SFSetUp                1 1.0 3.6081e-03 1.2 0.00e+00 0.0 1.4e+01 2.4e+04 0.0e+00  0  0  0  0  0   0  0 40  0  0     0       0      0 0.00e+00    0 0.00e+00  0
SFBcastBegin           1 1.0 8.5024e-03 2.7 0.00e+00 0.0 7.0e+00 9.5e+04 0.0e+00  0  0  0  0  0   0  0 20  0  0     0       0      2 4.17e-01    0 0.00e+00  0
SFBcastEnd             1 1.0 4.1419e-03 5.5 0.00e+00 0.0 0.0e+00 0.0e+00 0.0e+00  0  0  0  0  0   0  0  0  0  0     0       0      1 4.17e-02    0 0.00e+00  0
SFPack                 1 1.0 4.7993e-03 34280.6 0.00e+00 0.0 0.0e+00 0.0e+00 0.0e+00  0  0  0  0  0   0  0  0  0  0     0       0      1 4.17e-02    0 0.00e+00  0
SFUnpack               1 1.0 6.4344e-05 321.7 0.00e+00 0.0 0.0e+00 0.0e+00 0.0e+00  0  0  0  0  0   0  0  0  0  0     0       0      1 4.17e-02    0 0.00e+00  0
VecNorm                1 1.0 3.0292e-04 1.1 0.00e+00 0.0 0.0e+00 0.0e+00 0.0e+00  0  0  0  0  0   0  0  0  0  0     0       0      0 0.00e+00    0 0.00e+00  0
VecSet                 2 1.0 1.2465e-05 1.2 0.00e+00 0.0 0.0e+00 0.0e+00 0.0e+00  0  0  0  0  0   0  0  0  0  0     0       0      0 0.00e+00    0 0.00e+00  0
DCtxDestroy            1 1.0 2.8114e-05 1.1 0.00e+00 0.0 0.0e+00 0.0e+00 0.0e+00  0  0  0  0  0   0  0  0  0  0     0       0      0 0.00e+00    0 0.00e+00  0
MatMult             1396 2.8 3.1284e-04 2.8 1.13e+05 2.8 0.0e+00 0.0e+00 0.0e+00  0  0  0  0  0   0  0  0  0  0  1493       0      0 0.00e+00    0 0.00e+00  0
MatScale               1 1.0 1.1713e-05 1.8 1.76e+07 1.3 0.0e+00 0.0e+00 0.0e+00  0  0  0  0  0   0  4  0  0  0 11578845       0      0 0.00e+00    0 0.00e+00 100
MatAssemblyBegin       1 1.0 1.2302e-01 1.0 0.00e+00 0.0 1.4e+01 1.3e+07 0.0e+00  0  0  0  9  0   0  0 40 99  0     0       0      0 0.00e+00    0 0.00e+00  0
MatAssemblyEnd         1 1.0 4.8294e+00 1179.4 1.65e+06 0.0 0.0e+00 0.0e+00 0.0e+00  8  0  0  0  0  10  0  0  0  0     2       0      0 0.00e+00    0 0.00e+00  0
MatSetValues        4096 1.0 3.2777e-01 1.2 2.30e+07 1.2 0.0e+00 0.0e+00 0.0e+00  1  0  0  0  0   1  5  0  0  0   545       0      0 0.00e+00    2 1.36e+02  0
MatZeroEntries         1 1.0 2.1772e-05 1.7 0.00e+00 0.0 0.0e+00 0.0e+00 0.0e+00  0  0  0  0  0   0  0  0  0  0     0       0      0 0.00e+00    0 0.00e+00  0
MatView                1 1.0 4.8266e+00 4517.3 0.00e+00 0.0 0.0e+00 0.0e+00 0.0e+00  1  0  0  0  0   2  0  0  0  0     0       0      0 0.00e+00    0 0.00e+00  0
SNESJacobianEval       1 1.0 4.2221e+01 1.1 4.39e+08 1.0 3.5e+01 5.4e+06 1.0e+00 81  5  0  9  1  98 96 100 100 33    83       0      4 1.37e+00    4 1.37e+02  0

--- Event Stage 1: Mesh Setup

BuildTwoSided         23 1.0 3.6889e-01 42.4 0.00e+00 0.0 1.6e+02 4.0e+00 0.0e+00  0  0  1  0  0   3  0 21  0  0     0       0      0 0.00e+00    0 0.00e+00  0
BuildTwoSidedF         1 1.0 5.5082e-02 445.7 0.00e+00 0.0 0.0e+00 0.0e+00 0.0e+00  0  0  0  0  0   0  0  0  0  0     0       0      0 0.00e+00    0 0.00e+00  0
DMCreateMat            1 1.0 1.1886e+00 1.0 0.00e+00 0.0 1.6e+02 2.7e+06 4.0e+00  2  0  1 21  2  37  0 21 92  7     0       0      0 0.00e+00    0 0.00e+00  0
DMProjectFunc          6 1.0 3.9184e-01 1.0 3.46e+07 1.0 0.0e+00 0.0e+00 1.0e+00  1  0  0  0  1  12 84  0  0  2   706       0      0 0.00e+00    6 5.48e+00  0
DMPlexCrFromOpts       1 1.0 3.6043e-02 1.0 0.00e+00 0.0 0.0e+00 0.0e+00 0.0e+00  0  0  0  0  0   1  0  0  0  0     0       0      0 0.00e+00    0 0.00e+00  0
Mesh Partition         1 1.0 9.3339e-02 1.0 0.00e+00 0.0 3.5e+01 1.6e+05 4.0e+00  0  0  0  0  2   3  0  5  1  7     0       0      0 0.00e+00    0 0.00e+00  0
Mesh Migration         1 1.0 5.4158e-01 1.0 0.00e+00 0.0 2.0e+02 1.1e+05 1.6e+01  1  0  1  1  9  17  0 26  5 29     0       0      0 0.00e+00    0 0.00e+00  0
DMPlexPartSelf         1 1.0 3.8047e-02 3793.7 0.00e+00 0.0 0.0e+00 0.0e+00 0.0e+00  0  0  0  0  0   0  0  0  0  0     0       0      0 0.00e+00    0 0.00e+00  0
DMPlexPartLblInv       1 1.0 4.1894e-02 12.4 0.00e+00 0.0 0.0e+00 0.0e+00 2.0e+00  0  0  0  0  1   1  0  0  0  4     0       0      0 0.00e+00    0 0.00e+00  0
DMPlexPartLblSF        1 1.0 5.2304e-03 1.5 0.00e+00 0.0 1.4e+01 7.6e+04 0.0e+00  0  0  0  0  0   0  0  2  0  0     0       0      0 0.00e+00    0 0.00e+00  0
DMPlexPartStrtSF       1 1.0 4.2788e-02 1.0 0.00e+00 0.0 7.0e+00 3.0e+05 0.0e+00  0  0  0  0  0   1  0  1  0  0     0       0      0 0.00e+00    0 0.00e+00  0
DMPlexPointSF          1 1.0 8.4040e-01 1.0 0.00e+00 0.0 1.4e+01 3.8e+05 0.0e+00  2  0  0  0  0  26  0  2  1  0     0       0      0 0.00e+00    0 0.00e+00  0
DMPlexInterp          36 1.0 2.6325e-03 1.0 0.00e+00 0.0 0.0e+00 0.0e+00 0.0e+00  0  0  0  0  0   0  0  0  0  0     0       0      0 0.00e+00    0 0.00e+00  0
DMPlexDistribute       1 1.0 1.4755e+00 1.0 0.00e+00 0.0 2.5e+02 1.3e+05 2.2e+01  3  0  1  2 12  46  0 33  7 40     0       0      0 0.00e+00    0 0.00e+00  0
DMPlexDistCones        1 1.0 1.2231e-02 1.0 0.00e+00 0.0 4.2e+01 2.7e+05 0.0e+00  0  0  0  1  0   0  0  5  2  0     0       0      0 0.00e+00    0 0.00e+00  0
DMPlexDistLabels       1 1.0 3.4457e-02 1.0 0.00e+00 0.0 1.0e+02 8.3e+04 1.4e+01  0  0  0  0  8   1  0 14  2 25     0       0      0 0.00e+00    0 0.00e+00  0
DMPlexDistField        1 1.0 4.8874e-01 1.0 0.00e+00 0.0 4.9e+01 4.3e+04 0.0e+00  1  0  0  0  0  15  0  6  0  0     0       0      0 0.00e+00    0 0.00e+00  0
DMPlexStratify        53 1.0 3.6091e-02 3.6 0.00e+00 0.0 0.0e+00 0.0e+00 0.0e+00  0  0  0  0  0   1  0  0  0  0     0       0      0 0.00e+00    0 0.00e+00  0
DMPlexSymmetrize      53 1.0 1.4487e-02 11.1 0.00e+00 0.0 0.0e+00 0.0e+00 0.0e+00  0  0  0  0  0   0  0  0  0  0     0       0      0 0.00e+00    0 0.00e+00  0
DMPlexPrealloc         1 1.0 1.1807e+00 1.0 0.00e+00 0.0 1.6e+02 2.7e+06 4.0e+00  2  0  1 21  2  37  0 21 92  7     0       0      0 0.00e+00    0 0.00e+00  0
DMPlexGenerate         1 1.0 3.6003e-02 1.0 0.00e+00 0.0 0.0e+00 0.0e+00 0.0e+00  0  0  0  0  0   1  0  0  0  0     0       0      0 0.00e+00    0 0.00e+00  0
SFSetGraph            27 1.0 1.9307e-02 6.7 0.00e+00 0.0 0.0e+00 0.0e+00 0.0e+00  0  0  0  0  0   1  0  0  0  0     0       0      0 0.00e+00    0 0.00e+00  0
SFSetUp               22 1.0 4.1394e-01 3.0 0.00e+00 0.0 3.2e+02 4.7e+05 0.0e+00  0  0  1  8  0   7  0 42 32  0     0       0      0 0.00e+00    0 0.00e+00  0
SFBcastBegin          49 1.0 7.0853e-03 16.5 0.00e+00 0.0 3.4e+02 2.1e+05 0.0e+00  0  0  1  4  0   0  0 45 16  0     0       0      0 0.00e+00    0 0.00e+00  0
SFBcastEnd            49 1.0 8.9722e-01 21.0 0.00e+00 0.0 0.0e+00 0.0e+00 0.0e+00  1  0  0  0  0  23  0  0  0  0     0       0      0 0.00e+00    0 0.00e+00  0
SFReduceBegin         11 1.0 1.0558e-01 848.3 0.00e+00 0.0 7.7e+01 1.9e+06 0.0e+00  0  0  0  7  0   0  0 10 31  0     0       0      0 0.00e+00    0 0.00e+00  0
SFReduceEnd           11 1.0 8.0034e-01 113.9 0.00e+00 0.0 0.0e+00 0.0e+00 0.0e+00  0  0  0  0  0   5  0  0  0  0     0       0      0 0.00e+00    0 0.00e+00  0
SFFetchOpBegin         2 1.0 1.8073e-03 162.5 0.00e+00 0.0 1.4e+01 3.4e+06 0.0e+00  0  0  0  2  0   0  0  2 10  0     0       0      0 0.00e+00    0 0.00e+00  0
SFFetchOpEnd           2 1.0 1.1966e-02 2.7 0.00e+00 0.0 1.4e+01 3.4e+06 0.0e+00  0  0  0  2  0   0  0  2 10  0     0       0      0 0.00e+00    0 0.00e+00  0
SFCreateEmbed          3 1.0 2.2960e-02 22.1 0.00e+00 0.0 2.1e+01 1.8e+04 0.0e+00  0  0  0  0  0   0  0  3  0  0     0       0      0 0.00e+00    0 0.00e+00  0
SFDistSection          9 1.0 1.0146e-02 2.0 0.00e+00 0.0 1.7e+02 6.2e+04 0.0e+00  0  0  1  1  0   0  0 22  2  0     0       0      0 0.00e+00    0 0.00e+00  0
SFSectionSF           11 1.0 3.8506e-01 3.6 0.00e+00 0.0 1.5e+02 3.4e+05 0.0e+00  0  0  1  3  0   5  0 20 11  0     0       0      0 0.00e+00    0 0.00e+00  0
SFRemoteOff            2 1.0 2.3216e-02 12.7 0.00e+00 0.0 2.8e+01 2.1e+04 0.0e+00  0  0  0  0  0   0  0  4  0  0     0       0      0 0.00e+00    0 0.00e+00  0
SFPack                62 1.0 6.5050e-03 98.6 0.00e+00 0.0 0.0e+00 0.0e+00 0.0e+00  0  0  0  0  0   0  0  0  0  0     0       0      0 0.00e+00    0 0.00e+00  0
SFUnpack              64 1.0 7.3418e-01 297.9 0.00e+00 0.0 0.0e+00 0.0e+00 0.0e+00  0  0  0  0  0   3  0  0  0  0     0       0      0 0.00e+00    0 0.00e+00  0
VecMDot                5 1.0 2.0872e-02 1.0 2.86e+06 1.1 0.0e+00 0.0e+00 0.0e+00  0  0  0  0  0   1  7  0  0  0  1078       0      0 0.00e+00    6 9.70e-05 100
VecNorm                6 1.0 5.2534e-02 1.1 1.14e+06 1.1 0.0e+00 0.0e+00 0.0e+00  0  0  0  0  0   2  3  0  0  0   171       0      0 0.00e+00    0 0.00e+00 100
VecScale               6 1.0 1.8673e-04 1.2 5.72e+05 1.1 0.0e+00 0.0e+00 0.0e+00  0  0  0  0  0   0  1  0  0  0 24104       0      0 0.00e+00    0 0.00e+00 100
VecCopy                1 1.0 7.8150e-06 1.3 0.00e+00 0.0 0.0e+00 0.0e+00 0.0e+00  0  0  0  0  0   0  0  0  0  0     0       0      0 0.00e+00    0 0.00e+00  0
VecSet                 8 1.0 1.0813e-04 1.2 0.00e+00 0.0 0.0e+00 0.0e+00 0.0e+00  0  0  0  0  0   0  0  0  0  0     0       0      0 0.00e+00    0 0.00e+00  0
VecAXPY                9 1.0 4.0612e-04 1.1 1.71e+06 1.1 0.0e+00 0.0e+00 0.0e+00  0  0  0  0  0   0  4  0  0  0 33248       0      0 0.00e+00    0 0.00e+00 100
VecNormalize           6 1.0 5.2714e-02 1.1 1.71e+06 1.1 0.0e+00 0.0e+00 0.0e+00  0  0  0  0  0   2  4  0  0  0   256       0      0 0.00e+00    0 0.00e+00 100
DCtxCreate             1 1.0 1.6552e-05 1.6 0.00e+00 0.0 0.0e+00 0.0e+00 0.0e+00  0  0  0  0  0   0  0  0  0  0     0       0      0 0.00e+00    0 0.00e+00  0
DCtxSetUp              1 1.0 1.2354e-05 1.5 0.00e+00 0.0 0.0e+00 0.0e+00 0.0e+00  0  0  0  0  0   0  0  0  0  0     0       0      0 0.00e+00    0 0.00e+00  0
DCtxSetDevice          1 1.0 1.9247e-05 1.7 0.00e+00 0.0 0.0e+00 0.0e+00 0.0e+00  0  0  0  0  0   0  0  0  0  0     0       0      0 0.00e+00    0 0.00e+00  0
DualSpaceSetUp         6 1.0 1.4530e-02 1.0 3.61e+03 1.0 0.0e+00 0.0e+00 0.0e+00  0  0  0  0  0   0  0  0  0  0     2       0      0 0.00e+00    0 0.00e+00  0
FESetUp                6 1.0 5.8870e-04 1.0 0.00e+00 0.0 0.0e+00 0.0e+00 0.0e+00  0  0  0  0  0   0  0  0  0  0     0       0      0 0.00e+00    0 0.00e+00  0
MatMult            24576 1.0 5.5856e-03 1.0 1.99e+06 1.0 0.0e+00 0.0e+00 0.0e+00  0  0  0  0  0   0  5  0  0  0  2851       0      0 0.00e+00    0 0.00e+00  0
MatAssemblyBegin      68 1.0 5.5125e-02 328.5 0.00e+00 0.0 0.0e+00 0.0e+00 0.0e+00  0  0  0  0  0   0  0  0  0  0     0       0      0 0.00e+00    0 0.00e+00  0
MatAssemblyEnd        68 1.0 5.1356e-02 1.0 0.00e+00 0.0 2.8e+01 3.6e+04 1.0e+00  0  0  0  0  1   2  0  4  0  2     0       0      0 0.00e+00    0 0.00e+00  0
MatSetPreallCOO       36 1.0 7.4465e-05 1.2 0.00e+00 0.0 0.0e+00 0.0e+00 0.0e+00  0  0  0  0  0   0  0  0  0  0     0       0      0 0.00e+00    0 0.00e+00  0
MatSetValuesCOO       36 1.0 4.8775e-05 1.1 0.00e+00 0.0 0.0e+00 0.0e+00 0.0e+00  0  0  0  0  0   0  0  0  0  0     0       0      0 0.00e+00    0 0.00e+00  0

--- Event Stage 2: Solve 0

BuildTwoSided        204 1.0 3.3800e-01 12.3 0.00e+00 0.0 9.2e+02 4.0e+00 0.0e+00  0  0  3  0  0   2  0  5  0  0     0       0      0 0.00e+00    0 0.00e+00  0
BuildTwoSidedF       152 1.0 2.6361e-01 18.1 0.00e+00 0.0 1.7e+02 6.5e+04 0.0e+00  0  0  1  1  0   2  0  1  1  0     0       0      0 0.00e+00    0 0.00e+00  0
DMPlexResidualFE       1 1.0 4.2696e-01 1.0 4.08e+08 1.0 0.0e+00 0.0e+00 0.0e+00  1  4  0  0  0   9  8  0  0  0  7646       0      0 0.00e+00    2 1.83e+00  0
SFSetGraph            52 1.0 4.1008e-04 2.3 0.00e+00 0.0 0.0e+00 0.0e+00 0.0e+00  0  0  0  0  0   0  0  0  0  0     0       0      0 0.00e+00    0 0.00e+00  0
SFSetUp               52 1.0 1.5885e-01 1.6 0.00e+00 0.0 1.7e+03 1.0e+05 0.0e+00  0  0  6  9  0   2  0  9 17  0     0       0      0 0.00e+00    0 0.00e+00  0
SFBcastBegin          49 1.0 9.2797e-03 3.2 0.00e+00 0.0 1.3e+03 1.3e+05 0.0e+00  0  0  4  8  0   0  0  7 16  0     0       0      0 0.00e+00    0 0.00e+00  0
SFBcastEnd            49 1.0 7.1744e-02 13.3 0.00e+00 0.0 0.0e+00 0.0e+00 0.0e+00  0  0  0  0  0   1  0  0  0  0     0       0      0 0.00e+00    0 0.00e+00  0
SFReduceBegin         14 1.0 5.7149e-03 9.9 0.00e+00 0.0 1.6e+02 2.2e+06 0.0e+00  0  0  1 18  0   0  0  1 36  0     0       0      0 0.00e+00    0 0.00e+00  0
SFReduceEnd           14 1.0 9.6495e-02 16.0 1.19e+04 0.0 0.0e+00 0.0e+00 0.0e+00  0  0  0  0  0   1  0  0  0  0     1       0      0 0.00e+00    0 0.00e+00 100
SFPack               872 1.0 3.0116e-03 1.7 0.00e+00 0.0 0.0e+00 0.0e+00 0.0e+00  0  0  0  0  0   0  0  0  0  0     0       0      7 2.81e-01    0 0.00e+00  0
SFUnpack             872 1.0 7.4713e-04 1.8 5.75e+04 2.1 0.0e+00 0.0e+00 0.0e+00  0  0  0  0  0   0  0  0  0  0   535       0      2 8.29e-03    0 0.00e+00 100
VecTDot              490 1.0 5.8155e-02 1.2 1.66e+07 1.1 0.0e+00 0.0e+00 0.0e+00  0  0  0  0  0   1  0  0  0  0  2240       0      0 0.00e+00    0 0.00e+00 100
VecNorm              197 1.0 2.4723e-02 1.3 5.95e+06 1.1 0.0e+00 0.0e+00 0.0e+00  0  0  0  0  0   0  0  0  0  0  1893       0      0 0.00e+00    0 0.00e+00 100
VecCopy              284 1.0 1.7974e-03 1.6 0.00e+00 0.0 0.0e+00 0.0e+00 0.0e+00  0  0  0  0  0   0  0  0  0  0     0       0      0 0.00e+00    0 0.00e+00  0
VecSet               107 1.0 5.6587e-04 1.6 0.00e+00 0.0 0.0e+00 0.0e+00 0.0e+00  0  0  0  0  0   0  0  0  0  0     0       0      0 0.00e+00    0 0.00e+00  0
VecAXPY              428 1.0 1.7430e-03 2.3 1.54e+07 1.1 0.0e+00 0.0e+00 0.0e+00  0  0  0  0  0   0  0  0  0  0 69485       0      0 0.00e+00    0 0.00e+00 100
VecAYPX              641 1.0 4.3091e-03 1.4 2.91e+07 1.1 0.0e+00 0.0e+00 0.0e+00  0  0  0  0  0   0  1  0  0  0 53057       0      0 0.00e+00    0 0.00e+00 100
VecAXPBYCZ           152 1.0 1.1674e-03 1.5 1.85e+07 1.1 0.0e+00 0.0e+00 0.0e+00  0  0  0  0  0   0  0  0  0  0 124299       0      0 0.00e+00    0 0.00e+00 100
VecAssemblyBegin     135 1.0 2.1947e-01 18.4 0.00e+00 0.0 0.0e+00 0.0e+00 0.0e+00  0  0  0  0  0   1  0  0  0  0     0       0      0 0.00e+00    0 0.00e+00  0
VecAssemblyEnd       135 1.0 1.5615e-04 1.3 0.00e+00 0.0 0.0e+00 0.0e+00 0.0e+00  0  0  0  0  0   0  0  0  0  0     0       0      0 0.00e+00    0 0.00e+00  0
VecPointwiseMult     177 1.0 9.4786e-04 2.7 1.07e+06 1.1 0.0e+00 0.0e+00 0.0e+00  0  0  0  0  0   0  0  0  0  0  8864       0      0 0.00e+00    0 0.00e+00 100
VecReciprocal         13 1.0 2.2134e-03 2.1 0.00e+00 0.0 0.0e+00 0.0e+00 0.0e+00  0  0  0  0  0   0  0  0  0  0     0       0      0 0.00e+00    0 0.00e+00  0
VecSetValues      742320 1.1 1.3072e+00 1.2 0.00e+00 0.0 0.0e+00 0.0e+00 0.0e+00  2  0  0  0  0  26  0  0  0  0     0       0      0 0.00e+00    0 0.00e+00  0
VecScatterBegin      809 1.0 7.4937e-02 2.0 0.00e+00 0.0 1.4e+04 2.1e+04 0.0e+00  0  0 46 15  0   1  0 79 30  0     0       0     53 9.98e+00    0 0.00e+00  0
VecScatterEnd        809 1.0 8.7739e-02 1.8 4.56e+04 1.9 0.0e+00 0.0e+00 0.0e+00  0  0  0  0  0   2  0  0  0  0     4       0      2 8.29e-03    0 0.00e+00 100
MatMult             1913 1.9 1.0699e-01 1.5 4.18e+09 1.3 1.0e+04 2.4e+04 0.0e+00  0 41 34 13  0   2 84 59 26  0 301238       0      4 1.55e+01    0 0.00e+00 100
MatMultAdd            76 1.0 1.0598e-02 1.4 1.16e+08 1.3 1.1e+03 2.3e+03 0.0e+00  0  1  4  0  0   0  2  6  0  0 83447       0      0 0.00e+00    0 0.00e+00 100
MatMultTranspose      76 1.0 4.7319e-02 4.2 1.16e+08 1.3 1.1e+03 2.3e+03 0.0e+00  0  1  4  0  0   1  2  6  0  0 18696       0      2 8.29e-03    0 0.00e+00 100
MatScale              12 1.0 6.7220e-03 2.3 1.00e+07 1.3 9.0e+01 7.9e+03 0.0e+00  0  0  0  0  0   0  0  1  0  0 11453       0     11 2.09e+00    0 0.00e+00 100
MatResidual           76 1.0 4.4274e-02 3.8 6.99e+08 1.3 1.8e+03 2.3e+04 0.0e+00  0  7  6  2  0   0 14 11  4  0 121682       0      0 0.00e+00    0 0.00e+00 100
MatAssemblyBegin      62 1.0 4.4729e-02 7.2 0.00e+00 0.0 1.7e+02 6.5e+04 0.0e+00  0  0  1  1  0   0  0  1  1  0     0       0      0 0.00e+00    0 0.00e+00  0
MatAssemblyEnd        62 1.0 8.5502e-02 1.4 0.00e+00 0.0 9.1e+02 1.6e+03 3.1e+01  0  0  3  0 18   1  0  5  0 30     0       0      0 0.00e+00    0 0.00e+00  0
MatSetValues      142155 1.2 3.7444e-01 1.2 5.83e+05 1.1 0.0e+00 0.0e+00 0.0e+00  1  0  0  0  0   8  0  0  0  0    12       0      0 0.00e+00    6 2.33e+01  0
MatGetValues       32076 1.1 6.9162e-02 1.2 0.00e+00 0.0 0.0e+00 0.0e+00 0.0e+00  0  0  0  0  0   1  0  0  0  0     0       0      0 0.00e+00    0 0.00e+00  0
MatGetRow         452976 1.1 9.0081e-01 1.2 0.00e+00 0.0 0.0e+00 0.0e+00 0.0e+00  2  0  0  0  0  18  0  0  0  0     0       0      0 0.00e+00   10 2.06e+01  0
MatCreateSubMat        1 1.0 1.5443e-03 1.0 0.00e+00 0.0 1.4e+01 4.5e+01 5.0e+00  0  0  0  0  3   0  0  0  0  5     0       0      0 0.00e+00    0 0.00e+00  0
MatCoarsen             4 1.0 2.7773e-02 1.3 0.00e+00 0.0 1.2e+03 3.6e+03 2.7e+01  0  0  4  0 15   1  0  7  0 26     0       0      3 9.14e-04    0 0.00e+00  0
MatAXPY                4 1.0 6.9083e-01 1.2 5.83e+05 1.1 0.0e+00 0.0e+00 0.0e+00  1  0  0  0  0  14  0  0  0  0     7       0      0 0.00e+00    6 2.33e+01  0
MatTranspose           3 1.0 3.9130e-03 1.0 0.00e+00 0.0 1.7e+02 1.7e+02 9.0e+00  0  0  1  0  5   0  0  1  0  9     0       0      3 9.14e-04    0 0.00e+00  0
MatMatMultSym          4 1.0 9.1846e-02 1.0 0.00e+00 0.0 7.4e+02 3.8e+04 1.2e+01  0  0  2  1  7   2  0  4  3 12     0       0      8 4.58e+00    0 0.00e+00  0
MatMatMultNum          4 1.0 1.0310e-06 1.3 0.00e+00 0.0 0.0e+00 0.0e+00 0.0e+00  0  0  0  0  0   0  0  0  0  0     0       0      0 0.00e+00    0 0.00e+00  0
MatPtAPSymbolic        4 1.0 7.6129e-01 1.2 0.00e+00 0.0 1.2e+03 2.1e+05 2.4e+01  1  0  4 13 14  14  0  7 25 24     0       0      6 2.33e+01    0 0.00e+00  0
MatPtAPNumeric         4 1.0 1.2130e-06 1.5 0.00e+00 0.0 0.0e+00 0.0e+00 0.0e+00  0  0  0  0  0   0  0  0  0  0     0       0      0 0.00e+00    0 0.00e+00  0
MatTrnMatMultSym       1 1.0 3.5407e-01 1.0 0.00e+00 0.0 1.1e+02 3.6e+06 3.0e+00  1  0  0 20  2   7  0  1 40  3     0       0      0 0.00e+00    0 0.00e+00  0
MatCreateGraph         4 1.0 6.1888e-01 1.0 3.95e+06 1.3 2.7e+02 3.9e+03 1.2e+01  1  0  1  0  7  13  0  2  0 12    49       0     15 1.55e+01    8 5.64e+00 100
KSPSetUp               1 1.0 1.3706e-03 4.8 0.00e+00 0.0 0.0e+00 0.0e+00 0.0e+00  0  0  0  0  0   0  0  0  0  0     0       0      0 0.00e+00    0 0.00e+00  0
KSPSolve               1 1.0 1.6529e-01 1.0 3.79e+09 1.3 1.1e+04 2.0e+04 0.0e+00  0 38 35 11  0   3 76 61 22  0 176680       0      2 8.31e-03    0 0.00e+00 100
SNESSolve              1 1.0 4.7588e+00 1.0 4.97e+09 1.3 1.8e+04 5.7e+04 1.0e+02  9 49 58 49 58 100 100 100 100 100  8077       0     85 1.91e+02   54 5.59e+01 91
SNESSetUp              1 1.0 2.2486e-03 4.3 0.00e+00 0.0 0.0e+00 0.0e+00 0.0e+00  0  0  0  0  0   0  0  0  0  0     0       0      0 0.00e+00    0 0.00e+00  0
SNESFunctionEval       1 1.0 4.6802e-01 1.0 4.10e+08 1.0 1.4e+01 9.5e+04 0.0e+00  1  4  0  0  0  10  9  0  0  0  6993       0      2 1.83e+00    3 2.74e+00  0
PCSetUp_GAMG+          1 1.0 4.1396e+00 1.0 7.73e+08 1.3 6.9e+03 1.1e+05 1.0e+02  8  8 23 39 58  87 15 39 78 100  1439       0     81 1.89e+02   51 5.32e+01 100
 PCGAMGCreateG         4 1.0 6.1889e-01 1.0 3.95e+06 1.3 2.7e+02 3.9e+03 1.2e+01  1  0  1  0  7  13  0  2  0 12    49       0     15 1.55e+01    8 5.64e+00 100
 GAMG Coarsen          8 1.0 7.4005e-01 1.0 0.00e+00 0.0 1.3e+03 3.1e+05 3.0e+01  1  0  4 20 17  16  0  8 41 29     0       0      8 1.10e+00   11 1.61e+01  0
  GAMG MIS/Agg         4 1.0 3.9662e-01 1.0 0.00e+00 0.0 1.3e+03 3.2e+05 3.0e+01  1  0  4 20 17   8  0  7 41 29     0       0      3 9.14e-04    0 0.00e+00  0
 PCGAMGProl            4 1.0 1.1791e+00 1.0 0.00e+00 0.0 1.3e+03 3.1e+04 1.2e+01  2  0  4  2  7  25  0  7  4 12     0       0     38 8.45e+00   19 3.70e+00  0
  GAMG Prol-col        4 1.0 1.1464e+00 1.0 0.00e+00 0.0 1.2e+03 2.6e+04 0.0e+00  2  0  4  1  0  24  0  7  3  0     0       0     38 8.45e+00   19 3.70e+00  0
  GAMG Prol-lift       4 1.0 2.7085e-02 1.0 0.00e+00 0.0 1.5e+02 7.3e+04 4.0e+00  0  0  1  1  2   1  0  1  1  4     0       0      0 0.00e+00    0 0.00e+00  0
 PCGAMGOptProl         4 1.0 8.4146e-01 1.2 3.84e+08 1.3 1.7e+03 3.0e+04 1.2e+01  2  4  6  3  7  17  8 10  5 12  3517       0     13 1.40e+02    6 2.33e+01 100
  GAMG smooth          4 1.0 7.9853e-01 1.2 6.69e+06 1.3 7.4e+02 3.8e+04 1.2e+01  2  0  2  1  7  16  0  4  3 12    64       0      8 4.58e+00    6 2.33e+01 91
 PCGAMGCreateL         4 1.0 7.6498e-01 1.2 0.00e+00 0.0 1.3e+03 2.0e+05 3.5e+01  1  0  4 13 20  14  0  7 25 34     0       0      6 2.33e+01    0 0.00e+00  0
  GAMG PtAP            4 1.0 7.6135e-01 1.2 0.00e+00 0.0 1.2e+03 2.1e+05 2.4e+01  1  0  4 13 14  14  0  7 25 24     0       0      6 2.33e+01    0 0.00e+00  0
  GAMG Reduce          1 1.0 1.6008e-02 1.1 0.00e+00 0.0 4.0e+02 3.0e+03 1.7e+01  0  0  1  0 10   0  0  2  0 17     0       0      2 1.19e-02    0 0.00e+00  0
PCGAMG Squ l00         1 1.0 3.5408e-01 1.0 0.00e+00 0.0 1.1e+02 3.6e+06 3.0e+00  1  0  0 20  2   7  0  1 40  3     0       0      0 0.00e+00    0 0.00e+00  0
PCGAMG Gal l00         1 1.0 5.8980e-01 1.2 0.00e+00 0.0 2.5e+02 8.8e+05 6.0e+00  1  0  1 11  3  11  0  1 22  6     0       0      2 2.26e+01    0 0.00e+00  0
PCGAMG Opt l00         1 1.0 6.2602e-02 1.0 0.00e+00 0.0 1.1e+02 2.2e+05 3.0e+00  0  0  0  1  2   1  0  1  3  3     0       0      2 4.50e+00    0 0.00e+00  0
PCGAMG Gal l01         1 1.0 1.5413e-01 1.0 0.00e+00 0.0 5.2e+02 6.6e+04 6.0e+00  0  0  2  2  3   3  0  3  3  6     0       0      2 7.01e-01    0 0.00e+00  0
PCGAMG Opt l01         1 1.0 2.0247e-02 1.0 0.00e+00 0.0 2.2e+02 1.3e+04 3.0e+00  0  0  1  0  2   0  0  1  0  3     0       0      2 7.77e-02    0 0.00e+00  0
PCGAMG Gal l02         1 1.0 1.2190e-02 1.0 0.00e+00 0.0 3.7e+02 3.3e+03 6.0e+00  0  0  1  0  3   0  0  2  0  6     0       0      2 1.19e-02    0 0.00e+00  0
PCGAMG Opt l02         1 1.0 6.5530e-03 1.0 0.00e+00 0.0 3.5e+02 1.0e+03 3.0e+00  0  0  1  0  2   0  0  2  0  3     0       0      2 3.67e-03    0 0.00e+00  0
PCGAMG Gal l03         1 1.0 5.4697e-03 1.0 0.00e+00 0.0 8.4e+01 2.1e+02 6.0e+00  0  0  0  0  3   0  0  0  0  6     0       0      0 1.44e-04    0 0.00e+00  0
PCGAMG Opt l03         1 1.0 2.5071e-03 1.0 0.00e+00 0.0 5.6e+01 3.0e+02 3.0e+00  0  0  0  0  2   0  0  0  0  3     0       0      2 1.44e-04    0 0.00e+00  0
PCSetUp                1 1.0 4.1396e+00 1.0 7.73e+08 1.3 6.9e+03 1.1e+05 1.0e+02  8  8 23 39 58  87 15 39 78 100  1439       0     81 1.89e+02   51 5.32e+01 100
PCApply               19 1.0 1.4899e-01 1.0 3.10e+09 1.3 1.0e+04 1.7e+04 0.0e+00  0 31 35  9  0   3 62 59 18  0 160257       0      2 8.31e-03    0 0.00e+00 100

--- Event Stage 3: Hot Solve

DMPlexResidualFE       1 1.0 4.6828e-01 1.0 4.08e+08 1.0 0.0e+00 0.0e+00 0.0e+00  1  4  0  0  0  70  9  0  0  0  6972       0      0 0.00e+00    2 1.83e+00  0
SFBcastBegin           5 1.0 2.9666e-03 3.2 0.00e+00 0.0 1.0e+02 8.6e+05 0.0e+00  0  0  0  4  0   0  0  1 25  0     0       0      0 0.00e+00    0 0.00e+00  0
SFBcastEnd             5 1.0 2.1279e-02 30.8 0.00e+00 0.0 0.0e+00 0.0e+00 0.0e+00  0  0  0  0  0   2  0  0  0  0     0       0      0 0.00e+00    0 0.00e+00  0
SFReduceBegin          5 1.0 9.5346e-04 2.6 0.00e+00 0.0 5.9e+01 6.4e+05 0.0e+00  0  0  0  2  0   0  0  0 10  0     0       0      0 0.00e+00    0 0.00e+00  0
SFReduceEnd            5 1.0 2.4462e-02 36.4 1.19e+04 0.0 0.0e+00 0.0e+00 0.0e+00  0  0  0  0  0   1  0  0  0  0     3       0      0 0.00e+00    0 0.00e+00 100
SFPack               639 1.0 2.0915e-03 1.7 0.00e+00 0.0 0.0e+00 0.0e+00 0.0e+00  0  0  0  0  0   0  0  0  0  0     0       0      0 0.00e+00    0 0.00e+00  0
SFUnpack             639 1.0 4.8249e-04 1.7 5.75e+04 2.1 0.0e+00 0.0e+00 0.0e+00  0  0  0  0  0   0  0  0  0  0   829       0      0 0.00e+00    0 0.00e+00 100
VecTDot              398 1.0 3.9849e-02 1.2 1.21e+07 1.1 0.0e+00 0.0e+00 0.0e+00  0  0  0  0  0   6  0  0  0  0  2388       0      0 0.00e+00    0 0.00e+00 100
VecNorm              197 1.0 1.8442e-02 1.3 5.95e+06 1.1 0.0e+00 0.0e+00 0.0e+00  0  0  0  0  0   3  0  0  0  0  2538       0      0 0.00e+00    0 0.00e+00 100
VecCopy              276 1.0 1.5738e-03 1.5 0.00e+00 0.0 0.0e+00 0.0e+00 0.0e+00  0  0  0  0  0   0  0  0  0  0     0       0      0 0.00e+00    0 0.00e+00  0
VecSet               103 1.0 4.6473e-04 1.4 0.00e+00 0.0 0.0e+00 0.0e+00 0.0e+00  0  0  0  0  0   0  0  0  0  0     0       0      0 0.00e+00    0 0.00e+00  0
VecAXPY              348 1.0 1.2823e-03 2.7 1.15e+07 1.1 0.0e+00 0.0e+00 0.0e+00  0  0  0  0  0   0  0  0  0  0 70624       0      0 0.00e+00    0 0.00e+00 100
VecAYPX              605 1.0 3.1100e-03 1.5 2.73e+07 1.1 0.0e+00 0.0e+00 0.0e+00  0  0  0  0  0   0  1  0  0  0 69093       0      0 0.00e+00    0 0.00e+00 100
VecAXPBYCZ           152 1.0 6.5483e-04 1.2 1.85e+07 1.1 0.0e+00 0.0e+00 0.0e+00  0  0  0  0  0   0  0  0  0  0 221595       0      0 0.00e+00    0 0.00e+00 100
VecPointwiseMult     133 1.0 6.4035e-04 4.5 7.98e+02 0.0 0.0e+00 0.0e+00 0.0e+00  0  0  0  0  0   0  0  0  0  0     1       0      0 0.00e+00    0 0.00e+00 100
VecReciprocal          1 1.0 4.5290e-06 3.2 0.00e+00 0.0 0.0e+00 0.0e+00 0.0e+00  0  0  0  0  0   0  0  0  0  0     0       0      0 0.00e+00    0 0.00e+00  0
VecScatterBegin      629 1.0 3.8794e-02 1.6 0.00e+00 0.0 1.2e+04 2.0e+04 0.0e+00  0  0 39 12  0   4  0 99 65  0     0       0      0 0.00e+00    0 0.00e+00  0
VecScatterEnd        629 1.0 3.4526e-02 1.9 4.56e+04 1.9 0.0e+00 0.0e+00 0.0e+00  0  0  0  0  0   4  0  0  0  0     9       0      0 0.00e+00    0 0.00e+00 100
MatMult             1873 1.9 5.3584e-02 1.1 3.82e+09 1.3 9.4e+03 2.5e+04 0.0e+00  0 38 31 11  0   8 83 80 64  0 548813       0      0 0.00e+00    0 0.00e+00 100
MatMultAdd            76 1.0 7.5435e-03 1.1 1.16e+08 1.3 1.1e+03 2.3e+03 0.0e+00  0  1  4  0  0   1  2  9  1  0 117236       0      0 0.00e+00    0 0.00e+00 100
MatMultTranspose      76 1.0 1.2596e-02 1.5 1.16e+08 1.3 1.1e+03 2.3e+03 0.0e+00  0  1  4  0  0   1  2  9  1  0 70234       0      0 0.00e+00    0 0.00e+00 100
MatResidual           76 1.0 1.3438e-02 1.2 6.99e+08 1.3 1.8e+03 2.3e+04 0.0e+00  0  7  6  2  0   2 15 16 12  0 400894       0      0 0.00e+00    0 0.00e+00 100
MatPtAPNumeric         4 1.0 3.9757e-02 2.0 0.00e+00 0.0 1.5e+02 8.5e+05 0.0e+00  0  0  0  6  0   4  0  1 35  0     0       0      0 0.00e+00    0 0.00e+00  0
KSPSetUp               1 1.0 3.8000e-07 1.9 0.00e+00 0.0 0.0e+00 0.0e+00 0.0e+00  0  0  0  0  0   0  0  0  0  0     0       0      0 0.00e+00    0 0.00e+00  0
KSPSolve               1 1.0 1.1363e-01 1.0 3.79e+09 1.3 1.1e+04 2.0e+04 0.0e+00  0 38 35 11  0  17 82 90 59  0 257013       0      0 0.00e+00    0 0.00e+00 100
SNESSolve              1 1.0 6.6360e-01 1.0 4.58e+09 1.3 1.2e+04 3.1e+04 0.0e+00  1 46 39 18  0 100 100 100 100  0 53417       0      6 4.16e+00    3 2.74e+00 91
SNESFunctionEval       1 1.0 5.1117e-01 1.0 4.10e+08 1.0 1.4e+01 9.5e+04 0.0e+00  1  4  0  0  0  76  9  0  0  0  6403       0      2 1.83e+00    3 2.74e+00  0
PCSetUp_GAMG+          1 1.0 5.8071e-02 1.5 3.85e+08 1.3 1.1e+03 1.3e+05 0.0e+00  0  4  4  7  0   7  8  9 41  0 51105       0      4 2.33e+00    0 0.00e+00 100
PCGAMG Gal l00         1 1.0 3.3797e-02 2.4 0.00e+00 0.0 2.8e+01 3.9e+06 0.0e+00  0  0  0  5  0   3  0  0 30  0     0       0      0 0.00e+00    0 0.00e+00  0
PCGAMG Gal l01         1 1.0 7.7526e-03 1.9 0.00e+00 0.0 5.7e+01 3.0e+05 0.0e+00  0  0  0  1  0   1  0  0  5  0     0       0      0 0.00e+00    0 0.00e+00  0
PCGAMG Gal l02         1 1.0 1.6417e-03 1.4 0.00e+00 0.0 5.7e+01 1.0e+04 0.0e+00  0  0  0  0  0   0  0  0  0  0     0       0      0 0.00e+00    0 0.00e+00  0
PCGAMG Gal l03         1 1.0 6.7435e-04 1.4 0.00e+00 0.0 7.0e+00 1.2e+03 0.0e+00  0  0  0  0  0   0  0  0  0  0     0       0      0 0.00e+00    0 0.00e+00  0
PCSetUp                1 1.0 5.8074e-02 1.5 3.85e+08 1.3 1.1e+03 1.3e+05 0.0e+00  0  4  4  7  0   7  8  9 41  0 51103       0      4 2.33e+00    0 0.00e+00 100
PCApply               19 1.0 9.8078e-02 1.0 3.10e+09 1.3 1.0e+04 1.7e+04 0.0e+00  0 31 35  9  0  15 67 88 48  0 243440       0      0 0.00e+00    0 0.00e+00 100
---------------------------------------------------------------------------------------------------------------------------------------------------------------

Object Type          Creations   Destructions. Reports information only for process 0.

--- Event Stage 0: Main Stage

           Container     2             34
    Distributed Mesh     0             39
            DM Label     0             57
          Quadrature     1            236
           Index Set    25            127
   IS L to G Mapping     0             97
             Section     0            114
   Star Forest Graph     0             85
     Discrete System     0             39
           Weak Form     0             40
    GraphPartitioner     0             15
              Vector     1             87
        Linear Space     0              6
          Dual Space     0             16
            FE Space     0              4
              Matrix     0             64
      Matrix Coarsen     0              1
   Matrix Null Space     0              1
                SNES     0              1
              DMSNES     0              1
       Krylov Solver     0             10
     DMKSP interface     0              1
       Field over DM     1              1
      Preconditioner     0              6
              Viewer     0              1

--- Event Stage 1: Mesh Setup

           Container    93             61
    Distributed Mesh   118             82
            DM Label   296            239
          Quadrature   533            298
           Index Set  1340           1241
   IS L to G Mapping   290            193
             Section   390            276
   Star Forest Graph   313            254
     Discrete System   175            139
           Weak Form   177            140
    GraphPartitioner    53             38
              Vector    78             51
  PetscDeviceContext     1              0
        Linear Space    12              6
          Dual Space    63             47
            FE Space     6              2
              Matrix   178            151
   Matrix Null Space     1              0
                SNES     1              0
              DMSNES     1              0
       Krylov Solver     1              0
       Field over DM     1              1
      Preconditioner     1              0
              Viewer     1              0

--- Event Stage 2: Solve 0

           Container     3              3
    Distributed Mesh     3              0
          Quadrature     1              1
           Index Set   108            105
   Star Forest Graph    58             32
     Discrete System     3              0
           Weak Form     3              0
              Vector   287            228
              Matrix    94             57
      Matrix Coarsen     4              3
       Krylov Solver    13              4
     DMKSP interface     1              0
      Preconditioner    13              8
         PetscRandom     4              4

--- Event Stage 3: Hot Solve

          Quadrature     1              1
           Index Set    33             33
              Vector    12             12
========================================================================================================================
Average time to get PetscTime(): 3.51e-08
Average time for MPI_Barrier(): 1.84818e-05
Average time for zero size MPI_Send(): 1.38293e-05
#PETSc Option Table entries:
-dm_mat_type aijkokkos # (source: command line)
-dm_plex_box_faces 32,32,32 # (source: command line)
-dm_plex_box_lower 0,0,0 # (source: command line)
-dm_plex_box_upper 1,1,1 # (source: command line)
-dm_plex_dim 3 # (source: command line)
-dm_plex_simplex 0 # (source: command line)
-dm_vec_type kokkos # (source: command line)
-ksp_converged_reason # (source: command line)
-ksp_norm_type unpreconditioned # (source: command line)
-ksp_rtol 1e-6 # (source: command line)
-ksp_type cg # (source: command line)
-log_view # (source: command line)
-max_conv_its 1 # (source: command line)
-mg_coarse_ksp_type cg # (source: command line)
-mg_coarse_pc_type jacobi # (source: command line)
-mg_levels_ksp_type chebyshev # (source: command line)
-mg_levels_pc_type pbjacobi # (source: command line)
-my_mat_view ::ascii_info # (source: command line)
-n_solves 2 # (source: command line)
-pc_gamg_agg_nsmooths 1 # (source: command line)
-pc_gamg_coarse_eq_limit 20 # (source: command line)
-pc_gamg_parallel_coarse_grid_solver # (source: command line)
-pc_gamg_reuse_interpolation true # (source: command line)
-pc_gamg_type agg # (source: command line)
-pc_type gamg # (source: command line)
-petscpartitioner_type simple # (source: command line)
-petscspace_degree 2 # (source: command line)
-run_type 1 # (source: command line)
-snes_lag_jacobian -2 # (source: command line)
-snes_type ksponly # (source: command line)
-use_mat_nearnullspace true # (source: command line)
#End of PETSc Option Table entries
Compiled without FORTRAN kernels
Compiled with full precision matrices (default)
sizeof(short) 2 sizeof(int) 4 sizeof(long) 8 sizeof(void*) 8 sizeof(PetscScalar) 8 sizeof(PetscInt) 4
Configure options: --with-make-np=8 --with-mpiexec="srun -G4 --gpu-bind=none" --with-batch=0 --download-triangle=1 --with-cc=cc --with-cxx=CC --with-fc=0 --with-debugging=0 --with-cuda=1 --with-cuda-arch=80 --download-kokkos --download-kokkos-kernels PETSC_ARCH=arch-perlmutter-opt-gcc-kokkos-cuda
-----------------------------------------
Libraries compiled on 2026-06-19 13:41:00 on login10
Machine characteristics: Linux-6.4.0-150600.23.103_15.0.24-cray_shasta_c-x86_64-with-glibc2.3.4
Using PETSc directory: /global/u2/m/madams/petsc
Using PETSc arch: arch-perlmutter-opt-gcc-kokkos-cuda
-----------------------------------------

Using C compiler: cc  -fPIC -Wall -Wwrite-strings -Wno-unknown-pragmas -Wno-lto-type-mismatch -Wno-stringop-overflow -fstack-protector -fvisibility=hidden -g -O 
-----------------------------------------

Using include paths: -I/global/u2/m/madams/petsc/include -I/global/u2/m/madams/petsc/arch-perlmutter-opt-gcc-kokkos-cuda/include -I/opt/nvidia/hpc_sdk/Linux_x86_64/25.5/cuda/12.9/include -I/opt/nvidia/hpc_sdk/Linux_x86_64/25.5/math_libs/12.9/include
-----------------------------------------

Using C linker: cc
Using libraries: -Wl,-rpath,/global/u2/m/madams/petsc/arch-perlmutter-opt-gcc-kokkos-cuda/lib -L/global/u2/m/madams/petsc/arch-perlmutter-opt-gcc-kokkos-cuda/lib -lpetsc -Wl,-rpath,/global/u2/m/madams/petsc/arch-perlmutter-opt-gcc-kokkos-cuda/lib -L/global/u2/m/madams/petsc/arch-perlmutter-opt-gcc-kokkos-cuda/lib -Wl,-rpath,/opt/nvidia/hpc_sdk/Linux_x86_64/25.5/cuda/12.9/lib64 -L/opt/nvidia/hpc_sdk/Linux_x86_64/25.5/cuda/12.9/lib64 -Wl,-rpath,/opt/nvidia/hpc_sdk/Linux_x86_64/25.5/math_libs/12.9/lib64 -L/opt/nvidia/hpc_sdk/Linux_x86_64/25.5/math_libs/12.9/lib64 -L/opt/nvidia/hpc_sdk/Linux_x86_64/25.5/cuda/12.9/lib64/stubs -lkokkoskernels -lkokkoscontainers -lkokkoscore -lkokkossimd -ltriangle -lcudart -lnvtx3interop -lcufft -lcublas -lcusparse -lcusolver -lcurand -lcuda -lnvidia-ml -lX11 -lstdc++ -lquadmath
-----------------------------------------

