0 TS dt 0.0001 time 0.
1 TS dt 0.001 time 0.0001
2 TS dt 0.00341462 time 0.0011
3 TS dt 0.00725512 time 0.00451462
4 TS dt 0.01275 time 0.0117697
5 TS dt 0.0192669 time 0.0245198
6 TS dt 0.0261629 time 0.0437867
7 TS dt 0.0326855 time 0.0699496
8 TS dt 0.0379285 time 0.102635
9 TS dt 0.043231 time 0.140564
10 TS dt 0.0502443 time 0.183795
11 TS dt 0.0601266 time 0.234039
12 TS dt 0.0747122 time 0.294166
13 TS dt 0.0978586 time 0.368878
14 TS dt 0.138908 time 0.466736
15 TS dt 0.225856 time 0.605644
16 TS dt 0.479879 time 0.8315
17 TS dt 2.28375 time 1.31138
TS Object: 1 MPI processes
  type: rosw
    Rosenbrock-W ra34pw2
    Abscissa of A       =  0.000000  0.871733  0.731580  1.000000 
    Abscissa of A+Gamma =  0.435867  0.871733  0.731580  1.000000 
  maximum time=1.
  total number of I function evaluations=170
  total number of nonlinear solver iterations=68
  total number of linear solver iterations=68
  total number of linear solve failures=0
  total number of rejected steps=0
  using relative error tolerance of 0.0001,   using absolute error tolerance of 0.0001
  TSAdapt Object: 1 MPI processes
    type: basic
    safety factor 0.9
    extra safety factor after step rejection 0.5
    clip fastest increase 10.
    clip fastest decrease 0.1
    maximum allowed timestep 1e+20
    minimum allowed timestep 1e-20
    maximum solution absolute value to be ignored -1.
  SNES Object: 1 MPI processes
    type: ksponly
    maximum iterations=50, maximum function evaluations=10000
    tolerances: relative=1e-08, absolute=1e-50, solution=1e-08
    total number of linear solver iterations=1
    total number of function evaluations=1
    norm schedule ALWAYS
    Jacobian is built using finite differences with coloring
    KSP Object: 1 MPI processes
      type: gmres
        restart=30, using Classical (unmodified) Gram-Schmidt Orthogonalization with no iterative refinement
        happy breakdown tolerance 1e-30
      maximum iterations=10000, initial guess is zero
      tolerances:  relative=1e-05, absolute=1e-50, divergence=10000.
      left preconditioning
      using PRECONDITIONED norm type for convergence test
    PC Object: 1 MPI processes
      type: lu
        out-of-place factorization
        tolerance for zero pivot 2.22045e-14
        matrix ordering: nd
        factor fill ratio given 5., needed 1.47059
          Factored matrix follows:
            Mat Object: 1 MPI processes
              type: seqaij
              rows=58, cols=58, bs=2
              package used to perform factorization: petsc
              total: nonzeros=500, allocated nonzeros=500
                using I-node routines: found 29 nodes, limit used is 5
      linear system matrix = precond matrix:
      Mat Object: 1 MPI processes
        type: seqaij
        rows=58, cols=58, bs=2
        total: nonzeros=340, allocated nonzeros=348
        total number of mallocs used during MatSetValues calls=0
          using I-node routines: found 29 nodes, limit used is 5
