0 TS dt 0.5 time 0.
      0 KSP Residual norm 0.0286556 
      1 KSP Residual norm 0.000109976 
      2 KSP Residual norm 6.44299e-07 
      3 KSP Residual norm 4.34176e-09 
      0 KSP Residual norm 4.9017e-06 
      1 KSP Residual norm 4.43233e-08 
      2 KSP Residual norm 2.730e-10 
      3 KSP Residual norm 2.730e-10 
1 TS dt 0.5 time 0.5
      0 KSP Residual norm 0.027163 
      1 KSP Residual norm 0.000269769 
      2 KSP Residual norm 2.38898e-06 
      3 KSP Residual norm 3.24652e-08
      4 KSP Residual norm 3.24652e-08
      0 KSP Residual norm 4.74244e-06 
      1 KSP Residual norm 1.75243e-07 
      2 KSP Residual norm 4.04264e-09 
      3 KSP Residual norm 8.762e-11 
2 TS dt 0.5 time 1.
2 TS dt -0.5 time 1.
      0 KSP Residual norm 1.34043 
      1 KSP Residual norm 0.00619865 
      2 KSP Residual norm 5.46246e-05 
      3 KSP Residual norm 5.01827e-07 
1 TS dt -0.5 time 0.5
      0 KSP Residual norm 1.20401 
      1 KSP Residual norm 0.00897328 
      2 KSP Residual norm 0.000135086 
      3 KSP Residual norm 1.57952e-06 
      4 KSP Residual norm 1.57952e-06 
0 TS dt -0.5 time 0.5
