0 TS dt 0.5 time 0.
      0 KSP Residual norm 0.0280516 
      1 KSP Residual norm 0.000563522 
      2 KSP Residual norm 8.55167e-06 
      3 KSP Residual norm 1.42625e-07 
      0 KSP Residual norm 4.8533e-06 
      1 KSP Residual norm 4.33294e-08 
      2 KSP Residual norm 2.735e-10 
      3 KSP Residual norm < 1.e-11
1 TS dt 0.5 time 0.5
      0 KSP Residual norm 0.0273993 
      1 KSP Residual norm 8.16597e-05 
      2 KSP Residual norm 6.42258e-07 
      3 KSP Residual norm 5.46189e-09 
      0 KSP Residual norm 4.89165e-06 
      1 KSP Residual norm 4.67485e-08 
      2 KSP Residual norm 2.868e-10 
      3 KSP Residual norm < 1.e-11
2 TS dt 0.5 time 1.
2 TS dt -0.5 time 1.
      0 KSP Residual norm 1.34077 
      1 KSP Residual norm 0.00540849 
      2 KSP Residual norm 3.92161e-05 
      3 KSP Residual norm 3.41663e-07 
1 TS dt -0.5 time 0.5
      0 KSP Residual norm 1.21068 
      1 KSP Residual norm 0.00457402 
      2 KSP Residual norm 3.04751e-05 
      3 KSP Residual norm 2.55731e-07 
0 TS dt -0.5 time 0.5
