0 TS dt 0.5 time 0.
      0 KSP Residual norm 0.0286956 
      1 KSP Residual norm 7.72418e-05 
      2 KSP Residual norm 6.5709e-07 
      3 KSP Residual norm 6.07945e-09 
      0 KSP Residual norm 4.90403e-06 
      1 KSP Residual norm 4.27652e-08 
      2 KSP Residual norm 2.780e-10 
      3 KSP Residual norm < 1.e-11
1 TS dt 0.5 time 0.5
      0 KSP Residual norm 0.0274046 
      1 KSP Residual norm 7.69403e-05 
      2 KSP Residual norm 6.66046e-07 
      3 KSP Residual norm 6.09599e-09 
      0 KSP Residual norm 4.89437e-06 
      1 KSP Residual norm 4.49947e-08 
      2 KSP Residual norm 2.924e-10 
      3 KSP Residual norm < 1.e-11
2 TS dt 0.5 time 1.
2 TS dt -0.5 time 1.
      0 KSP Residual norm 1.34023 
      1 KSP Residual norm 0.00654521 
      2 KSP Residual norm 5.96856e-05 
      3 KSP Residual norm 5.844e-07 
1 TS dt -0.5 time 0.5
      0 KSP Residual norm 1.21039 
      1 KSP Residual norm 0.0055752 
      2 KSP Residual norm 5.04907e-05 
      3 KSP Residual norm 5.09351e-07 
0 TS dt -0.5 time 0.5
