  Linear solve converged due to CONVERGED_RTOL iterations 24
  Linear solve converged due to CONVERGED_RTOL iterations 24
  Linear solve converged due to CONVERGED_RTOL iterations 24
[0]main |b-Ax|/|b|=7.102693e-07, |b|=3.122584e+00, emax=9.984292e-01
****************************************************************************************************************************************************************
***                                WIDEN YOUR WINDOW TO 160 CHARACTERS.  Use 'enscript -r -fCourier9' to print this document                                 ***
****************************************************************************************************************************************************************

------------------------------------------------------------------ PETSc Performance Summary: ------------------------------------------------------------------

/global/homes/m/madams/petsc/arch-perlmutter-opt-gcc-kokkos-cuda-notpl/tests/ksp/ksp/tutorials/ex56 on a arch-perlmutter-opt-gcc-kokkos-cuda-notpl named nid001161 with 1 process and CUDA architecture 80, by madams on Mon Jun 22 07:46:56 2026
Using PETSc Development Git Revision: v3.25.2-340-g83d2bd4a8b4 Git Date: 2026-06-21 14:23:19 -0400

                         Max       Max/Min     Avg       Total
Time (sec):           1.993e+00     1.000   1.993e+00
Objects:              0.000e+00     0.000   0.000e+00
Flops:                7.764e+09     1.000   7.764e+09  7.764e+09
Flops/sec:            3.896e+09     1.000   3.896e+09  3.896e+09
MPI Msg Count:        0.000e+00     0.000   0.000e+00  0.000e+00
MPI Msg Len (bytes):  0.000e+00     0.000   0.000e+00  0.000e+00
MPI Reductions:       0.000e+00     0.000

Flop counting convention: 1 flop = 1 real number operation of type (multiply/divide/add/subtract)
                            e.g., VecAXPY() for real vectors of length N --> 2N flops
                            and VecAXPY() for complex vectors of length N --> 8N flops

Summary of Stages:   ----- Time ------  ----- Flop ------  --- Messages ---  -- Message Lengths --  -- Reductions --
                        Avg     %Total     Avg     %Total    Count   %Total     Avg         %Total    Count   %Total
 0:      Main Stage: 5.5193e-01  27.7%  2.1144e+07   0.3%  0.000e+00   0.0%  0.000e+00        0.0%  0.000e+00   0.0%
 1:           Setup: 1.2763e+00  64.0%  3.7963e+08   4.9%  0.000e+00   0.0%  0.000e+00        0.0%  0.000e+00   0.0%
 2:           Solve: 4.8356e-02   2.4%  2.3857e+09  30.7%  0.000e+00   0.0%  0.000e+00        0.0%  0.000e+00   0.0%
 3:       2nd Setup: 2.2140e-02   1.1%  1.9859e+08   2.6%  0.000e+00   0.0%  0.000e+00        0.0%  0.000e+00   0.0%
 4:       2nd Solve: 4.7122e-02   2.4%  2.3857e+09  30.7%  0.000e+00   0.0%  0.000e+00        0.0%  0.000e+00   0.0%
 5:       3rd Setup: 2.3000e-07   0.0%  0.0000e+00   0.0%  0.000e+00   0.0%  0.000e+00        0.0%  0.000e+00   0.0%
 6:       3rd Solve: 4.7121e-02   2.4%  2.3932e+09  30.8%  0.000e+00   0.0%  0.000e+00        0.0%  0.000e+00   0.0%

------------------------------------------------------------------------------------------------------------------------
See the 'Profiling' chapter of the users' manual for details on interpreting output.
Phase summary info:
   Count: number of times phase was executed
   Time and Flop: Max - maximum over all processes
                  Ratio - ratio of maximum to minimum over all processes
   Mess: number of messages sent
   AvgLen: average message length (bytes)
   Reduct: number of global reductions
   Global: entire computation
   Stage: stages of a computation. Set stages with PetscLogStagePush() and PetscLogStagePop().
      %T - percent time in this phase         %F - percent flop in this phase
      %M - percent messages in this phase     %L - percent message lengths in this phase
      %R - percent reductions in this phase
   Total Mflop/s: 1e-6 * (sum of flop over all processes)/(max time over all processes)
   GPU Mflop/s: 1e-6 * (sum of flop on GPU over all processes)/(max GPU time over all processes)
   CpuToGpu Count: total number of CPU to GPU copies per processor
   CpuToGpu Size (Mbytes): 1e-6 * (total size of CPU to GPU copies per processor)
   GpuToCpu Count: total number of GPU to CPU copies per processor
   GpuToCpu Size (Mbytes): 1e-6 * (total size of GPU to CPU copies per processor)
   GPU %F: percent flops on GPU in this event
------------------------------------------------------------------------------------------------------------------------
Event                Count      Time (sec)     Flop                              --- Global ---  --- Stage ----  Total   GPU    - CpuToGpu -   - GpuToCpu - GPU
                   Max Ratio  Max     Ratio   Max  Ratio  Mess   AvgLen  Reduct  %T %F %M %L %R  %T %F %M %L %R Mflop/s Mflop/s Count   Size   Count   Size  %F
---------------------------------------------------------------------------------------------------------------------------------------------------------------

--- Event Stage 0: Main Stage

BuildTwoSided          2 1.0 2.3004e-05 1.0 0.00e+00 0.0 0.0e+00 0.0e+00 0.0e+00  0  0  0  0  0   0  0  0  0  0     0       0      0 0.00e+00    0 0.00e+00  0
BuildTwoSidedF         2 1.0 3.2654e-05 1.0 0.00e+00 0.0 0.0e+00 0.0e+00 0.0e+00  0  0  0  0  0   0  0  0  0  0     0       0      0 0.00e+00    0 0.00e+00  0
MatMult                1 1.0 2.3095e-05 1.0 1.50e+07 1.0 0.0e+00 0.0e+00 0.0e+00  0  0  0  0  0   0 71  0  0  0 647348       0      0 0.00e+00    0 0.00e+00 100
MatAssemblyBegin       1 1.0 7.2721e-05 1.0 0.00e+00 0.0 0.0e+00 0.0e+00 0.0e+00  0  0  0  0  0   0  0  0  0  0     0       0      0 0.00e+00    0 0.00e+00  0
MatAssemblyEnd         1 1.0 1.7051e-02 1.0 0.00e+00 0.0 0.0e+00 0.0e+00 0.0e+00  1  0  0  0  0   3  0  0  0  0     0       0      0 0.00e+00    0 0.00e+00  0
DCtxCreate             1 1.0 4.6189e-05 1.0 0.00e+00 0.0 0.0e+00 0.0e+00 0.0e+00  0  0  0  0  0   0  0  0  0  0     0       0      0 0.00e+00    0 0.00e+00  0
DCtxDestroy            1 1.0 2.3345e-05 1.0 0.00e+00 0.0 0.0e+00 0.0e+00 0.0e+00  0  0  0  0  0   0  0  0  0  0     0       0      0 0.00e+00    0 0.00e+00  0
DCtxSetUp              1 1.0 8.7570e-06 1.0 0.00e+00 0.0 0.0e+00 0.0e+00 0.0e+00  0  0  0  0  0   0  0  0  0  0     0       0      0 0.00e+00    0 0.00e+00  0
DCtxSetDevice          1 1.0 1.6121e-05 1.0 0.00e+00 0.0 0.0e+00 0.0e+00 0.0e+00  0  0  0  0  0   0  0  0  0  0     0       0      0 0.00e+00    0 0.00e+00  0
VecMDot                3 1.0 4.8381e-04 1.0 2.36e+06 1.0 0.0e+00 0.0e+00 0.0e+00  0  0  0  0  0   0 11  0  0  0  4877       0      0 0.00e+00    0 0.00e+00  0
VecNorm                5 1.0 1.1204e-04 1.0 9.83e+05 1.0 0.0e+00 0.0e+00 0.0e+00  0  0  0  0  0   0  5  0  0  0  8774       0      0 0.00e+00    0 0.00e+00 40
VecScale               3 1.0 4.9946e-05 1.0 2.95e+05 1.0 0.0e+00 0.0e+00 0.0e+00  0  0  0  0  0   0  1  0  0  0  5905       0      0 0.00e+00    0 0.00e+00  0
VecAXPY                1 1.0 3.6801e-05 1.0 1.97e+05 1.0 0.0e+00 0.0e+00 0.0e+00  0  0  0  0  0   0  1  0  0  0  5342       0      0 0.00e+00    0 0.00e+00 100
VecMAXPY               3 1.0 2.8445e-04 1.0 2.36e+06 1.0 0.0e+00 0.0e+00 0.0e+00  0  0  0  0  0   0 11  0  0  0  8294       0      0 0.00e+00    0 0.00e+00  0
VecAssemblyBegin       1 1.0 3.0000e-07 1.0 0.00e+00 0.0 0.0e+00 0.0e+00 0.0e+00  0  0  0  0  0   0  0  0  0  0     0       0      0 0.00e+00    0 0.00e+00  0
VecAssemblyEnd         1 1.0 9.0000e-08 1.0 0.00e+00 0.0 0.0e+00 0.0e+00 0.0e+00  0  0  0  0  0   0  0  0  0  0     0       0      0 0.00e+00    0 0.00e+00  0
VecNormalize           3 1.0 1.2659e-04 1.0 8.85e+05 1.0 0.0e+00 0.0e+00 0.0e+00  0  0  0  0  0   0  4  0  0  0  6989       0      0 0.00e+00    0 0.00e+00  0

--- Event Stage 1: Setup

BuildTwoSided         93 1.0 7.9923e-05 1.0 0.00e+00 0.0 0.0e+00 0.0e+00 0.0e+00  0  0  0  0  0   0  0  0  0  0     0       0      0 0.00e+00    0 0.00e+00  0
BuildTwoSidedF        23 1.0 3.3693e-05 1.0 0.00e+00 0.0 0.0e+00 0.0e+00 0.0e+00  0  0  0  0  0   0  0  0  0  0     0       0      0 0.00e+00    0 0.00e+00  0
MatMult               80 1.0 1.0065e-03 1.0 3.42e+08 1.0 0.0e+00 0.0e+00 0.0e+00  0  4  0  0  0   0 90  0  0  0 339633       0      3 0.00e+00    0 0.00e+00 100
MatConvert            16 1.0 6.2969e-01 1.0 0.00e+00 0.0 0.0e+00 0.0e+00 0.0e+00 32  0  0  0  0  49  0  0  0  0     0       0      0 0.00e+00    8 2.00e+01  0
MatScale              12 1.0 1.5539e-03 1.0 4.22e+06 1.0 0.0e+00 0.0e+00 0.0e+00  0  0  0  0  0   0  1  0  0  0  2718       0      0 0.00e+00    0 0.00e+00 59
MatAssemblyBegin      68 1.0 1.4480e-04 1.0 0.00e+00 0.0 0.0e+00 0.0e+00 0.0e+00  0  0  0  0  0   0  0  0  0  0     0       0      0 0.00e+00    0 0.00e+00  0
MatAssemblyEnd        68 1.0 1.6858e-02 1.0 0.00e+00 0.0 0.0e+00 0.0e+00 0.0e+00  1  0  0  0  0   1  0  0  0  0     0       0      0 0.00e+00    0 0.00e+00  0
MatSetValues     3494847 1.0 4.6487e-01 1.0 1.48e+06 1.0 0.0e+00 0.0e+00 0.0e+00 23  0  0  0  0  36  0  0  0  0     3       0      0 0.00e+00    0 0.00e+00  0
MatGetRow         411096 1.0 3.8214e-02 1.0 0.00e+00 0.0 0.0e+00 0.0e+00 0.0e+00  2  0  0  0  0   3  0  0  0  0     0       0      0 0.00e+00    0 0.00e+00  0
MatCoarsen             4 1.0 3.1392e-03 1.0 0.00e+00 0.0 0.0e+00 0.0e+00 0.0e+00  0  0  0  0  0   0  0  0  0  0     0       0      0 0.00e+00    0 0.00e+00  0
MatAXPY                8 1.0 7.0702e-01 1.0 1.48e+06 1.0 0.0e+00 0.0e+00 0.0e+00 35  0  0  0  0  55  0  0  0  0     2       0      0 0.00e+00    8 2.00e+01  0
MatTranspose           9 1.0 1.5115e-02 1.0 0.00e+00 0.0 0.0e+00 0.0e+00 0.0e+00  1  0  0  0  0   1  0  0  0  0     0       0      0 0.00e+00    0 0.00e+00  0
MatMatMultSym          4 1.0 7.9820e-02 1.0 0.00e+00 0.0 0.0e+00 0.0e+00 0.0e+00  4  0  0  0  0   6  0  0  0  0     0       0      0 0.00e+00   28 1.18e+02  0
MatMatMultNum          4 1.0 6.5100e-07 1.0 0.00e+00 0.0 0.0e+00 0.0e+00 0.0e+00  0  0  0  0  0   0  0  0  0  0     0       0      0 0.00e+00    0 0.00e+00  0
MatPtAPSymbolic        4 1.0 1.8450e-01 1.0 0.00e+00 0.0 0.0e+00 0.0e+00 0.0e+00  9  0  0  0  0  14  0  0  0  0     0       0      0 0.00e+00   28 1.26e+02  0
MatPtAPNumeric         4 1.0 7.0100e-07 1.0 0.00e+00 0.0 0.0e+00 0.0e+00 0.0e+00  0  0  0  0  0   0  0  0  0  0     0       0      0 0.00e+00    0 0.00e+00  0
MatTrnMatMultSym       1 1.0 1.3481e-01 1.0 0.00e+00 0.0 0.0e+00 0.0e+00 0.0e+00  7  0  0  0  0  11  0  0  0  0     0       0      0 0.00e+00    0 0.00e+00  0
MatCreateGraph         4 1.0 8.0541e-02 1.0 2.58e+06 1.0 0.0e+00 0.0e+00 0.0e+00  4  0  0  0  0   6  1  0  0  0    32       0      0 0.00e+00    6 8.57e+00  0
MatSetPreallCOO        8 1.0 2.6850e-02 1.0 0.00e+00 0.0 0.0e+00 0.0e+00 0.0e+00  1  0  0  0  0   2  0  0  0  0     0       0      0 0.00e+00   24 2.86e+01  0
MatSetValuesCOO        8 1.0 4.8913e-04 1.0 0.00e+00 0.0 0.0e+00 0.0e+00 0.0e+00  0  0  0  0  0   0  0  0  0  0     0       0      0 0.00e+00    0 0.00e+00  0
KSPSetUp               1 1.0 1.3113e-03 1.0 0.00e+00 0.0 0.0e+00 0.0e+00 0.0e+00  0  0  0  0  0   0  0  0  0  0     0       0      0 0.00e+00    0 0.00e+00  0
PCSetUp_GAMG+          1 1.0 1.2750e+00 1.0 3.80e+08 1.0 0.0e+00 0.0e+00 0.0e+00 64  5  0  0  0 100 100  0  0  0   298       0      3 0.00e+00   70 2.72e+02 99
 PCGAMGCreateG         4 1.0 8.0548e-02 1.0 2.58e+06 1.0 0.0e+00 0.0e+00 0.0e+00  4  0  0  0  0   6  1  0  0  0    32       0      0 0.00e+00    6 8.57e+00  0
 GAMG Coarsen          8 1.0 1.6164e-01 1.0 0.00e+00 0.0 0.0e+00 0.0e+00 0.0e+00  8  0  0  0  0  13  0  0  0  0     0       0      0 0.00e+00    0 0.00e+00  0
  GAMG MIS/Agg         4 1.0 1.3804e-01 1.0 0.00e+00 0.0 0.0e+00 0.0e+00 0.0e+00  7  0  0  0  0  11  0  0  0  0     0       0      0 0.00e+00    0 0.00e+00  0
 PCGAMGProl            4 1.0 7.4287e-02 1.0 0.00e+00 0.0 0.0e+00 0.0e+00 0.0e+00  4  0  0  0  0   6  0  0  0  0     0       0      0 0.00e+00    0 0.00e+00  0
  GAMG Prol-col        4 1.0 2.5951e-05 1.0 0.00e+00 0.0 0.0e+00 0.0e+00 0.0e+00  0  0  0  0  0   0  0  0  0  0     0       0      0 0.00e+00    0 0.00e+00  0
  GAMG Prol-lift       4 1.0 6.9287e-02 1.0 0.00e+00 0.0 0.0e+00 0.0e+00 0.0e+00  3  0  0  0  0   5  0  0  0  0     0       0      0 0.00e+00    0 0.00e+00  0
 PCGAMGOptProl         4 1.0 7.5928e-01 1.0 1.86e+08 1.0 0.0e+00 0.0e+00 0.0e+00 38  2  0  0  0  59 49  0  0  0   245       0      3 0.00e+00   36 1.38e+02 100
  GAMG smooth          4 1.0 7.4774e-01 1.0 3.12e+06 1.0 0.0e+00 0.0e+00 0.0e+00 38  0  0  0  0  59  1  0  0  0     4       0      0 0.00e+00   36 1.38e+02 80
 PCGAMGCreateL         4 1.0 1.8457e-01 1.0 0.00e+00 0.0 0.0e+00 0.0e+00 0.0e+00  9  0  0  0  0  14  0  0  0  0     0       0      0 0.00e+00   28 1.26e+02  0
  GAMG PtAP            4 1.0 1.8456e-01 1.0 0.00e+00 0.0 0.0e+00 0.0e+00 0.0e+00  9  0  0  0  0  14  0  0  0  0     0       0      0 0.00e+00   28 1.26e+02  0
PCGAMG Squ l00         1 1.0 1.3481e-01 1.0 0.00e+00 0.0 0.0e+00 0.0e+00 0.0e+00  7  0  0  0  0  11  0  0  0  0     0       0      0 0.00e+00    0 0.00e+00  0
PCGAMG Gal l00         1 1.0 1.6207e-01 1.0 0.00e+00 0.0 0.0e+00 0.0e+00 0.0e+00  8  0  0  0  0  13  0  0  0  0     0       0      0 0.00e+00    7 1.12e+02  0
PCGAMG Opt l00         1 1.0 6.6416e-02 1.0 0.00e+00 0.0 0.0e+00 0.0e+00 0.0e+00  3  0  0  0  0   5  0  0  0  0     0       0      0 0.00e+00    7 1.06e+02  0
PCGAMG Gal l01         1 1.0 1.3048e-02 1.0 0.00e+00 0.0 0.0e+00 0.0e+00 0.0e+00  1  0  0  0  0   1  0  0  0  0     0       0      0 0.00e+00    7 1.26e+01  0
PCGAMG Opt l01         1 1.0 7.0712e-03 1.0 0.00e+00 0.0 0.0e+00 0.0e+00 0.0e+00  0  0  0  0  0   1  0  0  0  0     0       0      0 0.00e+00    7 1.13e+01  0
PCGAMG Gal l02         1 1.0 5.8852e-03 1.0 0.00e+00 0.0 0.0e+00 0.0e+00 0.0e+00  0  0  0  0  0   0  0  0  0  0     0       0      0 0.00e+00    7 1.05e+00  0
PCGAMG Opt l02         1 1.0 3.8088e-03 1.0 0.00e+00 0.0 0.0e+00 0.0e+00 0.0e+00  0  0  0  0  0   0  0  0  0  0     0       0      0 0.00e+00    7 1.07e+00  0
PCGAMG Gal l03         1 1.0 3.5464e-03 1.0 0.00e+00 0.0 0.0e+00 0.0e+00 0.0e+00  0  0  0  0  0   0  0  0  0  0     0       0      0 0.00e+00    7 1.07e-02  0
PCGAMG Opt l03         1 1.0 2.5624e-03 1.0 0.00e+00 0.0 0.0e+00 0.0e+00 0.0e+00  0  0  0  0  0   0  0  0  0  0     0       0      0 0.00e+00    7 1.30e-02  0
PCSetUp                1 1.0 1.2750e+00 1.0 3.80e+08 1.0 0.0e+00 0.0e+00 0.0e+00 64  5  0  0  0 100 100  0  0  0   298       0      3 0.00e+00   70 2.72e+02 99
VecTDot              184 1.0 9.7187e-03 1.0 9.51e+06 1.0 0.0e+00 0.0e+00 0.0e+00  0  0  0  0  0   1  3  0  0  0   979       0      0 0.00e+00    0 0.00e+00 100
VecNorm               44 1.0 1.0180e-03 1.0 2.27e+06 1.0 0.0e+00 0.0e+00 0.0e+00  0  0  0  0  0   0  1  0  0  0  2234       0      0 0.00e+00    0 0.00e+00 100
VecCopy               16 1.0 1.6036e-04 1.0 0.00e+00 0.0 0.0e+00 0.0e+00 0.0e+00  0  0  0  0  0   0  0  0  0  0     0       0      0 0.00e+00    0 0.00e+00  0
VecSet                 8 1.0 4.9215e-05 1.0 0.00e+00 0.0 0.0e+00 0.0e+00 0.0e+00  0  0  0  0  0   0  0  0  0  0     0       0      0 0.00e+00    0 0.00e+00  0
VecAXPY              160 1.0 1.1031e-03 1.0 8.27e+06 1.0 0.0e+00 0.0e+00 0.0e+00  0  0  0  0  0   0  2  0  0  0  7498       0      0 0.00e+00    0 0.00e+00 100
VecAYPX               72 1.0 2.5871e-04 1.0 3.72e+06 1.0 0.0e+00 0.0e+00 0.0e+00  0  0  0  0  0   0  1  0  0  0 14387       0      0 0.00e+00    0 0.00e+00 100
VecAssemblyBegin       4 1.0 3.5000e-07 1.0 0.00e+00 0.0 0.0e+00 0.0e+00 0.0e+00  0  0  0  0  0   0  0  0  0  0     0       0      0 0.00e+00    0 0.00e+00  0
VecAssemblyEnd         4 1.0 3.3000e-07 1.0 0.00e+00 0.0 0.0e+00 0.0e+00 0.0e+00  0  0  0  0  0   0  0  0  0  0     0       0      0 0.00e+00    0 0.00e+00  0
VecPointwiseMult      44 1.0 1.8991e-04 1.0 1.14e+06 1.0 0.0e+00 0.0e+00 0.0e+00  0  0  0  0  0   0  0  0  0  0  5989       0      0 0.00e+00    0 0.00e+00 100
VecReciprocal         12 1.0 1.4182e-04 1.0 0.00e+00 0.0 0.0e+00 0.0e+00 0.0e+00  0  0  0  0  0   0  0  0  0  0     0       0      0 0.00e+00    0 0.00e+00  0
VecSetValues      131072 1.0 7.6075e-03 1.0 0.00e+00 0.0 0.0e+00 0.0e+00 0.0e+00  0  0  0  0  0   1  0  0  0  0     0       0      0 0.00e+00    0 0.00e+00  0
VecScatterBegin       69 1.0 8.0977e-05 1.0 0.00e+00 0.0 0.0e+00 0.0e+00 0.0e+00  0  0  0  0  0   0  0  0  0  0     0       0      3 0.00e+00    0 0.00e+00  0
VecScatterEnd         69 1.0 3.8078e-05 1.0 0.00e+00 0.0 0.0e+00 0.0e+00 0.0e+00  0  0  0  0  0   0  0  0  0  0     0       0      0 0.00e+00    0 0.00e+00  0
SFSetGraph            70 1.0 1.1083e-05 1.0 0.00e+00 0.0 0.0e+00 0.0e+00 0.0e+00  0  0  0  0  0   0  0  0  0  0     0       0      0 0.00e+00    0 0.00e+00  0
SFSetUp               70 1.0 2.3131e-04 1.0 0.00e+00 0.0 0.0e+00 0.0e+00 0.0e+00  0  0  0  0  0   0  0  0  0  0     0       0      0 0.00e+00    0 0.00e+00  0
SFBcastBegin          12 1.0 2.3315e-05 1.0 0.00e+00 0.0 0.0e+00 0.0e+00 0.0e+00  0  0  0  0  0   0  0  0  0  0     0       0      0 0.00e+00    0 0.00e+00  0
SFBcastEnd            12 1.0 3.6680e-06 1.0 0.00e+00 0.0 0.0e+00 0.0e+00 0.0e+00  0  0  0  0  0   0  0  0  0  0     0       0      0 0.00e+00    0 0.00e+00  0
SFReduceBegin         31 1.0 1.2384e-04 1.0 0.00e+00 0.0 0.0e+00 0.0e+00 0.0e+00  0  0  0  0  0   0  0  0  0  0     0       0      0 0.00e+00    0 0.00e+00  0
SFReduceEnd           31 1.0 1.9731e-05 1.0 0.00e+00 0.0 0.0e+00 0.0e+00 0.0e+00  0  0  0  0  0   0  0  0  0  0     0       0      0 0.00e+00    0 0.00e+00  0
SFFetchOpBegin         8 1.0 2.0338e-05 1.0 0.00e+00 0.0 0.0e+00 0.0e+00 0.0e+00  0  0  0  0  0   0  0  0  0  0     0       0      0 0.00e+00    0 0.00e+00  0
SFFetchOpEnd           8 1.0 8.0770e-06 1.0 0.00e+00 0.0 0.0e+00 0.0e+00 0.0e+00  0  0  0  0  0   0  0  0  0  0     0       0      0 0.00e+00    0 0.00e+00  0
SFPack               120 1.0 1.1394e-05 1.0 0.00e+00 0.0 0.0e+00 0.0e+00 0.0e+00  0  0  0  0  0   0  0  0  0  0     0       0      0 0.00e+00    0 0.00e+00  0
SFUnpack             128 1.0 1.1848e-05 1.0 0.00e+00 0.0 0.0e+00 0.0e+00 0.0e+00  0  0  0  0  0   0  0  0  0  0     0       0      0 0.00e+00    0 0.00e+00  0

--- Event Stage 2: Solve

MatMult              551 1.0 6.0353e-03 1.0 2.00e+09 1.0 0.0e+00 0.0e+00 0.0e+00  0 26  0  0  0  12 84  0  0  0 331333       0      1 0.00e+00    0 0.00e+00 100
MatMultAdd            96 1.0 4.9263e-04 1.0 1.20e+08 1.0 0.0e+00 0.0e+00 0.0e+00  0  2  0  0  0   1  5  0  0  0 243831       0      0 0.00e+00    0 0.00e+00 100
MatMultTranspose      96 1.0 7.5335e-04 1.0 1.20e+08 1.0 0.0e+00 0.0e+00 0.0e+00  0  2  0  0  0   2  5  0  0  0 159447       0      0 0.00e+00    0 0.00e+00 100
MatResidual           96 1.0 1.4082e-03 1.0 4.15e+08 1.0 0.0e+00 0.0e+00 0.0e+00  0  5  0  0  0   3 17  0  0  0 294836       0      0 0.00e+00    0 0.00e+00 100
KSPSolve               1 1.0 4.8347e-02 1.0 2.39e+09 1.0 0.0e+00 0.0e+00 0.0e+00  2 31  0  0  0 100 100  0  0  0 49346       0      1 0.00e+00    0 0.00e+00 100
PCApply               24 1.0 3.4777e-02 1.0 2.00e+09 1.0 0.0e+00 0.0e+00 0.0e+00  2 26  0  0  0  72 84  0  0  0 57458       0      1 0.00e+00    0 0.00e+00 100
VecTDot              384 1.0 1.7901e-02 1.0 9.83e+06 1.0 0.0e+00 0.0e+00 0.0e+00  1  0  0  0  0  37  0  0  0  0   549       0      0 0.00e+00    0 0.00e+00 100
VecNorm              192 1.0 1.3187e-02 1.0 4.92e+06 1.0 0.0e+00 0.0e+00 0.0e+00  1  0  0  0  0  27  0  0  0  0   373       0      0 0.00e+00    0 0.00e+00 100
VecCopy              338 1.0 1.8229e-03 1.0 0.00e+00 0.0 0.0e+00 0.0e+00 0.0e+00  0  0  0  0  0   4  0  0  0  0     0       0      0 0.00e+00    0 0.00e+00  0
VecSet               121 1.0 3.2375e-04 1.0 0.00e+00 0.0 0.0e+00 0.0e+00 0.0e+00  0  0  0  0  0   1  0  0  0  0     0       0      0 0.00e+00    0 0.00e+00  0
VecAXPY              334 1.0 1.0950e-03 1.0 9.44e+06 1.0 0.0e+00 0.0e+00 0.0e+00  0  0  0  0  0   2  0  0  0  0  8621       0      0 0.00e+00    0 0.00e+00 100
VecAYPX              718 1.0 2.4620e-03 1.0 3.43e+07 1.0 0.0e+00 0.0e+00 0.0e+00  0  0  0  0  0   5  1  0  0  0 13932       0      0 0.00e+00    0 0.00e+00 100
VecAXPBYCZ           192 1.0 8.7374e-04 1.0 2.48e+07 1.0 0.0e+00 0.0e+00 0.0e+00  0  0  0  0  0   2  1  0  0  0 28400       0      0 0.00e+00    0 0.00e+00 100
VecPointwiseMult     167 1.0 5.8933e-04 1.0 1.00e+03 1.0 0.0e+00 0.0e+00 0.0e+00  0  0  0  0  0   1  0  0  0  0     2       0      0 0.00e+00    0 0.00e+00 100
VecReciprocal          1 1.0 5.2810e-06 1.0 0.00e+00 0.0 0.0e+00 0.0e+00 0.0e+00  0  0  0  0  0   0  0  0  0  0     0       0      0 0.00e+00    0 0.00e+00  0
VecScatterBegin      431 1.0 3.4513e-04 1.0 0.00e+00 0.0 0.0e+00 0.0e+00 0.0e+00  0  0  0  0  0   1  0  0  0  0     0       0      1 0.00e+00    0 0.00e+00  0
VecScatterEnd        431 1.0 1.9528e-04 1.0 0.00e+00 0.0 0.0e+00 0.0e+00 0.0e+00  0  0  0  0  0   0  0  0  0  0     0       0      0 0.00e+00    0 0.00e+00  0
SFPack               431 1.0 3.2821e-05 1.0 0.00e+00 0.0 0.0e+00 0.0e+00 0.0e+00  0  0  0  0  0   0  0  0  0  0     0       0      0 0.00e+00    0 0.00e+00  0
SFUnpack             431 1.0 2.9379e-05 1.0 0.00e+00 0.0 0.0e+00 0.0e+00 0.0e+00  0  0  0  0  0   0  0  0  0  0     0       0      0 0.00e+00    0 0.00e+00  0

--- Event Stage 3: 2nd Setup

MatMult               40 1.0 4.4401e-04 1.0 1.71e+08 1.0 0.0e+00 0.0e+00 0.0e+00  0  2  0  0  0   2 86  0  0  0 384954       0      0 0.00e+00    0 0.00e+00 100
MatScale               1 1.0 1.1523e-05 1.0 7.48e+06 1.0 0.0e+00 0.0e+00 0.0e+00  0  0  0  0  0   0  4  0  0  0 648725       0      0 0.00e+00    0 0.00e+00 100
MatAssemblyBegin       4 1.0 5.1100e-07 1.0 0.00e+00 0.0 0.0e+00 0.0e+00 0.0e+00  0  0  0  0  0   0  0  0  0  0     0       0      0 0.00e+00    0 0.00e+00  0
MatAssemblyEnd         4 1.0 1.3630e-06 1.0 0.00e+00 0.0 0.0e+00 0.0e+00 0.0e+00  0  0  0  0  0   0  0  0  0  0     0       0      0 0.00e+00    0 0.00e+00  0
MatPtAPNumeric         4 1.0 6.0184e-03 1.0 0.00e+00 0.0 0.0e+00 0.0e+00 0.0e+00  0  0  0  0  0  27  0  0  0  0     0       0      0 0.00e+00    0 0.00e+00  0
MatSetValuesCOO        4 1.0 5.4176e-05 1.0 0.00e+00 0.0 0.0e+00 0.0e+00 0.0e+00  0  0  0  0  0   0  0  0  0  0     0       0      0 0.00e+00    0 0.00e+00  0
KSPSetUp               1 1.0 1.6100e-07 1.0 0.00e+00 0.0 0.0e+00 0.0e+00 0.0e+00  0  0  0  0  0   0  0  0  0  0     0       0      0 0.00e+00    0 0.00e+00  0
PCSetUp_GAMG+          1 1.0 2.2117e-02 1.0 1.91e+08 1.0 0.0e+00 0.0e+00 0.0e+00  1  2  0  0  0 100 96  0  0  0  8641       0      4 2.60e+00    5 6.84e+01 100
PCGAMG Gal l00         1 1.0 1.6138e-03 1.0 0.00e+00 0.0 0.0e+00 0.0e+00 0.0e+00  0  0  0  0  0   7  0  0  0  0     0       0      0 0.00e+00    0 0.00e+00  0
PCGAMG Gal l01         1 1.0 1.8272e-03 1.0 0.00e+00 0.0 0.0e+00 0.0e+00 0.0e+00  0  0  0  0  0   8  0  0  0  0     0       0      0 0.00e+00    0 0.00e+00  0
PCGAMG Gal l02         1 1.0 2.4250e-03 1.0 0.00e+00 0.0 0.0e+00 0.0e+00 0.0e+00  0  0  0  0  0  11  0  0  0  0     0       0      0 0.00e+00    0 0.00e+00  0
PCGAMG Gal l03         1 1.0 1.5563e-04 1.0 0.00e+00 0.0 0.0e+00 0.0e+00 0.0e+00  0  0  0  0  0   1  0  0  0  0     0       0      0 0.00e+00    0 0.00e+00  0
PCSetUp                1 1.0 2.2119e-02 1.0 1.91e+08 1.0 0.0e+00 0.0e+00 0.0e+00  1  2  0  0  0 100 96  0  0  0  8640       0      4 2.60e+00    5 6.84e+01 100
VecTDot               92 1.0 3.2070e-03 1.0 4.76e+06 1.0 0.0e+00 0.0e+00 0.0e+00  0  0  0  0  0  14  2  0  0  0  1483       0      0 0.00e+00    0 0.00e+00 100
VecNorm               44 1.0 8.9677e-04 1.0 2.27e+06 1.0 0.0e+00 0.0e+00 0.0e+00  0  0  0  0  0   4  1  0  0  0  2536       0      0 0.00e+00    0 0.00e+00 100
VecCopy                8 1.0 1.0796e-04 1.0 0.00e+00 0.0 0.0e+00 0.0e+00 0.0e+00  0  0  0  0  0   0  0  0  0  0     0       0      0 0.00e+00    0 0.00e+00  0
VecSet                 4 1.0 2.0179e-05 1.0 0.00e+00 0.0 0.0e+00 0.0e+00 0.0e+00  0  0  0  0  0   0  0  0  0  0     0       0      0 0.00e+00    0 0.00e+00  0
VecAXPY               80 1.0 2.5613e-04 1.0 4.14e+06 1.0 0.0e+00 0.0e+00 0.0e+00  0  0  0  0  0   1  2  0  0  0 16147       0      0 0.00e+00    0 0.00e+00 100
VecAYPX               36 1.0 1.1593e-04 1.0 1.86e+06 1.0 0.0e+00 0.0e+00 0.0e+00  0  0  0  0  0   1  1  0  0  0 16054       0      0 0.00e+00    0 0.00e+00 100
VecReciprocal          1 1.0 4.1080e-06 1.0 0.00e+00 0.0 0.0e+00 0.0e+00 0.0e+00  0  0  0  0  0   0  0  0  0  0     0       0      0 0.00e+00    0 0.00e+00  0
VecScatterBegin       30 1.0 2.4427e-05 1.0 0.00e+00 0.0 0.0e+00 0.0e+00 0.0e+00  0  0  0  0  0   0  0  0  0  0     0       0      0 0.00e+00    0 0.00e+00  0
VecScatterEnd         30 1.0 1.4237e-05 1.0 0.00e+00 0.0 0.0e+00 0.0e+00 0.0e+00  0  0  0  0  0   0  0  0  0  0     0       0      0 0.00e+00    0 0.00e+00  0
SFReduceBegin          4 1.0 5.8920e-06 1.0 0.00e+00 0.0 0.0e+00 0.0e+00 0.0e+00  0  0  0  0  0   0  0  0  0  0     0       0      0 0.00e+00    0 0.00e+00  0
SFReduceEnd            4 1.0 2.8350e-06 1.0 0.00e+00 0.0 0.0e+00 0.0e+00 0.0e+00  0  0  0  0  0   0  0  0  0  0     0       0      0 0.00e+00    0 0.00e+00  0
SFPack                34 1.0 2.7920e-06 1.0 0.00e+00 0.0 0.0e+00 0.0e+00 0.0e+00  0  0  0  0  0   0  0  0  0  0     0       0      0 0.00e+00    0 0.00e+00  0
SFUnpack              34 1.0 2.5630e-06 1.0 0.00e+00 0.0 0.0e+00 0.0e+00 0.0e+00  0  0  0  0  0   0  0  0  0  0     0       0      0 0.00e+00    0 0.00e+00  0

--- Event Stage 4: 2nd Solve

MatMult              551 1.0 5.9188e-03 1.0 2.00e+09 1.0 0.0e+00 0.0e+00 0.0e+00  0 26  0  0  0  13 84  0  0  0 337854       0      0 0.00e+00    0 0.00e+00 100
MatMultAdd            96 1.0 4.6001e-04 1.0 1.20e+08 1.0 0.0e+00 0.0e+00 0.0e+00  0  2  0  0  0   1  5  0  0  0 261123       0      0 0.00e+00    0 0.00e+00 100
MatMultTranspose      96 1.0 6.7184e-04 1.0 1.20e+08 1.0 0.0e+00 0.0e+00 0.0e+00  0  2  0  0  0   1  5  0  0  0 178790       0      0 0.00e+00    0 0.00e+00 100
MatResidual           96 1.0 1.3806e-03 1.0 4.15e+08 1.0 0.0e+00 0.0e+00 0.0e+00  0  5  0  0  0   3 17  0  0  0 300716       0      0 0.00e+00    0 0.00e+00 100
KSPSolve               1 1.0 4.7102e-02 1.0 2.39e+09 1.0 0.0e+00 0.0e+00 0.0e+00  2 31  0  0  0 100 100  0  0  0 50650       0      0 0.00e+00    0 0.00e+00 100
PCApply               24 1.0 3.4115e-02 1.0 2.00e+09 1.0 0.0e+00 0.0e+00 0.0e+00  2 26  0  0  0  72 84  0  0  0 58572       0      0 0.00e+00    0 0.00e+00 100
VecTDot              384 1.0 1.7865e-02 1.0 9.83e+06 1.0 0.0e+00 0.0e+00 0.0e+00  1  0  0  0  0  38  0  0  0  0   550       0      0 0.00e+00    0 0.00e+00 100
VecNorm              192 1.0 1.3233e-02 1.0 4.92e+06 1.0 0.0e+00 0.0e+00 0.0e+00  1  0  0  0  0  28  0  0  0  0   372       0      0 0.00e+00    0 0.00e+00 100
VecCopy              338 1.0 1.3912e-03 1.0 0.00e+00 0.0 0.0e+00 0.0e+00 0.0e+00  0  0  0  0  0   3  0  0  0  0     0       0      0 0.00e+00    0 0.00e+00  0
VecSet               121 1.0 3.1494e-04 1.0 0.00e+00 0.0 0.0e+00 0.0e+00 0.0e+00  0  0  0  0  0   1  0  0  0  0     0       0      0 0.00e+00    0 0.00e+00  0
VecAXPY              334 1.0 1.0812e-03 1.0 9.44e+06 1.0 0.0e+00 0.0e+00 0.0e+00  0  0  0  0  0   2  0  0  0  0  8731       0      0 0.00e+00    0 0.00e+00 100
VecAYPX              718 1.0 2.3876e-03 1.0 3.43e+07 1.0 0.0e+00 0.0e+00 0.0e+00  0  0  0  0  0   5  1  0  0  0 14366       0      0 0.00e+00    0 0.00e+00 100
VecAXPBYCZ           192 1.0 6.4344e-04 1.0 2.48e+07 1.0 0.0e+00 0.0e+00 0.0e+00  0  0  0  0  0   1  1  0  0  0 38565       0      0 0.00e+00    0 0.00e+00 100
VecPointwiseMult     167 1.0 9.9375e-04 1.0 1.00e+03 1.0 0.0e+00 0.0e+00 0.0e+00  0  0  0  0  0   2  0  0  0  0     1       0      0 0.00e+00    0 0.00e+00 100
VecScatterBegin      431 1.0 3.2435e-04 1.0 0.00e+00 0.0 0.0e+00 0.0e+00 0.0e+00  0  0  0  0  0   1  0  0  0  0     0       0      0 0.00e+00    0 0.00e+00  0
VecScatterEnd        431 1.0 2.0005e-04 1.0 0.00e+00 0.0 0.0e+00 0.0e+00 0.0e+00  0  0  0  0  0   0  0  0  0  0     0       0      0 0.00e+00    0 0.00e+00  0
SFPack               431 1.0 3.2269e-05 1.0 0.00e+00 0.0 0.0e+00 0.0e+00 0.0e+00  0  0  0  0  0   0  0  0  0  0     0       0      0 0.00e+00    0 0.00e+00  0
SFUnpack             431 1.0 3.5636e-05 1.0 0.00e+00 0.0 0.0e+00 0.0e+00 0.0e+00  0  0  0  0  0   0  0  0  0  0     0       0      0 0.00e+00    0 0.00e+00  0

--- Event Stage 5: 3rd Setup


--- Event Stage 6: 3rd Solve

MatMult              551 1.0 5.8701e-03 1.0 2.00e+09 1.0 0.0e+00 0.0e+00 0.0e+00  0 26  0  0  0  12 84  0  0  0 340658       0      0 0.00e+00    0 0.00e+00 100
MatMultAdd            96 1.0 4.4977e-04 1.0 1.20e+08 1.0 0.0e+00 0.0e+00 0.0e+00  0  2  0  0  0   1  5  0  0  0 267066       0      0 0.00e+00    0 0.00e+00 100
MatMultTranspose      96 1.0 6.6332e-04 1.0 1.20e+08 1.0 0.0e+00 0.0e+00 0.0e+00  0  2  0  0  0   1  5  0  0  0 181086       0      0 0.00e+00    0 0.00e+00 100
MatScale               1 1.0 6.6220e-06 1.0 7.48e+06 1.0 0.0e+00 0.0e+00 0.0e+00  0  0  0  0  0   0  0  0  0  0 1128852       0      0 0.00e+00    0 0.00e+00 100
MatResidual           96 1.0 1.3687e-03 1.0 4.15e+08 1.0 0.0e+00 0.0e+00 0.0e+00  0  5  0  0  0   3 17  0  0  0 303336       0      0 0.00e+00    0 0.00e+00 100
KSPSolve               1 1.0 4.7105e-02 1.0 2.39e+09 1.0 0.0e+00 0.0e+00 0.0e+00  2 31  0  0  0 100 100  0  0  0 50647       0      0 0.00e+00    0 0.00e+00 100
PCApply               24 1.0 3.3996e-02 1.0 2.00e+09 1.0 0.0e+00 0.0e+00 0.0e+00  2 26  0  0  0  72 83  0  0  0 58778       0      0 0.00e+00    0 0.00e+00 100
VecTDot              384 1.0 1.7922e-02 1.0 9.83e+06 1.0 0.0e+00 0.0e+00 0.0e+00  1  0  0  0  0  38  0  0  0  0   549       0      0 0.00e+00    0 0.00e+00 100
VecNorm              192 1.0 1.3684e-02 1.0 4.92e+06 1.0 0.0e+00 0.0e+00 0.0e+00  1  0  0  0  0  29  0  0  0  0   359       0      0 0.00e+00    0 0.00e+00 100
VecCopy              338 1.0 1.3905e-03 1.0 0.00e+00 0.0 0.0e+00 0.0e+00 0.0e+00  0  0  0  0  0   3  0  0  0  0     0       0      0 0.00e+00    0 0.00e+00  0
VecSet               121 1.0 3.1841e-04 1.0 0.00e+00 0.0 0.0e+00 0.0e+00 0.0e+00  0  0  0  0  0   1  0  0  0  0     0       0      0 0.00e+00    0 0.00e+00  0
VecAXPY              334 1.0 1.0795e-03 1.0 9.44e+06 1.0 0.0e+00 0.0e+00 0.0e+00  0  0  0  0  0   2  0  0  0  0  8746       0      0 0.00e+00    0 0.00e+00 100
VecAYPX              718 1.0 2.3902e-03 1.0 3.43e+07 1.0 0.0e+00 0.0e+00 0.0e+00  0  0  0  0  0   5  1  0  0  0 14350       0      0 0.00e+00    0 0.00e+00 100
VecAXPBYCZ           192 1.0 6.3696e-04 1.0 2.48e+07 1.0 0.0e+00 0.0e+00 0.0e+00  0  0  0  0  0   1  1  0  0  0 38957       0      0 0.00e+00    0 0.00e+00 100
VecPointwiseMult     167 1.0 5.7168e-04 1.0 1.00e+03 1.0 0.0e+00 0.0e+00 0.0e+00  0  0  0  0  0   1  0  0  0  0     2       0      0 0.00e+00    0 0.00e+00 100
VecScatterBegin      431 1.0 3.2363e-04 1.0 0.00e+00 0.0 0.0e+00 0.0e+00 0.0e+00  0  0  0  0  0   1  0  0  0  0     0       0      0 0.00e+00    0 0.00e+00  0
VecScatterEnd        431 1.0 1.8863e-04 1.0 0.00e+00 0.0 0.0e+00 0.0e+00 0.0e+00  0  0  0  0  0   0  0  0  0  0     0       0      0 0.00e+00    0 0.00e+00  0
SFPack               431 1.0 3.2472e-05 1.0 0.00e+00 0.0 0.0e+00 0.0e+00 0.0e+00  0  0  0  0  0   0  0  0  0  0     0       0      0 0.00e+00    0 0.00e+00  0
SFUnpack             431 1.0 2.9820e-05 1.0 0.00e+00 0.0 0.0e+00 0.0e+00 0.0e+00  0  0  0  0  0   0  0  0  0  0     0       0      0 0.00e+00    0 0.00e+00  0
---------------------------------------------------------------------------------------------------------------------------------------------------------------

Object Type          Creations   Destructions. Reports information only for process 0.

--- Event Stage 0: Main Stage

           Container     4             12
       Krylov Solver     1             10
              Matrix     5             53
      Matrix Coarsen     0              1
   Matrix Null Space     1              1
      Preconditioner     1              6
              Viewer     1              1
  PetscDeviceContext     1              0
              Vector    10             57
   Star Forest Graph     0             16
    Distributed Mesh     0              4
     Discrete System     0              4
           Weak Form     0              4

--- Event Stage 1: Setup

           Container    37             29
       Krylov Solver    13              4
              Matrix   272            224
      Matrix Coarsen     4              3
      Preconditioner    13              8
              Vector   231            185
           Index Set    91             91
   Star Forest Graph    70             62
         PetscRandom     4              4

--- Event Stage 2: Solve

              Vector     1              0
   Star Forest Graph     8              0
    Distributed Mesh     4              0
     Discrete System     4              0
           Weak Form     4              0

--- Event Stage 3: 2nd Setup

              Vector    12             12

--- Event Stage 4: 2nd Solve


--- Event Stage 5: 3rd Setup


--- Event Stage 6: 3rd Solve

========================================================================================================================
Average time to get PetscTime(): 3.1e-08
#PETSc Option Table entries:
-alpha 1.e-3 # (source: command line)
-ksp_converged_reason # (source: command line)
-ksp_norm_type unpreconditioned # (source: command line)
-ksp_rtol 1e-6 # (source: command line)
-ksp_type cg # (source: command line)
-log_view # (source: command line)
-mat_type mpibaijkokkos # (source: command line)
-mg_coarse_ksp_type cg # (source: command line)
-mg_coarse_pc_type jacobi # (source: command line)
-mg_levels_ksp_type chebyshev # (source: command line)
-mg_levels_pc_type pbjacobi # (source: command line)
-ne 31 # (source: command line)
-pc_gamg_agg_nsmooths 1 # (source: command line)
-pc_gamg_coarse_eq_limit 20 # (source: command line)
-pc_gamg_parallel_coarse_grid_solver # (source: command line)
-pc_gamg_reuse_interpolation true # (source: command line)
-pc_gamg_type agg # (source: command line)
-pc_type gamg # (source: command line)
-two_solves # (source: command line)
-use_mat_nearnullspace # (source: command line)
#End of PETSc Option Table entries
Compiled without FORTRAN kernels
Compiled with full precision matrices (default)
sizeof(short) 2 sizeof(int) 4 sizeof(long) 8 sizeof(void*) 8 sizeof(PetscScalar) 8 sizeof(PetscInt) 4
Configure options: --with-kokkos-dir=/global/homes/m/madams/petsc/arch-perlmutter-opt-gcc-kokkos-cuda-notpl --with-kokkos-kernels-dir=/global/homes/m/madams/petsc/arch-perlmutter-opt-gcc-kokkos-cuda-notpl --with-triangle-dir=/global/homes/m/madams/petsc/arch-perlmutter-opt-gcc-kokkos-cuda-notpl --with-batch=0 --with-cc=cc --with-cxx=CC --with-fc=0 --with-debugging=0 --with-cuda=1 --with-cuda-arch=80 --with-kokkos-kernels-tpl=0 --with-make-np=8 --with-mpiexec=srun -G4 --gpu-bind=none PETSC_ARCH=arch-perlmutter-opt-gcc-kokkos-cuda-notpl
-----------------------------------------
Libraries compiled on 2026-06-22 14:37:25 on login21
Machine characteristics: Linux-6.4.0-150600.23.103_15.0.24-cray_shasta_c-x86_64-with-glibc2.3.4
Using PETSc directory: /global/u2/m/madams/petsc
Using PETSc arch: arch-perlmutter-opt-gcc-kokkos-cuda-notpl
-----------------------------------------

Using C compiler: cc  -fPIC -Wall -Wwrite-strings -Wno-unknown-pragmas -Wno-lto-type-mismatch -Wno-stringop-overflow -fstack-protector -fvisibility=hidden -g -O 
-----------------------------------------

Using include paths: -I/global/u2/m/madams/petsc/include -I/global/u2/m/madams/petsc/arch-perlmutter-opt-gcc-kokkos-cuda-notpl/include -I/global/homes/m/madams/petsc/arch-perlmutter-opt-gcc-kokkos-cuda-notpl/include -I/opt/nvidia/hpc_sdk/Linux_x86_64/25.5/cuda/12.9/include -I/opt/nvidia/hpc_sdk/Linux_x86_64/25.5/math_libs/12.9/include
-----------------------------------------

Using C linker: cc
Using libraries: -Wl,-rpath,/global/u2/m/madams/petsc/arch-perlmutter-opt-gcc-kokkos-cuda-notpl/lib -L/global/u2/m/madams/petsc/arch-perlmutter-opt-gcc-kokkos-cuda-notpl/lib -lpetsc -Wl,-rpath,/global/homes/m/madams/petsc/arch-perlmutter-opt-gcc-kokkos-cuda-notpl/lib -L/global/homes/m/madams/petsc/arch-perlmutter-opt-gcc-kokkos-cuda-notpl/lib -Wl,-rpath,/opt/nvidia/hpc_sdk/Linux_x86_64/25.5/cuda/12.9/lib64 -L/opt/nvidia/hpc_sdk/Linux_x86_64/25.5/cuda/12.9/lib64 -Wl,-rpath,/opt/nvidia/hpc_sdk/Linux_x86_64/25.5/math_libs/12.9/lib64 -L/opt/nvidia/hpc_sdk/Linux_x86_64/25.5/math_libs/12.9/lib64 -L/opt/nvidia/hpc_sdk/Linux_x86_64/25.5/cuda/12.9/lib64/stubs -lkokkoskernels -lkokkoscontainers -lkokkoscore -lkokkossimd -ltriangle -lcudart -lnvtx3interop -lcufft -lcublas -lcusparse -lcusolver -lcurand -lcuda -lnvidia-ml -lX11 -lstdc++ -lquadmath
-----------------------------------------

