  Linear solve converged due to CONVERGED_RTOL iterations 24
  Linear solve converged due to CONVERGED_RTOL iterations 24
  Linear solve converged due to CONVERGED_RTOL iterations 24
[0]main |b-Ax|/|b|=7.121479e-07, |b|=3.122584e+00, emax=9.984289e-01
****************************************************************************************************************************************************************
***                                WIDEN YOUR WINDOW TO 160 CHARACTERS.  Use 'enscript -r -fCourier9' to print this document                                 ***
****************************************************************************************************************************************************************

------------------------------------------------------------------ PETSc Performance Summary: ------------------------------------------------------------------

/global/homes/m/madams/petsc/arch-perlmutter-opt-gcc-kokkos-cuda-notpl/tests/ksp/ksp/tutorials/ex56 on a arch-perlmutter-opt-gcc-kokkos-cuda-notpl named nid001161 with 1 process and CUDA architecture 80, by madams on Mon Jun 22 07:47:06 2026
Using PETSc Development Git Revision: v3.25.2-340-g83d2bd4a8b4 Git Date: 2026-06-21 14:23:19 -0400

                         Max       Max/Min     Avg       Total
Time (sec):           1.047e+00     1.000   1.047e+00
Objects:              0.000e+00     0.000   0.000e+00
Flops:                7.776e+09     1.000   7.776e+09  7.776e+09
Flops/sec:            7.426e+09     1.000   7.426e+09  7.426e+09
MPI Msg Count:        0.000e+00     0.000   0.000e+00  0.000e+00
MPI Msg Len (bytes):  0.000e+00     0.000   0.000e+00  0.000e+00
MPI Reductions:       0.000e+00     0.000

Flop counting convention: 1 flop = 1 real number operation of type (multiply/divide/add/subtract)
                            e.g., VecAXPY() for real vectors of length N --> 2N flops
                            and VecAXPY() for complex vectors of length N --> 8N flops

Summary of Stages:   ----- Time ------  ----- Flop ------  --- Messages ---  -- Message Lengths --  -- Reductions --
                        Avg     %Total     Avg     %Total    Count   %Total     Avg         %Total    Count   %Total
 0:      Main Stage: 4.3945e-01  42.0%  3.0828e+07   0.4%  0.000e+00   0.0%  0.000e+00        0.0%  0.000e+00   0.0%
 1:           Setup: 4.0103e-01  38.3%  3.8189e+08   4.9%  0.000e+00   0.0%  0.000e+00        0.0%  0.000e+00   0.0%
 2:           Solve: 3.6637e-02   3.5%  2.3857e+09  30.7%  0.000e+00   0.0%  0.000e+00        0.0%  0.000e+00   0.0%
 3:       2nd Setup: 9.8561e-02   9.4%  1.9859e+08   2.6%  0.000e+00   0.0%  0.000e+00        0.0%  0.000e+00   0.0%
 4:       2nd Solve: 3.5724e-02   3.4%  2.3857e+09  30.7%  0.000e+00   0.0%  0.000e+00        0.0%  0.000e+00   0.0%
 5:       3rd Setup: 2.5000e-07   0.0%  0.0000e+00   0.0%  0.000e+00   0.0%  0.000e+00        0.0%  0.000e+00   0.0%
 6:       3rd Solve: 3.5730e-02   3.4%  2.3932e+09  30.8%  0.000e+00   0.0%  0.000e+00        0.0%  0.000e+00   0.0%

------------------------------------------------------------------------------------------------------------------------
See the 'Profiling' chapter of the users' manual for details on interpreting output.
Phase summary info:
   Count: number of times phase was executed
   Time and Flop: Max - maximum over all processes
                  Ratio - ratio of maximum to minimum over all processes
   Mess: number of messages sent
   AvgLen: average message length (bytes)
   Reduct: number of global reductions
   Global: entire computation
   Stage: stages of a computation. Set stages with PetscLogStagePush() and PetscLogStagePop().
      %T - percent time in this phase         %F - percent flop in this phase
      %M - percent messages in this phase     %L - percent message lengths in this phase
      %R - percent reductions in this phase
   Total Mflop/s: 1e-6 * (sum of flop over all processes)/(max time over all processes)
   GPU Mflop/s: 1e-6 * (sum of flop on GPU over all processes)/(max GPU time over all processes)
   CpuToGpu Count: total number of CPU to GPU copies per processor
   CpuToGpu Size (Mbytes): 1e-6 * (total size of CPU to GPU copies per processor)
   GpuToCpu Count: total number of GPU to CPU copies per processor
   GpuToCpu Size (Mbytes): 1e-6 * (total size of GPU to CPU copies per processor)
   GPU %F: percent flops on GPU in this event
------------------------------------------------------------------------------------------------------------------------
Event                Count      Time (sec)     Flop                              --- Global ---  --- Stage ----  Total   GPU    - CpuToGpu -   - GpuToCpu - GPU
                   Max Ratio  Max     Ratio   Max  Ratio  Mess   AvgLen  Reduct  %T %F %M %L %R  %T %F %M %L %R Mflop/s Mflop/s Count   Size   Count   Size  %F
---------------------------------------------------------------------------------------------------------------------------------------------------------------

--- Event Stage 0: Main Stage

MatMult                1 1.0 6.6230e-06 1.0 1.50e+07 1.0 0.0e+00 0.0e+00 0.0e+00  0  0  0  0  0   0 48  0  0  0 2257363       0      0 0.00e+00    0 0.00e+00 100
MatAssemblyBegin       1 1.0 6.4100e-07 1.0 0.00e+00 0.0 0.0e+00 0.0e+00 0.0e+00  0  0  0  0  0   0  0  0  0  0     0       0      0 0.00e+00    0 0.00e+00  0
MatAssemblyEnd         1 1.0 1.2645e-02 1.0 0.00e+00 0.0 0.0e+00 0.0e+00 0.0e+00  1  0  0  0  0   3  0  0  0  0     0       0      0 0.00e+00    0 0.00e+00  0
DCtxCreate             1 1.0 4.5437e-05 1.0 0.00e+00 0.0 0.0e+00 0.0e+00 0.0e+00  0  0  0  0  0   0  0  0  0  0     0       0      0 0.00e+00    0 0.00e+00  0
DCtxDestroy            1 1.0 1.6392e-05 1.0 0.00e+00 0.0 0.0e+00 0.0e+00 0.0e+00  0  0  0  0  0   0  0  0  0  0     0       0      0 0.00e+00    0 0.00e+00  0
DCtxSetUp              1 1.0 7.4740e-06 1.0 0.00e+00 0.0 0.0e+00 0.0e+00 0.0e+00  0  0  0  0  0   0  0  0  0  0     0       0      0 0.00e+00    0 0.00e+00  0
DCtxSetDevice          1 1.0 1.4127e-05 1.0 0.00e+00 0.0 0.0e+00 0.0e+00 0.0e+00  0  0  0  0  0   0  0  0  0  0     0       0      0 0.00e+00    0 0.00e+00  0
VecMDot                3 1.0 3.3922e-04 1.0 2.36e+06 1.0 0.0e+00 0.0e+00 0.0e+00  0  0  0  0  0   0  8  0  0  0  6955       0      0 0.00e+00    0 0.00e+00  0
VecNorm                5 1.0 8.4033e-05 1.0 9.83e+05 1.0 0.0e+00 0.0e+00 0.0e+00  0  0  0  0  0   0  3  0  0  0 11698       0      0 0.00e+00    0 0.00e+00 40
VecScale               3 1.0 5.0918e-05 1.0 2.95e+05 1.0 0.0e+00 0.0e+00 0.0e+00  0  0  0  0  0   0  1  0  0  0  5792       0      0 0.00e+00    0 0.00e+00  0
VecAXPY                1 1.0 3.2122e-05 1.0 1.97e+05 1.0 0.0e+00 0.0e+00 0.0e+00  0  0  0  0  0   0  1  0  0  0  6121       0      0 0.00e+00    0 0.00e+00 100
VecMAXPY               3 1.0 2.4800e-04 1.0 2.36e+06 1.0 0.0e+00 0.0e+00 0.0e+00  0  0  0  0  0   0  8  0  0  0  9513       0      0 0.00e+00    0 0.00e+00  0
VecAssemblyBegin       1 1.0 2.6000e-07 1.0 0.00e+00 0.0 0.0e+00 0.0e+00 0.0e+00  0  0  0  0  0   0  0  0  0  0     0       0      0 0.00e+00    0 0.00e+00  0
VecAssemblyEnd         1 1.0 1.1000e-07 1.0 0.00e+00 0.0 0.0e+00 0.0e+00 0.0e+00  0  0  0  0  0   0  0  0  0  0     0       0      0 0.00e+00    0 0.00e+00  0
VecNormalize           3 1.0 9.9762e-05 1.0 8.85e+05 1.0 0.0e+00 0.0e+00 0.0e+00  0  0  0  0  0   0  3  0  0  0  8868       0      0 0.00e+00    0 0.00e+00  0

--- Event Stage 1: Setup

MatMult               80 1.0 9.3623e-04 1.0 3.42e+08 1.0 0.0e+00 0.0e+00 0.0e+00  0  4  0  0  0   0 90  0  0  0 365133       0      0 0.00e+00    0 0.00e+00 100
MatScale              12 1.0 1.3979e-03 1.0 6.73e+06 1.0 0.0e+00 0.0e+00 0.0e+00  0  0  0  0  0   0  2  0  0  0  4811       0      0 0.00e+00    0 0.00e+00 100
MatAssemblyBegin      30 1.0 6.0520e-06 1.0 0.00e+00 0.0 0.0e+00 0.0e+00 0.0e+00  0  0  0  0  0   0  0  0  0  0     0       0      0 0.00e+00    0 0.00e+00  0
MatAssemblyEnd        30 1.0 1.3879e-02 1.0 0.00e+00 0.0 0.0e+00 0.0e+00 0.0e+00  1  0  0  0  0   3  0  0  0  0     0       0      0 0.00e+00    0 0.00e+00  0
MatSetValues       35313 1.0 1.5633e-02 1.0 0.00e+00 0.0 0.0e+00 0.0e+00 0.0e+00  1  0  0  0  0   4  0  0  0  0     0       0      0 0.00e+00    0 0.00e+00  0
MatGetValues       33616 1.0 6.4516e-02 1.0 0.00e+00 0.0 0.0e+00 0.0e+00 0.0e+00  6  0  0  0  0  16  0  0  0  0     0       0      0 0.00e+00    0 0.00e+00  0
MatGetRow         137080 1.0 1.0316e-01 1.0 0.00e+00 0.0 0.0e+00 0.0e+00 0.0e+00 10  0  0  0  0  26  0  0  0  0     0       0      0 0.00e+00   10 1.55e+01  0
MatCoarsen             4 1.0 4.3261e-03 1.0 0.00e+00 0.0 0.0e+00 0.0e+00 0.0e+00  0  0  0  0  0   1  0  0  0  0     0       0      3 6.78e-03    3 6.78e-03  0
MatAXPY                4 1.0 7.1197e-05 1.0 1.24e+06 1.0 0.0e+00 0.0e+00 0.0e+00  0  0  0  0  0   0  0  0  0  0 17426       0      0 0.00e+00    0 0.00e+00 100
MatTranspose           3 1.0 8.9510e-04 1.0 0.00e+00 0.0 0.0e+00 0.0e+00 0.0e+00  0  0  0  0  0   0  0  0  0  0     0       0      3 6.78e-03    0 0.00e+00  0
MatMatMultSym          4 1.0 1.7727e-02 1.0 0.00e+00 0.0 0.0e+00 0.0e+00 0.0e+00  2  0  0  0  0   4  0  0  0  0     0       0      4 4.96e+00    0 0.00e+00  0
MatMatMultNum          4 1.0 5.0990e-06 1.0 0.00e+00 0.0 0.0e+00 0.0e+00 0.0e+00  0  0  0  0  0   0  0  0  0  0     0       0      0 0.00e+00    0 0.00e+00  0
MatPtAPSymbolic        4 1.0 7.5072e-02 1.0 0.00e+00 0.0 0.0e+00 0.0e+00 0.0e+00  7  0  0  0  0  19  0  0  0  0     0       0      0 0.00e+00    0 0.00e+00  0
MatPtAPNumeric         4 1.0 6.1820e-06 1.0 0.00e+00 0.0 0.0e+00 0.0e+00 0.0e+00  0  0  0  0  0   0  0  0  0  0     0       0      0 0.00e+00    0 0.00e+00  0
MatTrnMatMultSym       1 1.0 1.7268e-02 1.0 0.00e+00 0.0 0.0e+00 0.0e+00 0.0e+00  2  0  0  0  0   4  0  0  0  0     0       0      0 0.00e+00    0 0.00e+00  0
MatCreateGraph         4 1.0 1.3650e-01 1.0 1.72e+06 1.0 0.0e+00 0.0e+00 0.0e+00 13  0  0  0  0  34  0  0  0  0    13       0      4 6.88e+00    7 8.84e+00 100
KSPSetUp               1 1.0 4.5086e-03 1.0 0.00e+00 0.0 0.0e+00 0.0e+00 0.0e+00  0  0  0  0  0   1  0  0  0  0     0       0      0 0.00e+00    0 0.00e+00  0
PCSetUp_GAMG+          1 1.0 3.9650e-01 1.0 3.82e+08 1.0 0.0e+00 0.0e+00 0.0e+00 38  5  0  0  0  99 100  0  0  0   963       0     12 7.17e+01   14 1.57e+01 100
 PCGAMGCreateG         4 1.0 1.3651e-01 1.0 1.72e+06 1.0 0.0e+00 0.0e+00 0.0e+00 13  0  0  0  0  34  0  0  0  0    13       0      4 6.88e+00    7 8.84e+00 100
 GAMG Coarsen          8 1.0 5.7413e-02 1.0 0.00e+00 0.0 0.0e+00 0.0e+00 0.0e+00  5  0  0  0  0  14  0  0  0  0     0       0      3 6.78e-03    7 6.89e+00  0
  GAMG MIS/Agg         4 1.0 2.1660e-02 1.0 0.00e+00 0.0 0.0e+00 0.0e+00 0.0e+00  2  0  0  0  0   5  0  0  0  0     0       0      3 6.78e-03    3 6.78e-03  0
 PCGAMGProl            4 1.0 1.4282e-02 1.0 0.00e+00 0.0 0.0e+00 0.0e+00 0.0e+00  1  0  0  0  0   4  0  0  0  0     0       0      0 0.00e+00    0 0.00e+00  0
  GAMG Prol-col        4 1.0 2.2434e-05 1.0 0.00e+00 0.0 0.0e+00 0.0e+00 0.0e+00  0  0  0  0  0   0  0  0  0  0     0       0      0 0.00e+00    0 0.00e+00  0
  GAMG Prol-lift       4 1.0 1.3893e-02 1.0 0.00e+00 0.0 0.0e+00 0.0e+00 0.0e+00  1  0  0  0  0   3  0  0  0  0     0       0      0 0.00e+00    0 0.00e+00  0
 PCGAMGOptProl         4 1.0 3.1203e-02 1.0 1.89e+08 1.0 0.0e+00 0.0e+00 0.0e+00  3  2  0  0  0   8 50  0  0  0  6059       0      5 6.48e+01    0 0.00e+00 100
  GAMG smooth          4 1.0 1.8600e-02 1.0 6.25e+06 1.0 0.0e+00 0.0e+00 0.0e+00  2  0  0  0  0   5  2  0  0  0   336       0      4 4.96e+00    0 0.00e+00 100
 PCGAMGCreateL         4 1.0 7.5122e-02 1.0 0.00e+00 0.0 0.0e+00 0.0e+00 0.0e+00  7  0  0  0  0  19  0  0  0  0     0       0      0 0.00e+00    0 0.00e+00  0
  GAMG PtAP            4 1.0 7.5113e-02 1.0 0.00e+00 0.0 0.0e+00 0.0e+00 0.0e+00  7  0  0  0  0  19  0  0  0  0     0       0      0 0.00e+00    0 0.00e+00  0
PCGAMG Squ l00         1 1.0 1.7272e-02 1.0 0.00e+00 0.0 0.0e+00 0.0e+00 0.0e+00  2  0  0  0  0   4  0  0  0  0     0       0      0 0.00e+00    0 0.00e+00  0
PCGAMG Gal l00         1 1.0 5.0404e-02 1.0 0.00e+00 0.0 0.0e+00 0.0e+00 0.0e+00  5  0  0  0  0  13  0  0  0  0     0       0      0 0.00e+00    0 0.00e+00  0
PCGAMG Opt l00         1 1.0 9.5176e-03 1.0 0.00e+00 0.0 0.0e+00 0.0e+00 0.0e+00  1  0  0  0  0   2  0  0  0  0     0       0      1 4.72e+00    0 0.00e+00  0
PCGAMG Gal l01         1 1.0 1.6622e-02 1.0 0.00e+00 0.0 0.0e+00 0.0e+00 0.0e+00  2  0  0  0  0   4  0  0  0  0     0       0      0 0.00e+00    0 0.00e+00  0
PCGAMG Opt l01         1 1.0 4.1727e-03 1.0 0.00e+00 0.0 0.0e+00 0.0e+00 0.0e+00  0  0  0  0  0   1  0  0  0  0     0       0      1 2.24e-01    0 0.00e+00  0
PCGAMG Gal l02         1 1.0 5.0857e-03 1.0 0.00e+00 0.0 0.0e+00 0.0e+00 0.0e+00  0  0  0  0  0   1  0  0  0  0     0       0      0 0.00e+00    0 0.00e+00  0
PCGAMG Opt l02         1 1.0 2.5952e-03 1.0 0.00e+00 0.0 0.0e+00 0.0e+00 0.0e+00  0  0  0  0  0   1  0  0  0  0     0       0      1 1.90e-02    0 0.00e+00  0
PCGAMG Gal l03         1 1.0 2.9993e-03 1.0 0.00e+00 0.0 0.0e+00 0.0e+00 0.0e+00  0  0  0  0  0   1  0  0  0  0     0       0      0 0.00e+00    0 0.00e+00  0
PCGAMG Opt l03         1 1.0 1.4847e-03 1.0 0.00e+00 0.0 0.0e+00 0.0e+00 0.0e+00  0  0  0  0  0   0  0  0  0  0     0       0      1 1.44e-03    0 0.00e+00  0
PCSetUp                1 1.0 3.9650e-01 1.0 3.82e+08 1.0 0.0e+00 0.0e+00 0.0e+00 38  5  0  0  0  99 100  0  0  0   963       0     12 7.17e+01   14 1.57e+01 100
VecTDot              184 1.0 5.7847e-03 1.0 9.51e+06 1.0 0.0e+00 0.0e+00 0.0e+00  1  0  0  0  0   1  2  0  0  0  1644       0      0 0.00e+00    0 0.00e+00 100
VecNorm               44 1.0 1.0133e-03 1.0 2.27e+06 1.0 0.0e+00 0.0e+00 0.0e+00  0  0  0  0  0   0  1  0  0  0  2245       0      0 0.00e+00    0 0.00e+00 100
VecCopy               16 1.0 1.6245e-04 1.0 0.00e+00 0.0 0.0e+00 0.0e+00 0.0e+00  0  0  0  0  0   0  0  0  0  0     0       0      0 0.00e+00    0 0.00e+00  0
VecSet                 8 1.0 4.5888e-05 1.0 0.00e+00 0.0 0.0e+00 0.0e+00 0.0e+00  0  0  0  0  0   0  0  0  0  0     0       0      0 0.00e+00    0 0.00e+00  0
VecAXPY              160 1.0 1.7557e-03 1.0 8.27e+06 1.0 0.0e+00 0.0e+00 0.0e+00  0  0  0  0  0   0  2  0  0  0  4711       0      0 0.00e+00    0 0.00e+00 100
VecAYPX               72 1.0 2.5080e-04 1.0 3.72e+06 1.0 0.0e+00 0.0e+00 0.0e+00  0  0  0  0  0   0  1  0  0  0 14841       0      0 0.00e+00    0 0.00e+00 100
VecPointwiseMult      44 1.0 2.0275e-04 1.0 1.14e+06 1.0 0.0e+00 0.0e+00 0.0e+00  0  0  0  0  0   0  0  0  0  0  5609       0      0 0.00e+00    0 0.00e+00 100
VecReciprocal         12 1.0 1.6720e-03 1.0 0.00e+00 0.0 0.0e+00 0.0e+00 0.0e+00  0  0  0  0  0   0  0  0  0  0     0       0      0 0.00e+00    0 0.00e+00  0

--- Event Stage 2: Solve

MatMult              551 1.0 1.9182e-03 1.0 2.00e+09 1.0 0.0e+00 0.0e+00 0.0e+00  0 26  0  0  0   5 84  0  0  0 1042465       0      0 0.00e+00    0 0.00e+00 100
MatMultAdd            96 1.0 3.8810e-04 1.0 1.20e+08 1.0 0.0e+00 0.0e+00 0.0e+00  0  2  0  0  0   1  5  0  0  0 309501       0      0 0.00e+00    0 0.00e+00 100
MatMultTranspose      96 1.0 3.3153e-04 1.0 1.20e+08 1.0 0.0e+00 0.0e+00 0.0e+00  0  2  0  0  0   1  5  0  0  0 362317       0      0 0.00e+00    0 0.00e+00 100
MatResidual           96 1.0 6.5168e-04 1.0 4.15e+08 1.0 0.0e+00 0.0e+00 0.0e+00  0  5  0  0  0   2 17  0  0  0 637093       0      0 0.00e+00    0 0.00e+00 100
KSPSolve               1 1.0 3.6626e-02 1.0 2.39e+09 1.0 0.0e+00 0.0e+00 0.0e+00  3 31  0  0  0 100 100  0  0  0 65137       0      0 0.00e+00    0 0.00e+00 100
PCApply               24 1.0 2.6499e-02 1.0 2.00e+09 1.0 0.0e+00 0.0e+00 0.0e+00  3 26  0  0  0  72 84  0  0  0 75407       0      0 0.00e+00    0 0.00e+00 100
VecTDot              384 1.0 1.5003e-02 1.0 9.83e+06 1.0 0.0e+00 0.0e+00 0.0e+00  1  0  0  0  0  41  0  0  0  0   655       0      0 0.00e+00    0 0.00e+00 100
VecNorm              192 1.0 1.0227e-02 1.0 4.92e+06 1.0 0.0e+00 0.0e+00 0.0e+00  1  0  0  0  0  28  0  0  0  0   481       0      0 0.00e+00    0 0.00e+00 100
VecCopy              338 1.0 1.2755e-03 1.0 0.00e+00 0.0 0.0e+00 0.0e+00 0.0e+00  0  0  0  0  0   3  0  0  0  0     0       0      0 0.00e+00    0 0.00e+00  0
VecSet               121 1.0 3.3835e-04 1.0 0.00e+00 0.0 0.0e+00 0.0e+00 0.0e+00  0  0  0  0  0   1  0  0  0  0     0       0      0 0.00e+00    0 0.00e+00  0
VecAXPY              334 1.0 1.0073e-03 1.0 9.44e+06 1.0 0.0e+00 0.0e+00 0.0e+00  0  0  0  0  0   3  0  0  0  0  9372       0      0 0.00e+00    0 0.00e+00 100
VecAYPX              718 1.0 2.1951e-03 1.0 3.43e+07 1.0 0.0e+00 0.0e+00 0.0e+00  0  0  0  0  0   6  1  0  0  0 15626       0      0 0.00e+00    0 0.00e+00 100
VecAXPBYCZ           192 1.0 8.4597e-04 1.0 2.48e+07 1.0 0.0e+00 0.0e+00 0.0e+00  0  0  0  0  0   2  1  0  0  0 29332       0      0 0.00e+00    0 0.00e+00 100
VecPointwiseMult     167 1.0 5.4753e-04 1.0 1.00e+03 1.0 0.0e+00 0.0e+00 0.0e+00  0  0  0  0  0   1  0  0  0  0     2       0      0 0.00e+00    0 0.00e+00 100
VecReciprocal          1 1.0 5.6310e-06 1.0 0.00e+00 0.0 0.0e+00 0.0e+00 0.0e+00  0  0  0  0  0   0  0  0  0  0     0       0      0 0.00e+00    0 0.00e+00  0

--- Event Stage 3: 2nd Setup

MatMult               40 1.0 1.5523e-04 1.0 1.71e+08 1.0 0.0e+00 0.0e+00 0.0e+00  0  2  0  0  0   0 86  0  0  0 1101114       0      0 0.00e+00    0 0.00e+00 100
MatScale               1 1.0 7.1730e-06 1.0 7.48e+06 1.0 0.0e+00 0.0e+00 0.0e+00  0  0  0  0  0   0  4  0  0  0 1042138       0      0 0.00e+00    0 0.00e+00 100
MatPtAPNumeric         4 1.0 8.5110e-02 1.0 0.00e+00 0.0 0.0e+00 0.0e+00 0.0e+00  8  0  0  0  0  86  0  0  0  0     0       0      0 0.00e+00    0 0.00e+00  0
KSPSetUp               1 1.0 1.5000e-07 1.0 0.00e+00 0.0 0.0e+00 0.0e+00 0.0e+00  0  0  0  0  0   0  0  0  0  0     0       0      0 0.00e+00    0 0.00e+00  0
PCSetUp_GAMG+          1 1.0 9.8539e-02 1.0 1.91e+08 1.0 0.0e+00 0.0e+00 0.0e+00  9  2  0  0  0 100 96  0  0  0  1939       0      4 2.60e+00    1 4.80e-05 100
PCGAMG Gal l00         1 1.0 2.8359e-02 1.0 0.00e+00 0.0 0.0e+00 0.0e+00 0.0e+00  3  0  0  0  0  29  0  0  0  0     0       0      0 0.00e+00    0 0.00e+00  0
PCGAMG Gal l01         1 1.0 1.9712e-02 1.0 0.00e+00 0.0 0.0e+00 0.0e+00 0.0e+00  2  0  0  0  0  20  0  0  0  0     0       0      0 0.00e+00    0 0.00e+00  0
PCGAMG Gal l02         1 1.0 1.5709e-02 1.0 0.00e+00 0.0 0.0e+00 0.0e+00 0.0e+00  2  0  0  0  0  16  0  0  0  0     0       0      0 0.00e+00    0 0.00e+00  0
PCGAMG Gal l03         1 1.0 2.1337e-02 1.0 0.00e+00 0.0 0.0e+00 0.0e+00 0.0e+00  2  0  0  0  0  22  0  0  0  0     0       0      0 0.00e+00    0 0.00e+00  0
PCSetUp                1 1.0 9.8541e-02 1.0 1.91e+08 1.0 0.0e+00 0.0e+00 0.0e+00  9  2  0  0  0 100 96  0  0  0  1939       0      4 2.60e+00    1 4.80e-05 100
VecTDot               92 1.0 2.7702e-03 1.0 4.76e+06 1.0 0.0e+00 0.0e+00 0.0e+00  0  0  0  0  0   3  2  0  0  0  1717       0      0 0.00e+00    0 0.00e+00 100
VecNorm               44 1.0 8.9386e-04 1.0 2.27e+06 1.0 0.0e+00 0.0e+00 0.0e+00  0  0  0  0  0   1  1  0  0  0  2545       0      0 0.00e+00    0 0.00e+00 100
VecCopy                8 1.0 1.1299e-04 1.0 0.00e+00 0.0 0.0e+00 0.0e+00 0.0e+00  0  0  0  0  0   0  0  0  0  0     0       0      0 0.00e+00    0 0.00e+00  0
VecSet                 4 1.0 1.8687e-05 1.0 0.00e+00 0.0 0.0e+00 0.0e+00 0.0e+00  0  0  0  0  0   0  0  0  0  0     0       0      0 0.00e+00    0 0.00e+00  0
VecAXPY               80 1.0 2.3937e-04 1.0 4.14e+06 1.0 0.0e+00 0.0e+00 0.0e+00  0  0  0  0  0   0  2  0  0  0 17277       0      0 0.00e+00    0 0.00e+00 100
VecAYPX               36 1.0 1.1079e-04 1.0 1.86e+06 1.0 0.0e+00 0.0e+00 0.0e+00  0  0  0  0  0   0  1  0  0  0 16797       0      0 0.00e+00    0 0.00e+00 100
VecReciprocal          1 1.0 4.3180e-06 1.0 0.00e+00 0.0 0.0e+00 0.0e+00 0.0e+00  0  0  0  0  0   0  0  0  0  0     0       0      0 0.00e+00    0 0.00e+00  0

--- Event Stage 4: 2nd Solve

MatMult              551 1.0 1.9054e-03 1.0 2.00e+09 1.0 0.0e+00 0.0e+00 0.0e+00  0 26  0  0  0   5 84  0  0  0 1049509       0      0 0.00e+00    0 0.00e+00 100
MatMultAdd            96 1.0 3.5784e-04 1.0 1.20e+08 1.0 0.0e+00 0.0e+00 0.0e+00  0  2  0  0  0   1  5  0  0  0 335680       0      0 0.00e+00    0 0.00e+00 100
MatMultTranspose      96 1.0 3.2371e-04 1.0 1.20e+08 1.0 0.0e+00 0.0e+00 0.0e+00  0  2  0  0  0   1  5  0  0  0 371065       0      0 0.00e+00    0 0.00e+00 100
MatResidual           96 1.0 6.4021e-04 1.0 4.15e+08 1.0 0.0e+00 0.0e+00 0.0e+00  0  5  0  0  0   2 17  0  0  0 648502       0      0 0.00e+00    0 0.00e+00 100
KSPSolve               1 1.0 3.5703e-02 1.0 2.39e+09 1.0 0.0e+00 0.0e+00 0.0e+00  3 31  0  0  0 100 100  0  0  0 66821       0      0 0.00e+00    0 0.00e+00 100
PCApply               24 1.0 2.5827e-02 1.0 2.00e+09 1.0 0.0e+00 0.0e+00 0.0e+00  2 26  0  0  0  72 84  0  0  0 77367       0      0 0.00e+00    0 0.00e+00 100
VecTDot              384 1.0 1.4921e-02 1.0 9.83e+06 1.0 0.0e+00 0.0e+00 0.0e+00  1  0  0  0  0  42  0  0  0  0   659       0      0 0.00e+00    0 0.00e+00 100
VecNorm              192 1.0 1.0160e-02 1.0 4.92e+06 1.0 0.0e+00 0.0e+00 0.0e+00  1  0  0  0  0  28  0  0  0  0   484       0      0 0.00e+00    0 0.00e+00 100
VecCopy              338 1.0 1.2162e-03 1.0 0.00e+00 0.0 0.0e+00 0.0e+00 0.0e+00  0  0  0  0  0   3  0  0  0  0     0       0      0 0.00e+00    0 0.00e+00  0
VecSet               121 1.0 3.2265e-04 1.0 0.00e+00 0.0 0.0e+00 0.0e+00 0.0e+00  0  0  0  0  0   1  0  0  0  0     0       0      0 0.00e+00    0 0.00e+00  0
VecAXPY              334 1.0 9.9987e-04 1.0 9.44e+06 1.0 0.0e+00 0.0e+00 0.0e+00  0  0  0  0  0   3  0  0  0  0  9442       0      0 0.00e+00    0 0.00e+00 100
VecAYPX              718 1.0 2.1477e-03 1.0 3.43e+07 1.0 0.0e+00 0.0e+00 0.0e+00  0  0  0  0  0   6  1  0  0  0 15971       0      0 0.00e+00    0 0.00e+00 100
VecAXPBYCZ           192 1.0 5.9845e-04 1.0 2.48e+07 1.0 0.0e+00 0.0e+00 0.0e+00  0  0  0  0  0   2  1  0  0  0 41464       0      0 0.00e+00    0 0.00e+00 100
VecPointwiseMult     167 1.0 8.4039e-04 1.0 1.00e+03 1.0 0.0e+00 0.0e+00 0.0e+00  0  0  0  0  0   2  0  0  0  0     1       0      0 0.00e+00    0 0.00e+00 100

--- Event Stage 5: 3rd Setup


--- Event Stage 6: 3rd Solve

MatMult              551 1.0 1.9129e-03 1.0 2.00e+09 1.0 0.0e+00 0.0e+00 0.0e+00  0 26  0  0  0   5 84  0  0  0 1045395       0      0 0.00e+00    0 0.00e+00 100
MatMultAdd            96 1.0 3.5972e-04 1.0 1.20e+08 1.0 0.0e+00 0.0e+00 0.0e+00  0  2  0  0  0   1  5  0  0  0 333923       0      0 0.00e+00    0 0.00e+00 100
MatMultTranspose      96 1.0 3.2320e-04 1.0 1.20e+08 1.0 0.0e+00 0.0e+00 0.0e+00  0  2  0  0  0   1  5  0  0  0 371649       0      0 0.00e+00    0 0.00e+00 100
MatScale               1 1.0 5.1800e-06 1.0 7.48e+06 1.0 0.0e+00 0.0e+00 0.0e+00  0  0  0  0  0   0  0  0  0  0 1443100       0      0 0.00e+00    0 0.00e+00 100
MatResidual           96 1.0 6.4238e-04 1.0 4.15e+08 1.0 0.0e+00 0.0e+00 0.0e+00  0  5  0  0  0   2 17  0  0  0 646318       0      0 0.00e+00    0 0.00e+00 100
KSPSolve               1 1.0 3.5717e-02 1.0 2.39e+09 1.0 0.0e+00 0.0e+00 0.0e+00  3 31  0  0  0 100 100  0  0  0 66795       0      0 0.00e+00    0 0.00e+00 100
PCApply               24 1.0 2.5797e-02 1.0 2.00e+09 1.0 0.0e+00 0.0e+00 0.0e+00  2 26  0  0  0  72 83  0  0  0 77458       0      0 0.00e+00    0 0.00e+00 100
VecTDot              384 1.0 1.4917e-02 1.0 9.83e+06 1.0 0.0e+00 0.0e+00 0.0e+00  1  0  0  0  0  42  0  0  0  0   659       0      0 0.00e+00    0 0.00e+00 100
VecNorm              192 1.0 1.0485e-02 1.0 4.92e+06 1.0 0.0e+00 0.0e+00 0.0e+00  1  0  0  0  0  29  0  0  0  0   469       0      0 0.00e+00    0 0.00e+00 100
VecCopy              338 1.0 1.2070e-03 1.0 0.00e+00 0.0 0.0e+00 0.0e+00 0.0e+00  0  0  0  0  0   3  0  0  0  0     0       0      0 0.00e+00    0 0.00e+00  0
VecSet               121 1.0 3.2071e-04 1.0 0.00e+00 0.0 0.0e+00 0.0e+00 0.0e+00  0  0  0  0  0   1  0  0  0  0     0       0      0 0.00e+00    0 0.00e+00  0
VecAXPY              334 1.0 1.0011e-03 1.0 9.44e+06 1.0 0.0e+00 0.0e+00 0.0e+00  0  0  0  0  0   3  0  0  0  0  9430       0      0 0.00e+00    0 0.00e+00 100
VecAYPX              718 1.0 2.1527e-03 1.0 3.43e+07 1.0 0.0e+00 0.0e+00 0.0e+00  0  0  0  0  0   6  1  0  0  0 15933       0      0 0.00e+00    0 0.00e+00 100
VecAXPBYCZ           192 1.0 6.0185e-04 1.0 2.48e+07 1.0 0.0e+00 0.0e+00 0.0e+00  0  0  0  0  0   2  1  0  0  0 41230       0      0 0.00e+00    0 0.00e+00 100
VecPointwiseMult     167 1.0 5.4275e-04 1.0 1.00e+03 1.0 0.0e+00 0.0e+00 0.0e+00  0  0  0  0  0   2  0  0  0  0     2       0      0 0.00e+00    0 0.00e+00 100
---------------------------------------------------------------------------------------------------------------------------------------------------------------

Object Type          Creations   Destructions. Reports information only for process 0.

--- Event Stage 0: Main Stage

           Container     4              4
       Krylov Solver     1             10
              Matrix     1             17
      Matrix Coarsen     0              1
   Matrix Null Space     1              1
      Preconditioner     1              6
              Viewer     1              1
  PetscDeviceContext     1              0
              Vector    10             53
    Distributed Mesh     0              4
   Star Forest Graph     0              8
     Discrete System     0              4
           Weak Form     0              4

--- Event Stage 1: Setup

       Krylov Solver    13              4
              Matrix    34             18
      Matrix Coarsen     4              3
      Preconditioner    13              8
              Vector    85             43
         PetscRandom     4              4
           Index Set     5              5

--- Event Stage 2: Solve

              Vector     1              0
    Distributed Mesh     4              0
   Star Forest Graph     8              0
     Discrete System     4              0
           Weak Form     4              0

--- Event Stage 3: 2nd Setup

              Vector    12             12

--- Event Stage 4: 2nd Solve


--- Event Stage 5: 3rd Setup


--- Event Stage 6: 3rd Solve

========================================================================================================================
Average time to get PetscTime(): 3.5e-08
#PETSc Option Table entries:
-alpha 1.e-3 # (source: command line)
-ksp_converged_reason # (source: command line)
-ksp_norm_type unpreconditioned # (source: command line)
-ksp_rtol 1e-6 # (source: command line)
-ksp_type cg # (source: command line)
-log_view # (source: command line)
-mat_type aijkokkos # (source: command line)
-mg_coarse_ksp_type cg # (source: command line)
-mg_coarse_pc_type jacobi # (source: command line)
-mg_levels_ksp_type chebyshev # (source: command line)
-mg_levels_pc_type pbjacobi # (source: command line)
-ne 31 # (source: command line)
-pc_gamg_agg_nsmooths 1 # (source: command line)
-pc_gamg_coarse_eq_limit 20 # (source: command line)
-pc_gamg_parallel_coarse_grid_solver # (source: command line)
-pc_gamg_reuse_interpolation true # (source: command line)
-pc_gamg_type agg # (source: command line)
-pc_type gamg # (source: command line)
-two_solves # (source: command line)
-use_mat_nearnullspace # (source: command line)
#End of PETSc Option Table entries
Compiled without FORTRAN kernels
Compiled with full precision matrices (default)
sizeof(short) 2 sizeof(int) 4 sizeof(long) 8 sizeof(void*) 8 sizeof(PetscScalar) 8 sizeof(PetscInt) 4
Configure options: --with-kokkos-dir=/global/homes/m/madams/petsc/arch-perlmutter-opt-gcc-kokkos-cuda-notpl --with-kokkos-kernels-dir=/global/homes/m/madams/petsc/arch-perlmutter-opt-gcc-kokkos-cuda-notpl --with-triangle-dir=/global/homes/m/madams/petsc/arch-perlmutter-opt-gcc-kokkos-cuda-notpl --with-batch=0 --with-cc=cc --with-cxx=CC --with-fc=0 --with-debugging=0 --with-cuda=1 --with-cuda-arch=80 --with-kokkos-kernels-tpl=0 --with-make-np=8 --with-mpiexec=srun -G4 --gpu-bind=none PETSC_ARCH=arch-perlmutter-opt-gcc-kokkos-cuda-notpl
-----------------------------------------
Libraries compiled on 2026-06-22 14:37:25 on login21
Machine characteristics: Linux-6.4.0-150600.23.103_15.0.24-cray_shasta_c-x86_64-with-glibc2.3.4
Using PETSc directory: /global/u2/m/madams/petsc
Using PETSc arch: arch-perlmutter-opt-gcc-kokkos-cuda-notpl
-----------------------------------------

Using C compiler: cc  -fPIC -Wall -Wwrite-strings -Wno-unknown-pragmas -Wno-lto-type-mismatch -Wno-stringop-overflow -fstack-protector -fvisibility=hidden -g -O 
-----------------------------------------

Using include paths: -I/global/u2/m/madams/petsc/include -I/global/u2/m/madams/petsc/arch-perlmutter-opt-gcc-kokkos-cuda-notpl/include -I/global/homes/m/madams/petsc/arch-perlmutter-opt-gcc-kokkos-cuda-notpl/include -I/opt/nvidia/hpc_sdk/Linux_x86_64/25.5/cuda/12.9/include -I/opt/nvidia/hpc_sdk/Linux_x86_64/25.5/math_libs/12.9/include
-----------------------------------------

Using C linker: cc
Using libraries: -Wl,-rpath,/global/u2/m/madams/petsc/arch-perlmutter-opt-gcc-kokkos-cuda-notpl/lib -L/global/u2/m/madams/petsc/arch-perlmutter-opt-gcc-kokkos-cuda-notpl/lib -lpetsc -Wl,-rpath,/global/homes/m/madams/petsc/arch-perlmutter-opt-gcc-kokkos-cuda-notpl/lib -L/global/homes/m/madams/petsc/arch-perlmutter-opt-gcc-kokkos-cuda-notpl/lib -Wl,-rpath,/opt/nvidia/hpc_sdk/Linux_x86_64/25.5/cuda/12.9/lib64 -L/opt/nvidia/hpc_sdk/Linux_x86_64/25.5/cuda/12.9/lib64 -Wl,-rpath,/opt/nvidia/hpc_sdk/Linux_x86_64/25.5/math_libs/12.9/lib64 -L/opt/nvidia/hpc_sdk/Linux_x86_64/25.5/math_libs/12.9/lib64 -L/opt/nvidia/hpc_sdk/Linux_x86_64/25.5/cuda/12.9/lib64/stubs -lkokkoskernels -lkokkoscontainers -lkokkoscore -lkokkossimd -ltriangle -lcudart -lnvtx3interop -lcufft -lcublas -lcusparse -lcusolver -lcurand -lcuda -lnvidia-ml -lX11 -lstdc++ -lquadmath
-----------------------------------------

