  Linear solve converged due to CONVERGED_RTOL iterations 24
  Linear solve converged due to CONVERGED_RTOL iterations 24
  Linear solve converged due to CONVERGED_RTOL iterations 24
[0]main |b-Ax|/|b|=7.102693e-07, |b|=3.122584e+00, emax=9.984292e-01
****************************************************************************************************************************************************************
***                                WIDEN YOUR WINDOW TO 160 CHARACTERS.  Use 'enscript -r -fCourier9' to print this document                                 ***
****************************************************************************************************************************************************************

------------------------------------------------------------------ PETSc Performance Summary: ------------------------------------------------------------------



      ##########################################################
      #                                                        #
      #                       WARNING!!!                       #
      #                                                        #
      #   This code was run with -log_view_gpu_time            #
      #   This provides accurate timing within the GPU kernels #
      #   but can slow down the entire computation by a        #
      #   measurable amount. For fastest runs we recommend     #
      #   not using this option.                               #
      #                                                        #
      ##########################################################


/global/homes/m/madams/petsc/arch-perlmutter-opt-gcc-kokkos-cuda-notpl/tests/ksp/ksp/tutorials/ex56 on a arch-perlmutter-opt-gcc-kokkos-cuda-notpl named nid001164 with 1 process and CUDA architecture 80, by madams on Mon Jun 22 07:47:01 2026
Using PETSc Development Git Revision: v3.25.2-340-g83d2bd4a8b4 Git Date: 2026-06-21 14:23:19 -0400

                         Max       Max/Min     Avg       Total
Time (sec):           2.177e+00     1.000   2.177e+00
Objects:              0.000e+00     0.000   0.000e+00
Flops:                7.764e+09     1.000   7.764e+09  7.764e+09
Flops/sec:            3.567e+09     1.000   3.567e+09  3.567e+09
MPI Msg Count:        0.000e+00     0.000   0.000e+00  0.000e+00
MPI Msg Len (bytes):  0.000e+00     0.000   0.000e+00  0.000e+00
MPI Reductions:       0.000e+00     0.000

Flop counting convention: 1 flop = 1 real number operation of type (multiply/divide/add/subtract)
                            e.g., VecAXPY() for real vectors of length N --> 2N flops
                            and VecAXPY() for complex vectors of length N --> 8N flops

Summary of Stages:   ----- Time ------  ----- Flop ------  --- Messages ---  -- Message Lengths --  -- Reductions --
                        Avg     %Total     Avg     %Total    Count   %Total     Avg         %Total    Count   %Total
 0:      Main Stage: 5.3860e-01  24.7%  2.1144e+07   0.3%  0.000e+00   0.0%  0.000e+00        0.0%  0.000e+00   0.0%
 1:           Setup: 1.3139e+00  60.4%  3.7963e+08   4.9%  0.000e+00   0.0%  0.000e+00        0.0%  0.000e+00   0.0%
 2:           Solve: 1.0054e-01   4.6%  2.3857e+09  30.7%  0.000e+00   0.0%  0.000e+00        0.0%  0.000e+00   0.0%
 3:       2nd Setup: 2.8283e-02   1.3%  1.9859e+08   2.6%  0.000e+00   0.0%  0.000e+00        0.0%  0.000e+00   0.0%
 4:       2nd Solve: 9.7828e-02   4.5%  2.3857e+09  30.7%  0.000e+00   0.0%  0.000e+00        0.0%  0.000e+00   0.0%
 5:       3rd Setup: 2.6100e-07   0.0%  0.0000e+00   0.0%  0.000e+00   0.0%  0.000e+00        0.0%  0.000e+00   0.0%
 6:       3rd Solve: 9.7653e-02   4.5%  2.3932e+09  30.8%  0.000e+00   0.0%  0.000e+00        0.0%  0.000e+00   0.0%

------------------------------------------------------------------------------------------------------------------------
See the 'Profiling' chapter of the users' manual for details on interpreting output.
Phase summary info:
   Count: number of times phase was executed
   Time and Flop: Max - maximum over all processes
                  Ratio - ratio of maximum to minimum over all processes
   Mess: number of messages sent
   AvgLen: average message length (bytes)
   Reduct: number of global reductions
   Global: entire computation
   Stage: stages of a computation. Set stages with PetscLogStagePush() and PetscLogStagePop().
      %T - percent time in this phase         %F - percent flop in this phase
      %M - percent messages in this phase     %L - percent message lengths in this phase
      %R - percent reductions in this phase
   Total Mflop/s: 1e-6 * (sum of flop over all processes)/(max time over all processes)
   GPU Mflop/s: 1e-6 * (sum of flop on GPU over all processes)/(max GPU time over all processes)
   CpuToGpu Count: total number of CPU to GPU copies per processor
   CpuToGpu Size (Mbytes): 1e-6 * (total size of CPU to GPU copies per processor)
   GpuToCpu Count: total number of GPU to CPU copies per processor
   GpuToCpu Size (Mbytes): 1e-6 * (total size of GPU to CPU copies per processor)
   GPU %F: percent flops on GPU in this event
------------------------------------------------------------------------------------------------------------------------
Event                Count      Time (sec)     Flop                              --- Global ---  --- Stage ----  Total   GPU    - CpuToGpu -   - GpuToCpu - GPU
                   Max Ratio  Max     Ratio   Max  Ratio  Mess   AvgLen  Reduct  %T %F %M %L %R  %T %F %M %L %R Mflop/s Mflop/s Count   Size   Count   Size  %F
---------------------------------------------------------------------------------------------------------------------------------------------------------------

--- Event Stage 0: Main Stage

BuildTwoSided          2 1.0 2.3285e-05 1.0 0.00e+00 0.0 0.0e+00 0.0e+00 0.0e+00  0  0  0  0  0   0  0  0  0  0     0       0      0 0.00e+00    0 0.00e+00  0
BuildTwoSidedF         2 1.0 3.2953e-05 1.0 0.00e+00 0.0 0.0e+00 0.0e+00 0.0e+00  0  0  0  0  0   0  0  0  0  0     0       0      0 0.00e+00    0 0.00e+00  0
MatMult                1 1.0 1.4868e-04 1.0 1.50e+07 1.0 0.0e+00 0.0e+00 0.0e+00  0  0  0  0  0   0 71  0  0  0 100557   108728      0 0.00e+00    0 0.00e+00 100
MatAssemblyBegin       1 1.0 7.6608e-05 1.0 0.00e+00 0.0 0.0e+00 0.0e+00 0.0e+00  0  0  0  0  0   0  0  0  0  0     0       0      0 0.00e+00    0 0.00e+00  0
MatAssemblyEnd         1 1.0 1.6895e-02 1.0 0.00e+00 0.0 0.0e+00 0.0e+00 0.0e+00  1  0  0  0  0   3  0  0  0  0     0       0      0 0.00e+00    0 0.00e+00  0
DCtxCreate             1 1.0 4.4496e-05 1.0 0.00e+00 0.0 0.0e+00 0.0e+00 0.0e+00  0  0  0  0  0   0  0  0  0  0     0       0      0 0.00e+00    0 0.00e+00  0
DCtxDestroy            1 1.0 2.2223e-05 1.0 0.00e+00 0.0 0.0e+00 0.0e+00 0.0e+00  0  0  0  0  0   0  0  0  0  0     0       0      0 0.00e+00    0 0.00e+00  0
DCtxSetUp              1 1.0 8.0150e-06 1.0 0.00e+00 0.0 0.0e+00 0.0e+00 0.0e+00  0  0  0  0  0   0  0  0  0  0     0       0      0 0.00e+00    0 0.00e+00  0
DCtxSetDevice          1 1.0 1.5400e-05 1.0 0.00e+00 0.0 0.0e+00 0.0e+00 0.0e+00  0  0  0  0  0   0  0  0  0  0     0       0      0 0.00e+00    0 0.00e+00  0
VecMDot                3 1.0 4.5632e-04 1.0 2.36e+06 1.0 0.0e+00 0.0e+00 0.0e+00  0  0  0  0  0   0 11  0  0  0  5170       0      0 0.00e+00    0 0.00e+00  0
VecNorm                5 1.0 1.3297e-04 1.0 9.83e+05 1.0 0.0e+00 0.0e+00 0.0e+00  0  0  0  0  0   0  5  0  0  0  7393    8815      0 0.00e+00    0 0.00e+00 40
VecScale               3 1.0 5.0377e-05 1.0 2.95e+05 1.0 0.0e+00 0.0e+00 0.0e+00  0  0  0  0  0   0  1  0  0  0  5854       0      0 0.00e+00    0 0.00e+00  0
VecAXPY                1 1.0 5.7812e-05 1.0 1.97e+05 1.0 0.0e+00 0.0e+00 0.0e+00  0  0  0  0  0   0  1  0  0  0  3401    4361      0 0.00e+00    0 0.00e+00 100
VecMAXPY               3 1.0 2.8415e-04 1.0 2.36e+06 1.0 0.0e+00 0.0e+00 0.0e+00  0  0  0  0  0   0 11  0  0  0  8303       0      0 0.00e+00    0 0.00e+00  0
VecAssemblyBegin       1 1.0 3.9100e-07 1.0 0.00e+00 0.0 0.0e+00 0.0e+00 0.0e+00  0  0  0  0  0   0  0  0  0  0     0       0      0 0.00e+00    0 0.00e+00  0
VecAssemblyEnd         1 1.0 1.0000e-07 1.0 0.00e+00 0.0 0.0e+00 0.0e+00 0.0e+00  0  0  0  0  0   0  0  0  0  0     0       0      0 0.00e+00    0 0.00e+00  0
VecNormalize           3 1.0 1.2719e-04 1.0 8.85e+05 1.0 0.0e+00 0.0e+00 0.0e+00  0  0  0  0  0   0  4  0  0  0  6956       0      0 0.00e+00    0 0.00e+00  0

--- Event Stage 1: Setup

BuildTwoSided         93 1.0 7.0641e-05 1.0 0.00e+00 0.0 0.0e+00 0.0e+00 0.0e+00  0  0  0  0  0   0  0  0  0  0     0       0      0 0.00e+00    0 0.00e+00  0
BuildTwoSidedF        23 1.0 3.4644e-05 1.0 0.00e+00 0.0 0.0e+00 0.0e+00 0.0e+00  0  0  0  0  0   0  0  0  0  0     0       0      0 0.00e+00    0 0.00e+00  0
MatMult               80 1.0 5.7601e-03 1.0 3.42e+08 1.0 0.0e+00 0.0e+00 0.0e+00  0  4  0  0  0   0 90  0  0  0 59348   80150      3 0.00e+00    0 0.00e+00 100
MatConvert            16 1.0 6.2942e-01 1.0 0.00e+00 0.0 0.0e+00 0.0e+00 0.0e+00 29  0  0  0  0  48  0  0  0  0     0       0      0 0.00e+00    8 2.00e+01  0
MatScale              12 1.0 1.9619e-03 1.0 4.22e+06 1.0 0.0e+00 0.0e+00 0.0e+00  0  0  0  0  0   0  1  0  0  0  2153    6409      0 0.00e+00    0 0.00e+00 59
MatAssemblyBegin      68 1.0 1.6124e-04 1.0 0.00e+00 0.0 0.0e+00 0.0e+00 0.0e+00  0  0  0  0  0   0  0  0  0  0     0       0      0 0.00e+00    0 0.00e+00  0
MatAssemblyEnd        68 1.0 2.2453e-02 1.0 0.00e+00 0.0 0.0e+00 0.0e+00 0.0e+00  1  0  0  0  0   2  0  0  0  0     0       0      0 0.00e+00    0 0.00e+00  0
MatSetValues     3494847 1.0 4.6578e-01 1.0 1.48e+06 1.0 0.0e+00 0.0e+00 0.0e+00 21  0  0  0  0  35  0  0  0  0     3       0      0 0.00e+00    0 0.00e+00  0
MatGetRow         411096 1.0 3.8772e-02 1.0 0.00e+00 0.0 0.0e+00 0.0e+00 0.0e+00  2  0  0  0  0   3  0  0  0  0     0       0      0 0.00e+00    0 0.00e+00  0
MatCoarsen             4 1.0 3.4890e-03 1.0 0.00e+00 0.0 0.0e+00 0.0e+00 0.0e+00  0  0  0  0  0   0  0  0  0  0     0       0      0 0.00e+00    0 0.00e+00  0
MatAXPY                8 1.0 7.0749e-01 1.0 1.48e+06 1.0 0.0e+00 0.0e+00 0.0e+00 33  0  0  0  0  54  0  0  0  0     2       0      0 0.00e+00    8 2.00e+01  0
MatTranspose           9 1.0 1.5843e-02 1.0 0.00e+00 0.0 0.0e+00 0.0e+00 0.0e+00  1  0  0  0  0   1  0  0  0  0     0       0      0 0.00e+00    0 0.00e+00  0
MatMatMultSym          4 1.0 1.1049e-01 1.0 0.00e+00 0.0 0.0e+00 0.0e+00 0.0e+00  5  0  0  0  0   8  0  0  0  0     0       0      0 0.00e+00   28 1.18e+02  0
MatMatMultNum          4 1.0 6.9200e-07 1.0 0.00e+00 0.0 0.0e+00 0.0e+00 0.0e+00  0  0  0  0  0   0  0  0  0  0     0       0      0 0.00e+00    0 0.00e+00  0
MatPtAPSymbolic        4 1.0 1.3259e-01 1.0 0.00e+00 0.0 0.0e+00 0.0e+00 0.0e+00  6  0  0  0  0  10  0  0  0  0     0       0      0 0.00e+00   28 1.26e+02  0
MatPtAPNumeric         4 1.0 6.7100e-07 1.0 0.00e+00 0.0 0.0e+00 0.0e+00 0.0e+00  0  0  0  0  0   0  0  0  0  0     0       0      0 0.00e+00    0 0.00e+00  0
MatTrnMatMultSym       1 1.0 1.3966e-01 1.0 0.00e+00 0.0 0.0e+00 0.0e+00 0.0e+00  6  0  0  0  0  11  0  0  0  0     0       0      0 0.00e+00    0 0.00e+00  0
MatCreateGraph         4 1.0 8.2284e-02 1.0 2.58e+06 1.0 0.0e+00 0.0e+00 0.0e+00  4  0  0  0  0   6  1  0  0  0    31       0      0 0.00e+00    6 8.57e+00  0
MatSetPreallCOO        8 1.0 2.3805e-02 1.0 0.00e+00 0.0 0.0e+00 0.0e+00 0.0e+00  1  0  0  0  0   2  0  0  0  0     0       0      0 0.00e+00   24 2.86e+01  0
MatSetValuesCOO        8 1.0 6.3357e-04 1.0 0.00e+00 0.0 0.0e+00 0.0e+00 0.0e+00  0  0  0  0  0   0  0  0  0  0     0       0      0 0.00e+00    0 0.00e+00  0
KSPSetUp               1 1.0 1.3106e-03 1.0 0.00e+00 0.0 0.0e+00 0.0e+00 0.0e+00  0  0  0  0  0   0  0  0  0  0     0       0      0 0.00e+00    0 0.00e+00  0
PCSetUp_GAMG+          1 1.0 1.3125e+00 1.0 3.80e+08 1.0 0.0e+00 0.0e+00 0.0e+00 60  5  0  0  0 100 100  0  0  0   289    3577      3 0.00e+00   70 2.72e+02 99
 PCGAMGCreateG         4 1.0 8.2291e-02 1.0 2.58e+06 1.0 0.0e+00 0.0e+00 0.0e+00  4  0  0  0  0   6  1  0  0  0    31       0      0 0.00e+00    6 8.57e+00  0
 GAMG Coarsen          8 1.0 1.6812e-01 1.0 0.00e+00 0.0 0.0e+00 0.0e+00 0.0e+00  8  0  0  0  0  13  0  0  0  0     0       0      0 0.00e+00    0 0.00e+00  0
  GAMG MIS/Agg         4 1.0 1.4328e-01 1.0 0.00e+00 0.0 0.0e+00 0.0e+00 0.0e+00  7  0  0  0  0  11  0  0  0  0     0       0      0 0.00e+00    0 0.00e+00  0
 PCGAMGProl            4 1.0 7.4664e-02 1.0 0.00e+00 0.0 0.0e+00 0.0e+00 0.0e+00  3  0  0  0  0   6  0  0  0  0     0       0      0 0.00e+00    0 0.00e+00  0
  GAMG Prol-col        4 1.0 2.3876e-05 1.0 0.00e+00 0.0 0.0e+00 0.0e+00 0.0e+00  0  0  0  0  0   0  0  0  0  0     0       0      0 0.00e+00    0 0.00e+00  0
  GAMG Prol-lift       4 1.0 7.1267e-02 1.0 0.00e+00 0.0 0.0e+00 0.0e+00 0.0e+00  3  0  0  0  0   5  0  0  0  0     0       0      0 0.00e+00    0 0.00e+00  0
 PCGAMGOptProl         4 1.0 8.2734e-01 1.0 1.86e+08 1.0 0.0e+00 0.0e+00 0.0e+00 38  2  0  0  0  63 49  0  0  0   225    5443      3 0.00e+00   36 1.38e+02 100
  GAMG smooth          4 1.0 7.7868e-01 1.0 3.12e+06 1.0 0.0e+00 0.0e+00 0.0e+00 36  0  0  0  0  59  1  0  0  0     4     126      0 0.00e+00   36 1.38e+02 80
 PCGAMGCreateL         4 1.0 1.3266e-01 1.0 0.00e+00 0.0 0.0e+00 0.0e+00 0.0e+00  6  0  0  0  0  10  0  0  0  0     0       0      0 0.00e+00   28 1.26e+02  0
  GAMG PtAP            4 1.0 1.3265e-01 1.0 0.00e+00 0.0 0.0e+00 0.0e+00 0.0e+00  6  0  0  0  0  10  0  0  0  0     0       0      0 0.00e+00   28 1.26e+02  0
PCGAMG Squ l00         1 1.0 1.3967e-01 1.0 0.00e+00 0.0 0.0e+00 0.0e+00 0.0e+00  6  0  0  0  0  11  0  0  0  0     0       0      0 0.00e+00    0 0.00e+00  0
PCGAMG Gal l00         1 1.0 6.4037e-02 1.0 0.00e+00 0.0 0.0e+00 0.0e+00 0.0e+00  3  0  0  0  0   5  0  0  0  0     0       0      0 0.00e+00    7 1.12e+02  0
PCGAMG Opt l00         1 1.0 8.9362e-02 1.0 0.00e+00 0.0 0.0e+00 0.0e+00 0.0e+00  4  0  0  0  0   7  0  0  0  0     0       0      0 0.00e+00    7 1.06e+02  0
PCGAMG Gal l01         1 1.0 1.3149e-02 1.0 0.00e+00 0.0 0.0e+00 0.0e+00 0.0e+00  1  0  0  0  0   1  0  0  0  0     0       0      0 0.00e+00    7 1.26e+01  0
PCGAMG Opt l01         1 1.0 7.0115e-03 1.0 0.00e+00 0.0 0.0e+00 0.0e+00 0.0e+00  0  0  0  0  0   1  0  0  0  0     0       0      0 0.00e+00    7 1.13e+01  0
PCGAMG Gal l02         1 1.0 4.8403e-02 1.0 0.00e+00 0.0 0.0e+00 0.0e+00 0.0e+00  2  0  0  0  0   4  0  0  0  0     0       0      0 0.00e+00    7 1.05e+00  0
PCGAMG Opt l02         1 1.0 1.0104e-02 1.0 0.00e+00 0.0 0.0e+00 0.0e+00 0.0e+00  0  0  0  0  0   1  0  0  0  0     0       0      0 0.00e+00    7 1.07e+00  0
PCGAMG Gal l03         1 1.0 7.0585e-03 1.0 0.00e+00 0.0 0.0e+00 0.0e+00 0.0e+00  0  0  0  0  0   1  0  0  0  0     0       0      0 0.00e+00    7 1.07e-02  0
PCGAMG Opt l03         1 1.0 4.0494e-03 1.0 0.00e+00 0.0 0.0e+00 0.0e+00 0.0e+00  0  0  0  0  0   0  0  0  0  0     0       0      0 0.00e+00    7 1.30e-02  0
PCSetUp                1 1.0 1.3125e+00 1.0 3.80e+08 1.0 0.0e+00 0.0e+00 0.0e+00 60  5  0  0  0 100 100  0  0  0   289    3577      3 0.00e+00   70 2.72e+02 99
VecTDot              184 1.0 1.2630e-02 1.0 9.51e+06 1.0 0.0e+00 0.0e+00 0.0e+00  1  0  0  0  0   1  3  0  0  0   753     871      0 0.00e+00    0 0.00e+00 100
VecNorm               44 1.0 1.3954e-03 1.0 2.27e+06 1.0 0.0e+00 0.0e+00 0.0e+00  0  0  0  0  0   0  1  0  0  0  1630    2304      0 0.00e+00    0 0.00e+00 100
VecCopy               16 1.0 3.5726e-04 1.0 0.00e+00 0.0 0.0e+00 0.0e+00 0.0e+00  0  0  0  0  0   0  0  0  0  0     0       0      0 0.00e+00    0 0.00e+00  0
VecSet                 8 1.0 1.7254e-04 1.0 0.00e+00 0.0 0.0e+00 0.0e+00 0.0e+00  0  0  0  0  0   0  0  0  0  0     0       0      0 0.00e+00    0 0.00e+00  0
VecAXPY              160 1.0 3.1662e-03 1.0 8.27e+06 1.0 0.0e+00 0.0e+00 0.0e+00  0  0  0  0  0   0  2  0  0  0  2612    5002      0 0.00e+00    0 0.00e+00 100
VecAYPX               72 1.0 1.1628e-03 1.0 3.72e+06 1.0 0.0e+00 0.0e+00 0.0e+00  0  0  0  0  0   0  1  0  0  0  3201    7891      0 0.00e+00    0 0.00e+00 100
VecAssemblyBegin       4 1.0 4.2100e-07 1.0 0.00e+00 0.0 0.0e+00 0.0e+00 0.0e+00  0  0  0  0  0   0  0  0  0  0     0       0      0 0.00e+00    0 0.00e+00  0
VecAssemblyEnd         4 1.0 3.9000e-07 1.0 0.00e+00 0.0 0.0e+00 0.0e+00 0.0e+00  0  0  0  0  0   0  0  0  0  0     0       0      0 0.00e+00    0 0.00e+00  0
VecPointwiseMult      44 1.0 7.2495e-04 1.0 1.14e+06 1.0 0.0e+00 0.0e+00 0.0e+00  0  0  0  0  0   0  0  0  0  0  1569    3789      0 0.00e+00    0 0.00e+00 100
VecReciprocal         12 1.0 2.2223e-04 1.0 0.00e+00 0.0 0.0e+00 0.0e+00 0.0e+00  0  0  0  0  0   0  0  0  0  0     0       0      0 0.00e+00    0 0.00e+00  0
VecSetValues      131072 1.0 8.0433e-03 1.0 0.00e+00 0.0 0.0e+00 0.0e+00 0.0e+00  0  0  0  0  0   1  0  0  0  0     0       0      0 0.00e+00    0 0.00e+00  0
VecScatterBegin       69 1.0 8.1350e-05 1.0 0.00e+00 0.0 0.0e+00 0.0e+00 0.0e+00  0  0  0  0  0   0  0  0  0  0     0       0      3 0.00e+00    0 0.00e+00  0
VecScatterEnd         69 1.0 4.0758e-05 1.0 0.00e+00 0.0 0.0e+00 0.0e+00 0.0e+00  0  0  0  0  0   0  0  0  0  0     0       0      0 0.00e+00    0 0.00e+00  0
SFSetGraph            70 1.0 1.0929e-05 1.0 0.00e+00 0.0 0.0e+00 0.0e+00 0.0e+00  0  0  0  0  0   0  0  0  0  0     0       0      0 0.00e+00    0 0.00e+00  0
SFSetUp               70 1.0 2.1545e-04 1.0 0.00e+00 0.0 0.0e+00 0.0e+00 0.0e+00  0  0  0  0  0   0  0  0  0  0     0       0      0 0.00e+00    0 0.00e+00  0
SFBcastBegin          12 1.0 2.7102e-05 1.0 0.00e+00 0.0 0.0e+00 0.0e+00 0.0e+00  0  0  0  0  0   0  0  0  0  0     0       0      0 0.00e+00    0 0.00e+00  0
SFBcastEnd            12 1.0 3.7180e-06 1.0 0.00e+00 0.0 0.0e+00 0.0e+00 0.0e+00  0  0  0  0  0   0  0  0  0  0     0       0      0 0.00e+00    0 0.00e+00  0
SFReduceBegin         31 1.0 1.2912e-04 1.0 0.00e+00 0.0 0.0e+00 0.0e+00 0.0e+00  0  0  0  0  0   0  0  0  0  0     0       0      0 0.00e+00    0 0.00e+00  0
SFReduceEnd           31 1.0 1.9306e-05 1.0 0.00e+00 0.0 0.0e+00 0.0e+00 0.0e+00  0  0  0  0  0   0  0  0  0  0     0       0      0 0.00e+00    0 0.00e+00  0
SFFetchOpBegin         8 1.0 2.0282e-05 1.0 0.00e+00 0.0 0.0e+00 0.0e+00 0.0e+00  0  0  0  0  0   0  0  0  0  0     0       0      0 0.00e+00    0 0.00e+00  0
SFFetchOpEnd           8 1.0 8.6270e-06 1.0 0.00e+00 0.0 0.0e+00 0.0e+00 0.0e+00  0  0  0  0  0   0  0  0  0  0     0       0      0 0.00e+00    0 0.00e+00  0
SFPack               120 1.0 1.2838e-05 1.0 0.00e+00 0.0 0.0e+00 0.0e+00 0.0e+00  0  0  0  0  0   0  0  0  0  0     0       0      0 0.00e+00    0 0.00e+00  0
SFUnpack             128 1.0 1.2061e-05 1.0 0.00e+00 0.0 0.0e+00 0.0e+00 0.0e+00  0  0  0  0  0   0  0  0  0  0     0       0      0 0.00e+00    0 0.00e+00  0

--- Event Stage 2: Solve

MatMult              551 1.0 3.7532e-02 1.0 2.00e+09 1.0 0.0e+00 0.0e+00 0.0e+00  2 26  0  0  0  37 84  0  0  0 53280   76080      1 0.00e+00    0 0.00e+00 100
MatMultAdd            96 1.0 2.6409e-03 1.0 1.20e+08 1.0 0.0e+00 0.0e+00 0.0e+00  0  2  0  0  0   3  5  0  0  0 45485   71294      0 0.00e+00    0 0.00e+00 100
MatMultTranspose      96 1.0 4.3923e-03 1.0 1.20e+08 1.0 0.0e+00 0.0e+00 0.0e+00  0  2  0  0  0   4  5  0  0  0 27348   34758      0 0.00e+00    0 0.00e+00 100
MatResidual           96 1.0 8.4236e-03 1.0 4.15e+08 1.0 0.0e+00 0.0e+00 0.0e+00  0  5  0  0  0   8 17  0  0  0 49288   73022      0 0.00e+00    0 0.00e+00 100
KSPSolve               1 1.0 1.0053e-01 1.0 2.39e+09 1.0 0.0e+00 0.0e+00 0.0e+00  5 31  0  0  0 100 100  0  0  0 23732   40674      1 0.00e+00    0 0.00e+00 100
PCApply               24 1.0 9.2810e-02 1.0 2.00e+09 1.0 0.0e+00 0.0e+00 0.0e+00  4 26  0  0  0  92 84  0  0  0 21530   37886      1 0.00e+00    0 0.00e+00 100
VecTDot              384 1.0 1.1207e-02 1.0 9.83e+06 1.0 0.0e+00 0.0e+00 0.0e+00  1  0  0  0  0  11  0  0  0  0   878    1302      0 0.00e+00    0 0.00e+00 100
VecNorm              192 1.0 5.6707e-03 1.0 4.92e+06 1.0 0.0e+00 0.0e+00 0.0e+00  0  0  0  0  0   6  0  0  0  0   867    1275      0 0.00e+00    0 0.00e+00 100
VecCopy              338 1.0 6.0805e-03 1.0 0.00e+00 0.0 0.0e+00 0.0e+00 0.0e+00  0  0  0  0  0   6  0  0  0  0     0       0      0 0.00e+00    0 0.00e+00  0
VecSet               121 1.0 1.7136e-03 1.0 0.00e+00 0.0 0.0e+00 0.0e+00 0.0e+00  0  0  0  0  0   2  0  0  0  0     0       0      0 0.00e+00    0 0.00e+00  0
VecAXPY              334 1.0 5.2294e-03 1.0 9.44e+06 1.0 0.0e+00 0.0e+00 0.0e+00  0  0  0  0  0   5  0  0  0  0  1805    4647      0 0.00e+00    0 0.00e+00 100
VecAYPX              718 1.0 1.1568e-02 1.0 3.43e+07 1.0 0.0e+00 0.0e+00 0.0e+00  1  0  0  0  0  12  1  0  0  0  2965    7355      0 0.00e+00    0 0.00e+00 100
VecAXPBYCZ           192 1.0 3.3546e-03 1.0 2.48e+07 1.0 0.0e+00 0.0e+00 0.0e+00  0  0  0  0  0   3  1  0  0  0  7397   16402      0 0.00e+00    0 0.00e+00 100
VecPointwiseMult     167 1.0 2.6123e-03 1.0 1.00e+03 1.0 0.0e+00 0.0e+00 0.0e+00  0  0  0  0  0   3  0  0  0  0     0       1      0 0.00e+00    0 0.00e+00 100
VecReciprocal          1 1.0 1.5269e-05 1.0 0.00e+00 0.0 0.0e+00 0.0e+00 0.0e+00  0  0  0  0  0   0  0  0  0  0     0       0      0 0.00e+00    0 0.00e+00  0
VecScatterBegin      431 1.0 3.2024e-04 1.0 0.00e+00 0.0 0.0e+00 0.0e+00 0.0e+00  0  0  0  0  0   0  0  0  0  0     0       0      1 0.00e+00    0 0.00e+00  0
VecScatterEnd        431 1.0 2.4736e-04 1.0 0.00e+00 0.0 0.0e+00 0.0e+00 0.0e+00  0  0  0  0  0   0  0  0  0  0     0       0      0 0.00e+00    0 0.00e+00  0
SFPack               431 1.0 3.8562e-05 1.0 0.00e+00 0.0 0.0e+00 0.0e+00 0.0e+00  0  0  0  0  0   0  0  0  0  0     0       0      0 0.00e+00    0 0.00e+00  0
SFUnpack             431 1.0 2.9490e-05 1.0 0.00e+00 0.0 0.0e+00 0.0e+00 0.0e+00  0  0  0  0  0   0  0  0  0  0     0       0      0 0.00e+00    0 0.00e+00  0

--- Event Stage 3: 2nd Setup

MatMult               40 1.0 2.8491e-03 1.0 1.71e+08 1.0 0.0e+00 0.0e+00 0.0e+00  0  2  0  0  0  10 86  0  0  0 59991   80926      0 0.00e+00    0 0.00e+00 100
MatScale               1 1.0 1.1397e-04 1.0 7.48e+06 1.0 0.0e+00 0.0e+00 0.0e+00  0  0  0  0  0   0  4  0  0  0 65589   82516      0 0.00e+00    0 0.00e+00 100
MatAssemblyBegin       4 1.0 6.3000e-07 1.0 0.00e+00 0.0 0.0e+00 0.0e+00 0.0e+00  0  0  0  0  0   0  0  0  0  0     0       0      0 0.00e+00    0 0.00e+00  0
MatAssemblyEnd         4 1.0 1.7430e-06 1.0 0.00e+00 0.0 0.0e+00 0.0e+00 0.0e+00  0  0  0  0  0   0  0  0  0  0     0       0      0 0.00e+00    0 0.00e+00  0
MatPtAPNumeric         4 1.0 6.2084e-03 1.0 0.00e+00 0.0 0.0e+00 0.0e+00 0.0e+00  0  0  0  0  0  22  0  0  0  0     0       0      0 0.00e+00    0 0.00e+00  0
MatSetValuesCOO        4 1.0 1.2933e-04 1.0 0.00e+00 0.0 0.0e+00 0.0e+00 0.0e+00  0  0  0  0  0   0  0  0  0  0     0       0      0 0.00e+00    0 0.00e+00  0
KSPSetUp               1 1.0 1.6000e-07 1.0 0.00e+00 0.0 0.0e+00 0.0e+00 0.0e+00  0  0  0  0  0   0  0  0  0  0     0       0      0 0.00e+00    0 0.00e+00  0
PCSetUp_GAMG+          1 1.0 2.8153e-02 1.0 1.91e+08 1.0 0.0e+00 0.0e+00 0.0e+00  1  2  0  0  0 100 96  0  0  0  6788   16035      4 2.60e+00    5 6.84e+01 100
PCGAMG Gal l00         1 1.0 3.0227e-03 1.0 0.00e+00 0.0 0.0e+00 0.0e+00 0.0e+00  0  0  0  0  0  11  0  0  0  0     0       0      0 0.00e+00    0 0.00e+00  0
PCGAMG Gal l01         1 1.0 2.7756e-03 1.0 0.00e+00 0.0 0.0e+00 0.0e+00 0.0e+00  0  0  0  0  0  10  0  0  0  0     0       0      0 0.00e+00    0 0.00e+00  0
PCGAMG Gal l02         1 1.0 3.0375e-04 1.0 0.00e+00 0.0 0.0e+00 0.0e+00 0.0e+00  0  0  0  0  0   1  0  0  0  0     0       0      0 0.00e+00    0 0.00e+00  0
PCGAMG Gal l03         1 1.0 1.1139e-04 1.0 0.00e+00 0.0 0.0e+00 0.0e+00 0.0e+00  0  0  0  0  0   0  0  0  0  0     0       0      0 0.00e+00    0 0.00e+00  0
PCSetUp                1 1.0 2.8158e-02 1.0 1.91e+08 1.0 0.0e+00 0.0e+00 0.0e+00  1  2  0  0  0 100 96  0  0  0  6787   16035      4 2.60e+00    5 6.84e+01 100
VecTDot               92 1.0 2.8007e-03 1.0 4.76e+06 1.0 0.0e+00 0.0e+00 0.0e+00  0  0  0  0  0  10  2  0  0  0  1698    2446      0 0.00e+00    0 0.00e+00 100
VecNorm               44 1.0 1.2865e-03 1.0 2.27e+06 1.0 0.0e+00 0.0e+00 0.0e+00  0  0  0  0  0   5  1  0  0  0  1768    2617      0 0.00e+00    0 0.00e+00 100
VecCopy                8 1.0 3.8438e-04 1.0 0.00e+00 0.0 0.0e+00 0.0e+00 0.0e+00  0  0  0  0  0   1  0  0  0  0     0       0      0 0.00e+00    0 0.00e+00  0
VecSet                 4 1.0 1.0751e-04 1.0 0.00e+00 0.0 0.0e+00 0.0e+00 0.0e+00  0  0  0  0  0   0  0  0  0  0     0       0      0 0.00e+00    0 0.00e+00  0
VecAXPY               80 1.0 1.2744e-03 1.0 4.14e+06 1.0 0.0e+00 0.0e+00 0.0e+00  0  0  0  0  0   5  2  0  0  0  3245    8305      0 0.00e+00    0 0.00e+00 100
VecAYPX               36 1.0 5.7768e-04 1.0 1.86e+06 1.0 0.0e+00 0.0e+00 0.0e+00  0  0  0  0  0   2  1  0  0  0  3222    8362      0 0.00e+00    0 0.00e+00 100
VecReciprocal          1 1.0 1.8997e-05 1.0 0.00e+00 0.0 0.0e+00 0.0e+00 0.0e+00  0  0  0  0  0   0  0  0  0  0     0       0      0 0.00e+00    0 0.00e+00  0
VecScatterBegin       30 1.0 2.4271e-05 1.0 0.00e+00 0.0 0.0e+00 0.0e+00 0.0e+00  0  0  0  0  0   0  0  0  0  0     0       0      0 0.00e+00    0 0.00e+00  0
VecScatterEnd         30 1.0 1.8122e-05 1.0 0.00e+00 0.0 0.0e+00 0.0e+00 0.0e+00  0  0  0  0  0   0  0  0  0  0     0       0      0 0.00e+00    0 0.00e+00  0
SFReduceBegin          4 1.0 1.2273e-05 1.0 0.00e+00 0.0 0.0e+00 0.0e+00 0.0e+00  0  0  0  0  0   0  0  0  0  0     0       0      0 0.00e+00    0 0.00e+00  0
SFReduceEnd            4 1.0 2.8260e-06 1.0 0.00e+00 0.0 0.0e+00 0.0e+00 0.0e+00  0  0  0  0  0   0  0  0  0  0     0       0      0 0.00e+00    0 0.00e+00  0
SFPack                34 1.0 3.4190e-06 1.0 0.00e+00 0.0 0.0e+00 0.0e+00 0.0e+00  0  0  0  0  0   0  0  0  0  0     0       0      0 0.00e+00    0 0.00e+00  0
SFUnpack              34 1.0 2.4750e-06 1.0 0.00e+00 0.0 0.0e+00 0.0e+00 0.0e+00  0  0  0  0  0   0  0  0  0  0     0       0      0 0.00e+00    0 0.00e+00  0

--- Event Stage 4: 2nd Solve

MatMult              551 1.0 3.6246e-02 1.0 2.00e+09 1.0 0.0e+00 0.0e+00 0.0e+00  2 26  0  0  0  37 84  0  0  0 55170   76941      0 0.00e+00    0 0.00e+00 100
MatMultAdd            96 1.0 2.6145e-03 1.0 1.20e+08 1.0 0.0e+00 0.0e+00 0.0e+00  0  2  0  0  0   3  5  0  0  0 45942   72605      0 0.00e+00    0 0.00e+00 100
MatMultTranspose      96 1.0 4.3198e-03 1.0 1.20e+08 1.0 0.0e+00 0.0e+00 0.0e+00  0  2  0  0  0   4  5  0  0  0 27806   35476      0 0.00e+00    0 0.00e+00 100
MatResidual           96 1.0 8.3990e-03 1.0 4.15e+08 1.0 0.0e+00 0.0e+00 0.0e+00  0  5  0  0  0   9 17  0  0  0 49432   73344      0 0.00e+00    0 0.00e+00 100
KSPSolve               1 1.0 9.7808e-02 1.0 2.39e+09 1.0 0.0e+00 0.0e+00 0.0e+00  4 31  0  0  0 100 100  0  0  0 24392   41572      0 0.00e+00    0 0.00e+00 100
PCApply               24 1.0 9.0724e-02 1.0 2.00e+09 1.0 0.0e+00 0.0e+00 0.0e+00  4 26  0  0  0  93 84  0  0  0 22025   38368      0 0.00e+00    0 0.00e+00 100
VecTDot              384 1.0 1.1133e-02 1.0 9.83e+06 1.0 0.0e+00 0.0e+00 0.0e+00  1  0  0  0  0  11  0  0  0  0   883    1311      0 0.00e+00    0 0.00e+00 100
VecNorm              192 1.0 5.5886e-03 1.0 4.92e+06 1.0 0.0e+00 0.0e+00 0.0e+00  0  0  0  0  0   6  0  0  0  0   880    1303      0 0.00e+00    0 0.00e+00 100
VecCopy              338 1.0 5.6207e-03 1.0 0.00e+00 0.0 0.0e+00 0.0e+00 0.0e+00  0  0  0  0  0   6  0  0  0  0     0       0      0 0.00e+00    0 0.00e+00  0
VecSet               121 1.0 1.7187e-03 1.0 0.00e+00 0.0 0.0e+00 0.0e+00 0.0e+00  0  0  0  0  0   2  0  0  0  0     0       0      0 0.00e+00    0 0.00e+00  0
VecAXPY              334 1.0 5.2494e-03 1.0 9.44e+06 1.0 0.0e+00 0.0e+00 0.0e+00  0  0  0  0  0   5  0  0  0  0  1798    4622      0 0.00e+00    0 0.00e+00 100
VecAYPX              718 1.0 1.1536e-02 1.0 3.43e+07 1.0 0.0e+00 0.0e+00 0.0e+00  1  0  0  0  0  12  1  0  0  0  2973    7407      0 0.00e+00    0 0.00e+00 100
VecAXPBYCZ           192 1.0 3.1456e-03 1.0 2.48e+07 1.0 0.0e+00 0.0e+00 0.0e+00  0  0  0  0  0   3  1  0  0  0  7888   19119      0 0.00e+00    0 0.00e+00 100
VecPointwiseMult     167 1.0 2.6204e-03 1.0 1.00e+03 1.0 0.0e+00 0.0e+00 0.0e+00  0  0  0  0  0   3  0  0  0  0     0       1      0 0.00e+00    0 0.00e+00 100
VecScatterBegin      431 1.0 3.2557e-04 1.0 0.00e+00 0.0 0.0e+00 0.0e+00 0.0e+00  0  0  0  0  0   0  0  0  0  0     0       0      0 0.00e+00    0 0.00e+00  0
VecScatterEnd        431 1.0 2.5271e-04 1.0 0.00e+00 0.0 0.0e+00 0.0e+00 0.0e+00  0  0  0  0  0   0  0  0  0  0     0       0      0 0.00e+00    0 0.00e+00  0
SFPack               431 1.0 3.7350e-05 1.0 0.00e+00 0.0 0.0e+00 0.0e+00 0.0e+00  0  0  0  0  0   0  0  0  0  0     0       0      0 0.00e+00    0 0.00e+00  0
SFUnpack             431 1.0 3.0152e-05 1.0 0.00e+00 0.0 0.0e+00 0.0e+00 0.0e+00  0  0  0  0  0   0  0  0  0  0     0       0      0 0.00e+00    0 0.00e+00  0

--- Event Stage 5: 3rd Setup


--- Event Stage 6: 3rd Solve

MatMult              551 1.0 3.6161e-02 1.0 2.00e+09 1.0 0.0e+00 0.0e+00 0.0e+00  2 26  0  0  0  37 84  0  0  0 55299   77100      0 0.00e+00    0 0.00e+00 100
MatMultAdd            96 1.0 2.6177e-03 1.0 1.20e+08 1.0 0.0e+00 0.0e+00 0.0e+00  0  2  0  0  0   3  5  0  0  0 45886   72724      0 0.00e+00    0 0.00e+00 100
MatMultTranspose      96 1.0 4.3075e-03 1.0 1.20e+08 1.0 0.0e+00 0.0e+00 0.0e+00  0  2  0  0  0   4  5  0  0  0 27886   35550      0 0.00e+00    0 0.00e+00 100
MatScale               1 1.0 1.0672e-04 1.0 7.48e+06 1.0 0.0e+00 0.0e+00 0.0e+00  0  0  0  0  0   0  0  0  0  0 70048   91251      0 0.00e+00    0 0.00e+00 100
MatResidual           96 1.0 8.3661e-03 1.0 4.15e+08 1.0 0.0e+00 0.0e+00 0.0e+00  0  5  0  0  0   9 17  0  0  0 49626   73408      0 0.00e+00    0 0.00e+00 100
KSPSolve               1 1.0 9.7538e-02 1.0 2.39e+09 1.0 0.0e+00 0.0e+00 0.0e+00  4 31  0  0  0 100 100  0  0  0 24459   41680      0 0.00e+00    0 0.00e+00 100
PCApply               24 1.0 9.0468e-02 1.0 2.00e+09 1.0 0.0e+00 0.0e+00 0.0e+00  4 26  0  0  0  93 83  0  0  0 22087   38481      0 0.00e+00    0 0.00e+00 100
VecTDot              384 1.0 1.1092e-02 1.0 9.83e+06 1.0 0.0e+00 0.0e+00 0.0e+00  1  0  0  0  0  11  0  0  0  0   887    1316      0 0.00e+00    0 0.00e+00 100
VecNorm              192 1.0 5.5749e-03 1.0 4.92e+06 1.0 0.0e+00 0.0e+00 0.0e+00  0  0  0  0  0   6  0  0  0  0   882    1307      0 0.00e+00    0 0.00e+00 100
VecCopy              338 1.0 5.5846e-03 1.0 0.00e+00 0.0 0.0e+00 0.0e+00 0.0e+00  0  0  0  0  0   6  0  0  0  0     0       0      0 0.00e+00    0 0.00e+00  0
VecSet               121 1.0 1.6990e-03 1.0 0.00e+00 0.0 0.0e+00 0.0e+00 0.0e+00  0  0  0  0  0   2  0  0  0  0     0       0      0 0.00e+00    0 0.00e+00  0
VecAXPY              334 1.0 5.2391e-03 1.0 9.44e+06 1.0 0.0e+00 0.0e+00 0.0e+00  0  0  0  0  0   5  0  0  0  0  1802    4650      0 0.00e+00    0 0.00e+00 100
VecAYPX              718 1.0 1.1517e-02 1.0 3.43e+07 1.0 0.0e+00 0.0e+00 0.0e+00  1  0  0  0  0  12  1  0  0  0  2978    7415      0 0.00e+00    0 0.00e+00 100
VecAXPBYCZ           192 1.0 3.1455e-03 1.0 2.48e+07 1.0 0.0e+00 0.0e+00 0.0e+00  0  0  0  0  0   3  1  0  0  0  7889   19031      0 0.00e+00    0 0.00e+00 100
VecPointwiseMult     167 1.0 2.6080e-03 1.0 1.00e+03 1.0 0.0e+00 0.0e+00 0.0e+00  0  0  0  0  0   3  0  0  0  0     0       1      0 0.00e+00    0 0.00e+00 100
VecScatterBegin      431 1.0 3.1692e-04 1.0 0.00e+00 0.0 0.0e+00 0.0e+00 0.0e+00  0  0  0  0  0   0  0  0  0  0     0       0      0 0.00e+00    0 0.00e+00  0
VecScatterEnd        431 1.0 2.5139e-04 1.0 0.00e+00 0.0 0.0e+00 0.0e+00 0.0e+00  0  0  0  0  0   0  0  0  0  0     0       0      0 0.00e+00    0 0.00e+00  0
SFPack               431 1.0 3.7652e-05 1.0 0.00e+00 0.0 0.0e+00 0.0e+00 0.0e+00  0  0  0  0  0   0  0  0  0  0     0       0      0 0.00e+00    0 0.00e+00  0
SFUnpack             431 1.0 2.9988e-05 1.0 0.00e+00 0.0 0.0e+00 0.0e+00 0.0e+00  0  0  0  0  0   0  0  0  0  0     0       0      0 0.00e+00    0 0.00e+00  0
---------------------------------------------------------------------------------------------------------------------------------------------------------------

Object Type          Creations   Destructions. Reports information only for process 0.

--- Event Stage 0: Main Stage

           Container     4             12
       Krylov Solver     1             10
              Matrix     5             53
      Matrix Coarsen     0              1
   Matrix Null Space     1              1
      Preconditioner     1              6
              Viewer     1              1
  PetscDeviceContext     1              0
              Vector    10             57
   Star Forest Graph     0             16
    Distributed Mesh     0              4
     Discrete System     0              4
           Weak Form     0              4

--- Event Stage 1: Setup

           Container    37             29
       Krylov Solver    13              4
              Matrix   272            224
      Matrix Coarsen     4              3
      Preconditioner    13              8
              Vector   231            185
           Index Set    91             91
   Star Forest Graph    70             62
         PetscRandom     4              4

--- Event Stage 2: Solve

              Vector     1              0
   Star Forest Graph     8              0
    Distributed Mesh     4              0
     Discrete System     4              0
           Weak Form     4              0

--- Event Stage 3: 2nd Setup

              Vector    12             12

--- Event Stage 4: 2nd Solve


--- Event Stage 5: 3rd Setup


--- Event Stage 6: 3rd Solve

========================================================================================================================
Average time to get PetscTime(): 3.21e-08
#PETSc Option Table entries:
-alpha 1.e-3 # (source: command line)
-ksp_converged_reason # (source: command line)
-ksp_norm_type unpreconditioned # (source: command line)
-ksp_rtol 1e-6 # (source: command line)
-ksp_type cg # (source: command line)
-log_view # (source: command line)
-log_view_gpu_time # (source: command line)
-mat_type mpibaijkokkos # (source: command line)
-mg_coarse_ksp_type cg # (source: command line)
-mg_coarse_pc_type jacobi # (source: command line)
-mg_levels_ksp_type chebyshev # (source: command line)
-mg_levels_pc_type pbjacobi # (source: command line)
-ne 31 # (source: command line)
-pc_gamg_agg_nsmooths 1 # (source: command line)
-pc_gamg_coarse_eq_limit 20 # (source: command line)
-pc_gamg_parallel_coarse_grid_solver # (source: command line)
-pc_gamg_reuse_interpolation true # (source: command line)
-pc_gamg_type agg # (source: command line)
-pc_type gamg # (source: command line)
-two_solves # (source: command line)
-use_mat_nearnullspace # (source: command line)
#End of PETSc Option Table entries
Compiled without FORTRAN kernels
Compiled with full precision matrices (default)
sizeof(short) 2 sizeof(int) 4 sizeof(long) 8 sizeof(void*) 8 sizeof(PetscScalar) 8 sizeof(PetscInt) 4
Configure options: --with-kokkos-dir=/global/homes/m/madams/petsc/arch-perlmutter-opt-gcc-kokkos-cuda-notpl --with-kokkos-kernels-dir=/global/homes/m/madams/petsc/arch-perlmutter-opt-gcc-kokkos-cuda-notpl --with-triangle-dir=/global/homes/m/madams/petsc/arch-perlmutter-opt-gcc-kokkos-cuda-notpl --with-batch=0 --with-cc=cc --with-cxx=CC --with-fc=0 --with-debugging=0 --with-cuda=1 --with-cuda-arch=80 --with-kokkos-kernels-tpl=0 --with-make-np=8 --with-mpiexec=srun -G4 --gpu-bind=none PETSC_ARCH=arch-perlmutter-opt-gcc-kokkos-cuda-notpl
-----------------------------------------
Libraries compiled on 2026-06-22 14:37:25 on login21
Machine characteristics: Linux-6.4.0-150600.23.103_15.0.24-cray_shasta_c-x86_64-with-glibc2.3.4
Using PETSc directory: /global/u2/m/madams/petsc
Using PETSc arch: arch-perlmutter-opt-gcc-kokkos-cuda-notpl
-----------------------------------------

Using C compiler: cc  -fPIC -Wall -Wwrite-strings -Wno-unknown-pragmas -Wno-lto-type-mismatch -Wno-stringop-overflow -fstack-protector -fvisibility=hidden -g -O 
-----------------------------------------

Using include paths: -I/global/u2/m/madams/petsc/include -I/global/u2/m/madams/petsc/arch-perlmutter-opt-gcc-kokkos-cuda-notpl/include -I/global/homes/m/madams/petsc/arch-perlmutter-opt-gcc-kokkos-cuda-notpl/include -I/opt/nvidia/hpc_sdk/Linux_x86_64/25.5/cuda/12.9/include -I/opt/nvidia/hpc_sdk/Linux_x86_64/25.5/math_libs/12.9/include
-----------------------------------------

Using C linker: cc
Using libraries: -Wl,-rpath,/global/u2/m/madams/petsc/arch-perlmutter-opt-gcc-kokkos-cuda-notpl/lib -L/global/u2/m/madams/petsc/arch-perlmutter-opt-gcc-kokkos-cuda-notpl/lib -lpetsc -Wl,-rpath,/global/homes/m/madams/petsc/arch-perlmutter-opt-gcc-kokkos-cuda-notpl/lib -L/global/homes/m/madams/petsc/arch-perlmutter-opt-gcc-kokkos-cuda-notpl/lib -Wl,-rpath,/opt/nvidia/hpc_sdk/Linux_x86_64/25.5/cuda/12.9/lib64 -L/opt/nvidia/hpc_sdk/Linux_x86_64/25.5/cuda/12.9/lib64 -Wl,-rpath,/opt/nvidia/hpc_sdk/Linux_x86_64/25.5/math_libs/12.9/lib64 -L/opt/nvidia/hpc_sdk/Linux_x86_64/25.5/math_libs/12.9/lib64 -L/opt/nvidia/hpc_sdk/Linux_x86_64/25.5/cuda/12.9/lib64/stubs -lkokkoskernels -lkokkoscontainers -lkokkoscore -lkokkossimd -ltriangle -lcudart -lnvtx3interop -lcufft -lcublas -lcusparse -lcusolver -lcurand -lcuda -lnvidia-ml -lX11 -lstdc++ -lquadmath
-----------------------------------------

