  Linear solve converged due to CONVERGED_RTOL iterations 30
  Linear solve converged due to CONVERGED_RTOL iterations 30
  Linear solve converged due to CONVERGED_RTOL iterations 30
[0]main |b-Ax|/|b|=7.613408e-07, |b|=2.222509e+00, emax=9.989586e-01
****************************************************************************************************************************************************************
***                                WIDEN YOUR WINDOW TO 160 CHARACTERS.  Use 'enscript -r -fCourier9' to print this document                                 ***
****************************************************************************************************************************************************************

------------------------------------------------------------------ PETSc Performance Summary: ------------------------------------------------------------------

/global/homes/m/madams/petsc/arch-perlmutter-opt-gcc-kokkos-cuda-notpl/tests/ksp/ksp/tutorials/ex56 on a arch-perlmutter-opt-gcc-kokkos-cuda-notpl named nid001161 with 8 processes and CUDA architecture 80, by madams on Mon Jun 22 07:46:34 2026
Using PETSc Development Git Revision: v3.25.2-340-g83d2bd4a8b4 Git Date: 2026-06-21 14:23:19 -0400

                         Max       Max/Min     Avg       Total
Time (sec):           5.510e+00     1.007   5.490e+00
Objects:              0.000e+00     0.000   0.000e+00
Flops:                1.007e+10     1.020   9.974e+09  7.979e+10
Flops/sec:            1.828e+09     1.013   1.817e+09  1.453e+10
MPI Msg Count:        1.680e+04     1.274   1.394e+04  1.116e+05
MPI Msg Len (bytes):  8.464e+07     1.039   5.957e+03  6.645e+08
MPI Reductions:       1.380e+02     1.000

Flop counting convention: 1 flop = 1 real number operation of type (multiply/divide/add/subtract)
                            e.g., VecAXPY() for real vectors of length N --> 2N flops
                            and VecAXPY() for complex vectors of length N --> 8N flops

Summary of Stages:   ----- Time ------  ----- Flop ------  --- Messages ---  -- Message Lengths --  -- Reductions --
                        Avg     %Total     Avg     %Total    Count   %Total     Avg         %Total    Count   %Total
 0:      Main Stage: 1.0050e+00  18.3%  2.5385e+08   0.3%  2.630e+02   0.2%  1.234e+05        4.9%  9.000e+00   6.5%
 1:           Setup: 3.7758e+00  68.8%  3.1816e+09   4.0%  1.293e+04  11.6%  1.419e+04       27.6%  1.120e+02  81.2%
 2:           Solve: 2.6166e-01   4.8%  2.4879e+10  31.2%  3.208e+04  28.8%  3.991e+03       19.3%  0.000e+00   0.0%
 3:       2nd Setup: 1.7530e-01   3.2%  1.6548e+09   2.1%  2.124e+03   1.9%  3.038e+04        9.7%  0.000e+00   0.0%
 4:       2nd Solve: 1.3589e-01   2.5%  2.4879e+10  31.2%  3.208e+04  28.8%  3.991e+03       19.3%  0.000e+00   0.0%
 5:       3rd Setup: 2.7325e-07   0.0%  0.0000e+00   0.0%  0.000e+00   0.0%  0.000e+00        0.0%  0.000e+00   0.0%
 6:       3rd Solve: 1.3679e-01   2.5%  2.4941e+10  31.3%  3.208e+04  28.8%  3.991e+03       19.3%  0.000e+00   0.0%

------------------------------------------------------------------------------------------------------------------------
See the 'Profiling' chapter of the users' manual for details on interpreting output.
Phase summary info:
   Count: number of times phase was executed
   Time and Flop: Max - maximum over all processes
                  Ratio - ratio of maximum to minimum over all processes
   Mess: number of messages sent
   AvgLen: average message length (bytes)
   Reduct: number of global reductions
   Global: entire computation
   Stage: stages of a computation. Set stages with PetscLogStagePush() and PetscLogStagePop().
      %T - percent time in this phase         %F - percent flop in this phase
      %M - percent messages in this phase     %L - percent message lengths in this phase
      %R - percent reductions in this phase
   Total Mflop/s: 1e-6 * (sum of flop over all processes)/(max time over all processes)
   GPU Mflop/s: 1e-6 * (sum of flop on GPU over all processes)/(max GPU time over all processes)
   CpuToGpu Count: total number of CPU to GPU copies per processor
   CpuToGpu Size (Mbytes): 1e-6 * (total size of CPU to GPU copies per processor)
   GpuToCpu Count: total number of GPU to CPU copies per processor
   GpuToCpu Size (Mbytes): 1e-6 * (total size of GPU to CPU copies per processor)
   GPU %F: percent flops on GPU in this event
------------------------------------------------------------------------------------------------------------------------
Event                Count      Time (sec)     Flop                              --- Global ---  --- Stage ----  Total   GPU    - CpuToGpu -   - GpuToCpu - GPU
                   Max Ratio  Max     Ratio   Max  Ratio  Mess   AvgLen  Reduct  %T %F %M %L %R  %T %F %M %L %R Mflop/s Mflop/s Count   Size   Count   Size  %F
---------------------------------------------------------------------------------------------------------------------------------------------------------------

--- Event Stage 0: Main Stage

BuildTwoSided          3 1.0 6.8701e-02 156.3 0.00e+00 0.0 9.4e+01 5.6e+00 0.0e+00  1  0  0  0  0   3  0 36  0  0     0       0      0 0.00e+00    0 0.00e+00  0
BuildTwoSidedF         2 1.0 7.0950e-02 121.2 0.00e+00 0.0 9.5e+01 3.3e+05 0.0e+00  1  0  0  5  0   3  0 36 97  0     0       0      0 0.00e+00    0 0.00e+00  0
MatMult                1 1.0 1.3365e-04 1.4 1.54e+07 1.0 5.6e+01 1.1e+04 0.0e+00  0  0  0  0  0   0 49 21  2  0 923785       0      0 0.00e+00    0 0.00e+00 100
MatAssemblyBegin       1 1.0 7.0302e-02 1.4 0.00e+00 0.0 3.8e+01 8.2e+05 0.0e+00  1  0  0  5  0   6  0 14 96  0     0       0      0 0.00e+00    0 0.00e+00  0
MatAssemblyEnd         1 1.0 4.0952e-02 1.1 2.46e+05 0.0 1.1e+02 2.7e+03 1.0e+00  1  0  0  0  1   4  0 43  1 11    24       0      0 0.00e+00    0 0.00e+00  0
DCtxCreate             1 1.0 5.3483e-05 1.8 0.00e+00 0.0 0.0e+00 0.0e+00 0.0e+00  0  0  0  0  0   0  0  0  0  0     0       0      0 0.00e+00    0 0.00e+00  0
DCtxDestroy            1 1.0 2.3665e-05 1.1 0.00e+00 0.0 0.0e+00 0.0e+00 0.0e+00  0  0  0  0  0   0  0  0  0  0     0       0      0 0.00e+00    0 0.00e+00  0
DCtxSetUp              1 1.0 1.6461e-05 2.1 0.00e+00 0.0 0.0e+00 0.0e+00 0.0e+00  0  0  0  0  0   0  0  0  0  0     0       0      0 0.00e+00    0 0.00e+00  0
DCtxSetDevice          1 1.0 1.5801e-05 1.2 0.00e+00 0.0 0.0e+00 0.0e+00 0.0e+00  0  0  0  0  0   0  0  0  0  0     0       0      0 0.00e+00    0 0.00e+00  0
VecMDot                3 1.0 9.7729e-04 1.4 2.36e+06 1.0 0.0e+00 0.0e+00 0.0e+00  0  0  0  0  0   0  7  0  0  0 19313       0      0 0.00e+00    0 0.00e+00  0
VecNorm                5 1.0 4.0488e-04 1.3 9.83e+05 1.0 0.0e+00 0.0e+00 0.0e+00  0  0  0  0  0   0  3  0  0  0 19424       0      0 0.00e+00    0 0.00e+00 40
VecScale               3 1.0 5.3564e-05 1.1 2.95e+05 1.0 0.0e+00 0.0e+00 0.0e+00  0  0  0  0  0   0  1  0  0  0 44046       0      0 0.00e+00    0 0.00e+00  0
VecAXPY                1 1.0 4.5408e-05 1.4 1.97e+05 1.0 0.0e+00 0.0e+00 0.0e+00  0  0  0  0  0   0  1  0  0  0 34638       0      0 0.00e+00    0 0.00e+00 100
VecMAXPY               3 1.0 3.7028e-04 1.3 2.36e+06 1.0 0.0e+00 0.0e+00 0.0e+00  0  0  0  0  0   0  7  0  0  0 50974       0      0 0.00e+00    0 0.00e+00  0
VecAssemblyBegin       1 1.0 7.0414e-04 1.1 0.00e+00 0.0 5.7e+01 6.1e+03 0.0e+00  0  0  0  0  0   0  0 22  1  0     0       0      0 0.00e+00    0 0.00e+00  0
VecAssemblyEnd         1 1.0 7.7901e-05 2.8 0.00e+00 0.0 0.0e+00 0.0e+00 0.0e+00  0  0  0  0  0   0  0  0  0  0     0       0      0 0.00e+00    0 0.00e+00  0
VecScatterBegin        1 1.0 8.3712e-05 1.9 0.00e+00 0.0 5.6e+01 1.1e+04 0.0e+00  0  0  0  0  0   0  0 21  2  0     0       0      0 0.00e+00    0 0.00e+00  0
VecScatterEnd          1 1.0 5.9555e-05 9.5 0.00e+00 0.0 0.0e+00 0.0e+00 0.0e+00  0  0  0  0  0   0  0  0  0  0     0       0      0 0.00e+00    0 0.00e+00  0
VecNormalize           3 1.0 2.8275e-04 1.4 8.85e+05 1.0 0.0e+00 0.0e+00 0.0e+00  0  0  0  0  0   0  3  0  0  0 25033       0      0 0.00e+00    0 0.00e+00  0
SFSetGraph             1 1.0 9.2538e-05 1.4 0.00e+00 0.0 0.0e+00 0.0e+00 0.0e+00  0  0  0  0  0   0  0  0  0  0     0       0      0 0.00e+00    0 0.00e+00  0
SFSetUp                1 1.0 5.7786e-04 1.2 0.00e+00 0.0 1.1e+02 2.7e+03 0.0e+00  0  0  0  0  0   0  0 43  1  0     0       0      0 0.00e+00    0 0.00e+00  0
SFPack                 1 1.0 6.0820e-06 1.2 0.00e+00 0.0 0.0e+00 0.0e+00 0.0e+00  0  0  0  0  0   0  0  0  0  0     0       0      0 0.00e+00    0 0.00e+00  0
SFUnpack               1 1.0 2.4000e-07 1.8 0.00e+00 0.0 0.0e+00 0.0e+00 0.0e+00  0  0  0  0  0   0  0  0  0  0     0       0      0 0.00e+00    0 0.00e+00  0

--- Event Stage 1: Setup

BuildTwoSided        207 1.0 6.7896e-02 2.0 0.00e+00 0.0 1.7e+03 4.0e+00 0.0e+00  1  0  2  0  0   1  0 13  0  0     0       0      0 0.00e+00    0 0.00e+00  0
BuildTwoSidedF       153 1.0 5.9844e-02 2.2 0.00e+00 0.0 2.7e+02 7.7e+03 0.0e+00  1  0  0  0  0   1  0  2  1  0     0       0      0 0.00e+00    0 0.00e+00  0
MatMult               80 1.0 2.5707e-02 1.4 3.63e+08 1.0 3.6e+03 4.7e+03 0.0e+00  0  4  3  3  0   1 90 28  9  0 111431       0      4 1.94e+00    0 0.00e+00 100
MatScale              12 1.0 1.9381e-02 1.2 7.09e+06 1.0 1.7e+02 1.4e+03 0.0e+00  0  0  0  0  0   0  2  1  0  0  2917       0     11 5.41e-01    0 0.00e+00 100
MatAssemblyBegin      64 1.0 1.1415e-02 2.1 0.00e+00 0.0 2.7e+02 7.7e+03 0.0e+00  0  0  0  0  0   0  0  2  1  0     0       0      0 0.00e+00    0 0.00e+00  0
MatAssemblyEnd        64 1.0 1.1247e-01 1.6 0.00e+00 0.0 1.7e+03 3.7e+02 3.2e+01  2  0  2  0 23   2  0 13  0 29     0       0      0 0.00e+00    0 0.00e+00  0
MatSetValues      142306 1.0 3.7716e-01 1.0 6.20e+05 1.0 0.0e+00 0.0e+00 0.0e+00  7  0  0  0  0  10  0  0  0  0    13       0      0 0.00e+00    6 2.11e+01  0
MatGetValues       33610 1.0 6.9638e-02 1.1 0.00e+00 0.0 0.0e+00 0.0e+00 0.0e+00  1  0  0  0  0   2  0  0  0  0     0       0      0 0.00e+00    0 0.00e+00  0
MatGetRow         480713 1.0 9.6402e-01 1.0 0.00e+00 0.0 0.0e+00 0.0e+00 0.0e+00 17  0  0  0  0  25  0  0  0  0     0       0      0 0.00e+00   11 1.70e+01  0
MatCreateSubMat        2 1.0 3.2031e-03 1.0 0.00e+00 0.0 3.0e+01 9.7e+01 1.0e+01  0  0  0  0  7   0  0  0  0  9     0       0      0 0.00e+00    2 0.00e+00  0
MatCoarsen             4 1.0 1.5313e-02 1.0 0.00e+00 0.0 1.7e+03 9.7e+02 2.7e+01  0  0  1  0 20   0  0 13  1 24     0       0      3 5.88e-03    0 0.00e+00  0
MatAXPY                4 1.0 7.1228e-01 1.0 6.20e+05 1.0 0.0e+00 0.0e+00 0.0e+00 13  0  0  0  0  19  0  0  0  0     7       0      0 0.00e+00    6 2.11e+01  0
MatTranspose           3 1.0 3.7562e-03 1.0 0.00e+00 0.0 2.2e+02 4.4e+01 9.0e+00  0  0  0  0  7   0  0  2  0  8     0       0      3 5.88e-03    0 0.00e+00  0
MatMatMultSym          4 1.0 8.8791e-02 1.0 0.00e+00 0.0 1.4e+03 7.5e+03 1.2e+01  2  0  1  2  9   2  0 11  6 11     0       0      8 4.95e+00    0 0.00e+00  0
MatMatMultNum          4 1.0 1.0320e-06 1.3 0.00e+00 0.0 0.0e+00 0.0e+00 0.0e+00  0  0  0  0  0   0  0  0  0  0     0       0      0 0.00e+00    0 0.00e+00  0
MatPtAPSymbolic        4 1.0 5.4936e-01 1.1 0.00e+00 0.0 2.4e+03 4.8e+04 2.4e+01 10  0  2 17 17  14  0 18 61 21     0       0      8 2.11e+01    0 0.00e+00  0
MatPtAPNumeric         4 1.0 9.7100e-07 1.2 0.00e+00 0.0 0.0e+00 0.0e+00 0.0e+00  0  0  0  0  0   0  0  0  0  0     0       0      0 0.00e+00    0 0.00e+00  0
MatTrnMatMultSym       1 1.0 6.8883e-02 1.1 0.00e+00 0.0 4.5e+02 6.4e+04 3.0e+00  1  0  0  4  2   2  0  3 16  3     0       0      0 0.00e+00    0 0.00e+00  0
MatCreateGraph         4 1.0 6.3275e-01 1.0 1.79e+06 1.0 5.1e+02 7.2e+02 1.2e+01 12  0  0  0  9  17  0  4  0 11    23       0     15 7.40e+00    8 1.02e+01 100
KSPSetUp               1 1.0 8.8063e-04 1.3 0.00e+00 0.0 0.0e+00 0.0e+00 0.0e+00  0  0  0  0  0   0  0  0  0  0     0       0      0 0.00e+00    0 0.00e+00  0
PCSetUp_GAMG+          1 1.0 3.7751e+00 1.0 4.02e+08 1.0 1.3e+04 1.4e+04 1.1e+02 69  4 12 28 81 100 100 100 100 100   843       0     82 1.02e+02   47 3.96e+01 100
 PCGAMGCreateG         4 1.0 6.3276e-01 1.0 1.79e+06 1.0 5.1e+02 7.2e+02 1.2e+01 12  0  0  0  9  17  0  4  0 11    23       0     15 7.40e+00    8 1.02e+01 100
 GAMG Coarsen          8 1.0 4.5746e-01 1.0 0.00e+00 0.0 2.4e+03 1.4e+04 3.0e+01  8  0  2  5 22  12  0 18 18 27     0       0      8 1.05e+00   12 7.37e+00  0
  GAMG MIS/Agg         4 1.0 8.5856e-02 1.0 0.00e+00 0.0 2.1e+03 1.4e+04 3.0e+01  2  0  2  5 22   2  0 16 17 27     0       0      3 5.88e-03    0 0.00e+00  0
 PCGAMGProl            4 1.0 1.2128e+00 1.0 0.00e+00 0.0 2.5e+03 4.0e+03 1.2e+01 22  0  2  2  9  32  0 20  6 11     0       0     38 5.97e+00   19 9.93e-01  0
  GAMG Prol-col        4 1.0 1.1813e+00 1.0 0.00e+00 0.0 2.2e+03 3.6e+03 0.0e+00 22  0  2  1  0  31  0 17  4  0     0       0     38 5.97e+00   19 9.93e-01  0
  GAMG Prol-lift       4 1.0 2.5636e-02 1.0 0.00e+00 0.0 2.8e+02 7.4e+03 4.0e+00  0  0  0  0  3   1  0  2  1  4     0       0      0 0.00e+00    0 0.00e+00  0
 PCGAMGOptProl         4 1.0 8.4671e-01 1.0 1.99e+08 1.0 3.3e+03 5.9e+03 1.2e+01 15  2  3  3  9  22 49 25 11 11  1859       0     13 6.67e+01    6 2.11e+01 100
  GAMG smooth          4 1.0 8.0493e-01 1.0 5.92e+06 1.0 1.4e+03 7.5e+03 1.2e+01 14  0  1  2  9  21  1 11  6 11    59       0      8 4.95e+00    6 2.11e+01 90
 PCGAMGCreateL         4 1.0 5.5554e-01 1.1 0.00e+00 0.0 2.4e+03 4.6e+04 4.6e+01 10  0  2 17 33  14  0 19 61 41     0       0      8 2.11e+01    2 0.00e+00  0
  GAMG PtAP            4 1.0 5.4940e-01 1.1 0.00e+00 0.0 2.4e+03 4.8e+04 2.4e+01 10  0  2 17 17  14  0 18 61 21     0       0      8 2.11e+01    0 0.00e+00  0
  GAMG Reduce          2 1.0 1.2500e-01 1.0 0.00e+00 0.0 6.7e+02 1.7e+04 3.4e+01  2  0  1  2 25   3  0  5  6 30     0       0      4 1.37e-01    2 0.00e+00  0
PCGAMG Squ l00         1 1.0 6.8887e-02 1.1 0.00e+00 0.0 4.5e+02 6.4e+04 3.0e+00  1  0  0  4  2   2  0  3 16  3     0       0      0 0.00e+00    0 0.00e+00  0
PCGAMG Gal l00         1 1.0 2.6713e-01 1.1 0.00e+00 0.0 8.6e+02 7.1e+04 6.0e+00  5  0  1  9  4   7  0  7 34  5     0       0      2 1.92e+01    0 0.00e+00  0
PCGAMG Opt l00         1 1.0 4.8161e-02 1.0 0.00e+00 0.0 4.4e+02 1.7e+04 3.0e+00  1  0  0  1  2   1  0  3  4  3     0       0      2 4.72e+00    0 0.00e+00  0
PCGAMG Gal l01         1 1.0 1.6498e-01 1.0 0.00e+00 0.0 9.0e+02 4.4e+04 6.0e+00  3  0  1  6  4   4  0  7 21  5     0       0      2 1.79e+00    0 0.00e+00  0
PCGAMG Opt l01         1 1.0 1.9288e-02 1.0 0.00e+00 0.0 4.5e+02 4.6e+03 3.0e+00  0  0  0  0  2   1  0  3  1  3     0       0      2 2.11e-01    0 0.00e+00  0
PCGAMG Gal l02         1 1.0 8.8983e-02 1.0 0.00e+00 0.0 4.8e+02 2.4e+04 6.0e+00  2  0  0  2  4   2  0  4  6  5     0       0      2 1.37e-01    0 0.00e+00  0
PCGAMG Opt l02         1 1.0 1.5976e-02 1.0 0.00e+00 0.0 4.5e+02 2.2e+03 3.0e+00  0  0  0  0  2   0  0  3  1  3     0       0      2 1.52e-02    0 0.00e+00  0
PCGAMG Gal l03         1 1.0 2.9628e-02 1.0 0.00e+00 0.0 1.2e+02 7.2e+02 6.0e+00  1  0  0  0  4   1  0  1  0  5     0       0      2 7.20e-04    0 0.00e+00  0
PCGAMG Opt l03         1 1.0 5.4200e-03 1.0 0.00e+00 0.0 9.8e+01 8.6e+02 3.0e+00  0  0  0  0  2   0  0  1  0  3     0       0      2 7.20e-04    0 0.00e+00  0
PCSetUp                1 1.0 3.7751e+00 1.0 4.02e+08 1.0 1.3e+04 1.4e+04 1.1e+02 69  4 12 28 81 100 100 100 100 100   843       0     82 1.02e+02   47 3.96e+01 100
VecTDot              184 1.0 2.1998e-02 1.7 9.51e+06 1.0 0.0e+00 0.0e+00 0.0e+00  0  0  0  0  0   0  2  0  0  0  3447       0      0 0.00e+00    0 0.00e+00 100
VecNorm               44 1.0 6.8679e-03 2.7 2.27e+06 1.0 0.0e+00 0.0e+00 0.0e+00  0  0  0  0  0   0  1  0  0  0  2640       0      0 0.00e+00    0 0.00e+00 100
VecCopy               16 1.0 2.1262e-04 1.3 0.00e+00 0.0 0.0e+00 0.0e+00 0.0e+00  0  0  0  0  0   0  0  0  0  0     0       0      0 0.00e+00    0 0.00e+00  0
VecSet                 8 1.0 4.7382e-05 1.2 0.00e+00 0.0 0.0e+00 0.0e+00 0.0e+00  0  0  0  0  0   0  0  0  0  0     0       0      0 0.00e+00    0 0.00e+00  0
VecAXPY              160 1.0 1.3378e-03 1.2 8.27e+06 1.0 0.0e+00 0.0e+00 0.0e+00  0  0  0  0  0   0  2  0  0  0 49292       0      0 0.00e+00    0 0.00e+00 100
VecAYPX               72 1.0 3.4124e-04 1.4 3.72e+06 1.0 0.0e+00 0.0e+00 0.0e+00  0  0  0  0  0   0  1  0  0  0 86962       0      0 0.00e+00    0 0.00e+00 100
VecAssemblyBegin     136 1.0 5.1296e-02 2.6 0.00e+00 0.0 0.0e+00 0.0e+00 0.0e+00  1  0  0  0  0   1  0  0  0  0     0       0      0 0.00e+00    0 0.00e+00  0
VecAssemblyEnd       136 1.0 1.3514e-04 1.1 0.00e+00 0.0 0.0e+00 0.0e+00 0.0e+00  0  0  0  0  0   0  0  0  0  0     0       0      0 0.00e+00    0 0.00e+00  0
VecPointwiseMult      44 1.0 2.5387e-04 1.4 1.14e+06 1.0 0.0e+00 0.0e+00 0.0e+00  0  0  0  0  0   0  0  0  0  0 35716       0      0 0.00e+00    0 0.00e+00 100
VecReciprocal         12 1.0 1.9597e-03 2.1 0.00e+00 0.0 0.0e+00 0.0e+00 0.0e+00  0  0  0  0  0   0  0  0  0  0     0       0      0 0.00e+00    0 0.00e+00  0
VecSetValues      784962 1.0 1.3330e+00 1.0 0.00e+00 0.0 0.0e+00 0.0e+00 0.0e+00 24  0  0  0  0  35  0  0  0  0     0       0      0 0.00e+00    0 0.00e+00  0
VecScatterBegin      221 1.0 3.3860e-02 1.4 0.00e+00 0.0 6.3e+03 4.3e+03 0.0e+00  1  0  6  4  0   1  0 49 15  0     0       0     53 7.31e+00    0 0.00e+00  0
VecScatterEnd        221 1.0 2.3849e-02 2.5 0.00e+00 0.0 0.0e+00 0.0e+00 0.0e+00  0  0  0  0  0   0  0  0  0  0     0       0      0 0.00e+00    0 0.00e+00  0
SFSetGraph            54 1.0 1.6806e-04 1.1 0.00e+00 0.0 0.0e+00 0.0e+00 0.0e+00  0  0  0  0  0   0  0  0  0  0     0       0      0 0.00e+00    0 0.00e+00  0
SFSetUp               54 1.0 3.3133e-02 1.1 0.00e+00 0.0 3.2e+03 1.2e+04 0.0e+00  1  0  3  6  0   1  0 25 21  0     0       0      0 0.00e+00    0 0.00e+00  0
SFBcastBegin          43 1.0 3.9801e-02 2.1 0.00e+00 0.0 2.0e+03 2.9e+04 0.0e+00  1  0  2  9  0   1  0 15 32  0     0       0      0 0.00e+00    0 0.00e+00  0
SFBcastEnd            43 1.0 3.2789e-02 10.6 0.00e+00 0.0 0.0e+00 0.0e+00 0.0e+00  0  0  0  0  0   0  0  0  0  0     0       0      0 0.00e+00    0 0.00e+00  0
SFReduceBegin         13 1.0 1.4972e-02 4.4 0.00e+00 0.0 3.9e+02 1.5e+05 0.0e+00  0  0  0  9  0   0  0  3 31  0     0       0      0 0.00e+00    0 0.00e+00  0
SFReduceEnd           13 1.0 1.4613e-02 3.5 0.00e+00 0.0 0.0e+00 0.0e+00 0.0e+00  0  0  0  0  0   0  0  0  0  0     0       0      0 0.00e+00    0 0.00e+00  0
SFPack               277 1.0 6.9505e-03 1.2 0.00e+00 0.0 0.0e+00 0.0e+00 0.0e+00  0  0  0  0  0   0  0  0  0  0     0       0      7 1.83e-02    0 0.00e+00  0
SFUnpack             277 1.0 3.8610e-05 1.2 0.00e+00 0.0 0.0e+00 0.0e+00 0.0e+00  0  0  0  0  0   0  0  0  0  0     0       0      0 0.00e+00    0 0.00e+00  0

--- Event Stage 2: Solve

MatMult              687 1.0 1.0407e-01 1.7 2.64e+09 1.0 2.5e+04 4.9e+03 0.0e+00  1 26 22 18  0  28 84 77 95  0 200736       0      0 2.55e-05    0 0.00e+00 100
MatMultAdd           120 1.0 9.7012e-03 1.1 1.59e+08 1.0 3.7e+03 9.4e+02 0.0e+00  0  2  3  1  0   4  5 11  3  0 130718       0      0 0.00e+00    0 0.00e+00 100
MatMultTranspose     120 1.0 1.3648e-01 1.4 1.59e+08 1.0 3.7e+03 9.4e+02 0.0e+00  2  2  3  1  0  48  5 11  3  0  9295       0      2 7.17e-03    0 0.00e+00 100
MatResidual          120 1.0 1.5481e-02 1.1 5.50e+08 1.0 5.5e+03 4.7e+03 0.0e+00  0  5  5  4  0   6 17 17 20  0 280742       0      0 0.00e+00    0 0.00e+00 100
KSPSolve               1 1.0 2.6167e-01 1.0 3.14e+09 1.0 3.2e+04 4.0e+03 0.0e+00  5 31 29 19  0 100 100 100 100  0 95076       0      2 7.20e-03    0 0.00e+00 100
PCApply               30 1.0 2.4696e-01 1.0 2.64e+09 1.0 3.0e+04 3.6e+03 0.0e+00  4 26 27 17  0  94 84 95 86  0 84584       0      2 7.20e-03    0 0.00e+00 100
VecTDot              476 1.0 3.2780e-02 1.2 1.22e+07 1.0 0.0e+00 0.0e+00 0.0e+00  1  0  0  0  0  11  0  0  0  0  2975       0      0 0.00e+00    0 0.00e+00 100
VecNorm              238 1.0 1.3510e-02 1.4 6.10e+06 1.0 0.0e+00 0.0e+00 0.0e+00  0  0  0  0  0   5  0  0  0  0  3609       0      0 0.00e+00    0 0.00e+00 100
VecCopy              422 1.0 2.1811e-03 1.5 0.00e+00 0.0 0.0e+00 0.0e+00 0.0e+00  0  0  0  0  0   1  0  0  0  0     0       0      0 0.00e+00    0 0.00e+00  0
VecSet               151 1.0 6.4184e-04 1.5 0.00e+00 0.0 0.0e+00 0.0e+00 0.0e+00  0  0  0  0  0   0  0  0  0  0     0       0      0 0.00e+00    0 0.00e+00  0
VecAXPY              414 1.0 1.6065e-03 3.2 1.18e+07 1.0 0.0e+00 0.0e+00 0.0e+00  0  0  0  0  0   0  0  0  0  0 58746       0      0 0.00e+00    0 0.00e+00 100
VecAYPX              896 1.0 3.5318e-03 1.4 4.29e+07 1.0 0.0e+00 0.0e+00 0.0e+00  0  0  0  0  0   1  1  0  0  0 96935       0      0 0.00e+00    0 0.00e+00 100
VecAXPBYCZ           240 1.0 1.3135e-03 1.2 3.10e+07 1.0 0.0e+00 0.0e+00 0.0e+00  0  0  0  0  0   0  1  0  0  0 188262       0      0 0.00e+00    0 0.00e+00 100
VecPointwiseMult     207 1.0 8.7630e-04 4.5 1.24e+03 0.0 0.0e+00 0.0e+00 0.0e+00  0  0  0  0  0   0  0  0  0  0     1       0      0 0.00e+00    0 0.00e+00 100
VecReciprocal          1 1.0 7.3640e-06 5.1 0.00e+00 0.0 0.0e+00 0.0e+00 0.0e+00  0  0  0  0  0   0  0  0  0  0     0       0      0 0.00e+00    0 0.00e+00  0
VecScatterBegin      927 1.0 1.1553e-01 2.3 0.00e+00 0.0 3.2e+04 4.0e+03 0.0e+00  1  0 29 19  0  31  0 100 100  0     0       0      0 2.55e-05    0 0.00e+00  0
VecScatterEnd        927 1.0 1.4869e-01 1.7 6.25e+04 1.4 0.0e+00 0.0e+00 0.0e+00  2  0  0  0  0  45  0  0  0  0     3       0      2 7.17e-03    0 0.00e+00 100
SFPack               927 1.0 2.6495e-03 1.7 0.00e+00 0.0 0.0e+00 0.0e+00 0.0e+00  0  0  0  0  0   1  0  0  0  0     0       0      0 2.55e-05    0 0.00e+00  0
SFUnpack             927 1.0 8.7365e-04 1.8 6.25e+04 1.4 0.0e+00 0.0e+00 0.0e+00  0  0  0  0  0   0  0  0  0  0   493       0      2 7.17e-03    0 0.00e+00 100

--- Event Stage 3: 2nd Setup

MatMult               40 1.0 3.2161e-03 1.1 1.81e+08 1.0 1.8e+03 4.7e+03 0.0e+00  0  2  2  1  0   2 87 86 13  0 445342       0      0 0.00e+00    0 0.00e+00 100
MatScale               1 1.0 1.1823e-05 1.3 7.72e+06 1.0 0.0e+00 0.0e+00 0.0e+00  0  0  0  0  0   0  4  0  0  0 5221264       0      0 0.00e+00    0 0.00e+00 100
MatPtAPNumeric         4 1.0 1.6087e-01 1.0 0.00e+00 0.0 3.0e+02 1.8e+05 0.0e+00  3  0  0  8  0  91  0 14 87  0     0       0      0 0.00e+00    0 0.00e+00  0
KSPSetUp               1 1.0 2.6000e-07 1.6 0.00e+00 0.0 0.0e+00 0.0e+00 0.0e+00  0  0  0  0  0   0  0  0  0  0     0       0      0 0.00e+00    0 0.00e+00  0
PCSetUp_GAMG+          1 1.0 1.7529e-01 1.0 2.02e+08 1.0 2.1e+03 3.0e+04 0.0e+00  3  2  2 10  0 100 96 100 100  0  9088       0      4 2.59e+00    1 6.00e-06 100
PCGAMG Gal l00         1 1.0 3.2211e-02 1.1 0.00e+00 0.0 1.1e+02 2.9e+05 0.0e+00  1  0  0  5  0  18  0  5 47  0     0       0      0 0.00e+00    0 0.00e+00  0
PCGAMG Gal l01         1 1.0 9.8661e-02 1.5 0.00e+00 0.0 1.1e+02 1.8e+05 0.0e+00  1  0  0  3  0  47  0  5 30  0     0       0      0 0.00e+00    0 0.00e+00  0
PCGAMG Gal l02         1 1.0 6.1613e-02 2.2 0.00e+00 0.0 7.0e+01 8.2e+04 0.0e+00  1  0  0  1  0  25  0  3  9  0     0       0      0 0.00e+00    0 0.00e+00  0
PCGAMG Gal l03         1 1.0 3.7728e-03 5.4 0.00e+00 0.0 1.5e+01 2.7e+03 0.0e+00  0  0  0  0  0   1  0  1  0  0     0       0      0 0.00e+00    0 0.00e+00  0
PCSetUp                1 1.0 1.7529e-01 1.0 2.02e+08 1.0 2.1e+03 3.0e+04 0.0e+00  3  2  2 10  0 100 96 100 100  0  9088       0      4 2.59e+00    1 6.00e-06 100
VecTDot               92 1.0 6.0191e-03 1.1 4.75e+06 1.0 0.0e+00 0.0e+00 0.0e+00  0  0  0  0  0   3  2  0  0  0  6300       0      0 0.00e+00    0 0.00e+00 100
VecNorm               44 1.0 4.7528e-03 1.7 2.27e+06 1.0 0.0e+00 0.0e+00 0.0e+00  0  0  0  0  0   2  1  0  0  0  3815       0      0 0.00e+00    0 0.00e+00 100
VecCopy                8 1.0 1.2035e-04 1.2 0.00e+00 0.0 0.0e+00 0.0e+00 0.0e+00  0  0  0  0  0   0  0  0  0  0     0       0      0 0.00e+00    0 0.00e+00  0
VecSet                 4 1.0 2.0960e-05 1.2 0.00e+00 0.0 0.0e+00 0.0e+00 0.0e+00  0  0  0  0  0   0  0  0  0  0     0       0      0 0.00e+00    0 0.00e+00  0
VecAXPY               80 1.0 3.2434e-04 1.3 4.13e+06 1.0 0.0e+00 0.0e+00 0.0e+00  0  0  0  0  0   0  2  0  0  0 101656       0      0 0.00e+00    0 0.00e+00 100
VecAYPX               36 1.0 1.5549e-04 1.4 1.86e+06 1.0 0.0e+00 0.0e+00 0.0e+00  0  0  0  0  0   0  1  0  0  0 95420       0      0 0.00e+00    0 0.00e+00 100
VecReciprocal          1 1.0 4.8700e-06 3.5 0.00e+00 0.0 0.0e+00 0.0e+00 0.0e+00  0  0  0  0  0   0  0  0  0  0     0       0      0 0.00e+00    0 0.00e+00  0
VecScatterBegin       40 1.0 2.2098e-03 1.6 0.00e+00 0.0 1.8e+03 4.7e+03 0.0e+00  0  0  2  1  0   1  0 86 13  0     0       0      0 0.00e+00    0 0.00e+00  0
VecScatterEnd         40 1.0 1.3249e-03 2.6 0.00e+00 0.0 0.0e+00 0.0e+00 0.0e+00  0  0  0  0  0   1  0  0  0  0     0       0      0 0.00e+00    0 0.00e+00  0
SFBcastBegin           4 1.0 8.6599e-03 5.2 0.00e+00 0.0 1.8e+02 1.8e+05 0.0e+00  0  0  0  5  0   2  0  9 50  0     0       0      0 0.00e+00    0 0.00e+00  0
SFBcastEnd             4 1.0 4.3796e-02 24.9 0.00e+00 0.0 0.0e+00 0.0e+00 0.0e+00  0  0  0  0  0  15  0  0  0  0     0       0      0 0.00e+00    0 0.00e+00  0
SFReduceBegin          4 1.0 2.4008e-03 10.8 0.00e+00 0.0 1.2e+02 1.9e+05 0.0e+00  0  0  0  4  0   0  0  6 37  0     0       0      0 0.00e+00    0 0.00e+00  0
SFReduceEnd            4 1.0 5.2571e-02 21.2 0.00e+00 0.0 0.0e+00 0.0e+00 0.0e+00  1  0  0  0  0  17  0  0  0  0     0       0      0 0.00e+00    0 0.00e+00  0
SFPack                48 1.0 1.4457e-04 1.4 0.00e+00 0.0 0.0e+00 0.0e+00 0.0e+00  0  0  0  0  0   0  0  0  0  0     0       0      0 0.00e+00    0 0.00e+00  0
SFUnpack              48 1.0 8.3330e-06 1.4 0.00e+00 0.0 0.0e+00 0.0e+00 0.0e+00  0  0  0  0  0   0  0  0  0  0     0       0      0 0.00e+00    0 0.00e+00  0

--- Event Stage 4: 2nd Solve

MatMult              687 1.0 6.2669e-02 1.1 2.64e+09 1.0 2.5e+04 4.9e+03 0.0e+00  1 26 22 18  0  45 84 77 95  0 333353       0      0 0.00e+00    0 0.00e+00 100
MatMultAdd           120 1.0 9.0622e-03 1.1 1.59e+08 1.0 3.7e+03 9.4e+02 0.0e+00  0  2  3  1  0   6  5 11  3  0 139936       0      0 0.00e+00    0 0.00e+00 100
MatMultTranspose     120 1.0 1.5591e-02 1.2 1.59e+08 1.0 3.7e+03 9.4e+02 0.0e+00  0  2  3  1  0  10  5 11  3  0 81367       0      0 0.00e+00    0 0.00e+00 100
MatResidual          120 1.0 1.4348e-02 1.1 5.50e+08 1.0 5.5e+03 4.7e+03 0.0e+00  0  5  5  4  0  10 17 17 20  0 302912       0      0 0.00e+00    0 0.00e+00 100
KSPSolve               1 1.0 1.3587e-01 1.0 3.14e+09 1.0 3.2e+04 4.0e+03 0.0e+00  2 31 29 19  0 100 100 100 100  0 183111       0      0 0.00e+00    0 0.00e+00 100
PCApply               30 1.0 1.2143e-01 1.0 2.64e+09 1.0 3.0e+04 3.6e+03 0.0e+00  2 26 27 17  0  89 84 95 86  0 172021       0      0 0.00e+00    0 0.00e+00 100
VecTDot              476 1.0 3.2555e-02 1.2 1.22e+07 1.0 0.0e+00 0.0e+00 0.0e+00  1  0  0  0  0  22  0  0  0  0  2996       0      0 0.00e+00    0 0.00e+00 100
VecNorm              238 1.0 1.3424e-02 1.4 6.10e+06 1.0 0.0e+00 0.0e+00 0.0e+00  0  0  0  0  0   9  0  0  0  0  3632       0      0 0.00e+00    0 0.00e+00 100
VecCopy              422 1.0 2.1221e-03 1.5 0.00e+00 0.0 0.0e+00 0.0e+00 0.0e+00  0  0  0  0  0   1  0  0  0  0     0       0      0 0.00e+00    0 0.00e+00  0
VecSet               151 1.0 6.3189e-04 1.5 0.00e+00 0.0 0.0e+00 0.0e+00 0.0e+00  0  0  0  0  0   0  0  0  0  0     0       0      0 0.00e+00    0 0.00e+00  0
VecAXPY              414 1.0 1.6243e-03 3.2 1.18e+07 1.0 0.0e+00 0.0e+00 0.0e+00  0  0  0  0  0   0  0  0  0  0 58102       0      0 0.00e+00    0 0.00e+00 100
VecAYPX              896 1.0 3.4770e-03 1.4 4.29e+07 1.0 0.0e+00 0.0e+00 0.0e+00  0  0  0  0  0   2  1  0  0  0 98465       0      0 0.00e+00    0 0.00e+00 100
VecAXPBYCZ           240 1.0 1.0125e-03 1.3 3.10e+07 1.0 0.0e+00 0.0e+00 0.0e+00  0  0  0  0  0   1  1  0  0  0 244228       0      0 0.00e+00    0 0.00e+00 100
VecPointwiseMult     207 1.0 8.9335e-04 4.4 1.24e+03 0.0 0.0e+00 0.0e+00 0.0e+00  0  0  0  0  0   0  0  0  0  0     1       0      0 0.00e+00    0 0.00e+00 100
VecScatterBegin      927 1.0 6.3589e-02 1.7 0.00e+00 0.0 3.2e+04 4.0e+03 0.0e+00  1  0 29 19  0  33  0 100 100  0     0       0      0 0.00e+00    0 0.00e+00  0
VecScatterEnd        927 1.0 4.0895e-02 3.1 6.25e+04 1.4 0.0e+00 0.0e+00 0.0e+00  1  0  0  0  0  23  0  0  0  0    11       0      0 0.00e+00    0 0.00e+00 100
SFPack               927 1.0 2.6301e-03 1.7 0.00e+00 0.0 0.0e+00 0.0e+00 0.0e+00  0  0  0  0  0   1  0  0  0  0     0       0      0 0.00e+00    0 0.00e+00  0
SFUnpack             927 1.0 6.7554e-04 1.7 6.25e+04 1.4 0.0e+00 0.0e+00 0.0e+00  0  0  0  0  0   0  0  0  0  0   637       0      0 0.00e+00    0 0.00e+00 100

--- Event Stage 5: 3rd Setup


--- Event Stage 6: 3rd Solve

MatMult              687 1.0 6.3669e-02 1.1 2.64e+09 1.0 2.5e+04 4.9e+03 0.0e+00  1 26 22 18  0  45 84 77 95  0 328118       0      0 0.00e+00    0 0.00e+00 100
MatMultAdd           120 1.0 9.1517e-03 1.1 1.59e+08 1.0 3.7e+03 9.4e+02 0.0e+00  0  2  3  1  0   6  5 11  3  0 138567       0      0 0.00e+00    0 0.00e+00 100
MatMultTranspose     120 1.0 1.5399e-02 1.2 1.59e+08 1.0 3.7e+03 9.4e+02 0.0e+00  0  2  3  1  0  10  5 11  3  0 82381       0      0 0.00e+00    0 0.00e+00 100
MatScale               1 1.0 9.6790e-06 1.2 7.72e+06 1.0 0.0e+00 0.0e+00 0.0e+00  0  0  0  0  0   0  0  0  0  0 6377828       0      0 0.00e+00    0 0.00e+00 100
MatResidual          120 1.0 1.4321e-02 1.1 5.50e+08 1.0 5.5e+03 4.7e+03 0.0e+00  0  5  5  4  0  10 17 17 20  0 303495       0      0 0.00e+00    0 0.00e+00 100
KSPSolve               1 1.0 1.3678e-01 1.0 3.14e+09 1.0 3.2e+04 4.0e+03 0.0e+00  2 31 29 19  0 100 100 100 100  0 181894       0      0 0.00e+00    0 0.00e+00 100
PCApply               30 1.0 1.2237e-01 1.0 2.64e+09 1.0 3.0e+04 3.6e+03 0.0e+00  2 26 27 17  0  89 84 95 86  0 170703       0      0 0.00e+00    0 0.00e+00 100
VecTDot              476 1.0 3.2307e-02 1.2 1.22e+07 1.0 0.0e+00 0.0e+00 0.0e+00  1  0  0  0  0  22  0  0  0  0  3019       0      0 0.00e+00    0 0.00e+00 100
VecNorm              238 1.0 1.3453e-02 1.4 6.10e+06 1.0 0.0e+00 0.0e+00 0.0e+00  0  0  0  0  0   9  0  0  0  0  3624       0      0 0.00e+00    0 0.00e+00 100
VecCopy              422 1.0 2.1436e-03 1.5 0.00e+00 0.0 0.0e+00 0.0e+00 0.0e+00  0  0  0  0  0   1  0  0  0  0     0       0      0 0.00e+00    0 0.00e+00  0
VecSet               151 1.0 6.3537e-04 1.5 0.00e+00 0.0 0.0e+00 0.0e+00 0.0e+00  0  0  0  0  0   0  0  0  0  0     0       0      0 0.00e+00    0 0.00e+00  0
VecAXPY              414 1.0 1.6302e-03 3.2 1.18e+07 1.0 0.0e+00 0.0e+00 0.0e+00  0  0  0  0  0   0  0  0  0  0 57892       0      0 0.00e+00    0 0.00e+00 100
VecAYPX              896 1.0 3.5603e-03 1.4 4.29e+07 1.0 0.0e+00 0.0e+00 0.0e+00  0  0  0  0  0   2  1  0  0  0 96162       0      0 0.00e+00    0 0.00e+00 100
VecAXPBYCZ           240 1.0 1.0117e-03 1.3 3.10e+07 1.0 0.0e+00 0.0e+00 0.0e+00  0  0  0  0  0   1  1  0  0  0 244428       0      0 0.00e+00    0 0.00e+00 100
VecPointwiseMult     207 1.0 8.8428e-04 4.4 1.24e+03 0.0 0.0e+00 0.0e+00 0.0e+00  0  0  0  0  0   0  0  0  0  0     1       0      0 0.00e+00    0 0.00e+00 100
VecScatterBegin      927 1.0 6.3314e-02 1.7 0.00e+00 0.0 3.2e+04 4.0e+03 0.0e+00  1  0 29 19  0  33  0 100 100  0     0       0      0 0.00e+00    0 0.00e+00  0
VecScatterEnd        927 1.0 4.0553e-02 3.0 6.25e+04 1.4 0.0e+00 0.0e+00 0.0e+00  1  0  0  0  0  23  0  0  0  0    11       0      0 0.00e+00    0 0.00e+00 100
SFPack               927 1.0 2.6582e-03 1.7 0.00e+00 0.0 0.0e+00 0.0e+00 0.0e+00  0  0  0  0  0   1  0  0  0  0     0       0      0 0.00e+00    0 0.00e+00  0
SFUnpack             927 1.0 6.8252e-04 1.7 6.25e+04 1.4 0.0e+00 0.0e+00 0.0e+00  0  0  0  0  0   0  0  0  0  0   631       0      0 0.00e+00    0 0.00e+00 100
---------------------------------------------------------------------------------------------------------------------------------------------------------------

Object Type          Creations   Destructions. Reports information only for process 0.

--- Event Stage 0: Main Stage

           Container     4              4
       Krylov Solver     1             10
              Matrix     3             41
      Matrix Coarsen     0              1
   Matrix Null Space     1              1
      Preconditioner     1              6
              Viewer     1              1
  PetscDeviceContext     1              0
              Vector    12             67
           Index Set     2              8
   Star Forest Graph     1             29
    Distributed Mesh     0              4
     Discrete System     0              4
           Weak Form     0              4

--- Event Stage 1: Setup

           Container     3              3
       Krylov Solver    13              4
              Matrix    98             60
      Matrix Coarsen     4              3
      Preconditioner    13              8
              Vector   290            236
           Index Set    85             79
   Star Forest Graph    54             34
         PetscRandom     4              4

--- Event Stage 2: Solve

              Vector     1              0
   Star Forest Graph     8              0
    Distributed Mesh     4              0
     Discrete System     4              0
           Weak Form     4              0

--- Event Stage 3: 2nd Setup

              Vector    12             12

--- Event Stage 4: 2nd Solve


--- Event Stage 5: 3rd Setup


--- Event Stage 6: 3rd Solve

========================================================================================================================
Average time to get PetscTime(): 3.21e-08
Average time for MPI_Barrier(): 1.50692e-05
Average time for zero size MPI_Send(): 1.7187e-05
#PETSc Option Table entries:
-alpha 1.e-3 # (source: command line)
-ksp_converged_reason # (source: command line)
-ksp_norm_type unpreconditioned # (source: command line)
-ksp_rtol 1e-6 # (source: command line)
-ksp_type cg # (source: command line)
-log_view # (source: command line)
-mat_type aijkokkos # (source: command line)
-mg_coarse_ksp_type cg # (source: command line)
-mg_coarse_pc_type jacobi # (source: command line)
-mg_levels_ksp_type chebyshev # (source: command line)
-mg_levels_pc_type pbjacobi # (source: command line)
-ne 63 # (source: command line)
-pc_gamg_agg_nsmooths 1 # (source: command line)
-pc_gamg_coarse_eq_limit 20 # (source: command line)
-pc_gamg_parallel_coarse_grid_solver # (source: command line)
-pc_gamg_reuse_interpolation true # (source: command line)
-pc_gamg_type agg # (source: command line)
-pc_type gamg # (source: command line)
-two_solves # (source: command line)
-use_mat_nearnullspace # (source: command line)
#End of PETSc Option Table entries
Compiled without FORTRAN kernels
Compiled with full precision matrices (default)
sizeof(short) 2 sizeof(int) 4 sizeof(long) 8 sizeof(void*) 8 sizeof(PetscScalar) 8 sizeof(PetscInt) 4
Configure options: --with-kokkos-dir=/global/homes/m/madams/petsc/arch-perlmutter-opt-gcc-kokkos-cuda-notpl --with-kokkos-kernels-dir=/global/homes/m/madams/petsc/arch-perlmutter-opt-gcc-kokkos-cuda-notpl --with-triangle-dir=/global/homes/m/madams/petsc/arch-perlmutter-opt-gcc-kokkos-cuda-notpl --with-batch=0 --with-cc=cc --with-cxx=CC --with-fc=0 --with-debugging=0 --with-cuda=1 --with-cuda-arch=80 --with-kokkos-kernels-tpl=0 --with-make-np=8 --with-mpiexec=srun -G4 --gpu-bind=none PETSC_ARCH=arch-perlmutter-opt-gcc-kokkos-cuda-notpl
-----------------------------------------
Libraries compiled on 2026-06-22 14:37:25 on login21
Machine characteristics: Linux-6.4.0-150600.23.103_15.0.24-cray_shasta_c-x86_64-with-glibc2.3.4
Using PETSc directory: /global/u2/m/madams/petsc
Using PETSc arch: arch-perlmutter-opt-gcc-kokkos-cuda-notpl
-----------------------------------------

Using C compiler: cc  -fPIC -Wall -Wwrite-strings -Wno-unknown-pragmas -Wno-lto-type-mismatch -Wno-stringop-overflow -fstack-protector -fvisibility=hidden -g -O 
-----------------------------------------

Using include paths: -I/global/u2/m/madams/petsc/include -I/global/u2/m/madams/petsc/arch-perlmutter-opt-gcc-kokkos-cuda-notpl/include -I/global/homes/m/madams/petsc/arch-perlmutter-opt-gcc-kokkos-cuda-notpl/include -I/opt/nvidia/hpc_sdk/Linux_x86_64/25.5/cuda/12.9/include -I/opt/nvidia/hpc_sdk/Linux_x86_64/25.5/math_libs/12.9/include
-----------------------------------------

Using C linker: cc
Using libraries: -Wl,-rpath,/global/u2/m/madams/petsc/arch-perlmutter-opt-gcc-kokkos-cuda-notpl/lib -L/global/u2/m/madams/petsc/arch-perlmutter-opt-gcc-kokkos-cuda-notpl/lib -lpetsc -Wl,-rpath,/global/homes/m/madams/petsc/arch-perlmutter-opt-gcc-kokkos-cuda-notpl/lib -L/global/homes/m/madams/petsc/arch-perlmutter-opt-gcc-kokkos-cuda-notpl/lib -Wl,-rpath,/opt/nvidia/hpc_sdk/Linux_x86_64/25.5/cuda/12.9/lib64 -L/opt/nvidia/hpc_sdk/Linux_x86_64/25.5/cuda/12.9/lib64 -Wl,-rpath,/opt/nvidia/hpc_sdk/Linux_x86_64/25.5/math_libs/12.9/lib64 -L/opt/nvidia/hpc_sdk/Linux_x86_64/25.5/math_libs/12.9/lib64 -L/opt/nvidia/hpc_sdk/Linux_x86_64/25.5/cuda/12.9/lib64/stubs -lkokkoskernels -lkokkoscontainers -lkokkoscore -lkokkossimd -ltriangle -lcudart -lnvtx3interop -lcufft -lcublas -lcusparse -lcusolver -lcurand -lcuda -lnvidia-ml -lX11 -lstdc++ -lquadmath
-----------------------------------------

