  Linear solve converged due to CONVERGED_RTOL iterations 30
  Linear solve converged due to CONVERGED_RTOL iterations 30
  Linear solve converged due to CONVERGED_RTOL iterations 30
[0]main |b-Ax|/|b|=7.613408e-07, |b|=2.222509e+00, emax=9.989586e-01
****************************************************************************************************************************************************************
***                                WIDEN YOUR WINDOW TO 160 CHARACTERS.  Use 'enscript -r -fCourier9' to print this document                                 ***
****************************************************************************************************************************************************************

------------------------------------------------------------------ PETSc Performance Summary: ------------------------------------------------------------------



      ##########################################################
      #                                                        #
      #                       WARNING!!!                       #
      #                                                        #
      #   This code was run with -log_view_gpu_time            #
      #   This provides accurate timing within the GPU kernels #
      #   but can slow down the entire computation by a        #
      #   measurable amount. For fastest runs we recommend     #
      #   not using this option.                               #
      #                                                        #
      ##########################################################


/global/homes/m/madams/petsc/arch-perlmutter-opt-gcc-kokkos-cuda-notpl/tests/ksp/ksp/tutorials/ex56 on a arch-perlmutter-opt-gcc-kokkos-cuda-notpl named nid001161 with 8 processes and CUDA architecture 80, by madams on Mon Jun 22 07:46:50 2026
Using PETSc Development Git Revision: v3.25.2-340-g83d2bd4a8b4 Git Date: 2026-06-21 14:23:19 -0400

                         Max       Max/Min     Avg       Total
Time (sec):           5.493e+00     1.000   5.493e+00
Objects:              0.000e+00     0.000   0.000e+00
Flops:                1.007e+10     1.020   9.974e+09  7.979e+10
Flops/sec:            1.833e+09     1.020   1.816e+09  1.453e+10
MPI Msg Count:        1.680e+04     1.274   1.394e+04  1.116e+05
MPI Msg Len (bytes):  8.464e+07     1.039   5.957e+03  6.645e+08
MPI Reductions:       1.380e+02     1.000

Flop counting convention: 1 flop = 1 real number operation of type (multiply/divide/add/subtract)
                            e.g., VecAXPY() for real vectors of length N --> 2N flops
                            and VecAXPY() for complex vectors of length N --> 8N flops

Summary of Stages:   ----- Time ------  ----- Flop ------  --- Messages ---  -- Message Lengths --  -- Reductions --
                        Avg     %Total     Avg     %Total    Count   %Total     Avg         %Total    Count   %Total
 0:      Main Stage: 9.3774e-01  17.1%  2.5385e+08   0.3%  2.630e+02   0.2%  1.234e+05        4.9%  9.000e+00   6.5%
 1:           Setup: 3.6114e+00  65.7%  3.1816e+09   4.0%  1.293e+04  11.6%  1.419e+04       27.6%  1.120e+02  81.2%
 2:           Solve: 3.2782e-01   6.0%  2.4879e+10  31.2%  3.208e+04  28.8%  3.991e+03       19.3%  0.000e+00   0.0%
 3:       2nd Setup: 1.9278e-01   3.5%  1.6548e+09   2.1%  2.124e+03   1.9%  3.038e+04        9.7%  0.000e+00   0.0%
 4:       2nd Solve: 2.1047e-01   3.8%  2.4879e+10  31.2%  3.208e+04  28.8%  3.991e+03       19.3%  0.000e+00   0.0%
 5:       3rd Setup: 2.7150e-07   0.0%  0.0000e+00   0.0%  0.000e+00   0.0%  0.000e+00        0.0%  0.000e+00   0.0%
 6:       3rd Solve: 2.1247e-01   3.9%  2.4941e+10  31.3%  3.208e+04  28.8%  3.991e+03       19.3%  0.000e+00   0.0%

------------------------------------------------------------------------------------------------------------------------
See the 'Profiling' chapter of the users' manual for details on interpreting output.
Phase summary info:
   Count: number of times phase was executed
   Time and Flop: Max - maximum over all processes
                  Ratio - ratio of maximum to minimum over all processes
   Mess: number of messages sent
   AvgLen: average message length (bytes)
   Reduct: number of global reductions
   Global: entire computation
   Stage: stages of a computation. Set stages with PetscLogStagePush() and PetscLogStagePop().
      %T - percent time in this phase         %F - percent flop in this phase
      %M - percent messages in this phase     %L - percent message lengths in this phase
      %R - percent reductions in this phase
   Total Mflop/s: 1e-6 * (sum of flop over all processes)/(max time over all processes)
   GPU Mflop/s: 1e-6 * (sum of flop on GPU over all processes)/(max GPU time over all processes)
   CpuToGpu Count: total number of CPU to GPU copies per processor
   CpuToGpu Size (Mbytes): 1e-6 * (total size of CPU to GPU copies per processor)
   GpuToCpu Count: total number of GPU to CPU copies per processor
   GpuToCpu Size (Mbytes): 1e-6 * (total size of GPU to CPU copies per processor)
   GPU %F: percent flops on GPU in this event
------------------------------------------------------------------------------------------------------------------------
Event                Count      Time (sec)     Flop                              --- Global ---  --- Stage ----  Total   GPU    - CpuToGpu -   - GpuToCpu - GPU
                   Max Ratio  Max     Ratio   Max  Ratio  Mess   AvgLen  Reduct  %T %F %M %L %R  %T %F %M %L %R Mflop/s Mflop/s Count   Size   Count   Size  %F
---------------------------------------------------------------------------------------------------------------------------------------------------------------

--- Event Stage 0: Main Stage

BuildTwoSided          3 1.0 6.3083e-02 149.9 0.00e+00 0.0 9.4e+01 5.6e+00 0.0e+00  1  0  0  0  0   3  0 36  0  0     0       0      0 0.00e+00    0 0.00e+00  0
BuildTwoSidedF         2 1.0 6.5966e-02 115.9 0.00e+00 0.0 9.5e+01 3.3e+05 0.0e+00  1  0  0  5  0   3  0 36 97  0     0       0      0 0.00e+00    0 0.00e+00  0
MatMult                1 1.0 2.6712e-04 1.1 1.54e+07 1.0 5.6e+01 1.1e+04 0.0e+00  0  0  0  0  0   0 49 21  2  0 462202   851509      0 0.00e+00    0 0.00e+00 100
MatAssemblyBegin       1 1.0 6.5370e-02 1.4 0.00e+00 0.0 3.8e+01 8.2e+05 0.0e+00  1  0  0  5  0   6  0 14 96  0     0       0      0 0.00e+00    0 0.00e+00  0
MatAssemblyEnd         1 1.0 4.1197e-02 1.1 2.46e+05 0.0 1.1e+02 2.7e+03 1.0e+00  1  0  0  0  1   4  0 43  1 11    24       0      0 0.00e+00    0 0.00e+00  0
DCtxCreate             1 1.0 4.7982e-05 1.8 0.00e+00 0.0 0.0e+00 0.0e+00 0.0e+00  0  0  0  0  0   0  0  0  0  0     0       0      0 0.00e+00    0 0.00e+00  0
DCtxDestroy            1 1.0 2.2534e-05 1.1 0.00e+00 0.0 0.0e+00 0.0e+00 0.0e+00  0  0  0  0  0   0  0  0  0  0     0       0      0 0.00e+00    0 0.00e+00  0
DCtxSetUp              1 1.0 8.8570e-06 1.2 0.00e+00 0.0 0.0e+00 0.0e+00 0.0e+00  0  0  0  0  0   0  0  0  0  0     0       0      0 0.00e+00    0 0.00e+00  0
DCtxSetDevice          1 1.0 1.4618e-05 1.2 0.00e+00 0.0 0.0e+00 0.0e+00 0.0e+00  0  0  0  0  0   0  0  0  0  0     0       0      0 0.00e+00    0 0.00e+00  0
VecMDot                3 1.0 9.2200e-04 1.4 2.36e+06 1.0 0.0e+00 0.0e+00 0.0e+00  0  0  0  0  0   0  7  0  0  0 20471       0      0 0.00e+00    0 0.00e+00  0
VecNorm                5 1.0 3.7079e-04 1.4 9.83e+05 1.0 0.0e+00 0.0e+00 0.0e+00  0  0  0  0  0   0  3  0  0  0 21210   67285      0 0.00e+00    0 0.00e+00 40
VecScale               3 1.0 5.5257e-05 1.1 2.95e+05 1.0 0.0e+00 0.0e+00 0.0e+00  0  0  0  0  0   0  1  0  0  0 42697       0      0 0.00e+00    0 0.00e+00  0
VecAXPY                1 1.0 6.6558e-05 1.4 1.97e+05 1.0 0.0e+00 0.0e+00 0.0e+00  0  0  0  0  0   0  1  0  0  0 23631   28297      0 0.00e+00    0 0.00e+00 100
VecMAXPY               3 1.0 3.5313e-04 1.3 2.36e+06 1.0 0.0e+00 0.0e+00 0.0e+00  0  0  0  0  0   0  7  0  0  0 53448       0      0 0.00e+00    0 0.00e+00  0
VecAssemblyBegin       1 1.0 6.8290e-04 1.1 0.00e+00 0.0 5.7e+01 6.1e+03 0.0e+00  0  0  0  0  0   0  0 22  1  0     0       0      0 0.00e+00    0 0.00e+00  0
VecAssemblyEnd         1 1.0 1.0481e-04 5.2 0.00e+00 0.0 0.0e+00 0.0e+00 0.0e+00  0  0  0  0  0   0  0  0  0  0     0       0      0 0.00e+00    0 0.00e+00  0
VecScatterBegin        1 1.0 8.4363e-05 1.7 0.00e+00 0.0 5.6e+01 1.1e+04 0.0e+00  0  0  0  0  0   0  0 21  2  0     0       0      0 0.00e+00    0 0.00e+00  0
VecScatterEnd          1 1.0 4.4736e-05 7.3 0.00e+00 0.0 0.0e+00 0.0e+00 0.0e+00  0  0  0  0  0   0  0  0  0  0     0       0      0 0.00e+00    0 0.00e+00  0
VecNormalize           3 1.0 2.8344e-04 1.5 8.85e+05 1.0 0.0e+00 0.0e+00 0.0e+00  0  0  0  0  0   0  3  0  0  0 24972       0      0 0.00e+00    0 0.00e+00  0
SFSetGraph             1 1.0 8.4724e-05 1.2 0.00e+00 0.0 0.0e+00 0.0e+00 0.0e+00  0  0  0  0  0   0  0  0  0  0     0       0      0 0.00e+00    0 0.00e+00  0
SFSetUp                1 1.0 5.4101e-04 1.2 0.00e+00 0.0 1.1e+02 2.7e+03 0.0e+00  0  0  0  0  0   0  0 43  1  0     0       0      0 0.00e+00    0 0.00e+00  0
SFPack                 1 1.0 5.6110e-06 1.1 0.00e+00 0.0 0.0e+00 0.0e+00 0.0e+00  0  0  0  0  0   0  0  0  0  0     0       0      0 0.00e+00    0 0.00e+00  0
SFUnpack               1 1.0 1.8000e-07 1.3 0.00e+00 0.0 0.0e+00 0.0e+00 0.0e+00  0  0  0  0  0   0  0  0  0  0     0       0      0 0.00e+00    0 0.00e+00  0

--- Event Stage 1: Setup

BuildTwoSided        207 1.0 1.0201e-01 4.9 0.00e+00 0.0 1.7e+03 4.0e+00 0.0e+00  1  0  2  0  0   2  0 13  0  0     0       0      0 0.00e+00    0 0.00e+00  0
BuildTwoSidedF       153 1.0 9.0057e-02 10.2 0.00e+00 0.0 2.7e+02 7.7e+03 0.0e+00  1  0  0  0  0   2  0  2  1  0     0       0      0 0.00e+00    0 0.00e+00  0
MatMult               80 1.0 1.8827e-02 1.1 3.63e+08 1.0 3.6e+03 4.7e+03 0.0e+00  0  4  3  3  0   1 90 28  9  0 152149   532386      4 1.94e+00    0 0.00e+00 100
MatScale              12 1.0 1.5948e-02 1.1 7.09e+06 1.0 1.7e+02 1.4e+03 0.0e+00  0  0  0  0  0   0  2  1  0  0  3545   70616     11 5.41e-01    0 0.00e+00 100
MatAssemblyBegin      64 1.0 1.6283e-02 3.9 0.00e+00 0.0 2.7e+02 7.7e+03 0.0e+00  0  0  0  0  0   0  0  2  1  0     0       0      0 0.00e+00    0 0.00e+00  0
MatAssemblyEnd        64 1.0 6.2884e-02 1.3 0.00e+00 0.0 1.7e+03 3.7e+02 3.2e+01  1  0  2  0 23   2  0 13  0 29     0       0      0 0.00e+00    0 0.00e+00  0
MatSetValues      142306 1.0 3.7599e-01 1.0 6.20e+05 1.0 0.0e+00 0.0e+00 0.0e+00  7  0  0  0  0  10  0  0  0  0    13       0      0 0.00e+00    6 2.11e+01  0
MatGetValues       33610 1.0 6.9132e-02 1.0 0.00e+00 0.0 0.0e+00 0.0e+00 0.0e+00  1  0  0  0  0   2  0  0  0  0     0       0      0 0.00e+00    0 0.00e+00  0
MatGetRow         480713 1.0 9.5206e-01 1.0 0.00e+00 0.0 0.0e+00 0.0e+00 0.0e+00 17  0  0  0  0  26  0  0  0  0     0       0      0 0.00e+00   11 1.70e+01  0
MatCreateSubMat        2 1.0 3.2025e-03 1.0 0.00e+00 0.0 3.0e+01 9.7e+01 1.0e+01  0  0  0  0  7   0  0  0  0  9     0       0      0 0.00e+00    2 0.00e+00  0
MatCoarsen             4 1.0 1.6558e-02 1.1 0.00e+00 0.0 1.7e+03 9.7e+02 2.7e+01  0  0  1  0 20   0  0 13  1 24     0       0      3 5.88e-03    0 0.00e+00  0
MatAXPY                4 1.0 7.1347e-01 1.0 6.20e+05 1.0 0.0e+00 0.0e+00 0.0e+00 13  0  0  0  0  19  0  0  0  0     7       0      0 0.00e+00    6 2.11e+01  0
MatTranspose           3 1.0 3.8125e-03 1.0 0.00e+00 0.0 2.2e+02 4.4e+01 9.0e+00  0  0  0  0  7   0  0  2  0  8     0       0      3 5.88e-03    0 0.00e+00  0
MatMatMultSym          4 1.0 7.9402e-02 1.0 0.00e+00 0.0 1.4e+03 7.5e+03 1.2e+01  1  0  1  2  9   2  0 11  6 11     0       0      8 4.95e+00    0 0.00e+00  0
MatMatMultNum          4 1.0 1.0930e-06 1.8 0.00e+00 0.0 0.0e+00 0.0e+00 0.0e+00  0  0  0  0  0   0  0  0  0  0     0       0      0 0.00e+00    0 0.00e+00  0
MatPtAPSymbolic        4 1.0 4.6223e-01 1.1 0.00e+00 0.0 2.4e+03 4.8e+04 2.4e+01  8  0  2 17 17  12  0 18 61 21     0       0      8 2.11e+01    0 0.00e+00  0
MatPtAPNumeric         4 1.0 1.2530e-06 1.7 0.00e+00 0.0 0.0e+00 0.0e+00 0.0e+00  0  0  0  0  0   0  0  0  0  0     0       0      0 0.00e+00    0 0.00e+00  0
MatTrnMatMultSym       1 1.0 7.1662e-02 1.1 0.00e+00 0.0 4.5e+02 6.4e+04 3.0e+00  1  0  0  4  2   2  0  3 16  3     0       0      0 0.00e+00    0 0.00e+00  0
MatCreateGraph         4 1.0 6.1028e-01 1.0 1.79e+06 1.0 5.1e+02 7.2e+02 1.2e+01 11  0  0  0  9  17  0  4  0 11    23    7282     15 7.40e+00    8 1.02e+01 100
KSPSetUp               1 1.0 1.9561e-03 2.9 0.00e+00 0.0 0.0e+00 0.0e+00 0.0e+00  0  0  0  0  0   0  0  0  0  0     0       0      0 0.00e+00    0 0.00e+00  0
PCSetUp_GAMG+          1 1.0 3.6107e+00 1.0 4.02e+08 1.0 1.3e+04 1.4e+04 1.1e+02 66  4 12 28 81 100 100 100 100 100   881   190490     82 1.02e+02   47 3.96e+01 100
 PCGAMGCreateG         4 1.0 6.1028e-01 1.0 1.79e+06 1.0 5.1e+02 7.2e+02 1.2e+01 11  0  0  0  9  17  0  4  0 11    23    7282     15 7.40e+00    8 1.02e+01 100
 GAMG Coarsen          8 1.0 4.4521e-01 1.0 0.00e+00 0.0 2.4e+03 1.4e+04 3.0e+01  8  0  2  5 22  12  0 18 18 27     0       0      8 1.05e+00   12 7.37e+00  0
  GAMG MIS/Agg         4 1.0 9.0269e-02 1.1 0.00e+00 0.0 2.1e+03 1.4e+04 3.0e+01  2  0  2  5 22   2  0 16 17 27     0       0      3 5.88e-03    0 0.00e+00  0
 PCGAMGProl            4 1.0 1.1791e+00 1.0 0.00e+00 0.0 2.5e+03 4.0e+03 1.2e+01 21  0  2  2  9  33  0 20  6 11     0       0     38 5.97e+00   19 9.93e-01  0
  GAMG Prol-col        4 1.0 1.1547e+00 1.0 0.00e+00 0.0 2.2e+03 3.6e+03 0.0e+00 21  0  2  1  0  32  0 17  4  0     0       0     38 5.97e+00   19 9.93e-01  0
  GAMG Prol-lift       4 1.0 2.2961e-02 1.0 0.00e+00 0.0 2.8e+02 7.4e+03 4.0e+00  0  0  0  0  3   1  0  2  1  4     0       0      0 0.00e+00    0 0.00e+00  0
 PCGAMGOptProl         4 1.0 8.2674e-01 1.0 1.99e+08 1.0 3.3e+03 5.9e+03 1.2e+01 15  2  3  3  9  23 49 25 11 11  1904   197826     13 6.67e+01    6 2.11e+01 100
  GAMG smooth          4 1.0 7.9588e-01 1.0 5.92e+06 1.0 1.4e+03 7.5e+03 1.2e+01 14  0  1  2  9  22  1 11  6 11    59   85989      8 4.95e+00    6 2.11e+01 90
 PCGAMGCreateL         4 1.0 4.6867e-01 1.1 0.00e+00 0.0 2.4e+03 4.6e+04 4.6e+01  8  0  2 17 33  13  0 19 61 41     0       0      8 2.11e+01    2 0.00e+00  0
  GAMG PtAP            4 1.0 4.6228e-01 1.1 0.00e+00 0.0 2.4e+03 4.8e+04 2.4e+01  8  0  2 17 17  12  0 18 61 21     0       0      8 2.11e+01    0 0.00e+00  0
  GAMG Reduce          2 1.0 8.3082e-02 1.0 0.00e+00 0.0 6.7e+02 1.7e+04 3.4e+01  2  0  1  2 25   2  0  5  6 30     0       0      4 1.37e-01    2 0.00e+00  0
PCGAMG Squ l00         1 1.0 7.1667e-02 1.1 0.00e+00 0.0 4.5e+02 6.4e+04 3.0e+00  1  0  0  4  2   2  0  3 16  3     0       0      0 0.00e+00    0 0.00e+00  0
PCGAMG Gal l00         1 1.0 1.7346e-01 1.1 0.00e+00 0.0 8.6e+02 7.1e+04 6.0e+00  3  0  1  9  4   4  0  7 34  5     0       0      2 1.92e+01    0 0.00e+00  0
PCGAMG Opt l00         1 1.0 3.5057e-02 1.0 0.00e+00 0.0 4.4e+02 1.7e+04 3.0e+00  1  0  0  1  2   1  0  3  4  3     0       0      2 4.72e+00    0 0.00e+00  0
PCGAMG Gal l01         1 1.0 2.1234e-01 1.0 0.00e+00 0.0 9.0e+02 4.4e+04 6.0e+00  4  0  1  6  4   6  0  7 21  5     0       0      2 1.79e+00    0 0.00e+00  0
PCGAMG Opt l01         1 1.0 2.2808e-02 1.0 0.00e+00 0.0 4.5e+02 4.6e+03 3.0e+00  0  0  0  0  2   1  0  3  1  3     0       0      2 2.11e-01    0 0.00e+00  0
PCGAMG Gal l02         1 1.0 3.1920e-02 1.0 0.00e+00 0.0 4.8e+02 2.4e+04 6.0e+00  1  0  0  2  4   1  0  4  6  5     0       0      2 1.37e-01    0 0.00e+00  0
PCGAMG Opt l02         1 1.0 1.6206e-02 1.0 0.00e+00 0.0 4.5e+02 2.2e+03 3.0e+00  0  0  0  0  2   0  0  3  1  3     0       0      2 1.52e-02    0 0.00e+00  0
PCGAMG Gal l03         1 1.0 4.4689e-02 1.0 0.00e+00 0.0 1.2e+02 7.2e+02 6.0e+00  1  0  0  0  4   1  0  1  0  5     0       0      2 7.20e-04    0 0.00e+00  0
PCGAMG Opt l03         1 1.0 5.3795e-03 1.0 0.00e+00 0.0 9.8e+01 8.6e+02 3.0e+00  0  0  0  0  2   0  0  1  0  3     0       0      2 7.20e-04    0 0.00e+00  0
PCSetUp                1 1.0 3.6107e+00 1.0 4.02e+08 1.0 1.3e+04 1.4e+04 1.1e+02 66  4 12 28 81 100 100 100 100 100   881   190490     82 1.02e+02   47 3.96e+01 100
VecTDot              184 1.0 1.4471e-02 1.2 9.51e+06 1.0 0.0e+00 0.0e+00 0.0e+00  0  0  0  0  0   0  2  0  0  0  5240   17629      0 0.00e+00    0 0.00e+00 100
VecNorm               44 1.0 7.3061e-03 2.2 2.27e+06 1.0 0.0e+00 0.0e+00 0.0e+00  0  0  0  0  0   0  1  0  0  0  2482   17679      0 0.00e+00    0 0.00e+00 100
VecCopy               16 1.0 4.1552e-04 1.2 0.00e+00 0.0 0.0e+00 0.0e+00 0.0e+00  0  0  0  0  0   0  0  0  0  0     0       0      0 0.00e+00    0 0.00e+00  0
VecSet                 8 1.0 1.7034e-04 1.1 0.00e+00 0.0 0.0e+00 0.0e+00 0.0e+00  0  0  0  0  0   0  0  0  0  0     0       0      0 0.00e+00    0 0.00e+00  0
VecAXPY              160 1.0 3.3895e-03 1.1 8.27e+06 1.0 0.0e+00 0.0e+00 0.0e+00  0  0  0  0  0   0  2  0  0  0 19455   37992      0 0.00e+00    0 0.00e+00 100
VecAYPX               72 1.0 1.2780e-03 1.1 3.72e+06 1.0 0.0e+00 0.0e+00 0.0e+00  0  0  0  0  0   0  1  0  0  0 23220   58111      0 0.00e+00    0 0.00e+00 100
VecAssemblyBegin     136 1.0 7.4383e-02 14.0 0.00e+00 0.0 0.0e+00 0.0e+00 0.0e+00  1  0  0  0  0   1  0  0  0  0     0       0      0 0.00e+00    0 0.00e+00  0
VecAssemblyEnd       136 1.0 1.3803e-04 1.2 0.00e+00 0.0 0.0e+00 0.0e+00 0.0e+00  0  0  0  0  0   0  0  0  0  0     0       0      0 0.00e+00    0 0.00e+00  0
VecPointwiseMult      44 1.0 8.0553e-04 1.1 1.14e+06 1.0 0.0e+00 0.0e+00 0.0e+00  0  0  0  0  0   0  0  0  0  0 11256   25263      0 0.00e+00    0 0.00e+00 100
VecReciprocal         12 1.0 1.9425e-03 1.8 0.00e+00 0.0 0.0e+00 0.0e+00 0.0e+00  0  0  0  0  0   0  0  0  0  0     0       0      0 0.00e+00    0 0.00e+00  0
VecSetValues      784962 1.0 1.3193e+00 1.1 0.00e+00 0.0 0.0e+00 0.0e+00 0.0e+00 23  0  0  0  0  35  0  0  0  0     0       0      0 0.00e+00    0 0.00e+00  0
VecScatterBegin      221 1.0 3.1076e-02 1.5 0.00e+00 0.0 6.3e+03 4.3e+03 0.0e+00  0  0  6  4  0   1  0 49 15  0     0       0     53 7.31e+00    0 0.00e+00  0
VecScatterEnd        221 1.0 1.8893e-02 2.4 0.00e+00 0.0 0.0e+00 0.0e+00 0.0e+00  0  0  0  0  0   0  0  0  0  0     0       0      0 0.00e+00    0 0.00e+00  0
SFSetGraph            54 1.0 1.5157e-04 1.1 0.00e+00 0.0 0.0e+00 0.0e+00 0.0e+00  0  0  0  0  0   0  0  0  0  0     0       0      0 0.00e+00    0 0.00e+00  0
SFSetUp               54 1.0 3.4393e-02 1.1 0.00e+00 0.0 3.2e+03 1.2e+04 0.0e+00  1  0  3  6  0   1  0 25 21  0     0       0      0 0.00e+00    0 0.00e+00  0
SFBcastBegin          43 1.0 7.2581e-02 5.8 0.00e+00 0.0 2.0e+03 2.9e+04 0.0e+00  1  0  2  9  0   1  0 15 32  0     0       0      0 0.00e+00    0 0.00e+00  0
SFBcastEnd            43 1.0 4.8892e-02 11.7 0.00e+00 0.0 0.0e+00 0.0e+00 0.0e+00  0  0  0  0  0   1  0  0  0  0     0       0      0 0.00e+00    0 0.00e+00  0
SFReduceBegin         13 1.0 8.1616e-03 2.6 0.00e+00 0.0 3.9e+02 1.5e+05 0.0e+00  0  0  0  9  0   0  0  3 31  0     0       0      0 0.00e+00    0 0.00e+00  0
SFReduceEnd           13 1.0 1.6280e-02 3.3 0.00e+00 0.0 0.0e+00 0.0e+00 0.0e+00  0  0  0  0  0   0  0  0  0  0     0       0      0 0.00e+00    0 0.00e+00  0
SFPack               277 1.0 6.2536e-03 1.2 0.00e+00 0.0 0.0e+00 0.0e+00 0.0e+00  0  0  0  0  0   0  0  0  0  0     0       0      7 1.83e-02    0 0.00e+00  0
SFUnpack             277 1.0 3.9603e-05 1.2 0.00e+00 0.0 0.0e+00 0.0e+00 0.0e+00  0  0  0  0  0   0  0  0  0  0     0       0      0 0.00e+00    0 0.00e+00  0

--- Event Stage 2: Solve

MatMult              687 1.0 1.3693e-01 1.4 2.64e+09 1.0 2.5e+04 4.9e+03 0.0e+00  2 26 22 18  0  32 84 77 95  0 152568   618805      0 2.55e-05    0 0.00e+00 100
MatMultAdd           120 1.0 1.5292e-02 1.0 1.59e+08 1.0 3.7e+03 9.4e+02 0.0e+00  0  2  3  1  0   5  5 11  3  0 82927   282824      0 0.00e+00    0 0.00e+00 100
MatMultTranspose     120 1.0 1.2262e-01 1.4 1.59e+08 1.0 3.7e+03 9.4e+02 0.0e+00  2  2  3  1  0  35  5 11  3  0 10345   252366      2 7.17e-03    0 0.00e+00 100
MatResidual          120 1.0 2.4365e-02 1.2 5.50e+08 1.0 5.5e+03 4.7e+03 0.0e+00  0  5  5  4  0   7 17 17 20  0 178378   581440      0 0.00e+00    0 0.00e+00 100
KSPSolve               1 1.0 3.2784e-01 1.0 3.14e+09 1.0 3.2e+04 4.0e+03 0.0e+00  6 31 29 19  0 100 100 100 100  0 75887   324934      2 7.20e-03    0 0.00e+00 100
PCApply               30 1.0 3.1242e-01 1.0 2.64e+09 1.0 3.0e+04 3.6e+03 0.0e+00  6 26 27 17  0  95 84 95 86  0 66861   300331      2 7.20e-03    0 0.00e+00 100
VecTDot              476 1.0 3.4836e-02 1.3 1.22e+07 1.0 0.0e+00 0.0e+00 0.0e+00  1  0  0  0  0  10  0  0  0  0  2800   10165      0 0.00e+00    0 0.00e+00 100
VecNorm              238 1.0 1.7753e-02 1.5 6.10e+06 1.0 0.0e+00 0.0e+00 0.0e+00  0  0  0  0  0   5  0  0  0  0  2747   10238      0 0.00e+00    0 0.00e+00 100
VecCopy              422 1.0 7.4318e-03 1.1 0.00e+00 0.0 0.0e+00 0.0e+00 0.0e+00  0  0  0  0  0   2  0  0  0  0     0       0      0 0.00e+00    0 0.00e+00  0
VecSet               151 1.0 2.4879e-03 1.1 0.00e+00 0.0 0.0e+00 0.0e+00 0.0e+00  0  0  0  0  0   1  0  0  0  0     0       0      0 0.00e+00    0 0.00e+00  0
VecAXPY              414 1.0 6.7902e-03 1.3 1.18e+07 1.0 0.0e+00 0.0e+00 0.0e+00  0  0  0  0  0   2  0  0  0  0 13899   36939      0 0.00e+00    0 0.00e+00 100
VecAYPX              896 1.0 1.4946e-02 1.1 4.29e+07 1.0 0.0e+00 0.0e+00 0.0e+00  0  0  0  0  0   4  1  0  0  0 22906   59247      0 0.00e+00    0 0.00e+00 100
VecAXPBYCZ           240 1.0 4.3747e-03 1.1 3.10e+07 1.0 0.0e+00 0.0e+00 0.0e+00  0  0  0  0  0   1  1  0  0  0 56527   128744      0 0.00e+00    0 0.00e+00 100
VecPointwiseMult     207 1.0 3.3437e-03 1.4 1.24e+03 0.0 0.0e+00 0.0e+00 0.0e+00  0  0  0  0  0   1  0  0  0  0     0       1      0 0.00e+00    0 0.00e+00 100
VecReciprocal          1 1.0 1.9528e-05 1.5 0.00e+00 0.0 0.0e+00 0.0e+00 0.0e+00  0  0  0  0  0   0  0  0  0  0     0       0      0 0.00e+00    0 0.00e+00  0
VecScatterBegin      927 1.0 1.0274e-01 3.1 0.00e+00 0.0 3.2e+04 4.0e+03 0.0e+00  1  0 29 19  0  19  0 100 100  0     0       0      0 2.55e-05    0 0.00e+00  0
VecScatterEnd        927 1.0 1.4381e-01 1.9 6.25e+04 1.4 0.0e+00 0.0e+00 0.0e+00  2  0  0  0  0  34  0  0  0  0     3       0      2 7.17e-03    0 0.00e+00 100
SFPack               927 1.0 2.6426e-03 1.7 0.00e+00 0.0 0.0e+00 0.0e+00 0.0e+00  0  0  0  0  0   1  0  0  0  0     0       0      0 2.55e-05    0 0.00e+00  0
SFUnpack             927 1.0 8.1825e-04 1.6 6.25e+04 1.4 0.0e+00 0.0e+00 0.0e+00  0  0  0  0  0   0  0  0  0  0   526       0      2 7.17e-03    0 0.00e+00 100

--- Event Stage 3: 2nd Setup

MatMult               40 1.0 5.8049e-03 1.1 1.81e+08 1.0 1.8e+03 4.7e+03 0.0e+00  0  2  2  1  0   3 87 86 13  0 246733   631465      0 0.00e+00    0 0.00e+00 100
MatScale               1 1.0 1.1191e-04 1.0 7.72e+06 1.0 0.0e+00 0.0e+00 0.0e+00  0  0  0  0  0   0  4  0  0  0 551633   688716      0 0.00e+00    0 0.00e+00 100
MatPtAPNumeric         4 1.0 1.7312e-01 1.1 0.00e+00 0.0 3.0e+02 1.8e+05 0.0e+00  3  0  0  8  0  84  0 14 87  0     0       0      0 0.00e+00    0 0.00e+00  0
KSPSetUp               1 1.0 2.3100e-07 1.7 0.00e+00 0.0 0.0e+00 0.0e+00 0.0e+00  0  0  0  0  0   0  0  0  0  0     0       0      0 0.00e+00    0 0.00e+00  0
PCSetUp_GAMG+          1 1.0 1.9267e-01 1.0 2.02e+08 1.0 2.1e+03 3.0e+04 0.0e+00  4  2  2 10  0 100 96 100 100  0  8268   242455      4 2.59e+00    1 6.00e-06 100
PCGAMG Gal l00         1 1.0 6.0913e-02 1.9 0.00e+00 0.0 1.1e+02 2.9e+05 0.0e+00  1  0  0  5  0  22  0  5 47  0     0       0      0 0.00e+00    0 0.00e+00  0
PCGAMG Gal l01         1 1.0 8.7667e-02 1.3 0.00e+00 0.0 1.1e+02 1.8e+05 0.0e+00  1  0  0  3  0  42  0  5 30  0     0       0      0 0.00e+00    0 0.00e+00  0
PCGAMG Gal l02         1 1.0 4.1222e-02 2.1 0.00e+00 0.0 7.0e+01 8.2e+04 0.0e+00  1  0  0  1  0  16  0  3  9  0     0       0      0 0.00e+00    0 0.00e+00  0
PCGAMG Gal l03         1 1.0 2.3441e-02 20.9 0.00e+00 0.0 1.5e+01 2.7e+03 0.0e+00  0  0  0  0  0   5  0  1  0  0     0       0      0 0.00e+00    0 0.00e+00  0
PCSetUp                1 1.0 1.9267e-01 1.0 2.02e+08 1.0 2.1e+03 3.0e+04 0.0e+00  4  2  2 10  0 100 96 100 100  0  8268   242455      4 2.59e+00    1 6.00e-06 100
VecTDot               92 1.0 6.1079e-03 1.1 4.75e+06 1.0 0.0e+00 0.0e+00 0.0e+00  0  0  0  0  0   3  2  0  0  0  6208   18675      0 0.00e+00    0 0.00e+00 100
VecNorm               44 1.0 1.9456e-02 5.9 2.27e+06 1.0 0.0e+00 0.0e+00 0.0e+00  0  0  0  0  0   7  1  0  0  0   932   20312      0 0.00e+00    0 0.00e+00 100
VecCopy                8 1.0 2.8496e-04 1.7 0.00e+00 0.0 0.0e+00 0.0e+00 0.0e+00  0  0  0  0  0   0  0  0  0  0     0       0      0 0.00e+00    0 0.00e+00  0
VecSet                 4 1.0 1.1486e-04 1.2 0.00e+00 0.0 0.0e+00 0.0e+00 0.0e+00  0  0  0  0  0   0  0  0  0  0     0       0      0 0.00e+00    0 0.00e+00  0
VecAXPY               80 1.0 1.3478e-03 1.1 4.13e+06 1.0 0.0e+00 0.0e+00 0.0e+00  0  0  0  0  0   1  2  0  0  0 24464   62973      0 0.00e+00    0 0.00e+00 100
VecAYPX               36 1.0 6.1501e-04 1.1 1.86e+06 1.0 0.0e+00 0.0e+00 0.0e+00  0  0  0  0  0   0  1  0  0  0 24125   61995      0 0.00e+00    0 0.00e+00 100
VecReciprocal          1 1.0 2.0840e-05 1.7 0.00e+00 0.0 0.0e+00 0.0e+00 0.0e+00  0  0  0  0  0   0  0  0  0  0     0       0      0 0.00e+00    0 0.00e+00  0
VecScatterBegin       40 1.0 2.2259e-03 1.6 0.00e+00 0.0 1.8e+03 4.7e+03 0.0e+00  0  0  2  1  0   1  0 86 13  0     0       0      0 0.00e+00    0 0.00e+00  0
VecScatterEnd         40 1.0 1.1684e-03 2.4 0.00e+00 0.0 0.0e+00 0.0e+00 0.0e+00  0  0  0  0  0   0  0  0  0  0     0       0      0 0.00e+00    0 0.00e+00  0
SFBcastBegin           4 1.0 1.7567e-02 10.7 0.00e+00 0.0 1.8e+02 1.8e+05 0.0e+00  0  0  0  5  0   3  0  9 50  0     0       0      0 0.00e+00    0 0.00e+00  0
SFBcastEnd             4 1.0 3.9691e-02 4.9 0.00e+00 0.0 0.0e+00 0.0e+00 0.0e+00  0  0  0  0  0  12  0  0  0  0     0       0      0 0.00e+00    0 0.00e+00  0
SFReduceBegin          4 1.0 4.0528e-03 19.7 0.00e+00 0.0 1.2e+02 1.9e+05 0.0e+00  0  0  0  4  0   0  0  6 37  0     0       0      0 0.00e+00    0 0.00e+00  0
SFReduceEnd            4 1.0 4.9135e-02 3.4 0.00e+00 0.0 0.0e+00 0.0e+00 0.0e+00  0  0  0  0  0  14  0  0  0  0     0       0      0 0.00e+00    0 0.00e+00  0
SFPack                48 1.0 1.3889e-04 1.4 0.00e+00 0.0 0.0e+00 0.0e+00 0.0e+00  0  0  0  0  0   0  0  0  0  0     0       0      0 0.00e+00    0 0.00e+00  0
SFUnpack              48 1.0 8.2490e-06 1.2 0.00e+00 0.0 0.0e+00 0.0e+00 0.0e+00  0  0  0  0  0   0  0  0  0  0     0       0      0 0.00e+00    0 0.00e+00  0

--- Event Stage 4: 2nd Solve

MatMult              687 1.0 9.4062e-02 1.1 2.64e+09 1.0 2.5e+04 4.9e+03 0.0e+00  2 26 22 18  0  43 84 77 95  0 222098   620107      0 0.00e+00    0 0.00e+00 100
MatMultAdd           120 1.0 1.4617e-02 1.0 1.59e+08 1.0 3.7e+03 9.4e+02 0.0e+00  0  2  3  1  0   7  5 11  3  0 86758   283248      0 0.00e+00    0 0.00e+00 100
MatMultTranspose     120 1.0 1.4826e-02 1.2 1.59e+08 1.0 3.7e+03 9.4e+02 0.0e+00  0  2  3  1  0   6  5 11  3  0 85561   253025      0 0.00e+00    0 0.00e+00 100
MatResidual          120 1.0 2.0056e-02 1.0 5.50e+08 1.0 5.5e+03 4.7e+03 0.0e+00  0  5  5  4  0   9 17 17 20  0 216705   586872      0 0.00e+00    0 0.00e+00 100
KSPSolve               1 1.0 2.1045e-01 1.0 3.14e+09 1.0 3.2e+04 4.0e+03 0.0e+00  4 31 29 19  0 100 100 100 100  0 118219   328307      0 0.00e+00    0 0.00e+00 100
PCApply               30 1.0 1.9545e-01 1.0 2.64e+09 1.0 3.0e+04 3.6e+03 0.0e+00  4 26 27 17  0  93 84 95 86  0 106873   302790      0 0.00e+00    0 0.00e+00 100
VecTDot              476 1.0 3.4404e-02 1.3 1.22e+07 1.0 0.0e+00 0.0e+00 0.0e+00  1  0  0  0  0  15  0  0  0  0  2835   10253      0 0.00e+00    0 0.00e+00 100
VecNorm              238 1.0 1.7166e-02 1.4 6.10e+06 1.0 0.0e+00 0.0e+00 0.0e+00  0  0  0  0  0   8  0  0  0  0  2840   10468      0 0.00e+00    0 0.00e+00 100
VecCopy              422 1.0 7.3764e-03 1.1 0.00e+00 0.0 0.0e+00 0.0e+00 0.0e+00  0  0  0  0  0   3  0  0  0  0     0       0      0 0.00e+00    0 0.00e+00  0
VecSet               151 1.0 2.4468e-03 1.1 0.00e+00 0.0 0.0e+00 0.0e+00 0.0e+00  0  0  0  0  0   1  0  0  0  0     0       0      0 0.00e+00    0 0.00e+00  0
VecAXPY              414 1.0 6.7657e-03 1.3 1.18e+07 1.0 0.0e+00 0.0e+00 0.0e+00  0  0  0  0  0   3  0  0  0  0 13949   37152      0 0.00e+00    0 0.00e+00 100
VecAYPX              896 1.0 1.4852e-02 1.1 4.29e+07 1.0 0.0e+00 0.0e+00 0.0e+00  0  0  0  0  0   7  1  0  0  0 23051   59885      0 0.00e+00    0 0.00e+00 100
VecAXPBYCZ           240 1.0 4.1099e-03 1.1 3.10e+07 1.0 0.0e+00 0.0e+00 0.0e+00  0  0  0  0  0   2  1  0  0  0 60169   149881      0 0.00e+00    0 0.00e+00 100
VecPointwiseMult     207 1.0 3.3446e-03 1.3 1.24e+03 0.0 0.0e+00 0.0e+00 0.0e+00  0  0  0  0  0   1  0  0  0  0     0       1      0 0.00e+00    0 0.00e+00 100
VecScatterBegin      927 1.0 4.8022e-02 1.9 0.00e+00 0.0 3.2e+04 4.0e+03 0.0e+00  1  0 29 19  0  15  0 100 100  0     0       0      0 0.00e+00    0 0.00e+00  0
VecScatterEnd        927 1.0 3.5291e-02 2.8 6.25e+04 1.4 0.0e+00 0.0e+00 0.0e+00  1  0  0  0  0  13  0  0  0  0    12       0      0 0.00e+00    0 0.00e+00 100
SFPack               927 1.0 2.6016e-03 1.7 0.00e+00 0.0 0.0e+00 0.0e+00 0.0e+00  0  0  0  0  0   1  0  0  0  0     0       0      0 0.00e+00    0 0.00e+00  0
SFUnpack             927 1.0 6.5749e-04 1.6 6.25e+04 1.4 0.0e+00 0.0e+00 0.0e+00  0  0  0  0  0   0  0  0  0  0   655       0      0 0.00e+00    0 0.00e+00 100

--- Event Stage 5: 3rd Setup


--- Event Stage 6: 3rd Solve

MatMult              687 1.0 9.4850e-02 1.1 2.64e+09 1.0 2.5e+04 4.9e+03 0.0e+00  2 26 22 18  0  43 84 77 95  0 220253   616690      0 0.00e+00    0 0.00e+00 100
MatMultAdd           120 1.0 1.4719e-02 1.0 1.59e+08 1.0 3.7e+03 9.4e+02 0.0e+00  0  2  3  1  0   7  5 11  3  0 86154   283157      0 0.00e+00    0 0.00e+00 100
MatMultTranspose     120 1.0 1.4614e-02 1.2 1.59e+08 1.0 3.7e+03 9.4e+02 0.0e+00  0  2  3  1  0   6  5 11  3  0 86806   252680      0 0.00e+00    0 0.00e+00 100
MatScale               1 1.0 1.1061e-04 1.0 7.72e+06 1.0 0.0e+00 0.0e+00 0.0e+00  0  0  0  0  0   0  0  0  0  0 558076   689455      0 0.00e+00    0 0.00e+00 100
MatResidual          120 1.0 2.0122e-02 1.0 5.50e+08 1.0 5.5e+03 4.7e+03 0.0e+00  0  5  5  4  0   9 17 17 20  0 215995   585266      0 0.00e+00    0 0.00e+00 100
KSPSolve               1 1.0 2.1235e-01 1.0 3.14e+09 1.0 3.2e+04 4.0e+03 0.0e+00  4 31 29 19  0 100 100 100 100  0 117159   325566      0 0.00e+00    0 0.00e+00 100
PCApply               30 1.0 1.9739e-01 1.0 2.64e+09 1.0 3.0e+04 3.6e+03 0.0e+00  4 26 27 17  0  93 84 95 86  0 105825   300124      0 0.00e+00    0 0.00e+00 100
VecTDot              476 1.0 3.4890e-02 1.3 1.22e+07 1.0 0.0e+00 0.0e+00 0.0e+00  1  0  0  0  0  15  0  0  0  0  2795   10165      0 0.00e+00    0 0.00e+00 100
VecNorm              238 1.0 1.7517e-02 1.4 6.10e+06 1.0 0.0e+00 0.0e+00 0.0e+00  0  0  0  0  0   8  0  0  0  0  2784   10319      0 0.00e+00    0 0.00e+00 100
VecCopy              422 1.0 7.4517e-03 1.1 0.00e+00 0.0 0.0e+00 0.0e+00 0.0e+00  0  0  0  0  0   3  0  0  0  0     0       0      0 0.00e+00    0 0.00e+00  0
VecSet               151 1.0 2.4753e-03 1.1 0.00e+00 0.0 0.0e+00 0.0e+00 0.0e+00  0  0  0  0  0   1  0  0  0  0     0       0      0 0.00e+00    0 0.00e+00  0
VecAXPY              414 1.0 6.8475e-03 1.3 1.18e+07 1.0 0.0e+00 0.0e+00 0.0e+00  0  0  0  0  0   3  0  0  0  0 13783   36772      0 0.00e+00    0 0.00e+00 100
VecAYPX              896 1.0 1.5057e-02 1.1 4.29e+07 1.0 0.0e+00 0.0e+00 0.0e+00  0  0  0  0  0   7  1  0  0  0 22737   59112      0 0.00e+00    0 0.00e+00 100
VecAXPBYCZ           240 1.0 4.1405e-03 1.1 3.10e+07 1.0 0.0e+00 0.0e+00 0.0e+00  0  0  0  0  0   2  1  0  0  0 59724   147648      0 0.00e+00    0 0.00e+00 100
VecPointwiseMult     207 1.0 3.3746e-03 1.4 1.24e+03 0.0 0.0e+00 0.0e+00 0.0e+00  0  0  0  0  0   1  0  0  0  0     0       1      0 0.00e+00    0 0.00e+00 100
VecScatterBegin      927 1.0 4.8706e-02 1.9 0.00e+00 0.0 3.2e+04 4.0e+03 0.0e+00  1  0 29 19  0  15  0 100 100  0     0       0      0 0.00e+00    0 0.00e+00  0
VecScatterEnd        927 1.0 3.5907e-02 3.0 6.25e+04 1.4 0.0e+00 0.0e+00 0.0e+00  1  0  0  0  0  13  0  0  0  0    12       0      0 0.00e+00    0 0.00e+00 100
SFPack               927 1.0 2.6618e-03 1.7 0.00e+00 0.0 0.0e+00 0.0e+00 0.0e+00  0  0  0  0  0   1  0  0  0  0     0       0      0 0.00e+00    0 0.00e+00  0
SFUnpack             927 1.0 6.7361e-04 1.6 6.25e+04 1.4 0.0e+00 0.0e+00 0.0e+00  0  0  0  0  0   0  0  0  0  0   639       0      0 0.00e+00    0 0.00e+00 100
---------------------------------------------------------------------------------------------------------------------------------------------------------------

Object Type          Creations   Destructions. Reports information only for process 0.

--- Event Stage 0: Main Stage

           Container     4              4
       Krylov Solver     1             10
              Matrix     3             41
      Matrix Coarsen     0              1
   Matrix Null Space     1              1
      Preconditioner     1              6
              Viewer     1              1
  PetscDeviceContext     1              0
              Vector    12             67
           Index Set     2              8
   Star Forest Graph     1             29
    Distributed Mesh     0              4
     Discrete System     0              4
           Weak Form     0              4

--- Event Stage 1: Setup

           Container     3              3
       Krylov Solver    13              4
              Matrix    98             60
      Matrix Coarsen     4              3
      Preconditioner    13              8
              Vector   290            236
           Index Set    85             79
   Star Forest Graph    54             34
         PetscRandom     4              4

--- Event Stage 2: Solve

              Vector     1              0
   Star Forest Graph     8              0
    Distributed Mesh     4              0
     Discrete System     4              0
           Weak Form     4              0

--- Event Stage 3: 2nd Setup

              Vector    12             12

--- Event Stage 4: 2nd Solve


--- Event Stage 5: 3rd Setup


--- Event Stage 6: 3rd Solve

========================================================================================================================
Average time to get PetscTime(): 3.1e-08
Average time for MPI_Barrier(): 1.49872e-05
Average time for zero size MPI_Send(): 1.6656e-05
#PETSc Option Table entries:
-alpha 1.e-3 # (source: command line)
-ksp_converged_reason # (source: command line)
-ksp_norm_type unpreconditioned # (source: command line)
-ksp_rtol 1e-6 # (source: command line)
-ksp_type cg # (source: command line)
-log_view # (source: command line)
-log_view_gpu_time # (source: command line)
-mat_type aijkokkos # (source: command line)
-mg_coarse_ksp_type cg # (source: command line)
-mg_coarse_pc_type jacobi # (source: command line)
-mg_levels_ksp_type chebyshev # (source: command line)
-mg_levels_pc_type pbjacobi # (source: command line)
-ne 63 # (source: command line)
-pc_gamg_agg_nsmooths 1 # (source: command line)
-pc_gamg_coarse_eq_limit 20 # (source: command line)
-pc_gamg_parallel_coarse_grid_solver # (source: command line)
-pc_gamg_reuse_interpolation true # (source: command line)
-pc_gamg_type agg # (source: command line)
-pc_type gamg # (source: command line)
-two_solves # (source: command line)
-use_mat_nearnullspace # (source: command line)
#End of PETSc Option Table entries
Compiled without FORTRAN kernels
Compiled with full precision matrices (default)
sizeof(short) 2 sizeof(int) 4 sizeof(long) 8 sizeof(void*) 8 sizeof(PetscScalar) 8 sizeof(PetscInt) 4
Configure options: --with-kokkos-dir=/global/homes/m/madams/petsc/arch-perlmutter-opt-gcc-kokkos-cuda-notpl --with-kokkos-kernels-dir=/global/homes/m/madams/petsc/arch-perlmutter-opt-gcc-kokkos-cuda-notpl --with-triangle-dir=/global/homes/m/madams/petsc/arch-perlmutter-opt-gcc-kokkos-cuda-notpl --with-batch=0 --with-cc=cc --with-cxx=CC --with-fc=0 --with-debugging=0 --with-cuda=1 --with-cuda-arch=80 --with-kokkos-kernels-tpl=0 --with-make-np=8 --with-mpiexec=srun -G4 --gpu-bind=none PETSC_ARCH=arch-perlmutter-opt-gcc-kokkos-cuda-notpl
-----------------------------------------
Libraries compiled on 2026-06-22 14:37:25 on login21
Machine characteristics: Linux-6.4.0-150600.23.103_15.0.24-cray_shasta_c-x86_64-with-glibc2.3.4
Using PETSc directory: /global/u2/m/madams/petsc
Using PETSc arch: arch-perlmutter-opt-gcc-kokkos-cuda-notpl
-----------------------------------------

Using C compiler: cc  -fPIC -Wall -Wwrite-strings -Wno-unknown-pragmas -Wno-lto-type-mismatch -Wno-stringop-overflow -fstack-protector -fvisibility=hidden -g -O 
-----------------------------------------

Using include paths: -I/global/u2/m/madams/petsc/include -I/global/u2/m/madams/petsc/arch-perlmutter-opt-gcc-kokkos-cuda-notpl/include -I/global/homes/m/madams/petsc/arch-perlmutter-opt-gcc-kokkos-cuda-notpl/include -I/opt/nvidia/hpc_sdk/Linux_x86_64/25.5/cuda/12.9/include -I/opt/nvidia/hpc_sdk/Linux_x86_64/25.5/math_libs/12.9/include
-----------------------------------------

Using C linker: cc
Using libraries: -Wl,-rpath,/global/u2/m/madams/petsc/arch-perlmutter-opt-gcc-kokkos-cuda-notpl/lib -L/global/u2/m/madams/petsc/arch-perlmutter-opt-gcc-kokkos-cuda-notpl/lib -lpetsc -Wl,-rpath,/global/homes/m/madams/petsc/arch-perlmutter-opt-gcc-kokkos-cuda-notpl/lib -L/global/homes/m/madams/petsc/arch-perlmutter-opt-gcc-kokkos-cuda-notpl/lib -Wl,-rpath,/opt/nvidia/hpc_sdk/Linux_x86_64/25.5/cuda/12.9/lib64 -L/opt/nvidia/hpc_sdk/Linux_x86_64/25.5/cuda/12.9/lib64 -Wl,-rpath,/opt/nvidia/hpc_sdk/Linux_x86_64/25.5/math_libs/12.9/lib64 -L/opt/nvidia/hpc_sdk/Linux_x86_64/25.5/math_libs/12.9/lib64 -L/opt/nvidia/hpc_sdk/Linux_x86_64/25.5/cuda/12.9/lib64/stubs -lkokkoskernels -lkokkoscontainers -lkokkoscore -lkokkossimd -ltriangle -lcudart -lnvtx3interop -lcufft -lcublas -lcusparse -lcusolver -lcurand -lcuda -lnvidia-ml -lX11 -lstdc++ -lquadmath
-----------------------------------------

