    Linear solve converged due to CONVERGED_RTOL iterations 19
    Linear solve converged due to CONVERGED_RTOL iterations 19
[0] 0) N=      750141, max displ=5.9664262e+01, error=8.950e-02
****************************************************************************************************************************************************************
***                                WIDEN YOUR WINDOW TO 160 CHARACTERS.  Use 'enscript -r -fCourier9' to print this document                                 ***
****************************************************************************************************************************************************************

------------------------------------------------------------------ PETSc Performance Summary: ------------------------------------------------------------------

/global/homes/m/madams/petsc/arch-perlmutter-opt-gcc-kokkos-cuda-notpl/tests/snes/tutorials/ex56 on a arch-perlmutter-opt-gcc-kokkos-cuda-notpl named nid001161 with 8 processes and CUDA architecture 80, by madams on Mon Jun 22 07:55:27 2026
Using PETSc Development Git Revision: v3.25.2-340-g83d2bd4a8b4 Git Date: 2026-06-21 14:23:19 -0400

                         Max       Max/Min     Avg       Total
Time (sec):           4.917e+01     1.000   4.916e+01
Objects:              0.000e+00     0.000   0.000e+00
Flops:                1.026e+10     1.112   9.712e+09  7.770e+10
Flops/sec:            2.087e+08     1.112   1.976e+08  1.581e+09
MPI Msg Count:        6.924e+03     1.084   6.514e+03  5.211e+04
MPI Msg Len (bytes):  1.261e+08     1.116   1.794e+04  9.346e+08
MPI Reductions:       1.520e+02     1.000

Flop counting convention: 1 flop = 1 real number operation of type (multiply/divide/add/subtract)
                            e.g., VecAXPY() for real vectors of length N --> 2N flops
                            and VecAXPY() for complex vectors of length N --> 8N flops

Summary of Stages:   ----- Time ------  ----- Flop ------  --- Messages ---  -- Message Lengths --  -- Reductions --
                        Avg     %Total     Avg     %Total    Count   %Total     Avg         %Total    Count   %Total
 0:      Main Stage: 3.9206e+01  79.8%  3.6441e+09   4.7%  9.500e+01   0.2%  8.534e+05        8.7%  3.000e+00   2.0%
 1:      Mesh Setup: 3.0546e+00   6.2%  3.3029e+08   0.4%  1.682e+03   3.2%  1.296e+05       23.3%  5.400e+01  35.5%
 2:         Solve 0: 6.1594e+00  12.5%  3.8355e+10  49.4%  3.009e+04  57.7%  1.530e+04       49.3%  7.800e+01  51.3%
 3:       Hot Solve: 7.3766e-01   1.5%  3.5370e+10  45.5%  2.024e+04  38.8%  8.648e+03       18.7%  0.000e+00   0.0%

------------------------------------------------------------------------------------------------------------------------
See the 'Profiling' chapter of the users' manual for details on interpreting output.
Phase summary info:
   Count: number of times phase was executed
   Time and Flop: Max - maximum over all processes
                  Ratio - ratio of maximum to minimum over all processes
   Mess: number of messages sent
   AvgLen: average message length (bytes)
   Reduct: number of global reductions
   Global: entire computation
   Stage: stages of a computation. Set stages with PetscLogStagePush() and PetscLogStagePop().
      %T - percent time in this phase         %F - percent flop in this phase
      %M - percent messages in this phase     %L - percent message lengths in this phase
      %R - percent reductions in this phase
   Total Mflop/s: 1e-6 * (sum of flop over all processes)/(max time over all processes)
   GPU Mflop/s: 1e-6 * (sum of flop on GPU over all processes)/(max GPU time over all processes)
   CpuToGpu Count: total number of CPU to GPU copies per processor
   CpuToGpu Size (Mbytes): 1e-6 * (total size of CPU to GPU copies per processor)
   GpuToCpu Count: total number of GPU to CPU copies per processor
   GpuToCpu Size (Mbytes): 1e-6 * (total size of GPU to CPU copies per processor)
   GPU %F: percent flops on GPU in this event
------------------------------------------------------------------------------------------------------------------------
Event                Count      Time (sec)     Flop                              --- Global ---  --- Stage ----  Total   GPU    - CpuToGpu -   - GpuToCpu - GPU
                   Max Ratio  Max     Ratio   Max  Ratio  Mess   AvgLen  Reduct  %T %F %M %L %R  %T %F %M %L %R Mflop/s Mflop/s Count   Size   Count   Size  %F
---------------------------------------------------------------------------------------------------------------------------------------------------------------

--- Event Stage 0: Main Stage

BuildTwoSided          2 1.0 8.6676e-02 334.3 0.00e+00 0.0 3.8e+01 4.0e+00 0.0e+00  0  0  0  0  0   0  0 40  0  0     0       0      0 0.00e+00    0 0.00e+00  0
BuildTwoSidedF         1 1.0 9.0251e-02 181.7 0.00e+00 0.0 3.8e+01 2.1e+06 0.0e+00  0  0  0  9  0   0  0 40 99  0     0       0      0 0.00e+00    0 0.00e+00  0
DMPlexJacobianFE       1 1.0 4.0941e+01 1.1 4.39e+08 1.0 3.8e+01 2.1e+06 0.0e+00 79  5  0  9  0 100 96 40 99  0    85       0      0 0.00e+00    3 1.36e+02  0
SFSetGraph             1 1.0 7.8283e-04 1.0 0.00e+00 0.0 0.0e+00 0.0e+00 0.0e+00  0  0  0  0  0   0  0  0  0  0     0       0      0 0.00e+00    0 0.00e+00  0
SFSetUp                1 1.0 2.7347e-03 1.1 0.00e+00 0.0 3.8e+01 3.8e+03 0.0e+00  0  0  0  0  0   0  0 40  0  0     0       0      0 0.00e+00    0 0.00e+00  0
SFBcastBegin           1 1.0 4.1158e-03 1.3 0.00e+00 0.0 1.9e+01 1.5e+04 0.0e+00  0  0  0  0  0   0  0 20  0  0     0       0      2 3.93e-01    0 0.00e+00  0
SFBcastEnd             1 1.0 2.6913e-03 2.1 0.00e+00 0.0 0.0e+00 0.0e+00 0.0e+00  0  0  0  0  0   0  0  0  0  0     0       0      1 1.81e-02    0 0.00e+00  0
SFPack                 1 1.0 2.5099e-03 19306.7 0.00e+00 0.0 0.0e+00 0.0e+00 0.0e+00  0  0  0  0  0   0  0  0  0  0     0       0      1 1.81e-02    0 0.00e+00  0
SFUnpack               1 1.0 5.8904e-05 196.3 0.00e+00 0.0 0.0e+00 0.0e+00 0.0e+00  0  0  0  0  0   0  0  0  0  0     0       0      1 1.81e-02    0 0.00e+00  0
VecNorm                1 1.0 2.3041e-04 1.1 0.00e+00 0.0 0.0e+00 0.0e+00 0.0e+00  0  0  0  0  0   0  0  0  0  0     0       0      0 0.00e+00    0 0.00e+00  0
VecSet                 2 1.0 1.2174e-05 1.2 0.00e+00 0.0 0.0e+00 0.0e+00 0.0e+00  0  0  0  0  0   0  0  0  0  0     0       0      0 0.00e+00    0 0.00e+00  0
DCtxDestroy            1 1.0 2.6602e-05 1.2 0.00e+00 0.0 0.0e+00 0.0e+00 0.0e+00  0  0  0  0  0   0  0  0  0  0     0       0      0 0.00e+00    0 0.00e+00  0
MatMult              721 1.0 1.6993e-04 1.0 5.84e+04 1.0 0.0e+00 0.0e+00 0.0e+00  0  0  0  0  0   0  0  0  0  0  2749       0      0 0.00e+00    0 0.00e+00  0
MatScale               1 1.0 1.3696e-05 1.8 1.80e+07 1.1 0.0e+00 0.0e+00 0.0e+00  0  0  0  0  0   0  4  0  0  0 9902381       0      0 0.00e+00    0 0.00e+00 100
MatAssemblyBegin       1 1.0 9.0279e-02 1.0 0.00e+00 0.0 3.8e+01 2.1e+06 0.0e+00  0  0  0  9  0   0  0 40 99  0     0       0      0 0.00e+00    0 0.00e+00  0
MatAssemblyEnd         1 1.0 3.6128e+00 3157.8 1.28e+06 0.0 0.0e+00 0.0e+00 0.0e+00  4  0  0  0  0   4  0  0  0  0     1       0      0 0.00e+00    0 0.00e+00  0
MatSetValues        4096 1.0 3.3334e-01 1.1 2.42e+07 1.1 0.0e+00 0.0e+00 0.0e+00  1  0  0  0  0   1  5  0  0  0   562       0      0 0.00e+00    2 1.36e+02  0
MatZeroEntries         1 1.0 1.4118e-05 1.1 0.00e+00 0.0 0.0e+00 0.0e+00 0.0e+00  0  0  0  0  0   0  0  0  0  0     0       0      0 0.00e+00    0 0.00e+00  0
SNESJacobianEval       1 1.0 4.0974e+01 1.1 4.40e+08 1.0 9.5e+01 8.5e+05 1.0e+00 80  5  0  9  1 100 96 100 100 33    86       0      4 1.27e+00    4 1.37e+02  0

--- Event Stage 1: Mesh Setup

BuildTwoSided         23 1.0 3.3849e-01 7.0 0.00e+00 0.0 3.7e+02 4.0e+00 0.0e+00  0  0  1  0  0   4  0 22  0  0     0       0      0 0.00e+00    0 0.00e+00  0
BuildTwoSidedF         1 1.0 2.3639e-02 345.4 0.00e+00 0.0 0.0e+00 0.0e+00 0.0e+00  0  0  0  0  0   0  0  0  0  0     0       0      0 0.00e+00    0 0.00e+00  0
DMCreateMat            1 1.0 1.1702e+00 1.0 0.00e+00 0.0 4.7e+02 3.9e+05 4.0e+00  2  0  1 20  3  38  0 28 84  7     0       0      0 0.00e+00    0 0.00e+00  0
DMProjectFunc          6 1.0 3.7888e-01 1.0 3.46e+07 1.0 0.0e+00 0.0e+00 1.0e+00  1  0  0  0  1  12 84  0  0  2   730       0      0 0.00e+00    6 5.17e+00  0
DMPlexCrFromOpts       1 1.0 3.4737e-02 1.0 0.00e+00 0.0 0.0e+00 0.0e+00 0.0e+00  0  0  0  0  0   1  0  0  0  0     0       0      0 0.00e+00    0 0.00e+00  0
Mesh Partition         1 1.0 8.8445e-02 1.0 0.00e+00 0.0 3.5e+01 1.5e+05 3.0e+00  0  0  0  1  2   3  0  2  2  6     0       0      0 0.00e+00    0 0.00e+00  0
Mesh Migration         1 1.0 5.2402e-01 1.0 0.00e+00 0.0 2.0e+02 1.1e+05 1.6e+01  1  0  0  2 11  17  0 12 10 30     0       0      0 0.00e+00    0 0.00e+00  0
DMPlexPartSelf         1 1.0 3.4795e-02 4173.6 0.00e+00 0.0 0.0e+00 0.0e+00 0.0e+00  0  0  0  0  0   0  0  0  0  0     0       0      0 0.00e+00    0 0.00e+00  0
DMPlexPartLblInv       1 1.0 3.9304e-02 10.1 0.00e+00 0.0 0.0e+00 0.0e+00 2.0e+00  0  0  0  0  1   1  0  0  1  4     0       0      0 0.00e+00    0 0.00e+00  0
DMPlexPartLblSF        1 1.0 4.2968e-03 1.3 0.00e+00 0.0 1.4e+01 7.2e+04 0.0e+00  0  0  0  0  0   0  0  1  0  0     0       0      0 0.00e+00    0 0.00e+00  0
DMPlexPartStrtSF       1 1.0 4.1825e-02 1.0 0.00e+00 0.0 7.0e+00 2.9e+05 0.0e+00  0  0  0  0  0   1  0  0  1  0     0       0      0 0.00e+00    0 0.00e+00  0
DMPlexPointSF          1 1.0 8.0538e-01 1.0 0.00e+00 0.0 1.4e+01 3.6e+05 0.0e+00  2  0  0  1  0  26  0  1  2  0     0       0      0 0.00e+00    0 0.00e+00  0
DMPlexInterp          36 1.0 2.6899e-03 1.1 0.00e+00 0.0 0.0e+00 0.0e+00 0.0e+00  0  0  0  0  0   0  0  0  0  0     0       0      0 0.00e+00    0 0.00e+00  0
DMPlexDistribute       1 1.0 1.4181e+00 1.0 0.00e+00 0.0 2.5e+02 1.3e+05 2.1e+01  3  0  0  3 14  46  0 15 15 39     0       0      0 0.00e+00    0 0.00e+00  0
DMPlexDistCones        1 1.0 1.3362e-02 1.0 0.00e+00 0.0 4.2e+01 2.6e+05 0.0e+00  0  0  0  1  0   0  0  2  5  0     0       0      0 0.00e+00    0 0.00e+00  0
DMPlexDistLabels       1 1.0 3.4814e-02 1.0 0.00e+00 0.0 1.0e+02 7.9e+04 1.4e+01  0  0  0  1  9   1  0  6  4 26     0       0      0 0.00e+00    0 0.00e+00  0
DMPlexDistField        1 1.0 4.6996e-01 1.0 0.00e+00 0.0 4.9e+01 3.9e+04 0.0e+00  1  0  0  0  0  15  0  3  1  0     0       0      0 0.00e+00    0 0.00e+00  0
DMPlexStratify        53 1.0 3.4829e-02 3.6 0.00e+00 0.0 0.0e+00 0.0e+00 0.0e+00  0  0  0  0  0   1  0  0  0  0     0       0      0 0.00e+00    0 0.00e+00  0
DMPlexSymmetrize      53 1.0 1.3100e-02 11.3 0.00e+00 0.0 0.0e+00 0.0e+00 0.0e+00  0  0  0  0  0   0  0  0  0  0     0       0      0 0.00e+00    0 0.00e+00  0
DMPlexPrealloc         1 1.0 1.1671e+00 1.0 0.00e+00 0.0 4.7e+02 3.9e+05 4.0e+00  2  0  1 20  3  38  0 28 84  7     0       0      0 0.00e+00    0 0.00e+00  0
DMPlexGenerate         1 1.0 3.4701e-02 1.0 0.00e+00 0.0 0.0e+00 0.0e+00 0.0e+00  0  0  0  0  0   1  0  0  0  0     0       0      0 0.00e+00    0 0.00e+00  0
SFSetGraph            27 1.0 1.3945e-02 5.0 0.00e+00 0.0 0.0e+00 0.0e+00 0.0e+00  0  0  0  0  0   0  0  0  0  0     0       0      0 0.00e+00    0 0.00e+00  0
SFSetUp               22 1.0 4.2954e-01 4.2 0.00e+00 0.0 7.3e+02 9.3e+04 0.0e+00  0  0  1  7  0   6  0 44 31  0     0       0      0 0.00e+00    0 0.00e+00  0
SFBcastBegin          49 1.0 7.1787e-03 10.3 0.00e+00 0.0 6.8e+02 6.4e+04 0.0e+00  0  0  1  5  0   0  0 40 20  0     0       0      0 0.00e+00    0 0.00e+00  0
SFBcastEnd            49 1.0 8.8248e-01 24.5 0.00e+00 0.0 0.0e+00 0.0e+00 0.0e+00  1  0  0  0  0  24  0  0  0  0     0       0      0 0.00e+00    0 0.00e+00  0
SFReduceBegin         11 1.0 1.0311e-01 167.3 0.00e+00 0.0 2.0e+02 3.3e+05 0.0e+00  0  0  0  7  0   0  0 12 30  0     0       0      0 0.00e+00    0 0.00e+00  0
SFReduceEnd           11 1.0 7.3031e-01 96.7 0.00e+00 0.0 0.0e+00 0.0e+00 0.0e+00  0  0  0  0  0   5  0  0  0  0     0       0      0 0.00e+00    0 0.00e+00  0
SFFetchOpBegin         2 1.0 1.0215e-03 39.2 0.00e+00 0.0 3.8e+01 5.4e+05 0.0e+00  0  0  0  2  0   0  0  2  9  0     0       0      0 0.00e+00    0 0.00e+00  0
SFFetchOpEnd           2 1.0 6.1651e-03 2.8 0.00e+00 0.0 3.8e+01 5.4e+05 0.0e+00  0  0  0  2  0   0  0  2  9  0     0       0      0 0.00e+00    0 0.00e+00  0
SFCreateEmbed          3 1.0 1.8195e-02 30.1 0.00e+00 0.0 4.5e+01 6.7e+03 0.0e+00  0  0  0  0  0   0  0  3  0  0     0       0      0 0.00e+00    0 0.00e+00  0
SFDistSection          9 1.0 1.0159e-02 1.9 0.00e+00 0.0 3.1e+02 3.0e+04 0.0e+00  0  0  1  1  0   0  0 19  4  0     0       0      0 0.00e+00    0 0.00e+00  0
SFSectionSF           11 1.0 3.8053e-01 8.6 0.00e+00 0.0 2.9e+02 8.6e+04 0.0e+00  0  0  1  3  0   5  0 17 11  0     0       0      0 0.00e+00    0 0.00e+00  0
SFRemoteOff            2 1.0 1.7929e-02 20.0 0.00e+00 0.0 7.6e+01 3.4e+03 0.0e+00  0  0  0  0  0   0  0  5  0  0     0       0      0 0.00e+00    0 0.00e+00  0
SFPack                62 1.0 8.3125e-03 14.5 0.00e+00 0.0 0.0e+00 0.0e+00 0.0e+00  0  0  0  0  0   0  0  0  0  0     0       0      0 0.00e+00    0 0.00e+00  0
SFUnpack              64 1.0 7.0634e-01 242.2 0.00e+00 0.0 0.0e+00 0.0e+00 0.0e+00  0  0  0  0  0   3  0  0  0  0     0       0      0 0.00e+00    0 0.00e+00  0
VecMDot                5 1.0 2.3140e-03 1.0 2.95e+06 1.1 0.0e+00 0.0e+00 0.0e+00  0  0  0  0  0   0  7  0  0  0  9725       0      0 0.00e+00    6 9.60e-05 100
VecNorm                6 1.0 3.1698e-03 3.8 1.18e+06 1.1 0.0e+00 0.0e+00 0.0e+00  0  0  0  0  0   0  3  0  0  0  2840       0      0 0.00e+00    0 0.00e+00 100
VecScale               6 1.0 2.1683e-04 1.3 5.90e+05 1.1 0.0e+00 0.0e+00 0.0e+00  0  0  0  0  0   0  1  0  0  0 20758       0      0 0.00e+00    0 0.00e+00 100
VecCopy                1 1.0 8.4360e-06 1.3 0.00e+00 0.0 0.0e+00 0.0e+00 0.0e+00  0  0  0  0  0   0  0  0  0  0     0       0      0 0.00e+00    0 0.00e+00  0
VecSet                 8 1.0 9.7209e-05 1.3 0.00e+00 0.0 0.0e+00 0.0e+00 0.0e+00  0  0  0  0  0   0  0  0  0  0     0       0      0 0.00e+00    0 0.00e+00  0
VecAXPY                9 1.0 6.3265e-04 1.1 1.77e+06 1.1 0.0e+00 0.0e+00 0.0e+00  0  0  0  0  0   0  4  0  0  0 21343       0      0 0.00e+00    0 0.00e+00 100
VecNormalize           6 1.0 3.3993e-03 3.4 1.77e+06 1.1 0.0e+00 0.0e+00 0.0e+00  0  0  0  0  0   0  4  0  0  0  3972       0      0 0.00e+00    0 0.00e+00 100
DCtxCreate             1 1.0 1.8546e-05 1.6 0.00e+00 0.0 0.0e+00 0.0e+00 0.0e+00  0  0  0  0  0   0  0  0  0  0     0       0      0 0.00e+00    0 0.00e+00  0
DCtxSetUp              1 1.0 9.4080e-06 1.3 0.00e+00 0.0 0.0e+00 0.0e+00 0.0e+00  0  0  0  0  0   0  0  0  0  0     0       0      0 0.00e+00    0 0.00e+00  0
DCtxSetDevice          1 1.0 1.5280e-05 1.2 0.00e+00 0.0 0.0e+00 0.0e+00 0.0e+00  0  0  0  0  0   0  0  0  0  0     0       0      0 0.00e+00    0 0.00e+00  0
DualSpaceSetUp         6 1.0 1.4899e-02 1.0 3.61e+03 1.0 0.0e+00 0.0e+00 0.0e+00  0  0  0  0  0   0  0  0  0  0     2       0      0 0.00e+00    0 0.00e+00  0
FESetUp                6 1.0 5.8968e-04 1.1 0.00e+00 0.0 0.0e+00 0.0e+00 0.0e+00  0  0  0  0  0   0  0  0  0  0     0       0      0 0.00e+00    0 0.00e+00  0
MatMult            24576 1.0 5.7379e-03 1.1 1.99e+06 1.0 0.0e+00 0.0e+00 0.0e+00  0  0  0  0  0   0  5  0  0  0  2775       0      0 0.00e+00    0 0.00e+00  0
MatAssemblyBegin      68 1.0 2.3683e-02 217.6 0.00e+00 0.0 0.0e+00 0.0e+00 0.0e+00  0  0  0  0  0   0  0  0  0  0     0       0      0 0.00e+00    0 0.00e+00  0
MatAssemblyEnd        68 1.0 2.9498e-02 1.0 0.00e+00 0.0 1.1e+02 4.0e+03 1.0e+00  0  0  0  0  1   1  0  7  0  2     0       0      0 0.00e+00    0 0.00e+00  0
MatSetPreallCOO       36 1.0 7.9646e-05 1.2 0.00e+00 0.0 0.0e+00 0.0e+00 0.0e+00  0  0  0  0  0   0  0  0  0  0     0       0      0 0.00e+00    0 0.00e+00  0
MatSetValuesCOO       36 1.0 4.5920e-05 1.1 0.00e+00 0.0 0.0e+00 0.0e+00 0.0e+00  0  0  0  0  0   0  0  0  0  0     0       0      0 0.00e+00    0 0.00e+00  0

--- Event Stage 2: Solve 0

BuildTwoSided        149 1.0 1.9744e-01 14.0 0.00e+00 0.0 1.6e+03 4.0e+00 0.0e+00  0  0  3  0  0   2  0  5  0  0     0       0      0 0.00e+00    0 0.00e+00  0
BuildTwoSidedF       110 1.0 1.4186e-01 20.3 0.00e+00 0.0 2.3e+02 1.9e+04 0.0e+00  0  0  0  0  0   1  0  1  1  0     0       0      0 0.00e+00    0 0.00e+00  0
DMPlexResidualFE       1 1.0 4.3408e-01 1.0 4.08e+08 1.0 0.0e+00 0.0e+00 0.0e+00  1  4  0  0  0   7  9  0  0  0  7521       0      0 0.00e+00    2 1.72e+00  0
SFSetGraph            39 1.0 1.9716e-04 1.4 0.00e+00 0.0 0.0e+00 0.0e+00 0.0e+00  0  0  0  0  0   0  0  0  0  0     0       0      0 0.00e+00    0 0.00e+00  0
SFSetUp               39 1.0 8.5050e-02 1.6 0.00e+00 0.0 2.9e+03 2.8e+04 0.0e+00  0  0  6  8  0   1  0 10 17  0     0       0      0 0.00e+00    0 0.00e+00  0
SFBcastBegin          34 1.0 2.1834e-02 2.6 0.00e+00 0.0 1.9e+03 4.2e+04 0.0e+00  0  0  4  8  0   0  0  6 17  0     0       0      0 0.00e+00    0 0.00e+00  0
SFBcastEnd            34 1.0 3.6254e+00 240.9 0.00e+00 0.0 0.0e+00 0.0e+00 0.0e+00  4  0  0  0  0  30  0  0  0  0     0       0      0 0.00e+00    0 0.00e+00  0
SFReduceBegin         11 1.0 7.1949e-03 1.6 0.00e+00 0.0 3.9e+02 4.1e+05 0.0e+00  0  0  1 17  0   0  0  1 35  0     0       0      0 0.00e+00    0 0.00e+00  0
SFReduceEnd           11 1.0 3.6771e-02 4.1 9.51e+03 0.0 0.0e+00 0.0e+00 0.0e+00  0  0  0  0  0   0  0  0  0  0     1       0      0 0.00e+00    0 0.00e+00 100
SFPack               568 1.0 1.8525e-03 1.2 0.00e+00 0.0 0.0e+00 0.0e+00 0.0e+00  0  0  0  0  0   0  0  0  0  0     0       0      7 1.32e-01    0 0.00e+00  0
SFUnpack             568 1.0 5.4869e-04 1.5 3.16e+04 1.4 0.0e+00 0.0e+00 0.0e+00  0  0  0  0  0   0  0  0  0  0   369       0      2 4.35e-03    0 0.00e+00 100
VecTDot              178 1.0 2.8273e-02 1.1 1.71e+07 1.1 0.0e+00 0.0e+00 0.0e+00  0  0  0  0  0   0  0  0  0  0  4606       0      0 0.00e+00    0 0.00e+00 100
VecNorm               53 1.0 7.9796e-03 2.7 6.14e+06 1.1 0.0e+00 0.0e+00 0.0e+00  0  0  0  0  0   0  0  0  0  0  5865       0      0 0.00e+00    0 0.00e+00 100
VecCopy              185 1.0 1.0571e-03 1.0 0.00e+00 0.0 0.0e+00 0.0e+00 0.0e+00  0  0  0  0  0   0  0  0  0  0     0       0      0 0.00e+00    0 0.00e+00  0
VecSet                86 1.0 4.0985e-04 1.3 0.00e+00 0.0 0.0e+00 0.0e+00 0.0e+00  0  0  0  0  0   0  0  0  0  0     0       0      0 0.00e+00    0 0.00e+00  0
VecAXPY              160 1.0 7.1814e-04 1.1 1.59e+07 1.1 0.0e+00 0.0e+00 0.0e+00  0  0  0  0  0   0  0  0  0  0 168601       0      0 0.00e+00    0 0.00e+00 100
VecAYPX              414 1.0 1.7311e-03 1.1 3.00e+07 1.1 0.0e+00 0.0e+00 0.0e+00  0  0  0  0  0   0  1  0  0  0 132013       0      0 0.00e+00    0 0.00e+00 100
VecAXPBYCZ           114 1.0 7.4462e-04 1.1 1.90e+07 1.1 0.0e+00 0.0e+00 0.0e+00  0  0  0  0  0   0  0  0  0  0 194776       0      0 0.00e+00    0 0.00e+00 100
VecAssemblyBegin      98 1.0 1.1593e-01 20.4 0.00e+00 0.0 0.0e+00 0.0e+00 0.0e+00  0  0  0  0  0   1  0  0  0  0     0       0      0 0.00e+00    0 0.00e+00  0
VecAssemblyEnd        98 1.0 1.2544e-04 1.2 0.00e+00 0.0 0.0e+00 0.0e+00 0.0e+00  0  0  0  0  0   0  0  0  0  0     0       0      0 0.00e+00    0 0.00e+00  0
VecPointwiseMult      52 1.0 3.0081e-04 1.5 1.10e+06 1.1 0.0e+00 0.0e+00 0.0e+00  0  0  0  0  0   0  0  0  0  0 27915       0      0 0.00e+00    0 0.00e+00 100
VecReciprocal         10 1.0 1.7179e-03 1.7 0.00e+00 0.0 0.0e+00 0.0e+00 0.0e+00  0  0  0  0  0   0  0  0  0  0     0       0      0 0.00e+00    0 0.00e+00  0
VecSetValues      765059 1.1 1.2670e+00 1.1 0.00e+00 0.0 0.0e+00 0.0e+00 0.0e+00  2  0  0  0  0  20  0  0  0  0     0       0      0 0.00e+00    0 0.00e+00  0
VecScatterBegin      523 1.0 1.3170e-01 2.3 0.00e+00 0.0 2.4e+04 5.8e+03 0.0e+00  0  0 46 15  0   2  0 80 30  0     0       0     52 7.90e+00    0 0.00e+00  0
VecScatterEnd        523 1.0 1.7599e-01 2.2 2.23e+04 1.2 0.0e+00 0.0e+00 0.0e+00  0  0  0  0  0   2  0  0  0  0     1       0      2 4.35e-03    0 0.00e+00 100
MatMult             1028 1.0 1.1076e-01 1.8 4.29e+09 1.1 1.7e+04 6.9e+03 0.0e+00  0 41 33 13  0   1 84 57 26  0 290675       0      4 6.55e+00    0 0.00e+00 100
MatMultAdd            57 1.0 8.1471e-03 1.5 1.14e+08 1.1 2.2e+03 6.0e+02 0.0e+00  0  1  4  0  0   0  2  7  0  0 105714       0      0 0.00e+00    0 0.00e+00 100
MatMultTranspose      57 1.0 9.4838e-02 2.0 1.14e+08 1.1 2.2e+03 6.0e+02 0.0e+00  0  1  4  0  0   1  2  7  0  0  9083       0      2 4.35e-03    0 0.00e+00 100
MatScale               9 1.0 4.3995e-02 3.0 1.00e+07 1.1 1.7e+02 1.9e+03 0.0e+00  0  0  0  0  0   1  0  1  0  0  1722       0      9 1.04e+00    0 0.00e+00 100
MatResidual           57 1.0 1.2172e-02 1.2 7.17e+08 1.1 3.2e+03 6.3e+03 0.0e+00  0  7  6  2  0   0 14 11  4  0 442053       0      0 0.00e+00    0 0.00e+00 100
MatAssemblyBegin      47 1.0 2.6310e-02 7.1 0.00e+00 0.0 2.3e+02 1.9e+04 0.0e+00  0  0  0  0  0   0  0  1  1  0     0       0      0 0.00e+00    0 0.00e+00  0
MatAssemblyEnd        47 1.0 1.0299e-01 2.0 0.00e+00 0.0 1.5e+03 4.9e+02 2.3e+01  0  0  3  0 15   1  0  5  0 29     0       0      0 0.00e+00    0 0.00e+00  0
MatSetValues      137311 1.1 3.6884e-01 1.1 6.01e+05 1.1 0.0e+00 0.0e+00 0.0e+00  1  0  0  0  0   6  0  0  0  0    12       0      0 0.00e+00    6 2.27e+01  0
MatGetValues       33075 1.1 6.5625e-02 1.1 0.00e+00 0.0 0.0e+00 0.0e+00 0.0e+00  0  0  0  0  0   1  0  0  0  0     0       0      0 0.00e+00    0 0.00e+00  0
MatGetRow         466752 1.1 9.0539e-01 1.1 0.00e+00 0.0 0.0e+00 0.0e+00 0.0e+00  2  0  0  0  0  14  0  0  0  0     0       0      0 0.00e+00   10 2.04e+01  0
MatCreateSubMat        1 1.0 1.2107e-03 1.0 0.00e+00 0.0 1.4e+01 3.3e+01 5.0e+00  0  0  0  0  3   0  0  0  0  6     0       0      0 0.00e+00    0 0.00e+00  0
MatCoarsen             3 1.0 4.8119e-02 3.0 0.00e+00 0.0 1.5e+03 1.5e+03 1.8e+01  0  0  3  0 12   1  0  5  1 23     0       0      2 1.88e-03    0 0.00e+00  0
MatAXPY                3 1.0 6.7968e-01 1.1 6.01e+05 1.1 0.0e+00 0.0e+00 0.0e+00  1  0  0  0  0  11  0  0  0  0     7       0      0 0.00e+00    6 2.27e+01  0
MatTranspose           2 1.0 2.5254e-03 1.0 0.00e+00 0.0 1.8e+02 4.0e+01 6.0e+00  0  0  0  0  4   0  0  1  0  8     0       0      2 1.88e-03    0 0.00e+00  0
MatMatMultSym          3 1.0 9.2983e-02 1.0 0.00e+00 0.0 1.3e+03 1.1e+04 9.0e+00  0  0  2  1  6   2  0  4  3 12     0       0      6 4.58e+00    0 0.00e+00  0
MatMatMultNum          3 1.0 7.4100e-07 1.3 0.00e+00 0.0 0.0e+00 0.0e+00 0.0e+00  0  0  0  0  0   0  0  0  0  0     0       0      0 0.00e+00    0 0.00e+00  0
MatPtAPSymbolic        3 1.0 4.3496e-01 1.1 0.00e+00 0.0 2.2e+03 5.9e+04 1.8e+01  1  0  4 14 12   7  0  7 28 23     0       0      6 2.27e+01    0 0.00e+00  0
MatPtAPNumeric         3 1.0 7.6100e-07 1.3 0.00e+00 0.0 0.0e+00 0.0e+00 0.0e+00  0  0  0  0  0   0  0  0  0  0     0       0      0 0.00e+00    0 0.00e+00  0
MatTrnMatMultSym       1 1.0 1.5494e-01 1.1 0.00e+00 0.0 4.5e+02 3.8e+05 3.0e+00  0  0  1 18  2   2  0  1 37  4     0       0      0 0.00e+00    0 0.00e+00  0
MatCreateGraph         3 1.0 6.6033e-01 1.0 4.04e+06 1.1 5.0e+02 9.7e+02 9.0e+00  1  0  1  0  6  11  0  2  0 12    46       0     12 1.55e+01    7 5.46e+00 100
KSPSetUp               1 1.0 1.5301e-03 4.0 0.00e+00 0.0 0.0e+00 0.0e+00 0.0e+00  0  0  0  0  0   0  0  0  0  0     0       0      0 0.00e+00    0 0.00e+00  0
KSPSolve               1 1.0 1.9508e-01 1.0 3.88e+09 1.1 1.8e+04 5.5e+03 0.0e+00  0 37 35 11  0   3 76 61 22  0 149322       0      2 4.35e-03    0 0.00e+00 100
SNESSolve              1 1.0 7.9110e+00 1.8 5.08e+09 1.1 3.0e+04 1.5e+04 7.8e+01 13 49 58 49 51 100 100 100 100 100  4848       0     78 1.88e+02   52 5.26e+01 91
SNESSetUp              1 1.0 1.4690e-03 4.4 0.00e+00 0.0 0.0e+00 0.0e+00 0.0e+00  0  0  0  0  0   0  0  0  0  0     0       0      0 0.00e+00    0 0.00e+00  0
SNESFunctionEval       1 1.0 4.0665e+00 8.8 4.09e+08 1.0 3.8e+01 1.5e+04 0.0e+00  5  4  0  0  0  38  9  0  0  0   805       0      2 1.72e+00    3 2.59e+00  0
PCSetUp_GAMG+          1 1.0 3.6493e+00 1.0 7.92e+08 1.1 1.2e+04 3.0e+04 7.8e+01  7  8 23 39 51  59 16 39 78 100  1630       0     74 1.86e+02   49 5.00e+01 100
 PCGAMGCreateG         3 1.0 6.6034e-01 1.0 4.04e+06 1.1 5.0e+02 9.7e+02 9.0e+00  1  0  1  0  6  11  0  2  0 12    46       0     12 1.55e+01    7 5.46e+00 100
 GAMG Coarsen          6 1.0 5.6720e-01 1.0 0.00e+00 0.0 2.2e+03 8.0e+04 2.1e+01  1  0  4 19 14   9  0  7 39 27     0       0      7 1.05e+00   11 1.56e+01  0
  GAMG MIS/Agg         3 1.0 2.0555e-01 1.1 0.00e+00 0.0 1.9e+03 9.0e+04 2.1e+01  0  0  4 19 14   3  0  6 38 27     0       0      2 1.88e-03    0 0.00e+00  0
 PCGAMGProl            3 1.0 1.1289e+00 1.0 0.00e+00 0.0 2.2e+03 8.2e+03 9.0e+00  2  0  4  2  6  18  0  7  4 12     0       0     38 6.52e+00   19 1.77e+00  0
  GAMG Prol-col        3 1.0 1.1044e+00 1.0 0.00e+00 0.0 2.0e+03 7.2e+03 0.0e+00  2  0  4  2  0  18  0  7  3  0     0       0     38 6.52e+00   19 1.77e+00  0
  GAMG Prol-lift       3 1.0 2.3009e-02 1.0 0.00e+00 0.0 2.6e+02 1.6e+04 3.0e+00  0  0  0  0  2   0  0  1  1  4     0       0      0 0.00e+00    0 0.00e+00  0
 PCGAMGOptProl         3 1.0 8.1514e-01 1.1 3.94e+08 1.1 2.9e+03 8.1e+03 9.0e+00  2  4  6  3  6  13  8 10  5 12  3624       0     11 1.40e+02    6 2.27e+01 100
  GAMG smooth          3 1.0 7.7533e-01 1.1 6.59e+06 1.1 1.3e+03 1.1e+04 9.0e+00  2  0  2  1  6  12  0  4  3 12    64       0      6 4.58e+00    6 2.27e+01 91
 PCGAMGCreateL         3 1.0 4.3742e-01 1.1 0.00e+00 0.0 2.2e+03 5.8e+04 2.9e+01  1  0  4 14 19   7  0  7 28 37     0       0      6 2.27e+01    0 0.00e+00  0
  GAMG PtAP            3 1.0 4.3499e-01 1.1 0.00e+00 0.0 2.2e+03 5.9e+04 1.8e+01  1  0  4 14 12   7  0  7 28 23     0       0      6 2.27e+01    0 0.00e+00  0
  GAMG Reduce          1 1.0 1.9225e-02 1.0 0.00e+00 0.0 4.4e+02 1.8e+03 1.7e+01  0  0  1  0 11   0  0  1  0 22     0       0      2 6.44e-03    0 0.00e+00  0
PCGAMG Squ l00         1 1.0 1.5494e-01 1.1 0.00e+00 0.0 4.5e+02 3.8e+05 3.0e+00  0  0  1 18  2   2  0  1 37  4     0       0      0 0.00e+00    0 0.00e+00  0
PCGAMG Gal l00         1 1.0 3.4363e-01 1.1 0.00e+00 0.0 8.8e+02 1.2e+05 6.0e+00  1  0  2 11  4   5  0  3 22  8     0       0      2 2.20e+01    0 0.00e+00  0
PCGAMG Opt l00         1 1.0 4.9863e-02 1.0 0.00e+00 0.0 4.4e+02 2.5e+04 3.0e+00  0  0  1  1  2   1  0  1  2  4     0       0      2 4.50e+00    0 0.00e+00  0
PCGAMG Gal l01         1 1.0 7.5071e-02 1.0 0.00e+00 0.0 9.0e+02 3.0e+04 6.0e+00  0  0  2  3  4   1  0  3  6  8     0       0      2 6.63e-01    0 0.00e+00  0
PCGAMG Opt l01         1 1.0 3.0430e-02 1.0 0.00e+00 0.0 4.5e+02 3.4e+03 3.0e+00  0  0  1  0  2   0  0  1  0  4     0       0      2 7.55e-02    0 0.00e+00  0
PCGAMG Gal l02         1 1.0 1.6777e-02 1.0 0.00e+00 0.0 4.1e+02 1.9e+03 6.0e+00  0  0  1  0  4   0  0  1  0  8     0       0      2 6.44e-03    0 0.00e+00  0
PCGAMG Opt l02         1 1.0 1.2731e-02 1.0 0.00e+00 0.0 3.7e+02 1.1e+03 3.0e+00  0  0  1  0  2   0  0  1  0  4     0       0      2 3.71e-03    0 0.00e+00  0
PCSetUp                1 1.0 3.6493e+00 1.0 7.92e+08 1.1 1.2e+04 3.0e+04 7.8e+01  7  8 23 39 51  59 16 39 78 100  1630       0     74 1.86e+02   49 5.00e+01 100
PCApply               19 1.0 1.8038e-01 1.0 3.17e+09 1.1 1.7e+04 4.8e+03 0.0e+00  0 31 33  9  0   3 62 57 18  0 131958       0      2 4.35e-03    0 0.00e+00 100

--- Event Stage 3: Hot Solve

DMPlexResidualFE       1 1.0 4.3581e-01 1.0 4.08e+08 1.0 0.0e+00 0.0e+00 0.0e+00  1  4  0  0  0  58  9  0  0  0  7491       0      0 0.00e+00    2 1.72e+00  0
SFBcastBegin           4 1.0 2.6727e-03 1.8 0.00e+00 0.0 1.9e+02 2.3e+05 0.0e+00  0  0  0  5  0   0  0  1 25  0     0       0      0 0.00e+00    0 0.00e+00  0
SFBcastEnd             4 1.0 5.0453e-02 5.2 0.00e+00 0.0 0.0e+00 0.0e+00 0.0e+00  0  0  0  0  0   4  0  0  0  0     0       0      0 0.00e+00    0 0.00e+00  0
SFReduceBegin          4 1.0 1.8311e-03 7.0 0.00e+00 0.0 1.4e+02 1.5e+05 0.0e+00  0  0  0  2  0   0  0  1 12  0     0       0      0 0.00e+00    0 0.00e+00  0
SFReduceEnd            4 1.0 6.8199e-02 11.9 9.51e+03 0.0 0.0e+00 0.0e+00 0.0e+00  0  0  0  0  0   4  0  0  0  0     1       0      0 0.00e+00    0 0.00e+00 100
SFPack               399 1.0 1.1706e-03 1.1 0.00e+00 0.0 0.0e+00 0.0e+00 0.0e+00  0  0  0  0  0   0  0  0  0  0     0       0      0 0.00e+00    0 0.00e+00  0
SFUnpack             399 1.0 3.3209e-04 1.4 3.16e+04 1.4 0.0e+00 0.0e+00 0.0e+00  0  0  0  0  0   0  0  0  0  0   610       0      0 0.00e+00    0 0.00e+00 100
VecTDot              109 1.0 1.8163e-02 1.0 1.25e+07 1.1 0.0e+00 0.0e+00 0.0e+00  0  0  0  0  0   2  0  0  0  0  5237       0      0 0.00e+00    0 0.00e+00 100
VecNorm               53 1.0 3.7480e-03 1.4 6.14e+06 1.1 0.0e+00 0.0e+00 0.0e+00  0  0  0  0  0   0  0  0  0  0 12486       0      0 0.00e+00    0 0.00e+00 100
VecCopy              179 1.0 9.6879e-04 1.0 0.00e+00 0.0 0.0e+00 0.0e+00 0.0e+00  0  0  0  0  0   0  0  0  0  0     0       0      0 0.00e+00    0 0.00e+00  0
VecSet                83 1.0 3.5077e-04 1.2 0.00e+00 0.0 0.0e+00 0.0e+00 0.0e+00  0  0  0  0  0   0  0  0  0  0     0       0      0 0.00e+00    0 0.00e+00  0
VecAXPY              100 1.0 4.1075e-04 1.1 1.19e+07 1.1 0.0e+00 0.0e+00 0.0e+00  0  0  0  0  0   0  0  0  0  0 220440       0      0 0.00e+00    0 0.00e+00 100
VecAYPX              387 1.0 1.5098e-03 1.1 2.82e+07 1.1 0.0e+00 0.0e+00 0.0e+00  0  0  0  0  0   0  1  0  0  0 142265       0      0 0.00e+00    0 0.00e+00 100
VecAXPBYCZ           114 1.0 4.8689e-04 1.1 1.90e+07 1.1 0.0e+00 0.0e+00 0.0e+00  0  0  0  0  0   0  0  0  0  0 297879       0      0 0.00e+00    0 0.00e+00 100
VecPointwiseMult      19 1.0 8.8311e-05 2.6 3.42e+02 0.0 0.0e+00 0.0e+00 0.0e+00  0  0  0  0  0   0  0  0  0  0     4       0      0 0.00e+00    0 0.00e+00 100
VecReciprocal          1 1.0 5.2500e-06 3.8 0.00e+00 0.0 0.0e+00 0.0e+00 0.0e+00  0  0  0  0  0   0  0  0  0  0     0       0      0 0.00e+00    0 0.00e+00  0
VecScatterBegin      391 1.0 4.1533e-02 1.3 0.00e+00 0.0 2.0e+04 5.5e+03 0.0e+00  0  0 38 12  0   5  0 98 63  0     0       0      0 0.00e+00    0 0.00e+00  0
VecScatterEnd        391 1.0 1.6915e-02 2.4 2.23e+04 1.2 0.0e+00 0.0e+00 0.0e+00  0  0  0  0  0   2  0  0  0  0    10       0      0 0.00e+00    0 0.00e+00 100
MatMult              998 1.0 3.5138e-02 1.0 3.91e+09 1.1 1.6e+04 7.0e+03 0.0e+00  0 38 30 12  0   5 83 77 62  0 836056       0      0 0.00e+00    0 0.00e+00 100
MatMultAdd            57 1.0 5.5209e-03 1.2 1.14e+08 1.1 2.2e+03 6.0e+02 0.0e+00  0  1  4  0  0   1  2 11  1  0 156001       0      0 0.00e+00    0 0.00e+00 100
MatMultTranspose      57 1.0 1.3618e-02 1.1 1.14e+08 1.1 2.2e+03 6.0e+02 0.0e+00  0  1  4  0  0   2  2 11  1  0 63256       0      0 0.00e+00    0 0.00e+00 100
MatResidual           57 1.0 1.0200e-02 1.0 7.17e+08 1.1 3.2e+03 6.3e+03 0.0e+00  0  7  6  2  0   1 15 16 11  0 527515       0      0 0.00e+00    0 0.00e+00 100
MatPtAPNumeric         3 1.0 1.9976e-01 1.0 0.00e+00 0.0 2.8e+02 2.3e+05 0.0e+00  0  0  1  7  0  27  0  1 37  0     0       0      0 0.00e+00    0 0.00e+00  0
KSPSetUp               1 1.0 2.0100e-07 1.2 0.00e+00 0.0 0.0e+00 0.0e+00 0.0e+00  0  0  0  0  0   0  0  0  0  0     0       0      0 0.00e+00    0 0.00e+00  0
KSPSolve               1 1.0 6.9091e-02 1.0 3.88e+09 1.1 1.8e+04 5.5e+03 0.0e+00  0 37 35 11  0   9 82 90 57  0 421623       0      0 0.00e+00    0 0.00e+00 100
SNESSolve              1 1.0 7.3765e-01 1.0 4.68e+09 1.1 2.0e+04 8.6e+03 0.0e+00  2 46 39 19  0 100 100 100 100  0 47950       0      5 4.05e+00    3 2.59e+00 91
SNESFunctionEval       1 1.0 4.6292e-01 1.0 4.09e+08 1.0 3.8e+01 1.5e+04 0.0e+00  1  4  0  0  0  62  9  0  0  0  7070       0      2 1.72e+00    3 2.59e+00  0
PCSetUp_GAMG+          1 1.0 2.1227e-01 1.0 3.95e+08 1.1 2.0e+03 3.8e+04 0.0e+00  0  4  4  8  0  28  8 10 43  0 13964       0      3 2.33e+00    0 0.00e+00 100
PCGAMG Gal l00         1 1.0 1.5158e-01 1.5 0.00e+00 0.0 1.1e+02 4.6e+05 0.0e+00  0  0  0  5  0  17  0  1 29  0     0       0      0 0.00e+00    0 0.00e+00  0
PCGAMG Gal l01         1 1.0 8.7883e-02 2.6 0.00e+00 0.0 1.1e+02 1.2e+05 0.0e+00  0  0  0  1  0   8  0  1  8  0     0       0      0 0.00e+00    0 0.00e+00  0
PCGAMG Gal l02         1 1.0 1.3716e-02 3.4 0.00e+00 0.0 6.3e+01 5.9e+03 0.0e+00  0  0  0  0  0   1  0  0  0  0     0       0      0 0.00e+00    0 0.00e+00  0
PCSetUp                1 1.0 2.1227e-01 1.0 3.95e+08 1.1 2.0e+03 3.8e+04 0.0e+00  0  4  4  8  0  28  8 10 43  0 13964       0      3 2.33e+00    0 0.00e+00 100
PCApply               19 1.0 5.4495e-02 1.0 3.17e+09 1.1 1.7e+04 4.8e+03 0.0e+00  0 31 33  9  0   7 67 85 47  0 436787       0      0 0.00e+00    0 0.00e+00 100
---------------------------------------------------------------------------------------------------------------------------------------------------------------

Object Type          Creations   Destructions. Reports information only for process 0.

--- Event Stage 0: Main Stage

           Container     2             34
    Distributed Mesh     0             38
            DM Label     0             57
          Quadrature     1            236
           Index Set    25            125
   IS L to G Mapping     0             97
             Section     0            114
   Star Forest Graph     0             78
     Discrete System     0             38
           Weak Form     0             39
    GraphPartitioner     0             15
              Vector     1             72
        Linear Space     0              6
          Dual Space     0             16
            FE Space     0              4
              Matrix     0             55
      Matrix Coarsen     0              1
   Matrix Null Space     0              1
                SNES     0              1
              DMSNES     0              1
       Krylov Solver     0              8
     DMKSP interface     0              1
       Field over DM     1              1
      Preconditioner     0              5
              Viewer     0              1

--- Event Stage 1: Mesh Setup

           Container    93             61
    Distributed Mesh   118             82
            DM Label   296            239
          Quadrature   533            298
           Index Set  1338           1241
   IS L to G Mapping   290            193
             Section   390            276
   Star Forest Graph   313            254
     Discrete System   175            139
           Weak Form   177            140
    GraphPartitioner    53             38
              Vector    78             51
  PetscDeviceContext     1              0
        Linear Space    12              6
          Dual Space    63             47
            FE Space     6              2
              Matrix   178            151
   Matrix Null Space     1              0
                SNES     1              0
              DMSNES     1              0
       Krylov Solver     1              0
       Field over DM     1              1
      Preconditioner     1              0
              Viewer     1              0

--- Event Stage 2: Solve 0

           Container     2              2
    Distributed Mesh     2              0
          Quadrature     1              1
           Index Set    91             88
   Star Forest Graph    43             24
     Discrete System     2              0
           Weak Form     2              0
              Vector   213            169
              Matrix    70             42
      Matrix Coarsen     3              2
       Krylov Solver    11              4
     DMKSP interface     1              0
      Preconditioner    11              7
         PetscRandom     3              3

--- Event Stage 3: Hot Solve

          Quadrature     1              1
           Index Set    33             33
              Vector     9              9
========================================================================================================================
Average time to get PetscTime(): 3.3e-08
Average time for MPI_Barrier(): 1.46644e-05
Average time for zero size MPI_Send(): 1.42087e-05
#PETSc Option Table entries:
-dm_mat_type mpiaijkokkos # (source: command line)
-dm_plex_box_faces 32,32,32 # (source: command line)
-dm_plex_dim 3 # (source: command line)
-dm_plex_simplex 0 # (source: command line)
-dm_vec_type kokkos # (source: command line)
-ksp_converged_reason # (source: command line)
-ksp_norm_type unpreconditioned # (source: command line)
-ksp_rtol 1e-6 # (source: command line)
-ksp_type cg # (source: command line)
-log_view # (source: command line)
-max_conv_its 1 # (source: command line)
-mg_coarse_pc_type jacobi # (source: command line)
-mg_levels_ksp_type chebyshev # (source: command line)
-mg_levels_pc_type pbjacobi # (source: command line)
-n_solves 2 # (source: command line)
-pc_gamg_agg_nsmooths 1 # (source: command line)
-pc_gamg_reuse_interpolation true # (source: command line)
-pc_gamg_type agg # (source: command line)
-pc_type gamg # (source: command line)
-petscpartitioner_simple_process_grid 2,2,2 # (source: command line)
-petscspace_degree 2 # (source: command line)
-run_type 1 # (source: command line)
-snes_lag_jacobian -2 # (source: command line)
-snes_type ksponly # (source: command line)
-use_mat_nearnullspace true # (source: command line)
#End of PETSc Option Table entries
Compiled without FORTRAN kernels
Compiled with full precision matrices (default)
sizeof(short) 2 sizeof(int) 4 sizeof(long) 8 sizeof(void*) 8 sizeof(PetscScalar) 8 sizeof(PetscInt) 4
Configure options: --with-kokkos-dir=/global/homes/m/madams/petsc/arch-perlmutter-opt-gcc-kokkos-cuda-notpl --with-kokkos-kernels-dir=/global/homes/m/madams/petsc/arch-perlmutter-opt-gcc-kokkos-cuda-notpl --with-triangle-dir=/global/homes/m/madams/petsc/arch-perlmutter-opt-gcc-kokkos-cuda-notpl --with-batch=0 --with-cc=cc --with-cxx=CC --with-fc=0 --with-debugging=0 --with-cuda=1 --with-cuda-arch=80 --with-kokkos-kernels-tpl=0 --with-make-np=8 --with-mpiexec=srun -G4 --gpu-bind=none PETSC_ARCH=arch-perlmutter-opt-gcc-kokkos-cuda-notpl
-----------------------------------------
Libraries compiled on 2026-06-22 14:37:25 on login21
Machine characteristics: Linux-6.4.0-150600.23.103_15.0.24-cray_shasta_c-x86_64-with-glibc2.3.4
Using PETSc directory: /global/u2/m/madams/petsc
Using PETSc arch: arch-perlmutter-opt-gcc-kokkos-cuda-notpl
-----------------------------------------

Using C compiler: cc  -fPIC -Wall -Wwrite-strings -Wno-unknown-pragmas -Wno-lto-type-mismatch -Wno-stringop-overflow -fstack-protector -fvisibility=hidden -g -O 
-----------------------------------------

Using include paths: -I/global/u2/m/madams/petsc/include -I/global/u2/m/madams/petsc/arch-perlmutter-opt-gcc-kokkos-cuda-notpl/include -I/global/homes/m/madams/petsc/arch-perlmutter-opt-gcc-kokkos-cuda-notpl/include -I/opt/nvidia/hpc_sdk/Linux_x86_64/25.5/cuda/12.9/include -I/opt/nvidia/hpc_sdk/Linux_x86_64/25.5/math_libs/12.9/include
-----------------------------------------

Using C linker: cc
Using libraries: -Wl,-rpath,/global/u2/m/madams/petsc/arch-perlmutter-opt-gcc-kokkos-cuda-notpl/lib -L/global/u2/m/madams/petsc/arch-perlmutter-opt-gcc-kokkos-cuda-notpl/lib -lpetsc -Wl,-rpath,/global/homes/m/madams/petsc/arch-perlmutter-opt-gcc-kokkos-cuda-notpl/lib -L/global/homes/m/madams/petsc/arch-perlmutter-opt-gcc-kokkos-cuda-notpl/lib -Wl,-rpath,/opt/nvidia/hpc_sdk/Linux_x86_64/25.5/cuda/12.9/lib64 -L/opt/nvidia/hpc_sdk/Linux_x86_64/25.5/cuda/12.9/lib64 -Wl,-rpath,/opt/nvidia/hpc_sdk/Linux_x86_64/25.5/math_libs/12.9/lib64 -L/opt/nvidia/hpc_sdk/Linux_x86_64/25.5/math_libs/12.9/lib64 -L/opt/nvidia/hpc_sdk/Linux_x86_64/25.5/cuda/12.9/lib64/stubs -lkokkoskernels -lkokkoscontainers -lkokkoscore -lkokkossimd -ltriangle -lcudart -lnvtx3interop -lcufft -lcublas -lcusparse -lcusolver -lcurand -lcuda -lnvidia-ml -lX11 -lstdc++ -lquadmath
-----------------------------------------

