DM Object: box 1 MPI processes
  type: plex
box in 2 dimensions:
  0-cells: 15
  1-cells: 22
  2-cells: 8
Labels:
  marker: 1 strata with value/size (1 (24))
  Face Sets: 4 strata with value/size (4 (2), 2 (2), 1 (4), 3 (4))
  depth: 3 strata with value/size (0 (15), 1 (22), 2 (8))
  celltype: 3 strata with value/size (4 (8), 0 (15), 1 (22))
 lo = -2. hi = 2. n = 4 h = 1.
 lo = 0. hi = 2. n = 2 h = 1.
DM Object: Particle Grid 1 MPI processes
  type: swarm
DMSwarmDataBucketView: 
  L                  = 50 
  buffer             = 0 
  allocated          = 50 
  nfields registered = 5 
    [  0]     DMSwarm_pid : Mem. usage       = 4.00e-04 (MB) [rank0]
                            blocksize        = 1 
    [  1]    DMSwarm_rank : Mem. usage       = 2.00e-04 (MB) [rank0]
                            blocksize        = 1 
    [  2] DMSwarmPIC_coor : Mem. usage       = 8.00e-04 (MB) [rank0]
                            blocksize        = 2 
    [  3]  DMSwarm_cellid : Mem. usage       = 2.00e-04 (MB) [rank0]
                            blocksize        = 1 
    [  4]             w_q : Mem. usage       = 4.00e-04 (MB) [rank0]
                            blocksize        = 1 
  Total mem. usage                           = 2.00e-03 (MB) (collective)
Vec Object: weights 1 MPI processes
  type: seq
0.999973
1.00005
1.00001
0.999971
0.999966
0.99999
1.00002
1.00004
1.00003
1.00001
0.999983
0.999965
0.999964
0.999981
1.00001
1.00004
1.00005
1.00003
0.999999
0.999959
0.999941
0.999968
1.00004
1.00009
0.999946
0.999946
1.00009
1.00004
0.999968
0.999941
0.999959
0.999999
1.00003
1.00005
1.00004
1.00001
0.999981
0.999963
0.999964
0.999983
1.00001
1.00003
1.00004
1.00002
0.99999
0.999966
0.999971
1.00001
1.00005
0.999973
Total number =   5.000003385290e+01. energy =   5.000000000000e+01 error =   6.770579977911e-07
