
---- MAROS Problem HS21 -----
Solving with CLASSIC formulation
iter = 0, Function value: -98.95,  Residual: 6706.05   Constraint: 127.863 
Initial penalty: 10.00
  Subsolver tolerance: ||G|| <= 1.000000e-01
  iter = 0,   Function value: 81646.,    Residual: 6706.08     Constraint: 0. 
  iter = 1,   Function value: 81646.,    Residual: 6706.08     Constraint: 0. 
  iter = 1,   Function value: 81646.,    Residual: 6706.08     Constraint: 0. 
  iter = 1,   Function value: 81646.,    Residual: 6706.08     Constraint: 0. 
  iter = 1,   Function value: 81646.,    Residual: 6706.08     Constraint: 0. 
  iter = 1,   Function value: 81646.,    Residual: 6706.08     Constraint: 0. 
  iter = 1,   Function value: 58867.5,    Residual: 1513.74     Constraint: 0. 
  iter = 2,   Function value: 41635.3,    Residual: 1129.41     Constraint: 0. 
  iter = 3,   Function value: 28508.,    Residual: 1068.84     Constraint: 0. 
  iter = 4,   Function value: 24941.9,    Residual: 1168.67     Constraint: 0. 
  iter = 5,   Function value: 10169.4,    Residual: 788.881     Constraint: 0. 
  iter = 6,   Function value: -614.983,    Residual: 224.899     Constraint: 0. 
  iter = 7,   Function value: -614.983,    Residual: 224.899     Constraint: 0. 
  iter = 7,   Function value: -614.983,    Residual: 224.899     Constraint: 0. 
  iter = 7,   Function value: -614.983,    Residual: 224.899     Constraint: 0. 
  iter = 7,   Function value: -614.983,    Residual: 224.899     Constraint: 0. 
  iter = 7,   Function value: -636.33,    Residual: 310.245     Constraint: 0. 
  iter = 8,   Function value: -687.015,    Residual: 304.146     Constraint: 0. 
  iter = 9,   Function value: -832.309,    Residual: 297.382     Constraint: 0. 
  iter = 10,   Function value: -1542.68,    Residual: 224.775     Constraint: 0. 
  iter = 11,   Function value: -1850.61,    Residual: 165.932     Constraint: 0. 
  iter = 12,   Function value: -1850.61,    Residual: 165.932     Constraint: 0. 
  iter = 12,   Function value: -1986.65,    Residual: 138.772     Constraint: 0. 
  iter = 13,   Function value: -2328.04,    Residual: 124.44     Constraint: 0. 
  iter = 14,   Function value: -2328.04,    Residual: 124.44     Constraint: 0. 
  iter = 14,   Function value: -2328.04,    Residual: 124.44     Constraint: 0. 
  iter = 14,   Function value: -2328.04,    Residual: 124.44     Constraint: 0. 
  iter = 14,   Function value: -2332.71,    Residual: 121.308     Constraint: 0. 
  iter = 15,   Function value: -2337.83,    Residual: 120.077     Constraint: 0. 
  iter = 16,   Function value: -2357.08,    Residual: 117.85     Constraint: 0. 
  iter = 17,   Function value: -2427.6,    Residual: 76.8258     Constraint: 0. 
  iter = 18,   Function value: -2466.46,    Residual: 42.6702     Constraint: 0. 
  iter = 19,   Function value: -2466.46,    Residual: 42.6702     Constraint: 0. 
  iter = 19,   Function value: -2479.84,    Residual: 31.765     Constraint: 0. 
  iter = 20,   Function value: -2479.84,    Residual: 31.765     Constraint: 0. 
  iter = 20,   Function value: -2480.74,    Residual: 100.439     Constraint: 0. 
  iter = 21,   Function value: -2483.24,    Residual: 92.3135     Constraint: 0. 
  iter = 22,   Function value: -2486.84,    Residual: 65.2585     Constraint: 0. 
  iter = 23,   Function value: -2491.16,    Residual: 62.1956     Constraint: 0. 
  iter = 24,   Function value: -2491.16,    Residual: 62.1956     Constraint: 0. 
  iter = 24,   Function value: -2494.18,    Residual: 56.9484     Constraint: 0. 
  iter = 25,   Function value: -2497.18,    Residual: 41.661     Constraint: 0. 
  iter = 26,   Function value: -2497.18,    Residual: 41.661     Constraint: 0. 
  iter = 26,   Function value: -2497.18,    Residual: 41.661     Constraint: 0. 
  iter = 26,   Function value: -2497.51,    Residual: 18.5113     Constraint: 0. 
  iter = 27,   Function value: -2498.04,    Residual: 15.8652     Constraint: 0. 
  iter = 28,   Function value: -2498.23,    Residual: 24.1994     Constraint: 0. 
  iter = 29,   Function value: -2498.56,    Residual: 21.1338     Constraint: 0. 
  iter = 30,   Function value: -2498.78,    Residual: 15.2649     Constraint: 0. 
  iter = 31,   Function value: -2499.16,    Residual: 8.62968     Constraint: 0. 
  iter = 32,   Function value: -2499.16,    Residual: 8.62968     Constraint: 0. 
  iter = 32,   Function value: -2499.32,    Residual: 16.573     Constraint: 0. 
  iter = 33,   Function value: -2499.7,    Residual: 4.10169     Constraint: 0. 
  iter = 34,   Function value: -2499.7,    Residual: 4.10169     Constraint: 0. 
  iter = 34,   Function value: -2499.81,    Residual: 2.51311     Constraint: 0. 
  iter = 35,   Function value: -2499.82,    Residual: 5.3909     Constraint: 0. 
  iter = 36,   Function value: -2499.9,    Residual: 5.22371     Constraint: 0. 
  iter = 37,   Function value: -2499.9,    Residual: 5.22371     Constraint: 0. 
  iter = 37,   Function value: -2499.92,    Residual: 3.39603     Constraint: 0. 
  iter = 38,   Function value: -2499.92,    Residual: 3.39603     Constraint: 0. 
  iter = 38,   Function value: -2499.93,    Residual: 5.25544     Constraint: 0. 
  iter = 39,   Function value: -2499.95,    Residual: 1.63509     Constraint: 0. 
  iter = 40,   Function value: -2499.95,    Residual: 1.63509     Constraint: 0. 
  iter = 40,   Function value: -2499.96,    Residual: 1.20296     Constraint: 0. 
  iter = 41,   Function value: -2499.98,    Residual: 0.571163     Constraint: 0. 
  iter = 42,   Function value: -2499.99,    Residual: 0.519148     Constraint: 0. 
  iter = 43,   Function value: -2499.99,    Residual: 0.519148     Constraint: 0. 
  iter = 43,   Function value: -2499.99,    Residual: 0.529937     Constraint: 0. 
  iter = 44,   Function value: -2499.99,    Residual: 1.6121     Constraint: 0. 
  iter = 45,   Function value: -2500.,    Residual: 0.961389     Constraint: 0. 
  iter = 46,   Function value: -2500.,    Residual: 0.961389     Constraint: 0. 
  iter = 46,   Function value: -2500.,    Residual: 0.635932     Constraint: 0. 
  iter = 47,   Function value: -2500.,    Residual: 1.23894     Constraint: 0. 
  iter = 48,   Function value: -2500.,    Residual: 0.978848     Constraint: 0. 
  iter = 49,   Function value: -2500.,    Residual: 0.944065     Constraint: 0. 
  iter = 50,   Function value: -2500.,    Residual: 0.55235     Constraint: 0. 
  iter = 51,   Function value: -2500.,    Residual: 0.55235     Constraint: 0. 
  iter = 51,   Function value: -2500.,    Residual: 0.742182     Constraint: 0. 
  iter = 52,   Function value: -2500.01,    Residual: 0.545793     Constraint: 0. 
  iter = 53,   Function value: -2500.01,    Residual: 1.48009     Constraint: 0. 
  iter = 54,   Function value: -2500.01,    Residual: 0.920326     Constraint: 0. 
  iter = 55,   Function value: -2500.01,    Residual: 1.05458     Constraint: 0. 
  iter = 56,   Function value: -2500.01,    Residual: 1.02335     Constraint: 0. 
  iter = 57,   Function value: -2500.01,    Residual: 1.02335     Constraint: 0. 
  iter = 57,   Function value: -2500.01,    Residual: 0.315976     Constraint: 0. 
  iter = 58,   Function value: -2500.01,    Residual: 0.396222     Constraint: 0. 
  iter = 59,   Function value: -2500.01,    Residual: 0.396222     Constraint: 0. 
  iter = 59,   Function value: -2500.01,    Residual: 0.445387     Constraint: 0. 
  iter = 60,   Function value: -2500.01,    Residual: 0.72195     Constraint: 0. 
  iter = 61,   Function value: -2500.01,    Residual: 0.72195     Constraint: 0. 
  iter = 61,   Function value: -2500.01,    Residual: 0.633786     Constraint: 0. 
  iter = 62,   Function value: -2500.01,    Residual: 0.633786     Constraint: 0. 
  iter = 62,   Function value: -2500.01,    Residual: 0.516827     Constraint: 0. 
  iter = 63,   Function value: -2500.01,    Residual: 0.516827     Constraint: 0. 
  iter = 63,   Function value: -2500.01,    Residual: 0.29219     Constraint: 0. 
  iter = 64,   Function value: -2500.01,    Residual: 0.321662     Constraint: 0. 
  iter = 65,   Function value: -2500.01,    Residual: 0.0807073     Constraint: 0. 
  Multipliers updated: ||C|| <= 7.943282e-02
iter = 1, Function value: -2500.01,  Residual: 0.0449789   Constraint: 0.00830588 
  Subsolver tolerance: ||G|| <= 1.000000e-02
  iter = 0,   Function value: -2500.01,    Residual: 0.181377     Constraint: 0. 
  iter = 1,   Function value: -2500.01,    Residual: 0.181377     Constraint: 0. 
  iter = 1,   Function value: -2500.01,    Residual: 0.181377     Constraint: 0. 
  iter = 1,   Function value: -2500.01,    Residual: 0.181377     Constraint: 0. 
  iter = 1,   Function value: -2500.01,    Residual: 0.748195     Constraint: 0. 
  iter = 2,   Function value: -2500.01,    Residual: 0.537466     Constraint: 0. 
  iter = 3,   Function value: -2500.01,    Residual: 0.502407     Constraint: 0. 
  iter = 4,   Function value: -2500.01,    Residual: 0.400671     Constraint: 0. 
  iter = 5,   Function value: -2500.02,    Residual: 0.167996     Constraint: 0. 
  iter = 6,   Function value: -2500.02,    Residual: 0.167996     Constraint: 0. 
  iter = 6,   Function value: -2500.02,    Residual: 0.167996     Constraint: 0. 
  iter = 6,   Function value: -2500.02,    Residual: 0.167996     Constraint: 0. 
  iter = 6,   Function value: -2500.02,    Residual: 0.094064     Constraint: 0. 
  iter = 7,   Function value: -2500.02,    Residual: 0.0860904     Constraint: 0. 
  iter = 8,   Function value: -2500.02,    Residual: 0.0826624     Constraint: 0. 
  iter = 9,   Function value: -2500.02,    Residual: 0.0709727     Constraint: 0. 
  iter = 10,   Function value: -2500.02,    Residual: 0.0508939     Constraint: 0. 
  iter = 11,   Function value: -2500.02,    Residual: 0.0508939     Constraint: 0. 
  iter = 11,   Function value: -2500.02,    Residual: 0.0508939     Constraint: 0. 
  iter = 11,   Function value: -2500.02,    Residual: 0.0292305     Constraint: 0. 
  iter = 12,   Function value: -2500.02,    Residual: 0.0289537     Constraint: 0. 
  iter = 13,   Function value: -2500.02,    Residual: 0.0289537     Constraint: 0. 
  iter = 13,   Function value: -2500.02,    Residual: 0.0253337     Constraint: 0. 
  iter = 14,   Function value: -2500.02,    Residual: 0.0253337     Constraint: 0. 
  iter = 14,   Function value: -2500.02,    Residual: 0.093163     Constraint: 0. 
  iter = 15,   Function value: -2500.02,    Residual: 0.0691058     Constraint: 0. 
  iter = 16,   Function value: -2500.02,    Residual: 0.0303399     Constraint: 0. 
  iter = 17,   Function value: -2500.02,    Residual: 0.0303399     Constraint: 0. 
  iter = 17,   Function value: -2500.02,    Residual: 0.0303399     Constraint: 0. 
  iter = 17,   Function value: -2500.02,    Residual: 0.0303399     Constraint: 0. 
  iter = 17,   Function value: -2500.02,    Residual: 0.0303399     Constraint: 0. 
  iter = 17,   Function value: -2500.02,    Residual: 0.0246909     Constraint: 0. 
  iter = 18,   Function value: -2500.02,    Residual: 0.0240354     Constraint: 0. 
  iter = 19,   Function value: -2500.02,    Residual: 0.0237119     Constraint: 0. 
  iter = 20,   Function value: -2500.02,    Residual: 0.0222228     Constraint: 0. 
  iter = 21,   Function value: -2500.02,    Residual: 0.0156919     Constraint: 0. 
  iter = 22,   Function value: -2500.02,    Residual: 0.0156919     Constraint: 0. 
  iter = 22,   Function value: -2500.02,    Residual: 0.016398     Constraint: 0. 
  iter = 23,   Function value: -2500.02,    Residual: 0.016398     Constraint: 0. 
  iter = 23,   Function value: -2500.02,    Residual: 0.016398     Constraint: 0. 
  iter = 23,   Function value: -2500.02,    Residual: 0.016398     Constraint: 0. 
  iter = 23,   Function value: -2500.02,    Residual: 0.016398     Constraint: 0. 
  iter = 23,   Function value: -2500.02,    Residual: 0.0146718     Constraint: 0. 
  iter = 24,   Function value: -2500.02,    Residual: 0.0145794     Constraint: 0. 
  iter = 25,   Function value: -2500.02,    Residual: 0.0137277     Constraint: 0. 
  iter = 26,   Function value: -2500.02,    Residual: 0.0158606     Constraint: 0. 
  iter = 27,   Function value: -2500.02,    Residual: 0.0126894     Constraint: 0. 
  iter = 28,   Function value: -2500.02,    Residual: 0.0126894     Constraint: 0. 
  iter = 28,   Function value: -2500.02,    Residual: 0.0115695     Constraint: 0. 
  iter = 29,   Function value: -2500.02,    Residual: 0.0115695     Constraint: 0. 
  iter = 29,   Function value: -2500.02,    Residual: 0.0115695     Constraint: 0. 
  iter = 29,   Function value: -2500.02,    Residual: 0.0115695     Constraint: 0. 
  iter = 29,   Function value: -2500.02,    Residual: 0.0149966     Constraint: 0. 
  iter = 30,   Function value: -2500.02,    Residual: 0.0144469     Constraint: 0. 
  iter = 31,   Function value: -2500.02,    Residual: 0.0140534     Constraint: 0. 
  iter = 32,   Function value: -2500.02,    Residual: 0.0161878     Constraint: 0. 
  iter = 33,   Function value: -2500.02,    Residual: 0.0170342     Constraint: 0. 
  iter = 34,   Function value: -2500.02,    Residual: 0.0134171     Constraint: 0. 
  iter = 35,   Function value: -2500.02,    Residual: 0.0134171     Constraint: 0. 
  iter = 35,   Function value: -2500.02,    Residual: 0.0134171     Constraint: 0. 
  iter = 35,   Function value: -2500.02,    Residual: 0.0243051     Constraint: 0. 
  iter = 36,   Function value: -2500.02,    Residual: 0.0243715     Constraint: 0. 
  iter = 37,   Function value: -2500.02,    Residual: 0.022166     Constraint: 0. 
  iter = 38,   Function value: -2500.02,    Residual: 0.022166     Constraint: 0. 
  iter = 38,   Function value: -2500.02,    Residual: 0.0189766     Constraint: 0. 
  iter = 39,   Function value: -2500.02,    Residual: 0.0245702     Constraint: 0. 
  iter = 40,   Function value: -2500.02,    Residual: 0.0141673     Constraint: 0. 
  iter = 41,   Function value: -2500.02,    Residual: 0.0141673     Constraint: 0. 
  iter = 41,   Function value: -2500.02,    Residual: 0.0141673     Constraint: 0. 
  iter = 41,   Function value: -2500.02,    Residual: 0.0133309     Constraint: 0. 
  iter = 42,   Function value: -2500.02,    Residual: 0.0128706     Constraint: 0. 
  iter = 43,   Function value: -2500.02,    Residual: 0.011069     Constraint: 0. 
  iter = 44,   Function value: -2500.02,    Residual: 0.0108851     Constraint: 0. 
  iter = 45,   Function value: -2500.02,    Residual: 0.0108851     Constraint: 0. 
  iter = 45,   Function value: -2500.02,    Residual: 0.00791557     Constraint: 0. 
  Multipliers updated: ||C|| <= 1.000000e-02
iter = 2, Function value: -2500.02,  Residual: 0.00689366   Constraint: 0.00806651 
  Subsolver tolerance: ||G|| <= 1.000000e-03
  iter = 0,   Function value: -2500.02,    Residual: 0.113202     Constraint: 0. 
  iter = 1,   Function value: -2500.02,    Residual: 0.113202     Constraint: 0. 
  iter = 1,   Function value: -2500.02,    Residual: 0.113202     Constraint: 0. 
  iter = 1,   Function value: -2500.02,    Residual: 0.194405     Constraint: 0. 
  iter = 2,   Function value: -2500.02,    Residual: 0.194405     Constraint: 0. 
  iter = 2,   Function value: -2500.02,    Residual: 0.194405     Constraint: 0. 
  iter = 2,   Function value: -2500.02,    Residual: 0.101017     Constraint: 0. 
  iter = 3,   Function value: -2500.02,    Residual: 0.0984027     Constraint: 0. 
  iter = 4,   Function value: -2500.02,    Residual: 0.0941225     Constraint: 0. 
  iter = 5,   Function value: -2500.02,    Residual: 0.0732851     Constraint: 0. 
  iter = 6,   Function value: -2500.02,    Residual: 0.0208308     Constraint: 0. 
  iter = 7,   Function value: -2500.02,    Residual: 0.0208308     Constraint: 0. 
  iter = 7,   Function value: -2500.02,    Residual: 0.0163284     Constraint: 0. 
  iter = 8,   Function value: -2500.02,    Residual: 0.0163284     Constraint: 0. 
  iter = 8,   Function value: -2500.02,    Residual: 0.0163284     Constraint: 0. 
  iter = 8,   Function value: -2500.02,    Residual: 0.0163284     Constraint: 0. 
  iter = 8,   Function value: -2500.02,    Residual: 0.0163284     Constraint: 0. 
  iter = 8,   Function value: -2500.02,    Residual: 0.0130238     Constraint: 0. 
  iter = 9,   Function value: -2500.02,    Residual: 0.0128344     Constraint: 0. 
  iter = 10,   Function value: -2500.02,    Residual: 0.0124544     Constraint: 0. 
  iter = 11,   Function value: -2500.02,    Residual: 0.0109065     Constraint: 0. 
  iter = 12,   Function value: -2500.02,    Residual: 0.0119348     Constraint: 0. 
  iter = 13,   Function value: -2500.02,    Residual: 0.00954543     Constraint: 0. 
  iter = 14,   Function value: -2500.02,    Residual: 0.0371916     Constraint: 0. 
  iter = 15,   Function value: -2500.02,    Residual: 0.0371916     Constraint: 0. 
  iter = 15,   Function value: -2500.02,    Residual: 0.0371916     Constraint: 0. 
  iter = 15,   Function value: -2500.02,    Residual: 0.0108833     Constraint: 0. 
  iter = 16,   Function value: -2500.02,    Residual: 0.0199004     Constraint: 0. 
  iter = 17,   Function value: -2500.02,    Residual: 0.0199004     Constraint: 0. 
  iter = 17,   Function value: -2500.02,    Residual: 0.0177531     Constraint: 0. 
  iter = 18,   Function value: -2500.02,    Residual: 0.0167547     Constraint: 0. 
  iter = 19,   Function value: -2500.02,    Residual: 0.0105287     Constraint: 0. 
  iter = 20,   Function value: -2500.02,    Residual: 0.0299859     Constraint: 0. 
  iter = 21,   Function value: -2500.02,    Residual: 0.00872634     Constraint: 0. 
  iter = 22,   Function value: -2500.02,    Residual: 0.0167948     Constraint: 0. 
  iter = 23,   Function value: -2500.02,    Residual: 0.0129061     Constraint: 0. 
  iter = 24,   Function value: -2500.02,    Residual: 0.0129061     Constraint: 0. 
  iter = 24,   Function value: -2500.02,    Residual: 0.0129061     Constraint: 0. 
  iter = 24,   Function value: -2500.02,    Residual: 0.012939     Constraint: 0. 
  iter = 25,   Function value: -2500.02,    Residual: 0.00559275     Constraint: 0. 
  iter = 26,   Function value: -2500.02,    Residual: 0.0117799     Constraint: 0. 
  iter = 27,   Function value: -2500.02,    Residual: 0.0117799     Constraint: 0. 
  iter = 27,   Function value: -2500.02,    Residual: 0.00487827     Constraint: 0. 
  iter = 28,   Function value: -2500.02,    Residual: 0.0106354     Constraint: 0. 
  iter = 29,   Function value: -2500.02,    Residual: 0.0106354     Constraint: 0. 
  iter = 29,   Function value: -2500.02,    Residual: 0.00839388     Constraint: 0. 
  iter = 30,   Function value: -2500.02,    Residual: 0.00844699     Constraint: 0. 
  iter = 31,   Function value: -2500.02,    Residual: 0.00844699     Constraint: 0. 
  iter = 31,   Function value: -2500.02,    Residual: 0.00409863     Constraint: 0. 
  iter = 32,   Function value: -2500.02,    Residual: 0.00372373     Constraint: 0. 
  iter = 33,   Function value: -2500.02,    Residual: 0.00372373     Constraint: 0. 
  iter = 33,   Function value: -2500.02,    Residual: 0.0279011     Constraint: 0. 
  iter = 34,   Function value: -2500.02,    Residual: 0.0279011     Constraint: 0. 
  iter = 34,   Function value: -2500.02,    Residual: 0.0230171     Constraint: 0. 
  iter = 35,   Function value: -2500.02,    Residual: 0.0207624     Constraint: 0. 
  iter = 36,   Function value: -2500.02,    Residual: 0.0207624     Constraint: 0. 
  iter = 36,   Function value: -2500.02,    Residual: 0.0225995     Constraint: 0. 
  iter = 37,   Function value: -2500.02,    Residual: 0.028364     Constraint: 0. 
  iter = 38,   Function value: -2500.02,    Residual: 0.0275437     Constraint: 0. 
  iter = 39,   Function value: -2500.02,    Residual: 0.0275437     Constraint: 0. 
  iter = 39,   Function value: -2500.02,    Residual: 0.00975878     Constraint: 0. 
  iter = 40,   Function value: -2500.02,    Residual: 0.010413     Constraint: 0. 
  iter = 41,   Function value: -2500.02,    Residual: 0.010413     Constraint: 0. 
  iter = 41,   Function value: -2500.02,    Residual: 0.0166787     Constraint: 0. 
  iter = 42,   Function value: -2500.02,    Residual: 0.0166787     Constraint: 0. 
  iter = 42,   Function value: -2500.02,    Residual: 0.014944     Constraint: 0. 
  iter = 43,   Function value: -2500.02,    Residual: 0.00888585     Constraint: 0. 
  iter = 44,   Function value: -2500.02,    Residual: 0.0117714     Constraint: 0. 
  iter = 45,   Function value: -2500.02,    Residual: 0.0117714     Constraint: 0. 
  iter = 45,   Function value: -2500.02,    Residual: 0.0117714     Constraint: 0. 
  iter = 45,   Function value: -2500.02,    Residual: 0.00498674     Constraint: 0. 
  iter = 46,   Function value: -2500.02,    Residual: 0.00469204     Constraint: 0. 
  iter = 47,   Function value: -2500.02,    Residual: 0.00645955     Constraint: 0. 
  iter = 48,   Function value: -2500.02,    Residual: 0.0140068     Constraint: 0. 
  iter = 49,   Function value: -2500.02,    Residual: 0.0140068     Constraint: 0. 
  iter = 49,   Function value: -2500.02,    Residual: 0.00710501     Constraint: 0. 
  iter = 50,   Function value: -2500.02,    Residual: 0.00799206     Constraint: 0. 
  iter = 51,   Function value: -2500.02,    Residual: 0.0163279     Constraint: 0. 
  iter = 52,   Function value: -2500.02,    Residual: 0.0427027     Constraint: 0. 
  iter = 53,   Function value: -2500.02,    Residual: 0.0427027     Constraint: 0. 
  iter = 53,   Function value: -2500.02,    Residual: 0.0427027     Constraint: 0. 
  iter = 53,   Function value: -2500.02,    Residual: 0.0442575     Constraint: 0. 
  iter = 54,   Function value: -2500.02,    Residual: 0.0406187     Constraint: 0. 
  iter = 55,   Function value: -2500.02,    Residual: 0.0441208     Constraint: 0. 
  iter = 56,   Function value: -2500.02,    Residual: 0.0398129     Constraint: 0. 
  iter = 57,   Function value: -2500.02,    Residual: 0.0398129     Constraint: 0. 
  iter = 57,   Function value: -2500.02,    Residual: 0.0206136     Constraint: 0. 
  iter = 58,   Function value: -2500.02,    Residual: 0.00701405     Constraint: 0. 
  iter = 59,   Function value: -2500.02,    Residual: 0.0080579     Constraint: 0. 
  iter = 60,   Function value: -2500.02,    Residual: 0.0080579     Constraint: 0. 
  iter = 60,   Function value: -2500.02,    Residual: 0.014014     Constraint: 0. 
  iter = 61,   Function value: -2500.02,    Residual: 0.0199517     Constraint: 0. 
  iter = 62,   Function value: -2500.02,    Residual: 0.0155094     Constraint: 0. 
  iter = 63,   Function value: -2500.02,    Residual: 0.0155094     Constraint: 0. 
  iter = 63,   Function value: -2500.02,    Residual: 0.00655299     Constraint: 0. 
  iter = 64,   Function value: -2500.02,    Residual: 0.0146929     Constraint: 0. 
  iter = 65,   Function value: -2500.02,    Residual: 0.0141639     Constraint: 0. 
  iter = 66,   Function value: -2500.02,    Residual: 0.0112589     Constraint: 0. 
  iter = 67,   Function value: -2500.02,    Residual: 0.00839872     Constraint: 0. 
  iter = 68,   Function value: -2500.02,    Residual: 0.00754957     Constraint: 0. 
  iter = 69,   Function value: -2500.02,    Residual: 0.0174119     Constraint: 0. 
  iter = 70,   Function value: -2500.02,    Residual: 0.0174119     Constraint: 0. 
  iter = 70,   Function value: -2500.02,    Residual: 0.00706396     Constraint: 0. 
  iter = 71,   Function value: -2500.02,    Residual: 0.00467576     Constraint: 0. 
  iter = 72,   Function value: -2500.02,    Residual: 0.00864703     Constraint: 0. 
  iter = 73,   Function value: -2500.02,    Residual: 0.00864703     Constraint: 0. 
  iter = 73,   Function value: -2500.02,    Residual: 0.0131405     Constraint: 0. 
  iter = 74,   Function value: -2500.02,    Residual: 0.0168498     Constraint: 0. 
  iter = 75,   Function value: -2500.02,    Residual: 0.0168498     Constraint: 0. 
  iter = 75,   Function value: -2500.02,    Residual: 0.0147947     Constraint: 0. 
  iter = 76,   Function value: -2500.02,    Residual: 0.0147947     Constraint: 0. 
  iter = 76,   Function value: -2500.02,    Residual: 0.0214851     Constraint: 0. 
  iter = 77,   Function value: -2500.02,    Residual: 0.0281818     Constraint: 0. 
  iter = 78,   Function value: -2500.02,    Residual: 0.0281818     Constraint: 0. 
  iter = 78,   Function value: -2500.02,    Residual: 0.023974     Constraint: 0. 
  iter = 79,   Function value: -2500.02,    Residual: 0.0155066     Constraint: 0. 
  iter = 80,   Function value: -2500.02,    Residual: 0.013555     Constraint: 0. 
  iter = 81,   Function value: -2500.02,    Residual: 0.0277274     Constraint: 0. 
  iter = 82,   Function value: -2500.02,    Residual: 0.0298717     Constraint: 0. 
  iter = 83,   Function value: -2500.02,    Residual: 0.0298717     Constraint: 0. 
  iter = 83,   Function value: -2500.02,    Residual: 0.0298717     Constraint: 0. 
  iter = 83,   Function value: -2500.02,    Residual: 0.0297201     Constraint: 0. 
  iter = 84,   Function value: -2500.02,    Residual: 0.0326223     Constraint: 0. 
  iter = 85,   Function value: -2500.02,    Residual: 0.0326223     Constraint: 0. 
  iter = 85,   Function value: -2500.02,    Residual: 0.017147     Constraint: 0. 
  iter = 86,   Function value: -2500.02,    Residual: 0.0165807     Constraint: 0. 
  iter = 87,   Function value: -2500.02,    Residual: 0.0156981     Constraint: 0. 
  iter = 88,   Function value: -2500.02,    Residual: 0.0134312     Constraint: 0. 
  iter = 89,   Function value: -2500.02,    Residual: 0.00895177     Constraint: 0. 
  iter = 90,   Function value: -2500.02,    Residual: 0.00895177     Constraint: 0. 
  iter = 90,   Function value: -2500.02,    Residual: 0.00895177     Constraint: 0. 
  iter = 90,   Function value: -2500.02,    Residual: 0.00895177     Constraint: 0. 
  iter = 90,   Function value: -2500.02,    Residual: 0.00895177     Constraint: 0. 
  iter = 90,   Function value: -2500.02,    Residual: 0.00510823     Constraint: 0. 
  iter = 91,   Function value: -2500.02,    Residual: 0.00486832     Constraint: 0. 
  iter = 92,   Function value: -2500.02,    Residual: 0.00477496     Constraint: 0. 
  iter = 93,   Function value: -2500.02,    Residual: 0.00445036     Constraint: 0. 
  iter = 94,   Function value: -2500.02,    Residual: 0.00770535     Constraint: 0. 
  iter = 95,   Function value: -2500.02,    Residual: 0.00770535     Constraint: 0. 
  iter = 95,   Function value: -2500.02,    Residual: 0.0190443     Constraint: 0. 
  iter = 96,   Function value: -2500.02,    Residual: 0.00492078     Constraint: 0. 
  iter = 97,   Function value: -2500.02,    Residual: 0.00450834     Constraint: 0. 
  iter = 98,   Function value: -2500.02,    Residual: 0.00546898     Constraint: 0. 
  iter = 99,   Function value: -2500.02,    Residual: 0.00503179     Constraint: 0. 
  iter = 100,   Function value: -2500.02,    Residual: 0.00503179     Constraint: 0. 
  iter = 100,   Function value: -2500.02,    Residual: 0.00362161     Constraint: 0. 
  iter = 101,   Function value: -2500.02,    Residual: 0.00685892     Constraint: 0. 
  iter = 102,   Function value: -2500.02,    Residual: 0.0151681     Constraint: 0. 
  iter = 103,   Function value: -2500.02,    Residual: 0.030774     Constraint: 0. 
  iter = 104,   Function value: -2500.02,    Residual: 0.0158051     Constraint: 0. 
  iter = 105,   Function value: -2500.02,    Residual: 0.0158051     Constraint: 0. 
  iter = 105,   Function value: -2500.02,    Residual: 0.0158051     Constraint: 0. 
  iter = 105,   Function value: -2500.02,    Residual: 0.0158051     Constraint: 0. 
  iter = 105,   Function value: -2500.02,    Residual: 0.0106418     Constraint: 0. 
  iter = 106,   Function value: -2500.02,    Residual: 0.0100855     Constraint: 0. 
  iter = 107,   Function value: -2500.02,    Residual: 0.00987516     Constraint: 0. 
  iter = 108,   Function value: -2500.02,    Residual: 0.00875443     Constraint: 0. 
  iter = 109,   Function value: -2500.02,    Residual: 0.00628231     Constraint: 0. 
  iter = 110,   Function value: -2500.02,    Residual: 0.00628231     Constraint: 0. 
  iter = 110,   Function value: -2500.02,    Residual: 0.00628231     Constraint: 0. 
  iter = 110,   Function value: -2500.02,    Residual: 0.00628231     Constraint: 0. 
  iter = 110,   Function value: -2500.02,    Residual: 0.0109424     Constraint: 0. 
  iter = 111,   Function value: -2500.02,    Residual: 0.0103059     Constraint: 0. 
  iter = 112,   Function value: -2500.02,    Residual: 0.00997228     Constraint: 0. 
  iter = 113,   Function value: -2500.02,    Residual: 0.00856126     Constraint: 0. 
  iter = 114,   Function value: -2500.02,    Residual: 0.00856126     Constraint: 0. 
  iter = 114,   Function value: -2500.02,    Residual: 0.00856126     Constraint: 0. 
  iter = 114,   Function value: -2500.02,    Residual: 0.00833981     Constraint: 0. 
  iter = 115,   Function value: -2500.02,    Residual: 0.00833981     Constraint: 0. 
  iter = 115,   Function value: -2500.02,    Residual: 0.00833981     Constraint: 0. 
  iter = 115,   Function value: -2500.02,    Residual: 0.00455377     Constraint: 0. 
  iter = 116,   Function value: -2500.02,    Residual: 0.00367875     Constraint: 0. 
  iter = 117,   Function value: -2500.02,    Residual: 0.00352402     Constraint: 0. 
  iter = 118,   Function value: -2500.02,    Residual: 0.00492614     Constraint: 0. 
  iter = 119,   Function value: -2500.02,    Residual: 0.00492614     Constraint: 0. 
  iter = 119,   Function value: -2500.02,    Residual: 0.00492614     Constraint: 0. 
  iter = 119,   Function value: -2500.02,    Residual: 0.00492614     Constraint: 0. 
  iter = 119,   Function value: -2500.02,    Residual: 0.0103253     Constraint: 0. 
  iter = 120,   Function value: -2500.02,    Residual: 0.00235818     Constraint: 0. 
  iter = 121,   Function value: -2500.02,    Residual: 0.00230099     Constraint: 0. 
  iter = 122,   Function value: -2500.02,    Residual: 0.00431773     Constraint: 0. 
  iter = 123,   Function value: -2500.02,    Residual: 0.00431773     Constraint: 0. 
  iter = 123,   Function value: -2500.02,    Residual: 0.00431773     Constraint: 0. 
  iter = 123,   Function value: -2500.02,    Residual: 0.0183863     Constraint: 0. 
  iter = 124,   Function value: -2500.02,    Residual: 0.00818516     Constraint: 0. 
  iter = 125,   Function value: -2500.02,    Residual: 0.00752984     Constraint: 0. 
  iter = 126,   Function value: -2500.02,    Residual: 0.00580333     Constraint: 0. 
  iter = 127,   Function value: -2500.02,    Residual: 0.00580333     Constraint: 0. 
  iter = 127,   Function value: -2500.02,    Residual: 0.00580333     Constraint: 0. 
  iter = 127,   Function value: -2500.02,    Residual: 0.00583542     Constraint: 0. 
  iter = 128,   Function value: -2500.02,    Residual: 0.00583542     Constraint: 0. 
  iter = 128,   Function value: -2500.02,    Residual: 0.00583542     Constraint: 0. 
  iter = 128,   Function value: -2500.02,    Residual: 0.0120279     Constraint: 0. 
  iter = 129,   Function value: -2500.02,    Residual: 0.0118317     Constraint: 0. 
  iter = 130,   Function value: -2500.02,    Residual: 0.011631     Constraint: 0. 
  iter = 131,   Function value: -2500.02,    Residual: 0.0108197     Constraint: 0. 
  iter = 132,   Function value: -2500.02,    Residual: 0.00860171     Constraint: 0. 
  iter = 133,   Function value: -2500.02,    Residual: 0.00860171     Constraint: 0. 
  iter = 133,   Function value: -2500.02,    Residual: 0.00860171     Constraint: 0. 
  iter = 133,   Function value: -2500.02,    Residual: 0.00860171     Constraint: 0. 
  iter = 133,   Function value: -2500.02,    Residual: 0.0117899     Constraint: 0. 
  iter = 134,   Function value: -2500.02,    Residual: 0.0115573     Constraint: 0. 
  iter = 135,   Function value: -2500.02,    Residual: 0.0113822     Constraint: 0. 
  iter = 136,   Function value: -2500.02,    Residual: 0.0105957     Constraint: 0. 
  iter = 137,   Function value: -2500.02,    Residual: 0.00795294     Constraint: 0. 
  iter = 138,   Function value: -2500.02,    Residual: 0.00795294     Constraint: 0. 
  iter = 138,   Function value: -2500.02,    Residual: 0.00795294     Constraint: 0. 
  iter = 138,   Function value: -2500.02,    Residual: 0.00795294     Constraint: 0. 
  iter = 138,   Function value: -2500.02,    Residual: 0.00795294     Constraint: 0. 
  iter = 138,   Function value: -2500.02,    Residual: 0.00410384     Constraint: 0. 
  iter = 139,   Function value: -2500.02,    Residual: 0.00371917     Constraint: 0. 
  iter = 140,   Function value: -2500.02,    Residual: 0.00361553     Constraint: 0. 
  iter = 141,   Function value: -2500.02,    Residual: 0.003259     Constraint: 0. 
  iter = 142,   Function value: -2500.02,    Residual: 0.003259     Constraint: 0. 
  iter = 142,   Function value: -2500.02,    Residual: 0.00434957     Constraint: 0. 
  iter = 143,   Function value: -2500.02,    Residual: 0.00434957     Constraint: 0. 
  iter = 143,   Function value: -2500.02,    Residual: 0.0283912     Constraint: 0. 
  iter = 144,   Function value: -2500.02,    Residual: 0.0145874     Constraint: 0. 
  iter = 145,   Function value: -2500.02,    Residual: 0.013223     Constraint: 0. 
  iter = 146,   Function value: -2500.02,    Residual: 0.00826275     Constraint: 0. 
  iter = 147,   Function value: -2500.02,    Residual: 0.00826275     Constraint: 0. 
  iter = 147,   Function value: -2500.02,    Residual: 0.00815062     Constraint: 0. 
  iter = 148,   Function value: -2500.02,    Residual: 0.00815062     Constraint: 0. 
  iter = 148,   Function value: -2500.02,    Residual: 0.00815062     Constraint: 0. 
  iter = 148,   Function value: -2500.02,    Residual: 0.00815062     Constraint: 0. 
  iter = 148,   Function value: -2500.02,    Residual: 0.00591681     Constraint: 0. 
  iter = 149,   Function value: -2500.02,    Residual: 0.00497453     Constraint: 0. 
  iter = 150,   Function value: -2500.02,    Residual: 0.00477097     Constraint: 0. 
  iter = 151,   Function value: -2500.02,    Residual: 0.00394677     Constraint: 0. 
  iter = 152,   Function value: -2500.02,    Residual: 0.00394677     Constraint: 0. 
  iter = 152,   Function value: -2500.02,    Residual: 0.00627264     Constraint: 0. 
  iter = 153,   Function value: -2500.02,    Residual: 0.00627264     Constraint: 0. 
  iter = 153,   Function value: -2500.02,    Residual: 0.00237556     Constraint: 0. 
  iter = 154,   Function value: -2500.02,    Residual: 0.00237556     Constraint: 0. 
  iter = 154,   Function value: -2500.02,    Residual: 0.0184741     Constraint: 0. 
  iter = 155,   Function value: -2500.02,    Residual: 0.016335     Constraint: 0. 
  iter = 156,   Function value: -2500.02,    Residual: 0.0130746     Constraint: 0. 
  iter = 157,   Function value: -2500.02,    Residual: 0.0130746     Constraint: 0. 
  iter = 157,   Function value: -2500.02,    Residual: 0.0130746     Constraint: 0. 
  iter = 157,   Function value: -2500.02,    Residual: 0.0124001     Constraint: 0. 
  iter = 158,   Function value: -2500.02,    Residual: 0.0124001     Constraint: 0. 
  iter = 158,   Function value: -2500.02,    Residual: 0.0124001     Constraint: 0. 
  iter = 158,   Function value: -2500.02,    Residual: 0.00339506     Constraint: 0. 
  iter = 159,   Function value: -2500.02,    Residual: 0.00308076     Constraint: 0. 
  iter = 160,   Function value: -2500.02,    Residual: 0.00302469     Constraint: 0. 
  iter = 161,   Function value: -2500.02,    Residual: 0.00290719     Constraint: 0. 
  iter = 162,   Function value: -2500.02,    Residual: 0.00290719     Constraint: 0. 
  iter = 162,   Function value: -2500.02,    Residual: 0.00290719     Constraint: 0. 
  iter = 162,   Function value: -2500.02,    Residual: 0.0030329     Constraint: 0. 
  iter = 163,   Function value: -2500.02,    Residual: 0.00348688     Constraint: 0. 
  iter = 164,   Function value: -2500.02,    Residual: 0.00348688     Constraint: 0. 
  iter = 164,   Function value: -2500.02,    Residual: 0.00348688     Constraint: 0. 
  iter = 164,   Function value: -2500.02,    Residual: 0.00348688     Constraint: 0. 
  iter = 164,   Function value: -2500.02,    Residual: 0.00363426     Constraint: 0. 
  iter = 165,   Function value: -2500.02,    Residual: 0.00352558     Constraint: 0. 
  iter = 166,   Function value: -2500.02,    Residual: 0.00331804     Constraint: 0. 
  iter = 167,   Function value: -2500.02,    Residual: 0.00331804     Constraint: 0. 
  iter = 167,   Function value: -2500.02,    Residual: 0.00360356     Constraint: 0. 
  iter = 168,   Function value: -2500.02,    Residual: 0.00360356     Constraint: 0. 
  iter = 168,   Function value: -2500.02,    Residual: 0.00360356     Constraint: 0. 
  iter = 168,   Function value: -2500.02,    Residual: 0.0100576     Constraint: 0. 
  iter = 169,   Function value: -2500.02,    Residual: 0.00746317     Constraint: 0. 
  iter = 170,   Function value: -2500.02,    Residual: 0.0068677     Constraint: 0. 
  iter = 171,   Function value: -2500.02,    Residual: 0.00497572     Constraint: 0. 
  iter = 172,   Function value: -2500.02,    Residual: 0.00497572     Constraint: 0. 
  iter = 172,   Function value: -2500.02,    Residual: 0.00593376     Constraint: 0. 
  iter = 173,   Function value: -2500.02,    Residual: 0.00593376     Constraint: 0. 
  iter = 173,   Function value: -2500.02,    Residual: 0.00593376     Constraint: 0. 
  iter = 173,   Function value: -2500.02,    Residual: 0.0055683     Constraint: 0. 
  iter = 174,   Function value: -2500.02,    Residual: 0.00462071     Constraint: 0. 
  iter = 175,   Function value: -2500.02,    Residual: 0.00446115     Constraint: 0. 
  iter = 176,   Function value: -2500.02,    Residual: 0.00411834     Constraint: 0. 
  iter = 177,   Function value: -2500.02,    Residual: 0.0121865     Constraint: 0. 
  iter = 178,   Function value: -2500.02,    Residual: 0.0121865     Constraint: 0. 
  iter = 178,   Function value: -2500.02,    Residual: 0.00979335     Constraint: 0. 
  iter = 179,   Function value: -2500.02,    Residual: 0.00755511     Constraint: 0. 
  iter = 180,   Function value: -2500.02,    Residual: 0.00856641     Constraint: 0. 
  iter = 181,   Function value: -2500.02,    Residual: 0.00856641     Constraint: 0. 
  iter = 181,   Function value: -2500.02,    Residual: 0.00856641     Constraint: 0. 
  iter = 181,   Function value: -2500.02,    Residual: 0.0161609     Constraint: 0. 
  iter = 182,   Function value: -2500.02,    Residual: 0.0158161     Constraint: 0. 
  iter = 183,   Function value: -2500.02,    Residual: 0.0158161     Constraint: 0. 
  iter = 183,   Function value: -2500.02,    Residual: 0.0154097     Constraint: 0. 
  iter = 184,   Function value: -2500.02,    Residual: 0.0144522     Constraint: 0. 
  iter = 185,   Function value: -2500.02,    Residual: 0.0144522     Constraint: 0. 
  iter = 185,   Function value: -2500.02,    Residual: 0.0144522     Constraint: 0. 
  iter = 185,   Function value: -2500.02,    Residual: 0.0144522     Constraint: 0. 
  iter = 185,   Function value: -2500.02,    Residual: 0.00608047     Constraint: 0. 
  iter = 186,   Function value: -2500.02,    Residual: 0.00583312     Constraint: 0. 
  iter = 187,   Function value: -2500.02,    Residual: 0.00569549     Constraint: 0. 
  iter = 188,   Function value: -2500.02,    Residual: 0.00502221     Constraint: 0. 
  iter = 189,   Function value: -2500.02,    Residual: 0.00741217     Constraint: 0. 
  iter = 190,   Function value: -2500.02,    Residual: 0.00741217     Constraint: 0. 
  iter = 190,   Function value: -2500.02,    Residual: 0.00741217     Constraint: 0. 
  iter = 190,   Function value: -2500.02,    Residual: 0.0232003     Constraint: 0. 
  iter = 191,   Function value: -2500.02,    Residual: 0.0204834     Constraint: 0. 
  iter = 192,   Function value: -2500.02,    Residual: 0.0190163     Constraint: 0. 
  iter = 193,   Function value: -2500.02,    Residual: 0.0132668     Constraint: 0. 
  iter = 194,   Function value: -2500.02,    Residual: 0.00866932     Constraint: 0. 
  iter = 195,   Function value: -2500.02,    Residual: 0.00866932     Constraint: 0. 
  iter = 195,   Function value: -2500.02,    Residual: 0.0100273     Constraint: 0. 
  iter = 196,   Function value: -2500.02,    Residual: 0.00667933     Constraint: 0. 
  iter = 197,   Function value: -2500.02,    Residual: 0.0267564     Constraint: 0. 
  iter = 198,   Function value: -2500.02,    Residual: 0.0267564     Constraint: 0. 
  iter = 198,   Function value: -2500.02,    Residual: 0.0110673     Constraint: 0. 
  iter = 199,   Function value: -2500.02,    Residual: 0.00733857     Constraint: 0. 
  iter = 200,   Function value: -2500.02,    Residual: 0.00733857     Constraint: 0. 
  iter = 200,   Function value: -2500.02,    Residual: 0.00733857     Constraint: 0. 
  iter = 200,   Function value: -2500.02,    Residual: 0.00733857     Constraint: 0. 
  iter = 200,   Function value: -2500.02,    Residual: 0.017183     Constraint: 0. 
  iter = 201,   Function value: -2500.02,    Residual: 0.0154351     Constraint: 0. 
  iter = 202,   Function value: -2500.02,    Residual: 0.0146657     Constraint: 0. 
  iter = 203,   Function value: -2500.02,    Residual: 0.0125694     Constraint: 0. 
  iter = 204,   Function value: -2500.02,    Residual: 0.00635602     Constraint: 0. 
  iter = 205,   Function value: -2500.02,    Residual: 0.00635602     Constraint: 0. 
  iter = 205,   Function value: -2500.02,    Residual: 0.00635602     Constraint: 0. 
  iter = 205,   Function value: -2500.02,    Residual: 0.00635602     Constraint: 0. 
  iter = 205,   Function value: -2500.02,    Residual: 0.00635602     Constraint: 0. 
  iter = 205,   Function value: -2500.02,    Residual: 0.0103223     Constraint: 0. 
  iter = 206,   Function value: -2500.02,    Residual: 0.00992196     Constraint: 0. 
  iter = 207,   Function value: -2500.02,    Residual: 0.0096683     Constraint: 0. 
  iter = 208,   Function value: -2500.02,    Residual: 0.00846107     Constraint: 0. 
  iter = 209,   Function value: -2500.02,    Residual: 0.00762275     Constraint: 0. 
  iter = 210,   Function value: -2500.02,    Residual: 0.00762275     Constraint: 0. 
  iter = 210,   Function value: -2500.02,    Residual: 0.00762275     Constraint: 0. 
  iter = 210,   Function value: -2500.02,    Residual: 0.00762275     Constraint: 0. 
  iter = 210,   Function value: -2500.02,    Residual: 0.0283318     Constraint: 0. 
  iter = 211,   Function value: -2500.02,    Residual: 0.0253384     Constraint: 0. 
  iter = 212,   Function value: -2500.02,    Residual: 0.0239437     Constraint: 0. 
  iter = 213,   Function value: -2500.02,    Residual: 0.0203368     Constraint: 0. 
  iter = 214,   Function value: -2500.02,    Residual: 0.0203368     Constraint: 0. 
  iter = 214,   Function value: -2500.02,    Residual: 0.0167577     Constraint: 0. 
  iter = 215,   Function value: -2500.02,    Residual: 0.0167577     Constraint: 0. 
  iter = 215,   Function value: -2500.02,    Residual: 0.0167577     Constraint: 0. 
  iter = 215,   Function value: -2500.02,    Residual: 0.0167577     Constraint: 0. 
  iter = 215,   Function value: -2500.02,    Residual: 0.00692619     Constraint: 0. 
  iter = 216,   Function value: -2500.02,    Residual: 0.00677884     Constraint: 0. 
  iter = 217,   Function value: -2500.02,    Residual: 0.00657643     Constraint: 0. 
  iter = 218,   Function value: -2500.02,    Residual: 0.00573397     Constraint: 0. 
  iter = 219,   Function value: -2500.02,    Residual: 0.00737636     Constraint: 0. 
  iter = 220,   Function value: -2500.02,    Residual: 0.00737636     Constraint: 0. 
  iter = 220,   Function value: -2500.02,    Residual: 0.00737636     Constraint: 0. 
  iter = 220,   Function value: -2500.02,    Residual: 0.0358759     Constraint: 0. 
  iter = 221,   Function value: -2500.02,    Residual: 0.0215061     Constraint: 0. 
  iter = 222,   Function value: -2500.02,    Residual: 0.0192458     Constraint: 0. 
  iter = 223,   Function value: -2500.02,    Residual: 0.0139403     Constraint: 0. 
  iter = 224,   Function value: -2500.02,    Residual: 0.00656452     Constraint: 0. 
  iter = 225,   Function value: -2500.02,    Residual: 0.00656452     Constraint: 0. 
  iter = 225,   Function value: -2500.02,    Residual: 0.00656452     Constraint: 0. 
  iter = 225,   Function value: -2500.02,    Residual: 0.00656452     Constraint: 0. 
  iter = 225,   Function value: -2500.02,    Residual: 0.0178755     Constraint: 0. 
  iter = 226,   Function value: -2500.02,    Residual: 0.00459811     Constraint: 0. 
  iter = 227,   Function value: -2500.02,    Residual: 0.00497012     Constraint: 0. 
  iter = 228,   Function value: -2500.02,    Residual: 0.00447917     Constraint: 0. 
  iter = 229,   Function value: -2500.02,    Residual: 0.00497571     Constraint: 0. 
  iter = 230,   Function value: -2500.02,    Residual: 0.00497571     Constraint: 0. 
  iter = 230,   Function value: -2500.02,    Residual: 0.00497571     Constraint: 0. 
  iter = 230,   Function value: -2500.02,    Residual: 0.0176791     Constraint: 0. 
  iter = 231,   Function value: -2500.02,    Residual: 0.0176791     Constraint: 0. 
  iter = 231,   Function value: -2500.02,    Residual: 0.0132849     Constraint: 0. 
  iter = 232,   Function value: -2500.02,    Residual: 0.0127289     Constraint: 0. 
  iter = 233,   Function value: -2500.02,    Residual: 0.0110924     Constraint: 0. 
  iter = 234,   Function value: -2500.02,    Residual: 0.00644053     Constraint: 0. 
  iter = 235,   Function value: -2500.02,    Residual: 0.00644053     Constraint: 0. 
  iter = 235,   Function value: -2500.02,    Residual: 0.00644053     Constraint: 0. 
  iter = 235,   Function value: -2500.02,    Residual: 0.00644053     Constraint: 0. 
  iter = 235,   Function value: -2500.02,    Residual: 0.00644053     Constraint: 0. 
  iter = 235,   Function value: -2500.02,    Residual: 0.00941064     Constraint: 0. 
  iter = 236,   Function value: -2500.02,    Residual: 0.0087582     Constraint: 0. 
  iter = 237,   Function value: -2500.02,    Residual: 0.00854927     Constraint: 0. 
  iter = 238,   Function value: -2500.02,    Residual: 0.00752442     Constraint: 0. 
  iter = 239,   Function value: -2500.02,    Residual: 0.00546064     Constraint: 0. 
  iter = 240,   Function value: -2500.02,    Residual: 0.00546064     Constraint: 0. 
  iter = 240,   Function value: -2500.02,    Residual: 0.00546064     Constraint: 0. 
  iter = 240,   Function value: -2500.02,    Residual: 0.00546064     Constraint: 0. 
  iter = 240,   Function value: -2500.02,    Residual: 0.00546064     Constraint: 0. 
  iter = 240,   Function value: -2500.02,    Residual: 0.00837598     Constraint: 0. 
  iter = 241,   Function value: -2500.02,    Residual: 0.00730928     Constraint: 0. 
  iter = 242,   Function value: -2500.02,    Residual: 0.00694141     Constraint: 0. 
  iter = 243,   Function value: -2500.02,    Residual: 0.00569761     Constraint: 0. 
  iter = 244,   Function value: -2500.02,    Residual: 0.00820936     Constraint: 0. 
  iter = 245,   Function value: -2500.02,    Residual: 0.00820936     Constraint: 0. 
  iter = 245,   Function value: -2500.02,    Residual: 0.00950053     Constraint: 0. 
  iter = 246,   Function value: -2500.02,    Residual: 0.00676636     Constraint: 0. 
  iter = 247,   Function value: -2500.02,    Residual: 0.00997794     Constraint: 0. 
  iter = 248,   Function value: -2500.02,    Residual: 0.00997794     Constraint: 0. 
  iter = 248,   Function value: -2500.02,    Residual: 0.00997794     Constraint: 0. 
  iter = 248,   Function value: -2500.02,    Residual: 0.0103426     Constraint: 0. 
  iter = 249,   Function value: -2500.02,    Residual: 0.0100319     Constraint: 0. 
  iter = 250,   Function value: -2500.02,    Residual: 0.0100319     Constraint: 0. 
  iter = 250,   Function value: -2500.02,    Residual: 0.0100319     Constraint: 0. 
  iter = 250,   Function value: -2500.02,    Residual: 0.0099511     Constraint: 0. 
  iter = 251,   Function value: -2500.02,    Residual: 0.00938391     Constraint: 0. 
  iter = 252,   Function value: -2500.02,    Residual: 0.00916542     Constraint: 0. 
  iter = 253,   Function value: -2500.02,    Residual: 0.00808359     Constraint: 0. 
  iter = 254,   Function value: -2500.02,    Residual: 0.00553132     Constraint: 0. 
  iter = 255,   Function value: -2500.02,    Residual: 0.00553132     Constraint: 0. 
  iter = 255,   Function value: -2500.02,    Residual: 0.00553132     Constraint: 0. 
  iter = 255,   Function value: -2500.02,    Residual: 0.00553132     Constraint: 0. 
  iter = 255,   Function value: -2500.02,    Residual: 0.00553132     Constraint: 0. 
  iter = 255,   Function value: -2500.02,    Residual: 0.00847331     Constraint: 0. 
  iter = 256,   Function value: -2500.02,    Residual: 0.00729125     Constraint: 0. 
  iter = 257,   Function value: -2500.02,    Residual: 0.00699322     Constraint: 0. 
  iter = 258,   Function value: -2500.02,    Residual: 0.00547557     Constraint: 0. 
  iter = 259,   Function value: -2500.02,    Residual: 0.00735391     Constraint: 0. 
  iter = 260,   Function value: -2500.02,    Residual: 0.00735391     Constraint: 0. 
  iter = 260,   Function value: -2500.02,    Residual: 0.00565816     Constraint: 0. 
  iter = 261,   Function value: -2500.02,    Residual: 0.00718138     Constraint: 0. 
  iter = 262,   Function value: -2500.02,    Residual: 0.00738473     Constraint: 0. 
  iter = 263,   Function value: -2500.02,    Residual: 0.00738473     Constraint: 0. 
  iter = 263,   Function value: -2500.02,    Residual: 0.00738473     Constraint: 0. 
  iter = 263,   Function value: -2500.02,    Residual: 0.00657939     Constraint: 0. 
  iter = 264,   Function value: -2500.02,    Residual: 0.00643173     Constraint: 0. 
  iter = 265,   Function value: -2500.02,    Residual: 0.00643173     Constraint: 0. 
  iter = 265,   Function value: -2500.02,    Residual: 0.00643173     Constraint: 0. 
  iter = 265,   Function value: -2500.02,    Residual: 0.00857918     Constraint: 0. 
  iter = 266,   Function value: -2500.02,    Residual: 0.00720715     Constraint: 0. 
  iter = 267,   Function value: -2500.02,    Residual: 0.00695986     Constraint: 0. 
  iter = 268,   Function value: -2500.02,    Residual: 0.00616895     Constraint: 0. 
  iter = 269,   Function value: -2500.02,    Residual: 0.00599739     Constraint: 0. 
  iter = 270,   Function value: -2500.02,    Residual: 0.00599739     Constraint: 0. 
  iter = 270,   Function value: -2500.02,    Residual: 0.00599739     Constraint: 0. 
  iter = 270,   Function value: -2500.02,    Residual: 0.00599739     Constraint: 0. 
  iter = 270,   Function value: -2500.02,    Residual: 0.023249     Constraint: 0. 
  iter = 271,   Function value: -2500.02,    Residual: 0.018873     Constraint: 0. 
  iter = 272,   Function value: -2500.02,    Residual: 0.0176632     Constraint: 0. 
  iter = 273,   Function value: -2500.02,    Residual: 0.0128098     Constraint: 0. 
  iter = 274,   Function value: -2500.02,    Residual: 0.0128098     Constraint: 0. 
  iter = 274,   Function value: -2500.02,    Residual: 0.0101283     Constraint: 0. 
  iter = 275,   Function value: -2500.02,    Residual: 0.0101283     Constraint: 0. 
  iter = 275,   Function value: -2500.02,    Residual: 0.0101283     Constraint: 0. 
  iter = 275,   Function value: -2500.02,    Residual: 0.0101283     Constraint: 0. 
  iter = 275,   Function value: -2500.02,    Residual: 0.00452755     Constraint: 0. 
  iter = 276,   Function value: -2500.02,    Residual: 0.00440952     Constraint: 0. 
  iter = 277,   Function value: -2500.02,    Residual: 0.00433688     Constraint: 0. 
  iter = 278,   Function value: -2500.02,    Residual: 0.00404681     Constraint: 0. 
  iter = 279,   Function value: -2500.02,    Residual: 0.00576604     Constraint: 0. 
  iter = 280,   Function value: -2500.02,    Residual: 0.00576604     Constraint: 0. 
  iter = 280,   Function value: -2500.02,    Residual: 0.00576604     Constraint: 0. 
  iter = 280,   Function value: -2500.02,    Residual: 0.0218696     Constraint: 0. 
  iter = 281,   Function value: -2500.02,    Residual: 0.0116055     Constraint: 0. 
  iter = 282,   Function value: -2500.02,    Residual: 0.0107672     Constraint: 0. 
  iter = 283,   Function value: -2500.02,    Residual: 0.0089242     Constraint: 0. 
  iter = 284,   Function value: -2500.02,    Residual: 0.0089242     Constraint: 0. 
  iter = 284,   Function value: -2500.02,    Residual: 0.0089242     Constraint: 0. 
  iter = 284,   Function value: -2500.02,    Residual: 0.0089242     Constraint: 0. 
  iter = 284,   Function value: -2500.02,    Residual: 0.0089242     Constraint: 0. 
  iter = 284,   Function value: -2500.02,    Residual: 0.00362209     Constraint: 0. 
  iter = 285,   Function value: -2500.02,    Residual: 0.00351735     Constraint: 0. 
  iter = 286,   Function value: -2500.02,    Residual: 0.00339218     Constraint: 0. 
  iter = 287,   Function value: -2500.02,    Residual: 0.00371943     Constraint: 0. 
  iter = 288,   Function value: -2500.02,    Residual: 0.00371943     Constraint: 0. 
  iter = 288,   Function value: -2500.02,    Residual: 0.00371943     Constraint: 0. 
  iter = 288,   Function value: -2500.02,    Residual: 0.00371943     Constraint: 0. 
  iter = 288,   Function value: -2500.02,    Residual: 0.0118326     Constraint: 0. 
  iter = 289,   Function value: -2500.02,    Residual: 0.0090205     Constraint: 0. 
  iter = 290,   Function value: -2500.02,    Residual: 0.00826402     Constraint: 0. 
  iter = 291,   Function value: -2500.02,    Residual: 0.00686591     Constraint: 0. 
  iter = 292,   Function value: -2500.02,    Residual: 0.00686591     Constraint: 0. 
  iter = 292,   Function value: -2500.02,    Residual: 0.00686591     Constraint: 0. 
  iter = 292,   Function value: -2500.02,    Residual: 0.00686591     Constraint: 0. 
  iter = 292,   Function value: -2500.02,    Residual: 0.00686591     Constraint: 0. 
  iter = 292,   Function value: -2500.02,    Residual: 0.00621432     Constraint: 0. 
  iter = 293,   Function value: -2500.02,    Residual: 0.00507016     Constraint: 0. 
  iter = 294,   Function value: -2500.02,    Residual: 0.00496067     Constraint: 0. 
  iter = 295,   Function value: -2500.02,    Residual: 0.00465943     Constraint: 0. 
  iter = 296,   Function value: -2500.02,    Residual: 0.00465943     Constraint: 0. 
  iter = 296,   Function value: -2500.02,    Residual: 0.00465943     Constraint: 0. 
  iter = 296,   Function value: -2500.02,    Residual: 0.00465943     Constraint: 0. 
  iter = 296,   Function value: -2500.02,    Residual: 0.0185622     Constraint: 0. 
  iter = 297,   Function value: -2500.02,    Residual: 0.0170192     Constraint: 0. 
  iter = 298,   Function value: -2500.02,    Residual: 0.0162718     Constraint: 0. 
  iter = 299,   Function value: -2500.02,    Residual: 0.0136033     Constraint: 0. 
  iter = 300,   Function value: -2500.02,    Residual: 0.0136033     Constraint: 0. 
  iter = 300,   Function value: -2500.02,    Residual: 0.0136033     Constraint: 0. 
  iter = 300,   Function value: -2500.02,    Residual: 0.0136033     Constraint: 0. 
  iter = 300,   Function value: -2500.02,    Residual: 0.00416413     Constraint: 0. 
  iter = 301,   Function value: -2500.02,    Residual: 0.00381906     Constraint: 0. 
  iter = 302,   Function value: -2500.02,    Residual: 0.00376013     Constraint: 0. 
  iter = 303,   Function value: -2500.02,    Residual: 0.00345201     Constraint: 0. 
  iter = 304,   Function value: -2500.02,    Residual: 0.00345201     Constraint: 0. 
  iter = 304,   Function value: -2500.02,    Residual: 0.00345201     Constraint: 0. 
  iter = 304,   Function value: -2500.02,    Residual: 0.00350901     Constraint: 0. 
  iter = 305,   Function value: -2500.02,    Residual: 0.00350902     Constraint: 0. 
  iter = 306,   Function value: -2500.02,    Residual: 0.00350902     Constraint: 0. 
  iter = 306,   Function value: -2500.02,    Residual: 0.00350902     Constraint: 0. 
  iter = 306,   Function value: -2500.02,    Residual: 0.0224801     Constraint: 0. 
  iter = 307,   Function value: -2500.02,    Residual: 0.0189597     Constraint: 0. 
  iter = 308,   Function value: -2500.02,    Residual: 0.0181592     Constraint: 0. 
  iter = 309,   Function value: -2500.02,    Residual: 0.0149598     Constraint: 0. 
  iter = 310,   Function value: -2500.02,    Residual: 0.0149598     Constraint: 0. 
  iter = 310,   Function value: -2500.02,    Residual: 0.0120762     Constraint: 0. 
  iter = 311,   Function value: -2500.02,    Residual: 0.0120761     Constraint: 0. 
  iter = 312,   Function value: -2500.02,    Residual: 0.0120761     Constraint: 0. 
  iter = 312,   Function value: -2500.02,    Residual: 0.0120761     Constraint: 0. 
  iter = 312,   Function value: -2500.02,    Residual: 0.0120761     Constraint: 0. 
  iter = 312,   Function value: -2500.02,    Residual: 0.00410052     Constraint: 0. 
  iter = 313,   Function value: -2500.02,    Residual: 0.00389471     Constraint: 0. 
  iter = 314,   Function value: -2500.02,    Residual: 0.00384573     Constraint: 0. 
  iter = 315,   Function value: -2500.02,    Residual: 0.00350877     Constraint: 0. 
  iter = 316,   Function value: -2500.02,    Residual: 0.00919811     Constraint: 0. 
  iter = 317,   Function value: -2500.02,    Residual: 0.00919811     Constraint: 0. 
  iter = 317,   Function value: -2500.02,    Residual: 0.01276     Constraint: 0. 
  iter = 318,   Function value: -2500.02,    Residual: 0.01276     Constraint: 0. 
  iter = 318,   Function value: -2500.02,    Residual: 0.01276     Constraint: 0. 
  iter = 318,   Function value: -2500.02,    Residual: 0.0139049     Constraint: 0. 
  iter = 319,   Function value: -2500.02,    Residual: 0.0136551     Constraint: 0. 
  iter = 320,   Function value: -2500.02,    Residual: 0.0133723     Constraint: 0. 
  iter = 321,   Function value: -2500.02,    Residual: 0.0122386     Constraint: 0. 
  iter = 322,   Function value: -2500.02,    Residual: 0.0122386     Constraint: 0. 
  iter = 322,   Function value: -2500.02,    Residual: 0.0122386     Constraint: 0. 
  iter = 322,   Function value: -2500.02,    Residual: 0.0251403     Constraint: 0. 
  iter = 323,   Function value: -2500.02,    Residual: 0.0240166     Constraint: 0. 
  iter = 324,   Function value: -2500.02,    Residual: 0.0232385     Constraint: 0. 
  iter = 325,   Function value: -2500.02,    Residual: 0.0212439     Constraint: 0. 
  iter = 326,   Function value: -2500.02,    Residual: 0.0212439     Constraint: 0. 
  iter = 326,   Function value: -2500.02,    Residual: 0.0212439     Constraint: 0. 
  iter = 326,   Function value: -2500.02,    Residual: 0.0212439     Constraint: 0. 
  iter = 326,   Function value: -2500.02,    Residual: 0.0106528     Constraint: 0. 
  iter = 327,   Function value: -2500.02,    Residual: 0.0103788     Constraint: 0. 
  iter = 328,   Function value: -2500.02,    Residual: 0.00998453     Constraint: 0. 
  iter = 329,   Function value: -2500.02,    Residual: 0.00835589     Constraint: 0. 
  iter = 330,   Function value: -2500.02,    Residual: 0.00835589     Constraint: 0. 
  iter = 330,   Function value: -2500.02,    Residual: 0.00835589     Constraint: 0. 
  iter = 330,   Function value: -2500.02,    Residual: 0.00835589     Constraint: 0. 
  iter = 330,   Function value: -2500.02,    Residual: 0.0141604     Constraint: 0. 
  iter = 331,   Function value: -2500.02,    Residual: 0.0137793     Constraint: 0. 
  iter = 332,   Function value: -2500.02,    Residual: 0.0134771     Constraint: 0. 
  iter = 333,   Function value: -2500.02,    Residual: 0.0134771     Constraint: 0. 
  iter = 333,   Function value: -2500.02,    Residual: 0.0131941     Constraint: 0. 
  iter = 334,   Function value: -2500.02,    Residual: 0.0131941     Constraint: 0. 
  iter = 334,   Function value: -2500.02,    Residual: 0.0131941     Constraint: 0. 
  iter = 334,   Function value: -2500.02,    Residual: 0.00419577     Constraint: 0. 
  iter = 335,   Function value: -2500.02,    Residual: 0.00364741     Constraint: 0. 
  iter = 336,   Function value: -2500.02,    Residual: 0.00350641     Constraint: 0. 
  iter = 337,   Function value: -2500.02,    Residual: 0.00410506     Constraint: 0. 
  iter = 338,   Function value: -2500.02,    Residual: 0.00410506     Constraint: 0. 
  iter = 338,   Function value: -2500.02,    Residual: 0.0287361     Constraint: 0. 
  iter = 339,   Function value: -2500.02,    Residual: 0.015451     Constraint: 0. 
  iter = 340,   Function value: -2500.02,    Residual: 0.0141119     Constraint: 0. 
  iter = 341,   Function value: -2500.02,    Residual: 0.00908964     Constraint: 0. 
  iter = 342,   Function value: -2500.02,    Residual: 0.00908964     Constraint: 0. 
  iter = 342,   Function value: -2500.02,    Residual: 0.00908964     Constraint: 0. 
  iter = 342,   Function value: -2500.02,    Residual: 0.00908964     Constraint: 0. 
  iter = 342,   Function value: -2500.02,    Residual: 0.00908964     Constraint: 0. 
  iter = 342,   Function value: -2500.02,    Residual: 0.00498042     Constraint: 0. 
  iter = 343,   Function value: -2500.02,    Residual: 0.00479324     Constraint: 0. 
  iter = 344,   Function value: -2500.02,    Residual: 0.00469402     Constraint: 0. 
  iter = 345,   Function value: -2500.02,    Residual: 0.00474359     Constraint: 0. 
  iter = 346,   Function value: -2500.02,    Residual: 0.00474359     Constraint: 0. 
  iter = 346,   Function value: -2500.02,    Residual: 0.00474359     Constraint: 0. 
  iter = 346,   Function value: -2500.02,    Residual: 0.00474359     Constraint: 0. 
  iter = 346,   Function value: -2500.02,    Residual: 0.00584669     Constraint: 0. 
  iter = 347,   Function value: -2500.02,    Residual: 0.00434879     Constraint: 0. 
  iter = 348,   Function value: -2500.02,    Residual: 0.0042039     Constraint: 0. 
  iter = 349,   Function value: -2500.02,    Residual: 0.00380541     Constraint: 0. 
  iter = 350,   Function value: -2500.02,    Residual: 0.00380541     Constraint: 0. 
  iter = 350,   Function value: -2500.02,    Residual: 0.00380541     Constraint: 0. 
  iter = 350,   Function value: -2500.02,    Residual: 0.00380541     Constraint: 0. 
  iter = 350,   Function value: -2500.02,    Residual: 0.00380541     Constraint: 0. 
  iter = 350,   Function value: -2500.02,    Residual: 0.00321861     Constraint: 0. 
  iter = 351,   Function value: -2500.02,    Residual: 0.00277785     Constraint: 0. 
  iter = 352,   Function value: -2500.02,    Residual: 0.00268174     Constraint: 0. 
  iter = 353,   Function value: -2500.02,    Residual: 0.00268174     Constraint: 0. 
  iter = 353,   Function value: -2500.02,    Residual: 0.00268174     Constraint: 0. 
  iter = 353,   Function value: -2500.02,    Residual: 0.0107809     Constraint: 0. 
  iter = 354,   Function value: -2500.02,    Residual: 0.00942912     Constraint: 0. 
  iter = 355,   Function value: -2500.02,    Residual: 0.00863625     Constraint: 0. 
  iter = 356,   Function value: -2500.02,    Residual: 0.00863625     Constraint: 0. 
  iter = 356,   Function value: -2500.02,    Residual: 0.00863625     Constraint: 0. 
  iter = 356,   Function value: -2500.02,    Residual: 0.00863625     Constraint: 0. 
  iter = 356,   Function value: -2500.02,    Residual: 0.00448662     Constraint: 0. 
  iter = 357,   Function value: -2500.02,    Residual: 0.00441349     Constraint: 0. 
  iter = 358,   Function value: -2500.02,    Residual: 0.00432135     Constraint: 0. 
  iter = 359,   Function value: -2500.02,    Residual: 0.00432135     Constraint: 0. 
  iter = 359,   Function value: -2500.02,    Residual: 0.00432135     Constraint: 0. 
  iter = 359,   Function value: -2500.02,    Residual: 0.00739704     Constraint: 0. 
  iter = 360,   Function value: -2500.02,    Residual: 0.00715281     Constraint: 0. 
  iter = 361,   Function value: -2500.02,    Residual: 0.00658014     Constraint: 0. 
  iter = 362,   Function value: -2500.02,    Residual: 0.00658014     Constraint: 0. 
  iter = 362,   Function value: -2500.02,    Residual: 0.00658014     Constraint: 0. 
  iter = 362,   Function value: -2500.02,    Residual: 0.00658014     Constraint: 0. 
  iter = 362,   Function value: -2500.02,    Residual: 0.00607988     Constraint: 0. 
  iter = 363,   Function value: -2500.02,    Residual: 0.00593795     Constraint: 0. 
  iter = 364,   Function value: -2500.02,    Residual: 0.00553232     Constraint: 0. 
  iter = 365,   Function value: -2500.02,    Residual: 0.00553232     Constraint: 0. 
  iter = 365,   Function value: -2500.02,    Residual: 0.00553232     Constraint: 0. 
  iter = 365,   Function value: -2500.02,    Residual: 0.00553232     Constraint: 0. 
  iter = 365,   Function value: -2500.02,    Residual: 0.0068173     Constraint: 0. 
  iter = 366,   Function value: -2500.02,    Residual: 0.0065755     Constraint: 0. 
  iter = 367,   Function value: -2500.02,    Residual: 0.00605483     Constraint: 0. 
  iter = 368,   Function value: -2500.02,    Residual: 0.00605483     Constraint: 0. 
  iter = 368,   Function value: -2500.02,    Residual: 0.00605483     Constraint: 0. 
  iter = 368,   Function value: -2500.02,    Residual: 0.00605483     Constraint: 0. 
  iter = 368,   Function value: -2500.02,    Residual: 0.00648009     Constraint: 0. 
  iter = 369,   Function value: -2500.02,    Residual: 0.00634453     Constraint: 0. 
  iter = 370,   Function value: -2500.02,    Residual: 0.00594357     Constraint: 0. 
  iter = 371,   Function value: -2500.02,    Residual: 0.00594357     Constraint: 0. 
  iter = 371,   Function value: -2500.02,    Residual: 0.00594357     Constraint: 0. 
  iter = 371,   Function value: -2500.02,    Residual: 0.00594357     Constraint: 0. 
  iter = 371,   Function value: -2500.02,    Residual: 0.00652597     Constraint: 0. 
  iter = 372,   Function value: -2500.02,    Residual: 0.00619455     Constraint: 0. 
  iter = 373,   Function value: -2500.02,    Residual: 0.00570013     Constraint: 0. 
  iter = 374,   Function value: -2500.02,    Residual: 0.00570013     Constraint: 0. 
  iter = 374,   Function value: -2500.02,    Residual: 0.00570013     Constraint: 0. 
  iter = 374,   Function value: -2500.02,    Residual: 0.00570013     Constraint: 0. 
  iter = 374,   Function value: -2500.02,    Residual: 0.00673998     Constraint: 0. 
  iter = 375,   Function value: -2500.02,    Residual: 0.0066195     Constraint: 0. 
  iter = 376,   Function value: -2500.02,    Residual: 0.00745638     Constraint: 0. 
  iter = 377,   Function value: -2500.02,    Residual: 0.00745638     Constraint: 0. 
  iter = 377,   Function value: -2500.02,    Residual: 0.0140835     Constraint: 0. 
  iter = 378,   Function value: -2500.02,    Residual: 0.0136765     Constraint: 0. 
  iter = 379,   Function value: -2500.02,    Residual: 0.0133761     Constraint: 0. 
  iter = 380,   Function value: -2500.02,    Residual: 0.0133761     Constraint: 0. 
  iter = 380,   Function value: -2500.02,    Residual: 0.0133761     Constraint: 0. 
  iter = 380,   Function value: -2500.02,    Residual: 0.00402279     Constraint: 0. 
  iter = 381,   Function value: -2500.02,    Residual: 0.00350122     Constraint: 0. 
  iter = 382,   Function value: -2500.02,    Residual: 0.00336129     Constraint: 0. 
  iter = 383,   Function value: -2500.02,    Residual: 0.00336129     Constraint: 0. 
  iter = 383,   Function value: -2500.02,    Residual: 0.00336129     Constraint: 0. 
  iter = 383,   Function value: -2500.02,    Residual: 0.00638015     Constraint: 0. 
  iter = 384,   Function value: -2500.02,    Residual: 0.00246569     Constraint: 0. 
  iter = 385,   Function value: -2500.02,    Residual: 0.00247005     Constraint: 0. 
  iter = 386,   Function value: -2500.02,    Residual: 0.00247005     Constraint: 0. 
  iter = 386,   Function value: -2500.02,    Residual: 0.00247005     Constraint: 0. 
  iter = 386,   Function value: -2500.02,    Residual: 0.00247005     Constraint: 0. 
  iter = 386,   Function value: -2500.02,    Residual: 0.00445534     Constraint: 0. 
  iter = 387,   Function value: -2500.02,    Residual: 0.00402633     Constraint: 0. 
  iter = 388,   Function value: -2500.02,    Residual: 0.00378443     Constraint: 0. 
  iter = 389,   Function value: -2500.02,    Residual: 0.00378443     Constraint: 0. 
  iter = 389,   Function value: -2500.02,    Residual: 0.00378443     Constraint: 0. 
  iter = 389,   Function value: -2500.02,    Residual: 0.00378443     Constraint: 0. 
  iter = 389,   Function value: -2500.02,    Residual: 0.00750549     Constraint: 0. 
  iter = 390,   Function value: -2500.02,    Residual: 0.00732463     Constraint: 0. 
  iter = 391,   Function value: -2500.02,    Residual: 0.00676975     Constraint: 0. 
  iter = 392,   Function value: -2500.02,    Residual: 0.00676975     Constraint: 0. 
  iter = 392,   Function value: -2500.02,    Residual: 0.00676975     Constraint: 0. 
  iter = 392,   Function value: -2500.02,    Residual: 0.00676975     Constraint: 0. 
  iter = 392,   Function value: -2500.02,    Residual: 0.0059373     Constraint: 0. 
  iter = 393,   Function value: -2500.02,    Residual: 0.00571538     Constraint: 0. 
  iter = 394,   Function value: -2500.02,    Residual: 0.00528056     Constraint: 0. 
  iter = 395,   Function value: -2500.02,    Residual: 0.00528056     Constraint: 0. 
  iter = 395,   Function value: -2500.02,    Residual: 0.00528056     Constraint: 0. 
  iter = 395,   Function value: -2500.02,    Residual: 0.00528056     Constraint: 0. 
  iter = 395,   Function value: -2500.02,    Residual: 0.00701412     Constraint: 0. 
  iter = 396,   Function value: -2500.02,    Residual: 0.0068721     Constraint: 0. 
  iter = 397,   Function value: -2500.02,    Residual: 0.0064432     Constraint: 0. 
  iter = 398,   Function value: -2500.02,    Residual: 0.0064432     Constraint: 0. 
  iter = 398,   Function value: -2500.02,    Residual: 0.0064432     Constraint: 0. 
  iter = 398,   Function value: -2500.02,    Residual: 0.0064432     Constraint: 0. 
  iter = 398,   Function value: -2500.02,    Residual: 0.00618078     Constraint: 0. 
  iter = 399,   Function value: -2500.02,    Residual: 0.00579644     Constraint: 0. 
  iter = 400,   Function value: -2500.02,    Residual: 0.00533736     Constraint: 0. 
  iter = 401,   Function value: -2500.02,    Residual: 0.00533736     Constraint: 0. 
  iter = 401,   Function value: -2500.02,    Residual: 0.00533736     Constraint: 0. 
  iter = 401,   Function value: -2500.02,    Residual: 0.00533736     Constraint: 0. 
  iter = 401,   Function value: -2500.02,    Residual: 0.0069854     Constraint: 0. 
  iter = 402,   Function value: -2500.02,    Residual: 0.0068624     Constraint: 0. 
  iter = 403,   Function value: -2500.02,    Residual: 0.0068624     Constraint: 0. 
  iter = 403,   Function value: -2500.02,    Residual: 0.0068624     Constraint: 0. 
  iter = 403,   Function value: -2500.02,    Residual: 0.00585424     Constraint: 0. 
  iter = 404,   Function value: -2500.02,    Residual: 0.00575454     Constraint: 0. 
  iter = 405,   Function value: -2500.02,    Residual: 0.00575454     Constraint: 0. 
  iter = 405,   Function value: -2500.02,    Residual: 0.00575454     Constraint: 0. 
  iter = 405,   Function value: -2500.02,    Residual: 0.00670208     Constraint: 0. 
  iter = 406,   Function value: -2500.02,    Residual: 0.00658452     Constraint: 0. 
  iter = 407,   Function value: -2500.02,    Residual: 0.00658452     Constraint: 0. 
  iter = 407,   Function value: -2500.02,    Residual: 0.00658452     Constraint: 0. 
  iter = 407,   Function value: -2500.02,    Residual: 0.00607569     Constraint: 0. 
  iter = 408,   Function value: -2500.02,    Residual: 0.00597111     Constraint: 0. 
  iter = 409,   Function value: -2500.02,    Residual: 0.00597111     Constraint: 0. 
  iter = 409,   Function value: -2500.02,    Residual: 0.00597111     Constraint: 0. 
  iter = 409,   Function value: -2500.02,    Residual: 0.0065452     Constraint: 0. 
  iter = 410,   Function value: -2500.02,    Residual: 0.00643076     Constraint: 0. 
  iter = 411,   Function value: -2500.02,    Residual: 0.00643074     Constraint: 0. 
  iter = 412,   Function value: -2500.02,    Residual: 0.00643052     Constraint: 0. 
  iter = 413,   Function value: -2500.02,    Residual: 0.0064296     Constraint: 0. 
  iter = 414,   Function value: -2500.02,    Residual: 0.00642596     Constraint: 0. 
  iter = 415,   Function value: -2500.02,    Residual: 0.00641137     Constraint: 0. 
  iter = 416,   Function value: -2500.02,    Residual: 0.00635118     Constraint: 0. 
  iter = 417,   Function value: -2500.02,    Residual: 0.00611784     Constraint: 0. 
  iter = 418,   Function value: -2500.02,    Residual: 0.0051877     Constraint: 0. 
  iter = 419,   Function value: -2500.04,    Residual: 0.00145995     Constraint: 0. 
  iter = 420,   Function value: -2500.04,    Residual: 5.97874e-06     Constraint: 0. 
  Multipliers updated: ||C|| <= 1.258925e-03
iter = 3, Function value: -2500.04,  Residual: 4.59899e-06   Constraint: 0.000522649 
  Subsolver tolerance: ||G|| <= 1.000000e-04
  iter = 0,   Function value: -2500.04,    Residual: 0.0344558     Constraint: 0. 
  iter = 1,   Function value: -2500.04,    Residual: 0.0344558     Constraint: 0. 
  iter = 1,   Function value: -2500.04,    Residual: 0.0344558     Constraint: 0. 
  iter = 1,   Function value: -2500.04,    Residual: 0.0344558     Constraint: 0. 
  iter = 1,   Function value: -2500.04,    Residual: 0.0344558     Constraint: 0. 
  iter = 1,   Function value: -2500.04,    Residual: 0.0344558     Constraint: 0. 
  iter = 1,   Function value: -2500.04,    Residual: 0.00466876     Constraint: 0. 
  iter = 2,   Function value: -2500.04,    Residual: 0.00345881     Constraint: 0. 
  iter = 3,   Function value: -2500.04,    Residual: 0.00355836     Constraint: 0. 
  iter = 4,   Function value: -2500.04,    Residual: 0.00366271     Constraint: 0. 
  iter = 5,   Function value: -2500.04,    Residual: 0.00282271     Constraint: 0. 
  iter = 6,   Function value: -2500.04,    Residual: 0.00121453     Constraint: 0. 
  iter = 7,   Function value: -2500.04,    Residual: 0.00121453     Constraint: 0. 
  iter = 7,   Function value: -2500.04,    Residual: 0.00121453     Constraint: 0. 
  iter = 7,   Function value: -2500.04,    Residual: 0.00458428     Constraint: 0. 
  iter = 8,   Function value: -2500.04,    Residual: 0.00375459     Constraint: 0. 
  iter = 9,   Function value: -2500.04,    Residual: 0.00232947     Constraint: 0. 
  iter = 10,   Function value: -2500.04,    Residual: 0.00232947     Constraint: 0. 
  iter = 10,   Function value: -2500.04,    Residual: 0.00272917     Constraint: 0. 
  iter = 11,   Function value: -2500.04,    Residual: 0.00272917     Constraint: 0. 
  iter = 11,   Function value: -2500.04,    Residual: 0.00199766     Constraint: 0. 
  iter = 12,   Function value: -2500.04,    Residual: 0.00188101     Constraint: 0. 
  iter = 13,   Function value: -2500.04,    Residual: 0.00188101     Constraint: 0. 
  iter = 13,   Function value: -2500.04,    Residual: 0.0152549     Constraint: 0. 
  iter = 14,   Function value: -2500.04,    Residual: 0.0152549     Constraint: 0. 
  iter = 14,   Function value: -2500.04,    Residual: 0.0139917     Constraint: 0. 
  iter = 15,   Function value: -2500.04,    Residual: 0.0139917     Constraint: 0. 
  iter = 15,   Function value: -2500.04,    Residual: 0.0110322     Constraint: 0. 
  iter = 16,   Function value: -2500.04,    Residual: 0.0110322     Constraint: 0. 
  iter = 16,   Function value: -2500.04,    Residual: 0.00797163     Constraint: 0. 
  iter = 17,   Function value: -2500.04,    Residual: 0.00797163     Constraint: 0. 
  iter = 17,   Function value: -2500.04,    Residual: 0.00643437     Constraint: 0. 
  iter = 18,   Function value: -2500.04,    Residual: 0.00643437     Constraint: 0. 
  iter = 18,   Function value: -2500.04,    Residual: 0.00591293     Constraint: 0. 
  iter = 19,   Function value: -2500.04,    Residual: 0.00591293     Constraint: 0. 
  iter = 19,   Function value: -2500.04,    Residual: 0.00255283     Constraint: 0. 
  iter = 20,   Function value: -2500.04,    Residual: 0.00255283     Constraint: 0. 
  iter = 20,   Function value: -2500.04,    Residual: 0.00321736     Constraint: 0. 
  iter = 21,   Function value: -2500.04,    Residual: 0.00321736     Constraint: 0. 
  iter = 21,   Function value: -2500.04,    Residual: 0.00394787     Constraint: 0. 
  iter = 22,   Function value: -2500.04,    Residual: 0.00394787     Constraint: 0. 
  iter = 22,   Function value: -2500.04,    Residual: 0.00444305     Constraint: 0. 
  iter = 23,   Function value: -2500.04,    Residual: 0.00444305     Constraint: 0. 
  iter = 23,   Function value: -2500.04,    Residual: 0.00198042     Constraint: 0. 
  iter = 24,   Function value: -2500.04,    Residual: 0.00198042     Constraint: 0. 
  iter = 24,   Function value: -2500.04,    Residual: 0.00137373     Constraint: 0. 
  iter = 25,   Function value: -2500.04,    Residual: 0.00137373     Constraint: 0. 
  iter = 25,   Function value: -2500.04,    Residual: 0.00947388     Constraint: 0. 
  iter = 26,   Function value: -2500.04,    Residual: 0.00241851     Constraint: 0. 
  iter = 27,   Function value: -2500.04,    Residual: 0.00148717     Constraint: 0. 
  iter = 28,   Function value: -2500.04,    Residual: 0.00148717     Constraint: 0. 
  iter = 28,   Function value: -2500.04,    Residual: 0.00140602     Constraint: 0. 
  iter = 29,   Function value: -2500.04,    Residual: 0.00140602     Constraint: 0. 
  iter = 29,   Function value: -2500.04,    Residual: 0.00593658     Constraint: 0. 
  iter = 30,   Function value: -2500.04,    Residual: 0.00593658     Constraint: 0. 
  iter = 30,   Function value: -2500.04,    Residual: 0.00600403     Constraint: 0. 
  iter = 31,   Function value: -2500.04,    Residual: 0.00600403     Constraint: 0. 
  iter = 31,   Function value: -2500.04,    Residual: 0.0112715     Constraint: 0. 
  iter = 32,   Function value: -2500.04,    Residual: 0.0112715     Constraint: 0. 
  iter = 32,   Function value: -2500.04,    Residual: 0.00288544     Constraint: 0. 
  iter = 33,   Function value: -2500.04,    Residual: 0.00288544     Constraint: 0. 
  iter = 33,   Function value: -2500.04,    Residual: 0.00162988     Constraint: 0. 
  iter = 34,   Function value: -2500.04,    Residual: 0.000922486     Constraint: 0. 
  iter = 35,   Function value: -2500.04,    Residual: 0.000922486     Constraint: 0. 
  iter = 35,   Function value: -2500.04,    Residual: 0.00322284     Constraint: 0. 
  iter = 36,   Function value: -2500.04,    Residual: 0.00322284     Constraint: 0. 
  iter = 36,   Function value: -2500.04,    Residual: 0.0023704     Constraint: 0. 
  iter = 37,   Function value: -2500.04,    Residual: 0.0023704     Constraint: 0. 
  iter = 37,   Function value: -2500.04,    Residual: 0.00505198     Constraint: 0. 
  iter = 38,   Function value: -2500.04,    Residual: 0.00505198     Constraint: 0. 
  iter = 38,   Function value: -2500.04,    Residual: 0.00972574     Constraint: 0. 
  iter = 39,   Function value: -2500.04,    Residual: 0.00972574     Constraint: 0. 
  iter = 39,   Function value: -2500.04,    Residual: 0.00813303     Constraint: 0. 
  iter = 40,   Function value: -2500.04,    Residual: 0.00813303     Constraint: 0. 
  iter = 40,   Function value: -2500.04,    Residual: 0.00717456     Constraint: 0. 
  iter = 41,   Function value: -2500.04,    Residual: 0.00857626     Constraint: 0. 
  iter = 42,   Function value: -2500.04,    Residual: 0.00857626     Constraint: 0. 
  iter = 42,   Function value: -2500.04,    Residual: 0.00857626     Constraint: 0. 
  iter = 42,   Function value: -2500.04,    Residual: 0.00683702     Constraint: 0. 
  iter = 43,   Function value: -2500.04,    Residual: 0.00683702     Constraint: 0. 
  iter = 43,   Function value: -2500.04,    Residual: 0.00711497     Constraint: 0. 
  iter = 44,   Function value: -2500.04,    Residual: 0.00711497     Constraint: 0. 
  iter = 44,   Function value: -2500.04,    Residual: 0.00351312     Constraint: 0. 
  iter = 45,   Function value: -2500.04,    Residual: 0.00559447     Constraint: 0. 
  iter = 46,   Function value: -2500.04,    Residual: 0.00559447     Constraint: 0. 
  iter = 46,   Function value: -2500.04,    Residual: 0.00489969     Constraint: 0. 
  iter = 47,   Function value: -2500.04,    Residual: 0.00489969     Constraint: 0. 
  iter = 47,   Function value: -2500.04,    Residual: 0.0038186     Constraint: 0. 
  iter = 48,   Function value: -2500.04,    Residual: 0.0038186     Constraint: 0. 
  iter = 48,   Function value: -2500.04,    Residual: 0.00564693     Constraint: 0. 
  iter = 49,   Function value: -2500.04,    Residual: 0.00564693     Constraint: 0. 
  iter = 49,   Function value: -2500.04,    Residual: 0.00355422     Constraint: 0. 
  iter = 50,   Function value: -2500.04,    Residual: 0.00355422     Constraint: 0. 
  iter = 50,   Function value: -2500.04,    Residual: 0.00355422     Constraint: 0. 
  iter = 50,   Function value: -2500.04,    Residual: 0.00268135     Constraint: 0. 
  iter = 51,   Function value: -2500.04,    Residual: 0.00285736     Constraint: 0. 
  iter = 52,   Function value: -2500.04,    Residual: 0.000352371     Constraint: 0. 
  iter = 53,   Function value: -2500.04,    Residual: 0.0016919     Constraint: 0. 
  iter = 54,   Function value: -2500.04,    Residual: 0.0016919     Constraint: 0. 
  iter = 54,   Function value: -2500.04,    Residual: 0.00208559     Constraint: 0. 
  iter = 55,   Function value: -2500.04,    Residual: 0.00208559     Constraint: 0. 
  iter = 55,   Function value: -2500.04,    Residual: 0.00158885     Constraint: 0. 
  iter = 56,   Function value: -2500.04,    Residual: 0.00158885     Constraint: 0. 
  iter = 56,   Function value: -2500.04,    Residual: 0.00790299     Constraint: 0. 
  iter = 57,   Function value: -2500.04,    Residual: 0.000505331     Constraint: 0. 
  iter = 58,   Function value: -2500.04,    Residual: 0.00360575     Constraint: 0. 
  iter = 59,   Function value: -2500.04,    Residual: 0.00178046     Constraint: 0. 
  iter = 60,   Function value: -2500.04,    Residual: 0.00170609     Constraint: 0. 
  iter = 61,   Function value: -2500.04,    Residual: 0.000267702     Constraint: 0. 
  iter = 62,   Function value: -2500.04,    Residual: 0.00284637     Constraint: 0. 
  iter = 63,   Function value: -2500.04,    Residual: 0.0126077     Constraint: 0. 
  iter = 64,   Function value: -2500.04,    Residual: 0.0126077     Constraint: 0. 
  iter = 64,   Function value: -2500.04,    Residual: 0.008789     Constraint: 0. 
  iter = 65,   Function value: -2500.04,    Residual: 0.0003937     Constraint: 0. 
  iter = 66,   Function value: -2500.04,    Residual: 0.000167271     Constraint: 0. 
  iter = 67,   Function value: -2500.04,    Residual: 0.000680385     Constraint: 0. 
  iter = 68,   Function value: -2500.04,    Residual: 0.000680385     Constraint: 0. 
  iter = 68,   Function value: -2500.04,    Residual: 0.000842761     Constraint: 0. 
  iter = 69,   Function value: -2500.04,    Residual: 0.00112745     Constraint: 0. 
  iter = 70,   Function value: -2500.04,    Residual: 0.000823999     Constraint: 0. 
  iter = 71,   Function value: -2500.04,    Residual: 0.0014401     Constraint: 0. 
  iter = 72,   Function value: -2500.04,    Residual: 0.00542673     Constraint: 0. 
  iter = 73,   Function value: -2500.04,    Residual: 0.00455167     Constraint: 0. 
  iter = 74,   Function value: -2500.04,    Residual: 0.00068129     Constraint: 0. 
  iter = 75,   Function value: -2500.04,    Residual: 0.000645236     Constraint: 0. 
  iter = 76,   Function value: -2500.04,    Residual: 0.00278753     Constraint: 0. 
  iter = 77,   Function value: -2500.04,    Residual: 0.00278753     Constraint: 0. 
  iter = 77,   Function value: -2500.04,    Residual: 0.00204742     Constraint: 0. 
  iter = 78,   Function value: -2500.04,    Residual: 0.00204742     Constraint: 0. 
  iter = 78,   Function value: -2500.04,    Residual: 0.00648406     Constraint: 0. 
  iter = 79,   Function value: -2500.04,    Residual: 0.00648406     Constraint: 0. 
  iter = 79,   Function value: -2500.04,    Residual: 0.00245344     Constraint: 0. 
  iter = 80,   Function value: -2500.04,    Residual: 0.00277109     Constraint: 0. 
  iter = 81,   Function value: -2500.04,    Residual: 0.00299968     Constraint: 0. 
  iter = 82,   Function value: -2500.04,    Residual: 0.00299968     Constraint: 0. 
  iter = 82,   Function value: -2500.04,    Residual: 0.0091287     Constraint: 0. 
  iter = 83,   Function value: -2500.04,    Residual: 0.0091287     Constraint: 0. 
  iter = 83,   Function value: -2500.04,    Residual: 0.0091287     Constraint: 0. 
  iter = 83,   Function value: -2500.04,    Residual: 0.00810755     Constraint: 0. 
  iter = 84,   Function value: -2500.04,    Residual: 0.00810755     Constraint: 0. 
  iter = 84,   Function value: -2500.04,    Residual: 0.00567501     Constraint: 0. 
  iter = 85,   Function value: -2500.04,    Residual: 0.000299827     Constraint: 0. 
  iter = 86,   Function value: -2500.04,    Residual: 0.000299827     Constraint: 0. 
  iter = 86,   Function value: -2500.04,    Residual: 0.00230993     Constraint: 0. 
  iter = 87,   Function value: -2500.04,    Residual: 0.000290063     Constraint: 0. 
  iter = 88,   Function value: -2500.04,    Residual: 0.000808399     Constraint: 0. 
  iter = 89,   Function value: -2500.04,    Residual: 2.20998e-05     Constraint: 0. 
  Multipliers updated: ||C|| <= 1.584893e-04
iter = 4, Function value: -2500.04,  Residual: 1.85718e-05   Constraint: 1.24725e-06 
Optimization completed with status CONVERGED_GATOL.