  0 TAO Function value: 0.00378251,  Residual: (not computed)   Constraint: 0. 
  Iteration information for admm_sub_0_ solve.
    0 TAO,    Function value: 0.00378251,    Residual: 0.00101179 
    1 TAO,    Function value: 0.003782,    Residual: 8.38824e-13 
  Iteration information for admm_sub_1_ solve.
    0 TAO,    Function value: 1.15133e-06,    Residual: 0.00151745 
    1 TAO,    Function value: 1.15133e-14,    Residual: 3.26303e-18 
  1 TAO Function value: 0.00378149,  Residual: 0.00101163   Constraint: 0.000505817 
  Iteration information for admm_sub_0_ solve.
    0 TAO,    Function value: 0.00378162,    Residual: 0.00151745 
    1 TAO,    Function value: 0.00378047,    Residual: 1.25808e-12 
  Iteration information for admm_sub_1_ solve.
    0 TAO,    Function value: 1.15081e-06,    Residual: 0.00151711 
    1 TAO,    Function value: 4.60427e-14,    Residual: 2.42763e-19 
  2 TAO Function value: 0.00377996,  Residual: 0.0010114   Constraint: 0.000505702 
  Iteration information for admm_sub_0_ solve.
    0 TAO,    Function value: 0.00378008,    Residual: 0.00151711 
    1 TAO,    Function value: 0.00377893,    Residual: 1.25784e-12 
  Iteration information for admm_sub_1_ solve.
    0 TAO,    Function value: 1.15029e-06,    Residual: 0.00151677 
    1 TAO,    Function value: 1.03573e-13,    Residual: 3.98228e-18 
  3 TAO Function value: 0.00377842,  Residual: 0.00101118   Constraint: 0.000505588 
  Iteration information for admm_sub_0_ solve.
    0 TAO,    Function value: 0.00377842,    Residual: 0.00101118 
    1 TAO,    Function value: 6.62577e-05,    Residual: 6.16814e-09 
  Iteration information for admm_sub_1_ solve.
    0 TAO,    Function value: 6.29166e-05,    Residual: 1.24227e-05 
    1 TAO,    Function value: 5.09199e-07,    Residual: 3.04903e-20 
  4 TAO Function value: 5.84077e-06,  Residual: 1.21229e-05   Constraint: 0.0805989 
  Iteration information for admm_sub_0_ solve.
    0 TAO,    Function value: 5.34379e-06,    Residual: 1.22218e-05 
    1 TAO,    Function value: 1.03263e-06,    Residual: 7.85534e-11 
  Iteration information for admm_sub_1_ solve.
    0 TAO,    Function value: 1.22751e-06,    Residual: 1.26704e-06 
    1 TAO,    Function value: 5.78301e-07,    Residual: 3.6867e-21 
  5 TAO Function value: 9.05085e-07,  Residual: 1.23646e-06   Constraint: 0.0082206 
  Iteration information for admm_sub_0_ solve.
    0 TAO,    Function value: 3.37155e-07,    Residual: 1.2448e-06 
    1 TAO,    Function value: 1.78468e-07,    Residual: 1.09861e-11 
  Iteration information for admm_sub_1_ solve.
    0 TAO,    Function value: 6.39791e-07,    Residual: 3.08161e-07 
    1 TAO,    Function value: 5.93405e-07,    Residual: 7.48464e-22 
  6 TAO Function value: 7.01829e-07,  Residual: 2.99189e-07   Constraint: 0.00291203 
  Iteration information for admm_sub_0_ solve.
    0 TAO,    Function value: 1.20023e-07,    Residual: 3.0214e-07 
    1 TAO,    Function value: 1.0001e-07,    Residual: 2.52506e-12 
  Iteration information for admm_sub_1_ solve.
    0 TAO,    Function value: 6.089e-07,    Residual: 1.56711e-07 
    1 TAO,    Function value: 5.96904e-07,    Residual: 5.23837e-22 
  7 TAO Function value: 6.70286e-07,  Residual: 1.52148e-07   Constraint: 0.00148088 
  Iteration information for admm_sub_0_ solve.
    0 TAO,    Function value: 1.12621e-07,    Residual: 1.52411e-07 
    1 TAO,    Function value: 8.63007e-08,    Residual: 1.26872e-12 
  Iteration information for admm_sub_1_ solve.
    0 TAO,    Function value: 6.44986e-07,    Residual: 7.728e-08 
    1 TAO,    Function value: 6.29012e-07,    Residual: 1.55266e-22 
  8 TAO Function value: 6.31102e-07,  Residual: 6.53198e-08   Constraint: 0.0208662 
  Iteration information for admm_sub_0_ solve.
    0 TAO,    Function value: 6.94281e-08,    Residual: 6.90117e-08 
    1 TAO,    Function value: 6.14865e-08,    Residual: 6.33643e-13 
  Iteration information for admm_sub_1_ solve.
    0 TAO,    Function value: 6.36511e-07,    Residual: 4.32397e-08 
    1 TAO,    Function value: 6.3151e-07,    Residual: 1.40026e-22 
  9 TAO Function value: 6.19172e-07,  Residual: 3.65477e-08   Constraint: 0.011675 
  Iteration information for admm_sub_0_ solve.
    0 TAO,    Function value: 1.49109e-07,    Residual: 3.70943e-08 
    1 TAO,    Function value: 1.43114e-07,    Residual: 3.62438e-13 
  Iteration information for admm_sub_1_ solve.
    0 TAO,    Function value: 7.34971e-07,    Residual: 2.25713e-08 
    1 TAO,    Function value: 7.30488e-07,    Residual: 3.02002e-23 
 10 TAO Function value: 6.11009e-07,  Residual: 1.20525e-08   Constraint: 0.0549779 
  Iteration information for admm_sub_0_ solve.
    0 TAO,    Function value: 1.37709e-07,    Residual: 1.46267e-08 
    1 TAO,    Function value: 1.36432e-07,    Residual: 1.31111e-13 
  Iteration information for admm_sub_1_ solve.
    0 TAO,    Function value: 7.32941e-07,    Residual: 8.65237e-09 
 11 TAO Function value: 6.10535e-07,  Residual: 9.00894e-09   Constraint: 0.131198 
  Iteration information for admm_sub_0_ solve.
    0 TAO,    Function value: 1.82622e-07,    Residual: 7.1424e-09 
  Iteration information for admm_sub_1_ solve.
    0 TAO,    Function value: 7.81427e-07,    Residual: 1.78534e-08 
    1 TAO,    Function value: 7.77909e-07,    Residual: 2.7627e-23 
 12 TAO Function value: 6.09141e-07,  Residual: 2.20282e-09   Constraint: 0.262808 
  Iteration information for admm_sub_0_ solve.
    0 TAO,    Function value: 1.75805e-07,    Residual: 1.14832e-08 
    1 TAO,    Function value: 1.74632e-07,    Residual: 1.12064e-13 
  Iteration information for admm_sub_1_ solve.
    0 TAO,    Function value: 7.76282e-07,    Residual: 5.30394e-09 
 13 TAO Function value: 6.09487e-07,  Residual: 5.92165e-09   Constraint: 0.0756295 
  Iteration information for admm_sub_0_ solve.
    0 TAO,    Function value: 3.37843e-07,    Residual: 3.99081e-09 
  Iteration information for admm_sub_1_ solve.
    0 TAO,    Function value: 9.39779e-07,    Residual: 7.88324e-09 
 14 TAO Function value: 6.09682e-07,  Residual: 9.45075e-09   Constraint: 0.0756295 
  Iteration information for admm_sub_0_ solve.
    0 TAO,    Function value: 3.37048e-07,    Residual: 6.57012e-09 
  Iteration information for admm_sub_1_ solve.
    0 TAO,    Function value: 9.39158e-07,    Residual: 1.04625e-08 
    1 TAO,    Function value: 9.372e-07,    Residual: 1.76603e-23 
 15 TAO Function value: 6.08669e-07,  Residual: 1.07269e-09   Constraint: 0.298705 
  Iteration information for admm_sub_0_ solve.
    0 TAO,    Function value: 3.42902e-07,    Residual: 4.28898e-09 
  Iteration information for admm_sub_1_ solve.
    0 TAO,    Function value: 9.43368e-07,    Residual: 8.04251e-09 
 16 TAO Function value: 6.11071e-07,  Residual: 1.06424e-08   Constraint: 0.298705 
  Iteration information for admm_sub_0_ solve.
    0 TAO,    Function value: 3.51473e-07,    Residual: 1.23315e-08 
    1 TAO,    Function value: 3.50116e-07,    Residual: 1.20394e-13 
  Iteration information for admm_sub_1_ solve.
    0 TAO,    Function value: 9.45946e-07,    Residual: 1.0358e-08 
    1 TAO,    Function value: 9.44027e-07,    Residual: 1.86986e-23 
 17 TAO Function value: 6.0943e-07,  Residual: 5.85219e-09   Constraint: 0.284879 
  Iteration information for admm_sub_0_ solve.
    0 TAO,    Function value: 2.53742e-07,    Residual: 1.27505e-08 
    1 TAO,    Function value: 2.52485e-07,    Residual: 1.1448e-13 
  Iteration information for admm_sub_1_ solve.
    0 TAO,    Function value: 8.54012e-07,    Residual: 4.02938e-09 
 18 TAO Function value: 6.09436e-07,  Residual: 4.35976e-09   Constraint: 0.0973477 
  Iteration information for admm_sub_0_ solve.
    0 TAO,    Function value: 2.51027e-07,    Residual: 4.02938e-09 
  Iteration information for admm_sub_1_ solve.
    0 TAO,    Function value: 8.52831e-07,    Residual: 8.05877e-09 
 19 TAO Function value: 6.09828e-07,  Residual: 9.86749e-09   Constraint: 0.0973477 
  Iteration information for admm_sub_0_ solve.
    0 TAO,    Function value: 1.24473e-07,    Residual: 1.05254e-08 
    1 TAO,    Function value: 1.23957e-07,    Residual: 8.98862e-14 
  Iteration information for admm_sub_1_ solve.
    0 TAO,    Function value: 7.26983e-07,    Residual: 8.21143e-09 
 20 TAO Function value: 6.09575e-07,  Residual: 8.25958e-09   Constraint: 0.0199376 
relative reconstruction error: ||x-xGT||/||xGT|| = 4.3168e-01.
