
---- Journal Bearing Problem SHB-----
mx: 8,  my: 12,  ecc: 0.1 

  0 TAO,  Function value: 0.,  Residual: 1.11613 
  1 TAO,  Function value: -0.148934,  Residual: 0.469316 
  2 TAO,  Function value: -0.154772,  Residual: 0.404055 
  3 TAO,  Function value: -0.165057,  Residual: 0.386616 
  4 TAO,  Function value: -0.176314,  Residual: 0.16391 
  5 TAO,  Function value: -0.179311,  Residual: 0.19848 
  6 TAO,  Function value: -0.181609,  Residual: 0.0843201 
  7 TAO,  Function value: -0.181872,  Residual: 0.1189 
  8 TAO,  Function value: -0.182903,  Residual: 0.0651934 
  9 TAO,  Function value: -0.183134,  Residual: 0.0372558 
 10 TAO,  Function value: -0.183297,  Residual: 0.0324347 
 11 TAO,  Function value: -0.183384,  Residual: 0.0166226 
 12 TAO,  Function value: -0.183394,  Residual: 0.0127768 
 13 TAO,  Function value: -0.18342,  Residual: 0.00912352 
 14 TAO,  Function value: -0.183424,  Residual: 0.0107974 
 15 TAO,  Function value: -0.183425,  Residual: 0.0114952 
 16 TAO,  Function value: -0.183429,  Residual: 0.00821326 
 17 TAO,  Function value: -0.183431,  Residual: 0.00595121 
 18 TAO,  Function value: -0.183432,  Residual: 0.00599772 
 19 TAO,  Function value: -0.183435,  Residual: 0.00345673 
 20 TAO,  Function value: -0.183435,  Residual: 0.00466648 
 21 TAO,  Function value: -0.183437,  Residual: 0.00241074 
 22 TAO,  Function value: -0.183437,  Residual: 0.00155034 
 23 TAO,  Function value: -0.183437,  Residual: 0.00128531 
 24 TAO,  Function value: -0.183437,  Residual: 0.00125269 
 25 TAO,  Function value: -0.183437,  Residual: 0.00100765 
 26 TAO,  Function value: -0.183437,  Residual: 0.00058644 
 27 TAO,  Function value: -0.183437,  Residual: 0.00038013 
 28 TAO,  Function value: -0.183437,  Residual: 0.00043795 
 29 TAO,  Function value: -0.183437,  Residual: 0.000383782 
 30 TAO,  Function value: -0.183437,  Residual: 0.000317258 
 31 TAO,  Function value: -0.183437,  Residual: 0.000255952 
 32 TAO,  Function value: -0.183437,  Residual: 0.000240811 
 33 TAO,  Function value: -0.183437,  Residual: 0.000225473 
 34 TAO,  Function value: -0.183437,  Residual: 0.000108266 
 35 TAO,  Function value: -0.183437,  Residual: 0.000143258 
 36 TAO,  Function value: -0.183437,  Residual: 0.000109698 
 37 TAO,  Function value: -0.183437,  Residual: 9.99199e-05 
