
---- Journal Bearing Problem SHB-----
mx: 8,  my: 12,  ecc: 0.1

  0 TAO,  Function value: 0.,  Residual: 1.11613
  0 TAO,  Function value: -0.146978,  Residual: 0.424351
  1 TAO,  Function value: -0.183437,  Residual: 1.34258e-06
Tao Object: 1 MPI process
  type: bntl
    Tao Object: (tao_bnk_cg_) 1 MPI process
      type: bncg
        CG Type: ssml_bfgs
        Skipped Stepdirection Updates: 0
        Scaled gradient steps: 0
        Pure gradient steps: 0
        Not a descent direction: 0
        Line search fails: 0
        Matrix has not been preallocated yet
      Objective function:
        Scale (tao_objective_scale): 1.
        Function:
          TaoTerm Object: (tao_bnk_cg_callbacks_) 1 MPI process
            type: callbacks
            solution vector space: N = 96 [VecType seq (tao_term_solution_vec_type)]
            parameter vector space: (none)
            Hessian MatType (tao_term_hessian_mat_type): (undefined)
            attached to Tao [name omitted] (tao_bnk_cg_)
            The following methods have been set: (none)
        Map: unmapped
      TaoLineSearch Object: (tao_bnk_cg_) 1 MPI process
        type: more-thuente
        maximum function evaluations=30
        tolerances: ftol=0.0001, rtol=1e-10, gtol=0.9
        total number of function evaluations=0
        total number of gradient evaluations=0
        total number of function/gradient evaluations=0
        Termination reason: CONTINUE_ITERATING
      Active Set subset type: subvec
      convergence tolerances: gatol=1e-08,       grtol=1e-08,       steptol=0.,       gttol=0.
      Residual in Function/Gradient:=0.
      Objective value=0.
      total number of iterations=0,                              (max: 2000)
      Solver never run
    Rejected BFGS updates: 0
    CG steps: 0
    Newton steps: 1
    BFGS steps: 0
    Scaled gradient steps: 0
    Gradient steps: 0
    KSP termination reasons:
      atol: 0
      rtol: 1
      ctol: 0
      negc: 0
      dtol: 0
      iter: 0
      othr: 0
  Objective function:
    Scale (tao_objective_scale): 1.
    Function:
      TaoTerm Object: 1 MPI process
        type: sum
        solution vector space: N = 96 [VecType seq (tao_term_solution_vec_type)]
        parameter vector space: (optional) K = 192 [VecType nest (tao_term_parameters_vec_type)]
        Hessian MatType (tao_term_hessian_mat_type): aij
        Sum of 3 terms:
          Summand 0:
            Scale (tao_term_sum_callbacks_scale): 1.
            Term:
              TaoTerm Object: (callbacks_) 1 MPI process
                type: callbacks
                solution vector space: N = 96 [VecType seq (tao_term_solution_vec_type)]
                parameter vector space: (none)
                Hessian MatType (tao_term_hessian_mat_type): seqaij
                attached to Tao [name omitted]
                The following methods have been set: objectiveandgradient, hessian,
                total number of function/gradient evaluations=9
                total number of Hessian evaluations=2
            Map: unmapped
          Summand 1:
            Scale (tao_term_sum_first_scale): 1.1
            Term:
              TaoTerm Object: (first_) 1 MPI process
                type: halfl2squared
                solution vector space: N = 96 [VecType seq (tao_term_solution_vec_type)]
                parameter vector space: (optional) K = 96 [VecType seq (tao_term_parameters_vec_type)]
                Hessian MatType (tao_term_hessian_mat_type): diagonal
                total number of function evaluations=6
                total number of gradient evaluations=2
                total number of function/gradient evaluations=1
                total number of Hessian evaluations=2
            Map: unmapped
          Summand 2:
            Scale (tao_term_sum_second_scale): -1.1
            Term:
              TaoTerm Object: (second_) 1 MPI process
                type: halfl2squared
                solution vector space: N = 96 [VecType seq (tao_term_solution_vec_type)]
                parameter vector space: (optional) K = 96 [VecType seq (tao_term_parameters_vec_type)]
                Hessian MatType (tao_term_hessian_mat_type): diagonal
                total number of function evaluations=6
                total number of gradient evaluations=2
                total number of function/gradient evaluations=1
                total number of Hessian evaluations=2
            Map: unmapped
        total number of function evaluations=6
        total number of gradient evaluations=2
        total number of function/gradient evaluations=1
        total number of Hessian evaluations=2
    Map: unmapped
  TaoLineSearch Object: 1 MPI process
    type: more-thuente
    maximum function evaluations=30
    tolerances: ftol=0.0001, rtol=1e-10, gtol=0.9
    total number of function evaluations=0
    total number of gradient evaluations=0
    total number of function/gradient evaluations=0
    using variable bounds
    Termination reason: CONTINUE_ITERATING
  KSP Object: (tao_bnk_) 1 MPI process
    type: stcg
    maximum iterations=10000, initial guess is zero
    tolerances: relative=1e-05, absolute=1e-50, divergence=10000.
    left preconditioning
    using UNPRECONDITIONED norm type for convergence test
  PC Object: (tao_bnk_) 1 MPI process
    type: lmvm
    Mat Object: (tao_bnk_pc_lmvm_) 1 MPI process
      type: lmvmbfgs
      rows=96, cols=96
        Max. storage: 5
        Used storage: 1
        Number of updates: 1
        Number of rejects: 0
        Number of resets: 0
        J0:
          Mat Object: (tao_bnk_pc_lmvm_mat_lmvm_J0_) 1 MPI process
            type: diagonal
            rows=96, cols=96
              Vec Object: 1 MPI process
                type: seq
        Rescale type: diagonal
        Rescale history: 1
        Rescale params: alpha=1., beta=0.5, rho=1.
        Rescale convex factor: theta=0.125
    linear system matrix, which is also used to construct the preconditioner:
    Mat Object: 1 MPI process
      type: seqaij
      rows=60, cols=60
      total: nonzeros=266, allocated nonzeros=266
      total number of mallocs used during MatSetValues calls=0
        not using I-node routines
  total KSP iterations: 18
  Active Set subset type: subvec
  convergence tolerances: gatol=1e-05,   grtol=1e-08,   steptol=0.,   gttol=0.
  Residual in Function/Gradient:=1.34258e-06
  Objective value=-0.183437
  total number of iterations=1,                          (max: 50)
  total number of function evaluations=6,                  (max: unlimited)
  total number of gradient evaluations=2,                  (max: unlimited)
  total number of function/gradient evaluations=1,      (max: unlimited)
  total number of Hessian evaluations=2
  Solution converged:    ||g(X)|| <= gatol
