
---- Journal Bearing Problem SHB-----
mx: 8,  my: 12,  ecc: 0.1

  0 TAO,  Function value: 0.,  Residual: 0.558092
  1 TAO,  Function value: -0.183437,  Residual: 2.22194e-07
Tao Object: 1 MPI process
  type: tron
  Total PG its: 3,  PG tolerance: 0.001
  Objective function:
    Scale (tao_objective_scale): 1.
    Function:
      TaoTerm Object: 1 MPI process
        type: sum
        solution vector space: N = 96 [VecType seq (tao_term_solution_vec_type)]
        parameter vector space: (optional) K = 192 [VecType nest (tao_term_parameters_vec_type)]
        Hessian MatType (tao_term_hessian_mat_type): aij
        Sum of 3 terms:
          Summand 0:
            Scale (tao_term_sum_callbacks_scale): 1.
            Term:
              TaoTerm Object: (callbacks_) 1 MPI process
                type: callbacks
                solution vector space: N = 96 [VecType seq (tao_term_solution_vec_type)]
                parameter vector space: (none)
                Hessian MatType (tao_term_hessian_mat_type): seqaij
                attached to Tao [name omitted]
                The following methods have been set: objectiveandgradient, hessian,
                total number of function/gradient evaluations=7
                total number of Hessian evaluations=1
            Map: unmapped
          Summand 1:
            Scale (tao_term_sum_first_scale): 1.1
            Term:
              TaoTerm Object: (first_) 1 MPI process
                type: halfl2squared
                solution vector space: N = 96 [VecType seq (tao_term_solution_vec_type)]
                parameter vector space: (optional) K = 96 [VecType seq (tao_term_parameters_vec_type)]
                Hessian MatType (tao_term_hessian_mat_type): diagonal
                total number of function/gradient evaluations=7
                total number of Hessian evaluations=1
            Map: unmapped
          Summand 2:
            Scale (tao_term_sum_second_scale): -1.1
            Term:
              TaoTerm Object: (second_) 1 MPI process
                type: halfl2squared
                solution vector space: N = 96 [VecType seq (tao_term_solution_vec_type)]
                parameter vector space: (optional) K = 96 [VecType seq (tao_term_parameters_vec_type)]
                Hessian MatType (tao_term_hessian_mat_type): diagonal
                total number of function/gradient evaluations=7
                total number of Hessian evaluations=1
            Map: unmapped
        total number of function/gradient evaluations=7
        total number of Hessian evaluations=1
    Map: unmapped
  TaoLineSearch Object: 1 MPI process
    type: more-thuente
    maximum function evaluations=30
    tolerances: ftol=0.0001, rtol=1e-10, gtol=0.9
    total number of function evaluations=0
    total number of gradient evaluations=0
    total number of function/gradient evaluations=1
    using variable bounds
    Termination reason: SUCCESS
  KSP Object: 1 MPI process
    type: stcg
    maximum iterations=10000, initial guess is zero
    tolerances: relative=1e-05, absolute=1e-50, divergence=10000.
    left preconditioning
    using UNPRECONDITIONED norm type for convergence test
  PC Object: 1 MPI process
    type: ilu
      out-of-place factorization
      0 levels of fill
      tolerance for zero pivot 2.22045e-14
      matrix ordering: natural
      factor fill ratio given 1., needed 1.
        Factored matrix:
          Mat Object: 1 MPI process
            type: seqaij
            rows=60, cols=60
            package used to perform factorization: petsc
            total: nonzeros=266, allocated nonzeros=266
              not using I-node routines
    linear system matrix, which is also used to construct the preconditioner:
    Mat Object: 1 MPI process
      type: seqaij
      rows=60, cols=60
      total: nonzeros=266, allocated nonzeros=266
      total number of mallocs used during MatSetValues calls=0
        not using I-node routines
  total KSP iterations: 6
  Active Set subset type: subvec
  convergence tolerances: gatol=1e-05,   grtol=1e-08,   steptol=0.,   gttol=0.
  Residual in Function/Gradient:=2.22194e-07
  Objective value=-0.183437
  total number of iterations=1,                          (max: 50)
  total number of function/gradient evaluations=7,      (max: unlimited)
  total number of Hessian evaluations=1
  Solution converged:    ||g(X)|| <= gatol
