  1 TAO,  Function value: 0.553358,  Residual: 0.440014 
  2 TAO,  Function value: 0.486329,  Residual: 0.250818 
  3 TAO,  Function value: 0.451376,  Residual: 0.148018 
  4 TAO,  Function value: 0.434239,  Residual: 0.0825758 
  5 TAO,  Function value: 0.425312,  Residual: 0.0464329 
  6 TAO,  Function value: 0.420494,  Residual: 0.0273192 
  7 TAO,  Function value: 0.418897,  Residual: 0.014339 
  8 TAO,  Function value: 0.419337,  Residual: 0.0168827 
  9 TAO,  Function value: 0.418519,  Residual: 0.0296884 
 10 TAO,  Function value: 0.418379,  Residual: 0.0114493 
 11 TAO,  Function value: 0.418322,  Residual: 0.00561612 
 12 TAO,  Function value: 0.418255,  Residual: 0.00450996 
 13 TAO,  Function value: 0.41816,  Residual: 0.00425508 
 14 TAO,  Function value: 0.418033,  Residual: 0.00391256 
 15 TAO,  Function value: 0.417875,  Residual: 0.00348448 
 16 TAO,  Function value: 0.417829,  Residual: 0.00242863 
 17 TAO,  Function value: 0.417764,  Residual: 0.00841952 
 18 TAO,  Function value: 0.417745,  Residual: 0.0040095 
 19 TAO,  Function value: 0.417741,  Residual: 0.00152028 
 20 TAO,  Function value: 0.417735,  Residual: 0.0013553 
 21 TAO,  Function value: 0.417726,  Residual: 0.00129015 
 22 TAO,  Function value: 0.417714,  Residual: 0.00119364 
 23 TAO,  Function value: 0.4177,  Residual: 0.00105569 
 24 TAO,  Function value: 0.417702,  Residual: 0.00101182 
 25 TAO,  Function value: 0.417689,  Residual: 0.0034539 
 26 TAO,  Function value: 0.417688,  Residual: 0.000664191 
 27 TAO,  Function value: 0.417687,  Residual: 0.00064031 
 28 TAO,  Function value: 0.417685,  Residual: 0.00061363 
 29 TAO,  Function value: 0.417682,  Residual: 0.000573847 
 30 TAO,  Function value: 0.417679,  Residual: 0.000514616 
 31 TAO,  Function value: 0.417676,  Residual: 0.000430611 
 32 TAO,  Function value: 0.417679,  Residual: 0.00041548 
 33 TAO,  Function value: 0.417674,  Residual: 0.00225171 
 34 TAO,  Function value: 0.417674,  Residual: 0.000518592 
 35 TAO,  Function value: 0.417674,  Residual: 0.000241461 
 36 TAO,  Function value: 0.417673,  Residual: 0.000220845 
 37 TAO,  Function value: 0.417673,  Residual: 0.000210014 
 38 TAO,  Function value: 0.417673,  Residual: 0.000194825 
 39 TAO,  Function value: 0.417673,  Residual: 0.000190754 
 40 TAO,  Function value: 0.417673,  Residual: 0.000432497 
 41 TAO,  Function value: 0.417672,  Residual: 0.000156357 
 42 TAO,  Function value: 0.417672,  Residual: 0.000136173 
 43 TAO,  Function value: 0.417672,  Residual: 0.000129817 
 44 TAO,  Function value: 0.417672,  Residual: 0.00012158 
 45 TAO,  Function value: 0.417672,  Residual: 0.000119149 
 46 TAO,  Function value: 0.417672,  Residual: 0.000237205 
 47 TAO,  Function value: 0.417672,  Residual: 0.000105414 
 48 TAO,  Function value: 0.417672,  Residual: 8.73939e-05 
 49 TAO,  Function value: 0.417672,  Residual: 8.39647e-05 
 50 TAO,  Function value: 0.417672,  Residual: 7.906e-05 
 51 TAO,  Function value: 0.417672,  Residual: 7.20318e-05 
 52 TAO,  Function value: 0.417672,  Residual: 7.11229e-05 
 53 TAO,  Function value: 0.417672,  Residual: 0.000205055 
 54 TAO,  Function value: 0.417672,  Residual: 4.98752e-05 
 55 TAO,  Function value: 0.417672,  Residual: 4.82156e-05 
 56 TAO,  Function value: 0.417672,  Residual: 4.62628e-05 
 57 TAO,  Function value: 0.417672,  Residual: 4.33429e-05 
 58 TAO,  Function value: 0.417672,  Residual: 3.89933e-05 
 59 TAO,  Function value: 0.417672,  Residual: 3.35547e-05 
 60 TAO,  Function value: 0.417672,  Residual: 7.66737e-05 
 61 TAO,  Function value: 0.417672,  Residual: 9.40476e-05 
 62 TAO,  Function value: 0.417672,  Residual: 3.70952e-05 
 63 TAO,  Function value: 0.417672,  Residual: 2.29876e-05 
 64 TAO,  Function value: 0.417672,  Residual: 2.13647e-05 
 65 TAO,  Function value: 0.417672,  Residual: 2.04189e-05 
 66 TAO,  Function value: 0.417672,  Residual: 1.90102e-05 
 67 TAO,  Function value: 0.417672,  Residual: 1.73762e-05 
 68 TAO,  Function value: 0.417672,  Residual: 3.10826e-05 
 69 TAO,  Function value: 0.417672,  Residual: 3.41589e-05 
 70 TAO,  Function value: 0.417672,  Residual: 1.53513e-05 
 71 TAO,  Function value: 0.417672,  Residual: 1.25978e-05 
 72 TAO,  Function value: 0.417672,  Residual: 1.21533e-05 
 73 TAO,  Function value: 0.417672,  Residual: 1.15715e-05 
 74 TAO,  Function value: 0.417672,  Residual: 1.07007e-05 
 75 TAO,  Function value: 0.417672,  Residual: 9.72846e-06 
 76 TAO,  Function value: 0.417672,  Residual: 2.03857e-05 
 77 TAO,  Function value: 0.417672,  Residual: 1.93164e-05 
 78 TAO,  Function value: 0.417672,  Residual: 8.49643e-06 
 79 TAO,  Function value: 0.417672,  Residual: 6.91647e-06 
 80 TAO,  Function value: 0.417672,  Residual: 6.67751e-06 
 81 TAO,  Function value: 0.417672,  Residual: 6.35832e-06 
 82 TAO,  Function value: 0.417672,  Residual: 5.88236e-06 
 83 TAO,  Function value: 0.417672,  Residual: 5.40109e-06 
 84 TAO,  Function value: 0.417672,  Residual: 1.27373e-05 
 85 TAO,  Function value: 0.417672,  Residual: 9.65742e-06 
 86 TAO,  Function value: 0.417672,  Residual: 4.39285e-06 
 87 TAO,  Function value: 0.417672,  Residual: 3.81063e-06 
 88 TAO,  Function value: 0.417672,  Residual: 3.68614e-06 
 89 TAO,  Function value: 0.417672,  Residual: 3.50094e-06 
 90 TAO,  Function value: 0.417672,  Residual: 3.22284e-06 
 91 TAO,  Function value: 0.417672,  Residual: 2.90363e-06 
 92 TAO,  Function value: 0.417672,  Residual: 6.49358e-06 
 93 TAO,  Function value: 0.417672,  Residual: 6.48323e-06 
 94 TAO,  Function value: 0.417672,  Residual: 2.71653e-06 
 95 TAO,  Function value: 0.417672,  Residual: 2.06943e-06 
 96 TAO,  Function value: 0.417672,  Residual: 1.99399e-06 
 97 TAO,  Function value: 0.417672,  Residual: 1.90771e-06 
 98 TAO,  Function value: 0.417672,  Residual: 1.77959e-06 
 99 TAO,  Function value: 0.417672,  Residual: 1.65906e-06 
100 TAO,  Function value: 0.417672,  Residual: 3.84461e-06 
TAO solve did not converge due to DIVERGED_MAXITS iteration 100
