  1 TAO,  Function value: 0.553358,  Residual: 0.440014 
  2 TAO,  Function value: 0.486329,  Residual: 0.250818 
  3 TAO,  Function value: 0.451376,  Residual: 0.148018 
  4 TAO,  Function value: 0.434239,  Residual: 0.0825758 
  5 TAO,  Function value: 0.425312,  Residual: 0.0464329 
  6 TAO,  Function value: 0.420494,  Residual: 0.0273192 
  7 TAO,  Function value: 0.418897,  Residual: 0.014339 
  8 TAO,  Function value: 0.419337,  Residual: 0.0168827 
  9 TAO,  Function value: 0.418519,  Residual: 0.0296884 
 10 TAO,  Function value: 0.418379,  Residual: 0.0114493 
 11 TAO,  Function value: 0.418322,  Residual: 0.00561612 
 12 TAO,  Function value: 0.418255,  Residual: 0.00450996 
 13 TAO,  Function value: 0.41816,  Residual: 0.00425508 
 14 TAO,  Function value: 0.418033,  Residual: 0.00391256 
 15 TAO,  Function value: 0.417875,  Residual: 0.00348448 
 16 TAO,  Function value: 0.417829,  Residual: 0.00242863 
 17 TAO,  Function value: 0.417764,  Residual: 0.00841952 
 18 TAO,  Function value: 0.417745,  Residual: 0.0040095 
 19 TAO,  Function value: 0.417741,  Residual: 0.00152028 
 20 TAO,  Function value: 0.417735,  Residual: 0.0013553 
 21 TAO,  Function value: 0.417726,  Residual: 0.00129015 
 22 TAO,  Function value: 0.417714,  Residual: 0.00119364 
 23 TAO,  Function value: 0.4177,  Residual: 0.00105569 
 24 TAO,  Function value: 0.417702,  Residual: 0.00101182 
 25 TAO,  Function value: 0.417689,  Residual: 0.0034539 
 26 TAO,  Function value: 0.417688,  Residual: 0.000664191 
 27 TAO,  Function value: 0.417687,  Residual: 0.00064031 
 28 TAO,  Function value: 0.417685,  Residual: 0.00061363 
 29 TAO,  Function value: 0.417682,  Residual: 0.000573847 
 30 TAO,  Function value: 0.417679,  Residual: 0.000514616 
 31 TAO,  Function value: 0.417676,  Residual: 0.000430611 
 32 TAO,  Function value: 0.417679,  Residual: 0.00041548 
 33 TAO,  Function value: 0.417674,  Residual: 0.00225171 
 34 TAO,  Function value: 0.417674,  Residual: 0.000518592 
 35 TAO,  Function value: 0.417674,  Residual: 0.000241461 
 36 TAO,  Function value: 0.417673,  Residual: 0.000220845 
 37 TAO,  Function value: 0.417673,  Residual: 0.000210014 
 38 TAO,  Function value: 0.417673,  Residual: 0.000194825 
 39 TAO,  Function value: 0.417673,  Residual: 0.000190754 
 40 TAO,  Function value: 0.417673,  Residual: 0.000432497 
 41 TAO,  Function value: 0.417672,  Residual: 0.000156357 
 42 TAO,  Function value: 0.417672,  Residual: 0.000136173 
 43 TAO,  Function value: 0.417672,  Residual: 0.000129817 
 44 TAO,  Function value: 0.417672,  Residual: 0.00012158 
 45 TAO,  Function value: 0.417672,  Residual: 0.000119149 
 46 TAO,  Function value: 0.417672,  Residual: 0.000237205 
 47 TAO,  Function value: 0.417672,  Residual: 0.000105414 
 48 TAO,  Function value: 0.417672,  Residual: 8.73939e-05 
 49 TAO,  Function value: 0.417672,  Residual: 8.39647e-05 
 50 TAO,  Function value: 0.417672,  Residual: 7.906e-05 
 51 TAO,  Function value: 0.417672,  Residual: 7.20318e-05 
 52 TAO,  Function value: 0.417672,  Residual: 7.11229e-05 
 53 TAO,  Function value: 0.417672,  Residual: 0.000205055 
 54 TAO,  Function value: 0.417672,  Residual: 4.98752e-05 
 55 TAO,  Function value: 0.417672,  Residual: 4.82156e-05 
 56 TAO,  Function value: 0.417672,  Residual: 4.62628e-05 
 57 TAO,  Function value: 0.417672,  Residual: 4.33428e-05 
 58 TAO,  Function value: 0.417672,  Residual: 3.89933e-05 
 59 TAO,  Function value: 0.417672,  Residual: 3.35547e-05 
 60 TAO,  Function value: 0.417672,  Residual: 7.66748e-05 
 61 TAO,  Function value: 0.417672,  Residual: 9.40465e-05 
 62 TAO,  Function value: 0.417672,  Residual: 3.70947e-05 
 63 TAO,  Function value: 0.417672,  Residual: 2.29875e-05 
 64 TAO,  Function value: 0.417672,  Residual: 2.13647e-05 
 65 TAO,  Function value: 0.417672,  Residual: 2.04189e-05 
 66 TAO,  Function value: 0.417672,  Residual: 1.90101e-05 
 67 TAO,  Function value: 0.417672,  Residual: 1.73762e-05 
 68 TAO,  Function value: 0.417672,  Residual: 3.10841e-05 
 69 TAO,  Function value: 0.417672,  Residual: 3.41576e-05 
 70 TAO,  Function value: 0.417672,  Residual: 1.5351e-05 
 71 TAO,  Function value: 0.417672,  Residual: 1.25977e-05 
 72 TAO,  Function value: 0.417672,  Residual: 1.21533e-05 
 73 TAO,  Function value: 0.417672,  Residual: 1.15715e-05 
 74 TAO,  Function value: 0.417672,  Residual: 1.07007e-05 
 75 TAO,  Function value: 0.417672,  Residual: 9.72842e-06 
 76 TAO,  Function value: 0.417672,  Residual: 2.03867e-05 
 77 TAO,  Function value: 0.417672,  Residual: 1.93159e-05 
 78 TAO,  Function value: 0.417672,  Residual: 8.49623e-06 
 79 TAO,  Function value: 0.417672,  Residual: 6.91639e-06 
 80 TAO,  Function value: 0.417672,  Residual: 6.67744e-06 
 81 TAO,  Function value: 0.417672,  Residual: 6.35825e-06 
 82 TAO,  Function value: 0.417672,  Residual: 5.88229e-06 
 83 TAO,  Function value: 0.417672,  Residual: 5.40103e-06 
 84 TAO,  Function value: 0.417672,  Residual: 1.27378e-05 
 85 TAO,  Function value: 0.417672,  Residual: 9.65705e-06 
 86 TAO,  Function value: 0.417672,  Residual: 4.3927e-06 
 87 TAO,  Function value: 0.417672,  Residual: 3.81055e-06 
 88 TAO,  Function value: 0.417672,  Residual: 3.68606e-06 
 89 TAO,  Function value: 0.417672,  Residual: 3.50086e-06 
 90 TAO,  Function value: 0.417672,  Residual: 3.22276e-06 
 91 TAO,  Function value: 0.417672,  Residual: 2.90353e-06 
 92 TAO,  Function value: 0.417672,  Residual: 6.4928e-06 
 93 TAO,  Function value: 0.417672,  Residual: 6.48389e-06 
 94 TAO,  Function value: 0.417672,  Residual: 2.71673e-06 
 95 TAO,  Function value: 0.417672,  Residual: 2.06937e-06 
 96 TAO,  Function value: 0.417672,  Residual: 1.99392e-06 
 97 TAO,  Function value: 0.417672,  Residual: 1.90765e-06 
 98 TAO,  Function value: 0.417672,  Residual: 1.77954e-06 
 99 TAO,  Function value: 0.417672,  Residual: 1.65901e-06 
100 TAO,  Function value: 0.417672,  Residual: 3.84368e-06 
101 TAO,  Function value: 0.417672,  Residual: 2.84117e-06 
102 TAO,  Function value: 0.417672,  Residual: 1.35205e-06 
103 TAO,  Function value: 0.417672,  Residual: 1.20544e-06 
104 TAO,  Function value: 0.417672,  Residual: 1.16887e-06 
105 TAO,  Function value: 0.417672,  Residual: 1.11372e-06 
106 TAO,  Function value: 0.417672,  Residual: 1.03043e-06 
107 TAO,  Function value: 0.417672,  Residual: 9.24994e-07 
108 TAO,  Function value: 0.417672,  Residual: 1.72088e-06 
109 TAO,  Function value: 0.417672,  Residual: 2.54953e-06 
110 TAO,  Function value: 0.417672,  Residual: 1.04309e-06 
111 TAO,  Function value: 0.417672,  Residual: 6.98526e-07 
112 TAO,  Function value: 0.417672,  Residual: 6.58357e-07 
113 TAO,  Function value: 0.417672,  Residual: 6.35094e-07 
114 TAO,  Function value: 0.417672,  Residual: 5.99973e-07 
115 TAO,  Function value: 0.417672,  Residual: 5.54288e-07 
116 TAO,  Function value: 0.417672,  Residual: 7.7343e-07 
117 TAO,  Function value: 0.417672,  Residual: 1.35326e-06 
118 TAO,  Function value: 0.417672,  Residual: 5.48153e-07 
119 TAO,  Function value: 0.417672,  Residual: 4.30772e-07 
120 TAO,  Function value: 0.417672,  Residual: 4.16995e-07 
121 TAO,  Function value: 0.417672,  Residual: 4.02078e-07 
122 TAO,  Function value: 0.417672,  Residual: 3.79615e-07 
123 TAO,  Function value: 0.417672,  Residual: 3.53189e-07 
124 TAO,  Function value: 0.417672,  Residual: 6.05249e-07 
125 TAO,  Function value: 0.417672,  Residual: 8.01554e-07 
126 TAO,  Function value: 0.417672,  Residual: 3.49478e-07 
127 TAO,  Function value: 0.417672,  Residual: 2.7645e-07 
128 TAO,  Function value: 0.417672,  Residual: 2.67891e-07 
129 TAO,  Function value: 0.417672,  Residual: 2.5879e-07 
130 TAO,  Function value: 0.417672,  Residual: 2.45068e-07 
131 TAO,  Function value: 0.417672,  Residual: 2.29261e-07 
132 TAO,  Function value: 0.417672,  Residual: 3.98602e-07 
133 TAO,  Function value: 0.417672,  Residual: 5.16601e-07 
134 TAO,  Function value: 0.417672,  Residual: 2.27022e-07 
135 TAO,  Function value: 0.417672,  Residual: 1.81325e-07 
136 TAO,  Function value: 0.417672,  Residual: 1.76036e-07 
137 TAO,  Function value: 0.417672,  Residual: 1.70299e-07 
138 TAO,  Function value: 0.417672,  Residual: 1.61637e-07 
139 TAO,  Function value: 0.417672,  Residual: 1.51782e-07 
140 TAO,  Function value: 0.417672,  Residual: 2.66001e-07 
141 TAO,  Function value: 0.417672,  Residual: 3.43002e-07 
142 TAO,  Function value: 0.417672,  Residual: 1.51121e-07 
143 TAO,  Function value: 0.417672,  Residual: 1.21052e-07 
144 TAO,  Function value: 0.417672,  Residual: 1.17638e-07 
145 TAO,  Function value: 0.417672,  Residual: 1.13942e-07 
146 TAO,  Function value: 0.417672,  Residual: 1.08353e-07 
147 TAO,  Function value: 0.417672,  Residual: 1.02027e-07 
148 TAO,  Function value: 0.417672,  Residual: 1.78379e-07 
149 TAO,  Function value: 0.417672,  Residual: 2.31695e-07 
150 TAO,  Function value: 0.417672,  Residual: 1.02131e-07 
151 TAO,  Function value: 0.417672,  Residual: 8.1927e-08 
152 TAO,  Function value: 0.417672,  Residual: 7.96668e-08 
153 TAO,  Function value: 0.417672,  Residual: 7.7234e-08 
154 TAO,  Function value: 0.417672,  Residual: 7.355e-08 
155 TAO,  Function value: 0.417672,  Residual: 6.93781e-08 
156 TAO,  Function value: 0.417672,  Residual: 1.20427e-07 
157 TAO,  Function value: 0.417672,  Residual: 1.58581e-07 
158 TAO,  Function value: 0.417672,  Residual: 6.98169e-08 
159 TAO,  Function value: 0.417672,  Residual: 5.5997e-08 
160 TAO,  Function value: 0.417672,  Residual: 5.44699e-08 
161 TAO,  Function value: 0.417672,  Residual: 5.28412e-08 
162 TAO,  Function value: 0.417672,  Residual: 5.03723e-08 
163 TAO,  Function value: 0.417672,  Residual: 4.75666e-08 
164 TAO,  Function value: 0.417672,  Residual: 8.18023e-08 
165 TAO,  Function value: 0.417672,  Residual: 1.09421e-07 
166 TAO,  Function value: 0.417672,  Residual: 4.80784e-08 
167 TAO,  Function value: 0.417672,  Residual: 3.85362e-08 
168 TAO,  Function value: 0.417672,  Residual: 3.74911e-08 
169 TAO,  Function value: 0.417672,  Residual: 3.63867e-08 
170 TAO,  Function value: 0.417672,  Residual: 3.47111e-08 
171 TAO,  Function value: 0.417672,  Residual: 3.27986e-08 
172 TAO,  Function value: 0.417672,  Residual: 5.5906e-08 
173 TAO,  Function value: 0.417672,  Residual: 7.58659e-08 
174 TAO,  Function value: 0.417672,  Residual: 3.32635e-08 
175 TAO,  Function value: 0.417672,  Residual: 2.6641e-08 
176 TAO,  Function value: 0.417672,  Residual: 2.59204e-08 
177 TAO,  Function value: 0.417672,  Residual: 2.51646e-08 
178 TAO,  Function value: 0.417672,  Residual: 2.40171e-08 
179 TAO,  Function value: 0.417672,  Residual: 2.27023e-08 
180 TAO,  Function value: 0.417672,  Residual: 3.84179e-08 
181 TAO,  Function value: 0.417672,  Residual: 5.27343e-08 
182 TAO,  Function value: 0.417672,  Residual: 2.30788e-08 
183 TAO,  Function value: 0.417672,  Residual: 1.84724e-08 
184 TAO,  Function value: 0.417672,  Residual: 1.79734e-08 
185 TAO,  Function value: 0.417672,  Residual: 1.74528e-08 
186 TAO,  Function value: 0.417672,  Residual: 1.66621e-08 
187 TAO,  Function value: 0.417672,  Residual: 1.57534e-08 
188 TAO,  Function value: 0.417672,  Residual: 2.652e-08 
189 TAO,  Function value: 0.417672,  Residual: 3.67011e-08 
190 TAO,  Function value: 0.417672,  Residual: 1.60398e-08 
191 TAO,  Function value: 0.417672,  Residual: 1.28328e-08 
192 TAO,  Function value: 0.417672,  Residual: 1.24864e-08 
193 TAO,  Function value: 0.417672,  Residual: 1.21263e-08 
194 TAO,  Function value: 0.417672,  Residual: 1.15792e-08 
195 TAO,  Function value: 0.417672,  Residual: 1.09492e-08 
196 TAO,  Function value: 0.417672,  Residual: 1.83689e-08 
197 TAO,  Function value: 0.417672,  Residual: 2.55576e-08 
198 TAO,  Function value: 0.417672,  Residual: 1.11592e-08 
199 TAO,  Function value: 0.417672,  Residual: 8.92576e-09 
TAO solve converged due to CONVERGED_GATOL iterations 199
