Original U vector...
Vec Object: 2 MPI processes
  type: mpi
Process [0]
1.
2.
Process [1]
3.
4.
Original V vector...
Vec Object: 2 MPI processes
  type: mpi
Process [0]
5.
Process [1]
6.
Expected W = [U, V] vector...
Vec Object: 2 MPI processes
  type: mpi
Process [0]
1.
2.
3.
Process [1]
4.
5.
6.
Testing VecConcatenate() for W = [U, W]...
Vec Object: 2 MPI processes
  type: mpi
Process [0]
1.
2.
3.
Process [1]
4.
5.
6.
  PASS
Testing index set for U component...
Vec Object: 2 MPI processes
  type: mpi
Process [0]
1.
2.
Process [1]
3.
4.
  PASS
Testing index set for V component...
Vec Object: 2 MPI processes
  type: mpi
Process [0]
5.
Process [1]
6.
  PASS
Testing VecScatter for W -> U...
Vec Object: 2 MPI processes
  type: mpi
Process [0]
1.
2.
Process [1]
3.
4.
  PASS
Testing VecScatter for W -> V...
Vec Object: 2 MPI processes
  type: mpi
Process [0]
5.
Process [1]
6.
  PASS
Testing VecScatter for (U, V) -> W...
Vec Object: 2 MPI processes
  type: mpi
Process [0]
1.
2.
3.
Process [1]
4.
5.
6.
  PASS