Original U vector...
Vec Object: 1 MPI processes
  type: seq
1.
2.
3.
4.
Original V vector...
Vec Object: 1 MPI processes
  type: seq
5.
6.
Expected W = [U, V] vector...
Vec Object: 1 MPI processes
  type: seq
1.
2.
3.
4.
5.
6.
Testing VecConcatenate() for W = [U, W]...
Vec Object: 1 MPI processes
  type: seq
1.
2.
3.
4.
5.
6.
  PASS
Testing index set for U component...
Vec Object: 1 MPI processes
  type: seq
1.
2.
3.
4.
  PASS
Testing index set for V component...
Vec Object: 1 MPI processes
  type: seq
5.
6.
  PASS
Testing VecScatter for W -> U...
Vec Object: 1 MPI processes
  type: seq
1.
2.
3.
4.
  PASS
Testing VecScatter for W -> V...
Vec Object: 1 MPI processes
  type: seq
5.
6.
  PASS
Testing VecScatter for (U, V) -> W...
Vec Object: 1 MPI processes
  type: seq
1.
2.
3.
4.
5.
6.
  PASS