
---- Minimum Surface Area Problem -----
mx: 10     my: 10   

iter =   0, Function value 1.46076, Residual: 0.207785 
iter =   1, Function value 1.43303, Residual: 0.142433 
iter =   2, Function value 1.42248, Residual: 0.0949213 
iter =   3, Function value 1.41916, Residual: 0.0515863 
iter =   4, Function value 1.41852, Residual: 0.00926326 
iter =   5, Function value 1.41849, Residual: 0.0054879 
iter =   6, Function value 1.41848, Residual: 0.00562929 
iter =   7, Function value 1.41847, Residual: 0.0036166 
iter =   8, Function value 1.41847, Residual: 0.00233449 
iter =   9, Function value 1.41847, Residual: 0.00120418 
iter =  10, Function value 1.41847, Residual: 0.000549776 
iter =  11, Function value 1.41847, Residual: 0.000182137 
iter =  12, Function value 1.41847, Residual: 0.000102854 
iter =  13, Function value 1.41847, Residual: 9.49423e-05 
iter =  14, Function value 1.41847, Residual: 6.04049e-05 
iter =  15, Function value 1.41847, Residual: 2.91305e-05 
iter =  16, Function value 1.41847, Residual: 1.20024e-05 
iter =  17, Function value 1.41847, Residual: 7.29116e-06 
iter =  18, Function value 1.41847, Residual: 3.97405e-06 
iter =  19, Function value 1.41847, Residual: 2.26039e-06 
iter =  20, Function value 1.41847, Residual: 1.30999e-06 
iter =  21, Function value 1.41847, Residual: 1.12407e-06 
iter =  22, Function value 1.41847, Residual: < 1.0e-6 
iter =  23, Function value 1.41847, Residual: < 1.0e-6 
iter =  24, Function value 1.41847, Residual: < 1.0e-6 
iter =  25, Function value 1.41847, Residual: < 1.0e-6 
iter =  26, Function value 1.41847, Residual: < 1.0e-6 
iter =  27, Function value 1.41847, Residual: < 1.0e-6 
iter =  28, Function value 1.41847, Residual: < 1.0e-6 
iter =  29, Function value 1.41847, Residual: < 1.0e-6 
iter =  30, Function value 1.41847, Residual: < 1.0e-6 
iter =  31, Function value 1.41847, Residual: < 1.0e-6 
iter =  32, Function value 1.41847, Residual: < 1.0e-6 
Tao Object: 3 MPI processes
  type: snes
  SNES Object: 3 MPI processes
    type: ncg
      type: FR
    maximum iterations=10000, maximum function evaluations=30000
    tolerances: relative=1e-08, absolute=1e-50, solution=1e-20
    total number of function evaluations=65
    norm schedule ALWAYS
    SNESLineSearch Object: 3 MPI processes
      type: cp
      maxstep=1.000000e+08, minlambda=1.000000e-12
      tolerances: relative=1.000000e-08, absolute=1.000000e-15, lambda=1.000000e-08
      maximum iterations=1
  convergence tolerances: gatol=1e-08,   steptol=0.,   gttol=0.
  Residual in Function/Gradient:=8.95915e-10
  Objective value=1.41847
  total number of iterations=32,                          (max: 2000)
  total number of function evaluations=33,                  max: 4000
  total number of function/gradient evaluations=65,      (max: 4000)
  Solution converged:    User Terminated
