Recycle: enabled
  0 TAO,  Function value: 1.,  Residual: 2. 
  1 TAO,  Function value: 0.773446,  Residual: 6.07754 
  2 TAO,  Function value: 0.6685,  Residual: 3.23054 
  3 TAO,  Function value: 0.554831,  Residual: 5.47606 
  4 TAO,  Function value: 0.391499,  Residual: 2.90553 
  5 TAO,  Function value: 0.294901,  Residual: 4.39211 
-----------------------
  0 TAO,  Function value: 0.294901,  Residual: 4.39211 
  1 TAO,  Function value: 0.171542,  Residual: 5.15798 
  2 TAO,  Function value: 0.0982019,  Residual: 0.908096 
  3 TAO,  Function value: 0.0883176,  Residual: 3.2604 
  4 TAO,  Function value: 0.0753941,  Residual: 3.36269 
  5 TAO,  Function value: 0.0366546,  Residual: 2.19168 
-----------------------
  0 TAO,  Function value: 0.0366546,  Residual: 2.19168 
  1 TAO,  Function value: 0.0192789,  Residual: 1.00985 
  2 TAO,  Function value: 0.0146239,  Residual: 4.19175 
  3 TAO,  Function value: 0.00322052,  Residual: 1.54653 
  4 TAO,  Function value: 0.000448111,  Residual: 0.660001 
  5 TAO,  Function value: 0.000181014,  Residual: 0.223401 
-----------------------
  0 TAO,  Function value: 0.000181014,  Residual: 0.223401 
  1 TAO,  Function value: 4.99322e-06,  Residual: 0.0619773 
  2 TAO,  Function value: 8.84264e-08,  Residual: 0.00262947 
  3 TAO,  Function value: 5.39857e-10,  Residual: 0.000947572 
  4 TAO,  Function value: 2.28834e-11,  Residual: 4.37968e-05 
  5 TAO,  Function value: 2.03554e-16,  Residual: 1.0192e-07 
-----------------------
Recycle: disabled
  0 TAO,  Function value: 1.,  Residual: 2. 
  1 TAO,  Function value: 0.773446,  Residual: 6.07754 
  2 TAO,  Function value: 0.6685,  Residual: 3.23054 
  3 TAO,  Function value: 0.554831,  Residual: 5.47606 
  4 TAO,  Function value: 0.391499,  Residual: 2.90553 
  5 TAO,  Function value: 0.294901,  Residual: 4.39211 
  6 TAO,  Function value: 0.171542,  Residual: 5.15798 
  7 TAO,  Function value: 0.0982019,  Residual: 0.908096 
  8 TAO,  Function value: 0.0883176,  Residual: 3.2604 
  9 TAO,  Function value: 0.0753941,  Residual: 3.36269 
 10 TAO,  Function value: 0.0366546,  Residual: 2.19168 
 11 TAO,  Function value: 0.0192789,  Residual: 1.00985 
 12 TAO,  Function value: 0.0146239,  Residual: 4.19175 
 13 TAO,  Function value: 0.00322052,  Residual: 1.54653 
 14 TAO,  Function value: 0.000448111,  Residual: 0.660001 
 15 TAO,  Function value: 0.000181014,  Residual: 0.223401 
 16 TAO,  Function value: 4.99322e-06,  Residual: 0.0619773 
 17 TAO,  Function value: 8.84264e-08,  Residual: 0.00262947 
 18 TAO,  Function value: 5.39857e-10,  Residual: 0.000947572 
 19 TAO,  Function value: 2.28834e-11,  Residual: 4.37968e-05 
 20 TAO,  Function value: 2.03554e-16,  Residual: 1.0192e-07 
-----------------------
recycled its: 20 | oneshot its: 20
