  0 TAO,  Function value: 1.,  Residual: 2. 
  0 TAO,  Function value: 0.770447,  Residual: 5.24792 
  1 TAO,  Function value: 0.526409,  Residual: 3.62426 
  2 TAO,  Function value: 0.357435,  Residual: 5.6789 
  3 TAO,  Function value: 0.213476,  Residual: 2.12473 
  4 TAO,  Function value: 0.15103,  Residual: 8.35263 
  5 TAO,  Function value: 0.0602938,  Residual: 0.498513 
  6 TAO,  Function value: 0.0331258,  Residual: 2.4877 
  7 TAO,  Function value: 0.0119116,  Residual: 1.77389 
  8 TAO,  Function value: 0.00292613,  Residual: 1.00799 
  9 TAO,  Function value: 0.000357205,  Residual: 0.409411 
 10 TAO,  Function value: 1.02563e-05,  Residual: 0.0746257 
 11 TAO,  Function value: 1.26232e-08,  Residual: 0.00275403 
 12 TAO,  Function value: 2.09832e-14,  Residual: 3.46652e-06 
Tao Object: 1 MPI process
  type: nls
    Newton steps: 12
    BFGS steps: 0
    Gradient steps: 0
    nls ksp atol: 0
    nls ksp rtol: 12
    nls ksp ctol: 0
    nls ksp negc: 0
    nls ksp dtol: 0
    nls ksp iter: 0
    nls ksp othr: 0
  Objective function:
    Scale (tao_objective_scale): 1.
    Function:
      TaoTerm Object: 1 MPI process
        type: sum
        solution vector space: N = 2 [VecType seq (tao_term_solution_vec_type)]
        parameter vector space: (optional) K = 4 [VecType nest (tao_term_parameters_vec_type)]
        Hessian MatType (tao_term_hessian_mat_type): shell
        Sum of 3 terms:
          Summand 0:
            Scale (tao_term_sum_callbacks_scale): 1.
            Term:
              TaoTerm Object: (callbacks_) 1 MPI process
                type: callbacks
                solution vector space: N = 2 [VecType seq (tao_term_solution_vec_type)]
                parameter vector space: (none)
                Hessian MatType (tao_term_hessian_mat_type): seqbaij
                attached to Tao [name omitted]
                The following methods have been set: objectiveandgradient, hessian, hessianmult,
                total number of function/gradient evaluations=20
                total number of HessianMult evaluations=29
            Map: unmapped
          Summand 1:
            Scale (tao_term_sum_reg1_scale): 1.
            Term:
              TaoTerm Object: (reg1_) 1 MPI process
                type: halfl2squared
                solution vector space: N = 2 [VecType seq (tao_term_solution_vec_type)]
                parameter vector space: (optional) K = 2 [VecType seq (tao_term_parameters_vec_type)]
                Hessian MatType (tao_term_hessian_mat_type): diagonal
                total number of function evaluations=5
                total number of gradient evaluations=1
                total number of function/gradient evaluations=14
                total number of HessianMult evaluations=29
            Map: unmapped
          Summand 2:
            Scale (tao_term_sum_reg2_scale): -1.
            Term:
              TaoTerm Object: (reg2_) 1 MPI process
                type: halfl2squared
                solution vector space: N = 2 [VecType seq (tao_term_solution_vec_type)]
                parameter vector space: (optional) K = 2 [VecType seq (tao_term_parameters_vec_type)]
                Hessian MatType (tao_term_hessian_mat_type): diagonal
                total number of function evaluations=5
                total number of gradient evaluations=1
                total number of function/gradient evaluations=14
                total number of HessianMult evaluations=29
            Map: unmapped
        total number of function evaluations=5
        total number of gradient evaluations=1
        total number of function/gradient evaluations=14
        total number of Hessian evaluations=13
        total number of HessianMult evaluations=29
    Map: unmapped
  TaoLineSearch Object: 1 MPI process
    type: more-thuente
    maximum function evaluations=30
    tolerances: ftol=0.0001, rtol=1e-10, gtol=0.9
    total number of function evaluations=0
    total number of gradient evaluations=0
    total number of function/gradient evaluations=1
    Termination reason: SUCCESS
  KSP Object: (tao_nls_) 1 MPI process
    type: stcg
    maximum iterations=10000, initial guess is zero
    tolerances: relative=1e-05, absolute=1e-50, divergence=10000.
    left preconditioning
    using UNPRECONDITIONED norm type for convergence test
  PC Object: (tao_nls_) 1 MPI process
    type: none
    linear system matrix, which is also used to construct the preconditioner:
    Mat Object: 1 MPI process
      type: shell
      rows=2, cols=2
  total KSP iterations: 24
  convergence tolerances: gatol=0.0001,   grtol=1e-08,   steptol=0.,   gttol=0.
  Residual in Function/Gradient:=3.46652e-06
  Objective value=2.09832e-14
  total number of iterations=12,                          (max: 50)
  total number of function evaluations=5,                  (max: unlimited)
  total number of gradient evaluations=1,                  (max: unlimited)
  total number of function/gradient evaluations=14,      (max: unlimited)
  total number of Hessian evaluations=13
  Solution converged:    ||g(X)|| <= gatol
