  Linear solve converged due to CONVERGED_RTOL iterations 31
  Linear solve converged due to CONVERGED_RTOL iterations 31
  Linear solve converged due to CONVERGED_RTOL iterations 31
[0]main |b-Ax|/|b|=1.266836e-04, |b|=1.576427e+00, emax=9.990073e-01
****************************************************************************************************************************************************************
***                                WIDEN YOUR WINDOW TO 160 CHARACTERS.  Use 'enscript -r -fCourier9' to print this document                                 ***
****************************************************************************************************************************************************************

------------------------------------------------------------------ PETSc Performance Summary: ------------------------------------------------------------------

/global/u2/m/madams/petsc/src/ksp/ksp/tutorials/./ex56 on a arch-perlmutter-opt-gcc-kokkos-cuda named nid001032 with 8 processes and CUDA architecture 80, by madams on Sat Jun 20 15:15:46 2026
Using PETSc Development Git Revision: v3.25.2-320-ga5ba3691813 Git Date: 2026-06-19 09:07:30 -0400

                         Max       Max/Min     Avg       Total
Time (sec):           2.904e+01     1.000   2.904e+01
Objects:              0.000e+00     0.000   0.000e+00
Flops:                8.588e+10     1.009   8.548e+10  6.839e+11
Flops/sec:            2.958e+09     1.009   2.944e+09  2.355e+10
MPI Msg Count:        1.887e+04     1.038   1.839e+04  1.471e+05
MPI Msg Len (bytes):  3.094e+08     1.020   1.666e+04  2.451e+09
MPI Reductions:       2.060e+02     1.000

Flop counting convention: 1 flop = 1 real number operation of type (multiply/divide/add/subtract)
                            e.g., VecAXPY() for real vectors of length N --> 2N flops
                            and VecAXPY() for complex vectors of length N --> 8N flops

Summary of Stages:   ----- Time ------  ----- Flop ------  --- Messages ---  -- Message Lengths --  -- Reductions --
                        Avg     %Total     Avg     %Total    Count   %Total     Avg         %Total    Count   %Total
 0:      Main Stage: 6.2423e+00  21.5%  1.3997e+09   0.2%  2.630e+02   0.2%  2.853e+05        3.1%  9.000e+00   4.4%
 1:           Setup: 1.3688e+01  47.1%  2.5742e+10   3.8%  2.116e+04  14.4%  2.618e+04       22.6%  1.800e+02  87.4%
 2:           Solve: 2.7027e+00   9.3%  2.1427e+11  31.3%  4.103e+04  27.9%  1.265e+04       21.2%  0.000e+00   0.0%
 3:       2nd Setup: 1.0256e+00   3.5%  1.3406e+10   2.0%  2.630e+03   1.8%  1.007e+05       10.8%  0.000e+00   0.0%
 4:       2nd Solve: 2.6890e+00   9.3%  2.1427e+11  31.3%  4.103e+04  27.9%  1.265e+04       21.2%  0.000e+00   0.0%
 5:       3rd Setup: 5.0100e-07   0.0%  0.0000e+00   0.0%  0.000e+00   0.0%  0.000e+00        0.0%  0.000e+00   0.0%
 6:       3rd Solve: 2.6898e+00   9.3%  2.1477e+11  31.4%  4.103e+04  27.9%  1.265e+04       21.2%  0.000e+00   0.0%

------------------------------------------------------------------------------------------------------------------------
See the 'Profiling' chapter of the users' manual for details on interpreting output.
Phase summary info:
   Count: number of times phase was executed
   Time and Flop: Max - maximum over all processes
                  Ratio - ratio of maximum to minimum over all processes
   Mess: number of messages sent
   AvgLen: average message length (bytes)
   Reduct: number of global reductions
   Global: entire computation
   Stage: stages of a computation. Set stages with PetscLogStagePush() and PetscLogStagePop().
      %T - percent time in this phase         %F - percent flop in this phase
      %M - percent messages in this phase     %L - percent message lengths in this phase
      %R - percent reductions in this phase
   Total Mflop/s: 1e-6 * (sum of flop over all processes)/(max time over all processes)
   GPU Mflop/s: 1e-6 * (sum of flop on GPU over all processes)/(max GPU time over all processes)
   CpuToGpu Count: total number of CPU to GPU copies per processor
   CpuToGpu Size (Mbytes): 1e-6 * (total size of CPU to GPU copies per processor)
   GpuToCpu Count: total number of GPU to CPU copies per processor
   GpuToCpu Size (Mbytes): 1e-6 * (total size of GPU to CPU copies per processor)
   GPU %F: percent flops on GPU in this event
------------------------------------------------------------------------------------------------------------------------
Event                Count      Time (sec)     Flop                              --- Global ---  --- Stage ----  Total   GPU    - CpuToGpu -   - GpuToCpu - GPU
                   Max Ratio  Max     Ratio   Max  Ratio  Mess   AvgLen  Reduct  %T %F %M %L %R  %T %F %M %L %R Mflop/s Mflop/s Count   Size   Count   Size  %F
---------------------------------------------------------------------------------------------------------------------------------------------------------------

--- Event Stage 0: Main Stage

BuildTwoSided          4 1.0 2.2818e-01 437.0 0.00e+00 0.0 9.4e+01 5.6e+00 0.0e+00  0  0  0  0  0   2  0 36  0  0     0       0      0 0.00e+00    0 0.00e+00  0
BuildTwoSidedF         3 1.0 2.3281e-01 624.1 0.00e+00 0.0 9.5e+01 7.5e+05 0.0e+00  0  0  0  3  0   2  0 36 95  0     0       0      0 0.00e+00    0 0.00e+00  0
MatMult                1 1.0 3.2107e-03 1.4 1.25e+08 1.0 5.6e+01 4.3e+04 0.0e+00  0  0  0  0  0   0 72 21  3  0 312510       0      0 0.00e+00    0 0.00e+00 100
MatAssemblyBegin       1 1.0 2.3031e-01 6.6 0.00e+00 0.0 3.8e+01 1.8e+06 0.0e+00  1  0  0  3  0   2  0 14 93  0     0       0      0 0.00e+00    0 0.00e+00  0
MatAssemblyEnd         1 1.0 3.2025e-01 1.0 0.00e+00 0.0 1.1e+02 1.1e+04 1.0e+00  1  0  0  0  0   5  0 43  2 11     0       0      0 0.00e+00    1 7.84e+00  0
DCtxCreate             1 1.0 8.5876e-05 1.8 0.00e+00 0.0 0.0e+00 0.0e+00 0.0e+00  0  0  0  0  0   0  0  0  0  0     0       0      0 0.00e+00    0 0.00e+00  0
DCtxDestroy            1 1.0 2.9528e-05 1.4 0.00e+00 0.0 0.0e+00 0.0e+00 0.0e+00  0  0  0  0  0   0  0  0  0  0     0       0      0 0.00e+00    0 0.00e+00  0
DCtxSetUp              1 1.0 1.9337e-05 2.5 0.00e+00 0.0 0.0e+00 0.0e+00 0.0e+00  0  0  0  0  0   0  0  0  0  0     0       0      0 0.00e+00    0 0.00e+00  0
DCtxSetDevice          1 1.0 2.1481e-05 1.7 0.00e+00 0.0 0.0e+00 0.0e+00 0.0e+00  0  0  0  0  0   0  0  0  0  0     0       0      0 0.00e+00    0 0.00e+00  0
VecMDot                3 1.0 1.1999e-02 1.6 1.89e+07 1.0 0.0e+00 0.0e+00 0.0e+00  0  0  0  0  0   0 11  0  0  0 12584       0      0 0.00e+00    0 0.00e+00  0
VecNorm                5 1.0 5.4345e-03 2.6 7.86e+06 1.0 0.0e+00 0.0e+00 0.0e+00  0  0  0  0  0   0  4  0  0  0 11577       0      0 0.00e+00    0 0.00e+00 40
VecScale               3 1.0 7.9920e-04 2.2 2.36e+06 1.0 0.0e+00 0.0e+00 0.0e+00  0  0  0  0  0   0  1  0  0  0 23617       0      0 0.00e+00    0 0.00e+00  0
VecAXPY                1 1.0 8.1860e-06 1.2 1.57e+06 1.0 0.0e+00 0.0e+00 0.0e+00  0  0  0  0  0   0  1  0  0  0 1537126       0      0 0.00e+00    0 0.00e+00 100
VecMAXPY               3 1.0 6.2684e-03 2.4 1.89e+07 1.0 0.0e+00 0.0e+00 0.0e+00  0  0  0  0  0   0 11  0  0  0 24088       0      0 0.00e+00    0 0.00e+00  0
VecAssemblyBegin       1 1.0 2.6037e-03 1.0 0.00e+00 0.0 5.7e+01 2.4e+04 0.0e+00  0  0  0  0  0   0  0 22  2  0     0       0      0 0.00e+00    0 0.00e+00  0
VecAssemblyEnd         1 1.0 2.6594e-04 4.4 0.00e+00 0.0 0.0e+00 0.0e+00 0.0e+00  0  0  0  0  0   0  0  0  0  0     0       0      0 0.00e+00    0 0.00e+00  0
VecScatterBegin        1 1.0 2.7936e-03 2.6 0.00e+00 0.0 5.6e+01 4.3e+04 0.0e+00  0  0  0  0  0   0  0 21  3  0     0       0      0 0.00e+00    0 0.00e+00  0
VecScatterEnd          1 1.0 2.1152e-03 15.1 0.00e+00 0.0 0.0e+00 0.0e+00 0.0e+00  0  0  0  0  0   0  0  0  0  0     0       0      0 0.00e+00    0 0.00e+00  0
VecNormalize           3 1.0 4.8480e-03 2.9 7.08e+06 1.0 0.0e+00 0.0e+00 0.0e+00  0  0  0  0  0   0  4  0  0  0 11680       0      0 0.00e+00    0 0.00e+00  0
SFSetGraph             1 1.0 3.0612e-04 1.0 0.00e+00 0.0 0.0e+00 0.0e+00 0.0e+00  0  0  0  0  0   0  0  0  0  0     0       0      0 0.00e+00    0 0.00e+00  0
SFSetUp                1 1.0 1.0950e-03 1.2 0.00e+00 0.0 1.1e+02 1.1e+04 0.0e+00  0  0  0  0  0   0  0 43  2  0     0       0      0 0.00e+00    0 0.00e+00  0
SFPack                 1 1.0 6.8830e-06 1.5 0.00e+00 0.0 0.0e+00 0.0e+00 0.0e+00  0  0  0  0  0   0  0  0  0  0     0       0      0 0.00e+00    0 0.00e+00  0
SFUnpack               1 1.0 2.9000e-07 2.1 0.00e+00 0.0 0.0e+00 0.0e+00 0.0e+00  0  0  0  0  0   0  0  0  0  0     0       0      0 0.00e+00    0 0.00e+00  0

--- Event Stage 1: Setup

BuildTwoSided        262 1.0 1.6492e-01 2.8 0.00e+00 0.0 4.3e+03 4.0e+00 0.0e+00  0  0  3  0  0   1  0 20  0  0     0       0      0 0.00e+00    0 0.00e+00  0
BuildTwoSidedF       161 1.0 1.4601e-01 3.0 0.00e+00 0.0 9.1e+02 1.6e+05 0.0e+00  0  0  1  6  0   1  0  4 26  0     0       0      0 0.00e+00    0 0.00e+00  0
MatMult               80 1.0 1.8219e-01 1.1 2.94e+09 1.0 4.5e+03 1.5e+04 0.0e+00  1  3  3  3  0   1 91 21 12  0 128381       0      8 4.62e-01    0 0.00e+00 100
MatConvert            18 1.0 6.0619e+00 1.0 0.00e+00 0.0 9.4e+02 5.3e+02 4.2e+01 21  0  1  0 20  44  0  4  0 23     0       0      0 0.00e+00   12 1.80e+02  0
MatScale              12 1.0 1.7405e-02 1.3 3.61e+07 1.0 2.2e+02 4.2e+03 0.0e+00  0  0  0  0  0   0  1  1  0  0 16564       0      0 0.00e+00    0 0.00e+00 60
MatAssemblyBegin      73 1.0 1.4964e-01 2.3 0.00e+00 0.0 9.1e+02 1.6e+05 0.0e+00  0  0  1  6  0   1  0  4 26  0     0       0      0 0.00e+00    0 0.00e+00  0
MatAssemblyEnd        73 1.0 4.9776e-01 1.2 0.00e+00 0.0 2.8e+03 9.9e+02 4.1e+01  2  0  2  0 20   3  0 13  1 23     0       0      0 0.00e+00    9 8.01e+00  0
MatSetValues     29664944 1.0 4.3516e+00 1.0 1.22e+07 1.0 0.0e+00 0.0e+00 0.0e+00 15  0  0  0  0  32  0  0  0  0    22       0      0 0.00e+00    0 0.00e+00  0
MatGetRow        3276824 1.0 3.4945e-01 1.1 0.00e+00 0.0 0.0e+00 0.0e+00 0.0e+00  1  0  0  0  0   2  0  0  0  0     0       0      0 0.00e+00    0 0.00e+00  0
MatCreateSubMat        1 1.0 1.4850e-02 1.0 0.00e+00 0.0 7.0e+01 2.4e+01 1.1e+01  0  0  0  0  5   0  0  0  0  6     0       0      0 0.00e+00    1 8.46e-03  0
MatCoarsen             4 1.0 3.4284e-02 1.0 0.00e+00 0.0 2.3e+03 2.3e+03 2.7e+01  0  0  2  0 13   0  0 11  1 15     0       0      0 0.00e+00    0 0.00e+00  0
MatAXPY                8 1.0 6.7341e+00 1.0 1.22e+07 1.0 1.3e+03 7.3e+02 4.0e+01 23  0  1  0 19  49  0  6  0 22    14       0      0 0.00e+00   11 1.80e+02  0
MatTranspose           9 1.0 1.8534e-01 1.1 0.00e+00 0.0 1.9e+03 1.0e+04 2.1e+01  1  0  1  1 10   1  0  9  4 12     0       0      0 0.00e+00    0 0.00e+00  0
MatMatMultSym          4 1.0 1.2410e+00 1.0 0.00e+00 0.0 2.7e+03 8.2e+03 2.8e+01  4  0  2  1 14   9  0 13  4 16     0       0      0 0.00e+00   32 1.02e+03  0
MatMatMultNum          4 1.0 1.3620e-06 2.0 0.00e+00 0.0 0.0e+00 0.0e+00 0.0e+00  0  0  0  0  0   0  0  0  0  0     0       0      0 0.00e+00    0 0.00e+00  0
MatPtAPSymbolic        4 1.0 1.5701e+00 1.0 0.00e+00 0.0 4.2e+03 5.8e+04 2.8e+01  5  0  3 10 14  11  0 20 44 16     0       0      0 0.00e+00   32 1.15e+03  0
MatPtAPNumeric         4 1.0 3.5660e-06 4.3 0.00e+00 0.0 0.0e+00 0.0e+00 0.0e+00  0  0  0  0  0   0  0  0  0  0     0       0      0 0.00e+00    0 0.00e+00  0
MatTrnMatMultSym       1 1.0 1.4594e+00 1.0 0.00e+00 0.0 3.9e+02 3.7e+05 4.0e+00  5  0  0  6  2  11  0  2 26  2     0       0      0 0.00e+00    0 0.00e+00  0
MatGetLocalMat         1 1.0 2.3116e-02 1.4 0.00e+00 0.0 0.0e+00 0.0e+00 0.0e+00  0  0  0  0  0   0  0  0  0  0     0       0      0 0.00e+00    0 0.00e+00  0
MatCreateGraph         4 1.0 7.6881e-01 1.0 2.18e+07 1.0 2.7e+03 8.0e+03 2.8e+01  3  0  2  1 14   6  1 13  4 16   227       0      0 0.00e+00    6 8.31e+01  0
MatSetPreallCOO        8 1.0 4.7300e-01 1.0 0.00e+00 0.0 2.7e+03 1.9e+03 3.2e+01  2  0  2  0 16   3  0 13  1 18     0       0      0 0.00e+00   24 2.72e+02  0
MatSetValuesCOO        8 1.0 3.2731e-02 1.5 0.00e+00 0.0 1.7e+02 6.2e+05 0.0e+00  0  0  0  4  0   0  0  1 19  0     0       0      0 0.00e+00    0 0.00e+00  0
KSPSetUp               1 1.0 7.1286e-03 1.4 0.00e+00 0.0 0.0e+00 0.0e+00 0.0e+00  0  0  0  0  0   0  0  0  0  0     0       0      0 0.00e+00    0 0.00e+00  0
PCSetUp_GAMG+          1 1.0 1.3683e+01 1.0 3.24e+09 1.0 2.1e+04 2.6e+04 1.8e+02 47  4 14 23 87 100 100 100 100 100  1881       0      8 4.62e-01  166 2.56e+03 98
 PCGAMGCreateG         4 1.0 7.6882e-01 1.0 2.18e+07 1.0 2.7e+03 8.0e+03 2.8e+01  3  0  2  1 14   6  1 13  4 16   227       0      0 0.00e+00    6 8.31e+01  0
 GAMG Coarsen          8 1.0 1.7334e+00 1.0 0.00e+00 0.0 3.0e+03 5.3e+04 3.1e+01  6  0  2  7 15  13  0 14 29 17     0       0      0 0.00e+00    0 0.00e+00  0
  GAMG MIS/Agg         4 1.0 1.5033e+00 1.0 0.00e+00 0.0 2.7e+03 5.6e+04 3.1e+01  5  0  2  6 15  11  0 13 27 17     0       0      0 0.00e+00    0 0.00e+00  0
 PCGAMGProl            4 1.0 1.4317e+00 1.0 0.00e+00 0.0 3.1e+03 1.3e+04 1.2e+01  5  0  2  2  6  10  0 15  7  7     0       0      0 0.00e+00    4 5.76e-01  0
  GAMG Prol-col        4 1.0 7.1066e-01 1.0 0.00e+00 0.0 2.8e+03 1.1e+04 0.0e+00  2  0  2  1  0   5  0 13  6  0     0       0      0 0.00e+00    0 0.00e+00  0
  GAMG Prol-lift       4 1.0 6.9112e-01 1.0 0.00e+00 0.0 3.3e+02 2.8e+04 4.0e+00  2  0  0  0  2   5  0  2  2  2     0       0      0 0.00e+00    4 5.76e-01  0
 PCGAMGOptProl         4 1.0 7.8610e+00 1.0 1.59e+09 1.0 5.9e+03 9.5e+03 6.4e+01 27  2  4  2 31  57 49 28 10 36  1611       0      8 4.62e-01   43 1.20e+03 100
  GAMG smooth          4 1.0 7.6275e+00 1.0 2.65e+07 1.0 3.6e+03 6.3e+03 6.4e+01 26  0  2  1 31  56  1 17  4 36    28       0      0 0.00e+00   43 1.20e+03 81
 PCGAMGCreateL         4 1.0 1.5858e+00 1.0 0.00e+00 0.0 4.3e+03 5.7e+04 4.5e+01  5  0  3 10 22  12  0 20 44 25     0       0      0 0.00e+00   33 1.15e+03  0
  GAMG PtAP            4 1.0 1.5702e+00 1.0 0.00e+00 0.0 4.2e+03 5.8e+04 2.8e+01  5  0  3 10 14  11  0 20 44 16     0       0      0 0.00e+00   32 1.15e+03  0
  GAMG Reduce          1 1.0 7.1999e-02 1.0 0.00e+00 0.0 6.6e+02 8.8e+02 2.4e+01  0  0  0  0 12   1  0  3  0 13     0       0      0 0.00e+00    9 4.86e-01  0
PCGAMG Squ l00         1 1.0 1.4595e+00 1.0 0.00e+00 0.0 3.9e+02 3.7e+05 4.0e+00  5  0  0  6  2  11  0  2 26  2     0       0      0 0.00e+00    0 0.00e+00  0
PCGAMG Gal l00         1 1.0 1.2345e+00 1.0 0.00e+00 0.0 1.2e+03 1.1e+05 7.0e+00  4  0  1  5  3   9  0  6 24  4     0       0      0 0.00e+00    8 9.81e+02  0
PCGAMG Opt l00         1 1.0 1.0107e+00 1.0 0.00e+00 0.0 7.0e+02 2.4e+04 7.0e+00  3  0  0  1  3   7  0  3  3  4     0       0      0 0.00e+00    8 8.98e+02  0
PCGAMG Gal l01         1 1.0 1.9234e-01 1.0 0.00e+00 0.0 1.2e+03 7.0e+04 7.0e+00  1  0  1  3  3   1  0  6 15  4     0       0      0 0.00e+00    8 1.44e+02  0
PCGAMG Opt l01         1 1.0 1.3192e-01 1.0 0.00e+00 0.0 7.2e+02 5.6e+03 7.0e+00  0  0  0  0  3   1  0  3  1  4     0       0      0 0.00e+00    8 1.05e+02  0
PCGAMG Gal l02         1 1.0 8.8121e-02 1.0 0.00e+00 0.0 1.2e+03 2.3e+04 7.0e+00  0  0  1  1  3   1  0  6  5  4     0       0      0 0.00e+00    8 2.25e+01  0
PCGAMG Opt l02         1 1.0 5.8040e-02 1.0 0.00e+00 0.0 7.3e+02 2.0e+03 7.0e+00  0  0  0  0  3   0  0  3  0  4     0       0      0 0.00e+00    8 1.68e+01  0
PCGAMG Gal l03         1 1.0 5.6242e-02 1.0 0.00e+00 0.0 5.7e+02 1.0e+03 7.0e+00  0  0  0  0  3   0  0  3  0  4     0       0      0 0.00e+00    8 4.77e-01  0
PCGAMG Opt l03         1 1.0 4.3386e-02 1.0 0.00e+00 0.0 5.9e+02 3.8e+02 7.0e+00  0  0  0  0  3   0  0  3  0  4     0       0      0 0.00e+00    8 4.10e-01  0
PCSetUp                1 1.0 1.3683e+01 1.0 3.24e+09 1.0 2.1e+04 2.6e+04 1.8e+02 47  4 14 23 87 100 100 100 100 100  1881       0      8 4.62e-01  166 2.56e+03 98
VecTDot              184 1.0 1.1099e-01 1.2 7.58e+07 1.0 0.0e+00 0.0e+00 0.0e+00  0  0  0  0  0   1  2  0  0  0  5454       0      0 0.00e+00    0 0.00e+00 100
VecNorm               44 1.0 6.3842e-02 1.7 1.81e+07 1.0 0.0e+00 0.0e+00 0.0e+00  0  0  0  0  0   0  1  0  0  0  2267       0      0 0.00e+00    0 0.00e+00 100
VecCopy               16 1.0 4.0997e-03 2.1 0.00e+00 0.0 0.0e+00 0.0e+00 0.0e+00  0  0  0  0  0   0  0  0  0  0     0       0      0 0.00e+00    0 0.00e+00  0
VecSet                 8 1.0 1.9019e-04 2.2 0.00e+00 0.0 0.0e+00 0.0e+00 0.0e+00  0  0  0  0  0   0  0  0  0  0     0       0      0 0.00e+00    0 0.00e+00  0
VecAXPY              160 1.0 4.0961e-02 1.2 6.59e+07 1.0 0.0e+00 0.0e+00 0.0e+00  0  0  0  0  0   0  2  0  0  0 12850       0      0 0.00e+00    0 0.00e+00 100
VecAYPX               72 1.0 1.5560e-03 1.2 2.97e+07 1.0 0.0e+00 0.0e+00 0.0e+00  0  0  0  0  0   0  1  0  0  0 152220       0      0 0.00e+00    0 0.00e+00 100
VecAssemblyBegin     135 1.0 5.7230e-02 2.9 0.00e+00 0.0 0.0e+00 0.0e+00 0.0e+00  0  0  0  0  0   0  0  0  0  0     0       0      0 0.00e+00    0 0.00e+00  0
VecAssemblyEnd       135 1.0 6.7134e-05 1.1 0.00e+00 0.0 0.0e+00 0.0e+00 0.0e+00  0  0  0  0  0   0  0  0  0  0     0       0      0 0.00e+00    0 0.00e+00  0
VecPointwiseMult      44 1.0 2.5590e-04 1.1 9.06e+06 1.0 0.0e+00 0.0e+00 0.0e+00  0  0  0  0  0   0  0  0  0  0 282826       0      0 0.00e+00    0 0.00e+00 100
VecReciprocal         12 1.0 6.8298e-04 1.1 0.00e+00 0.0 0.0e+00 0.0e+00 0.0e+00  0  0  0  0  0   0  0  0  0  0     0       0      0 0.00e+00    0 0.00e+00  0
VecSetValues     6259229 1.0 4.1368e-01 1.1 0.00e+00 0.0 0.0e+00 0.0e+00 0.0e+00  1  0  0  0  0   3  0  0  0  0     0       0      0 0.00e+00    0 0.00e+00  0
VecScatterBegin      220 1.0 1.4956e-01 1.9 0.00e+00 0.0 7.8e+03 1.4e+04 0.0e+00  0  0  5  4  0   1  0 37 19  0     0       0      8 4.62e-01    0 0.00e+00  0
VecScatterEnd        220 1.0 9.7250e-02 2.9 0.00e+00 0.0 0.0e+00 0.0e+00 0.0e+00  0  0  0  0  0   1  0  0  0  0     0       0      0 0.00e+00    0 0.00e+00  0
SFSetGraph           109 1.0 1.8875e-03 1.0 0.00e+00 0.0 0.0e+00 0.0e+00 0.0e+00  0  0  0  0  0   0  0  0  0  0     0       0      0 0.00e+00    0 0.00e+00  0
SFSetUp              101 1.0 3.4605e-02 1.7 0.00e+00 0.0 7.7e+03 1.4e+03 0.0e+00  0  0  5  0  0   0  0 36  2  0     0       0      0 0.00e+00    0 0.00e+00  0
SFBcastBegin          63 1.0 1.1060e-02 1.9 0.00e+00 0.0 3.5e+03 4.5e+04 0.0e+00  0  0  2  6  0   0  0 17 29  0     0       0      0 0.00e+00    0 0.00e+00  0
SFBcastEnd            63 1.0 1.2307e-02 2.4 0.00e+00 0.0 0.0e+00 0.0e+00 0.0e+00  0  0  0  0  0   0  0  0  0  0     0       0      0 0.00e+00    0 0.00e+00  0
SFReduceBegin         31 1.0 1.9028e-02 3.2 0.00e+00 0.0 7.7e+02 1.4e+05 0.0e+00  0  0  1  4  0   0  0  4 19  0     0       0      0 0.00e+00    0 0.00e+00  0
SFReduceEnd           31 1.0 2.4079e-02 3.1 0.00e+00 0.0 0.0e+00 0.0e+00 0.0e+00  0  0  0  0  0   0  0  0  0  0     0       0      0 0.00e+00    0 0.00e+00  0
SFFetchOpBegin         8 1.0 1.4521e-04 1.4 0.00e+00 0.0 1.7e+02 4.0e+00 0.0e+00  0  0  0  0  0   0  0  1  0  0     0       0      0 0.00e+00    0 0.00e+00  0
SFFetchOpEnd           8 1.0 3.9668e-04 1.3 0.00e+00 0.0 1.7e+02 4.0e+00 0.0e+00  0  0  0  0  0   0  0  1  0  0     0       0      0 0.00e+00    0 0.00e+00  0
SFCreateEmbed          8 1.0 2.7213e-03 2.1 0.00e+00 0.0 4.5e+02 5.3e+02 0.0e+00  0  0  0  0  0   0  0  2  0  0     0       0      0 0.00e+00    0 0.00e+00  0
SFSectionSF            8 1.0 4.5202e-03 1.1 0.00e+00 0.0 9.0e+02 3.6e+03 0.0e+00  0  0  1  0  0   0  0  4  1  0     0       0      0 0.00e+00    0 0.00e+00  0
SFRemoteOff            8 1.0 3.9007e-03 1.2 0.00e+00 0.0 9.0e+02 1.3e+03 0.0e+00  0  0  1  0  0   0  0  4  0  0     0       0      0 0.00e+00    0 0.00e+00  0
SFPack               322 1.0 1.1093e-02 1.3 0.00e+00 0.0 0.0e+00 0.0e+00 0.0e+00  0  0  0  0  0   0  0  0  0  0     0       0      4 5.38e-02    0 0.00e+00  0
SFUnpack             330 1.0 9.8275e-05 1.4 0.00e+00 0.0 0.0e+00 0.0e+00 0.0e+00  0  0  0  0  0   0  0  0  0  0     0       0      0 0.00e+00    0 0.00e+00  0

--- Event Stage 2: Solve

MatMult              797 1.0 1.1999e+00 1.2 2.27e+10 1.0 3.0e+04 1.6e+04 0.0e+00  4 26 21 20  0  41 84 74 95  0 150683       0      1 0.00e+00    0 0.00e+00 100
MatMultAdd           128 1.0 2.4328e-01 1.2 1.38e+09 1.0 5.3e+03 2.5e+03 0.0e+00  1  2  4  1  0   8  5 13  3  0 45302       0      0 0.00e+00    0 0.00e+00 100
MatMultTranspose     128 1.0 2.5981e-01 1.1 1.38e+09 1.0 5.3e+03 2.5e+03 0.0e+00  1  2  4  1  0   9  5 13  3  0 42425       0      3 2.59e-02    0 0.00e+00 100
MatResidual          128 1.0 2.9362e-01 1.4 4.76e+09 1.0 7.2e+03 1.5e+04 0.0e+00  1  6  5  4  0  10 18 17 20  0 128891       0      0 0.00e+00    0 0.00e+00 100
KSPSolve               1 1.0 2.7031e+00 1.0 2.69e+10 1.0 4.1e+04 1.3e+04 0.0e+00  9 31 28 21  0 100 100 100 100  0 79269       0      4 2.59e-02 1019 1.67e+03 98
PCApply               32 1.0 2.5599e+00 1.0 2.27e+10 1.0 3.9e+04 1.1e+04 0.0e+00  9 26 27 18  0  93 84 96 86  0 70628       0      4 2.59e-02 1019 1.67e+03 98
VecTDot              636 1.0 2.2800e-01 1.0 1.01e+08 1.0 0.0e+00 0.0e+00 0.0e+00  1  0  0  0  0   8  0  0  0  0  3532       0      0 0.00e+00    0 0.00e+00 100
VecNorm              318 1.0 1.6732e-01 3.1 5.03e+07 1.0 0.0e+00 0.0e+00 0.0e+00  0  0  0  0  0   5  0  0  0  0  2407       0      0 0.00e+00    0 0.00e+00 100
VecCopy              450 1.0 6.1689e-03 1.4 0.00e+00 0.0 0.0e+00 0.0e+00 0.0e+00  0  0  0  0  0   0  0  0  0  0     0       0      0 0.00e+00    0 0.00e+00  0
VecSet               161 1.0 6.7848e-04 1.2 0.00e+00 0.0 0.0e+00 0.0e+00 0.0e+00  0  0  0  0  0   0  0  0  0  0     0       0      0 0.00e+00    0 0.00e+00  0
VecAXPY              570 1.0 1.8910e-03 3.8 9.75e+07 1.0 0.0e+00 0.0e+00 0.0e+00  0  0  0  0  0   0  0  0  0  0 412567       0      0 0.00e+00    0 0.00e+00 100
VecAYPX             1020 1.0 8.8094e-02 1.4 3.63e+08 1.0 0.0e+00 0.0e+00 0.0e+00  0  0  0  0  0   3  1  0  0  0 32965       0      0 0.00e+00    0 0.00e+00 100
VecAXPBYCZ           256 1.0 8.3327e-02 1.3 2.64e+08 1.0 0.0e+00 0.0e+00 0.0e+00  0  0  0  0  0   3  1  0  0  0 25267       0      0 0.00e+00    0 0.00e+00 100
VecPointwiseMult     286 1.0 1.2235e-03 3.7 5.15e+03 0.0 0.0e+00 0.0e+00 0.0e+00  0  0  0  0  0   0  0  0  0  0     4       0      0 0.00e+00    0 0.00e+00 100
VecReciprocal          1 1.0 6.5530e-06 3.0 0.00e+00 0.0 0.0e+00 0.0e+00 0.0e+00  0  0  0  0  0   0  0  0  0  0     0       0      0 0.00e+00    0 0.00e+00  0
VecScatterBegin     1053 1.0 9.7694e-01 1.4 0.00e+00 0.0 4.1e+04 1.3e+04 0.0e+00  3  0 28 21  0  29  0 100 100  0     0       0      1 0.00e+00    0 0.00e+00  0
VecScatterEnd       1053 1.0 8.9427e-01 1.4 2.50e+05 1.5 0.0e+00 0.0e+00 0.0e+00  3  0  0  0  0  29  0  0  0  0     2       0      3 2.59e-02    0 0.00e+00 100
SFPack              1053 1.0 2.5499e-03 1.1 0.00e+00 0.0 0.0e+00 0.0e+00 0.0e+00  0  0  0  0  0   0  0  0  0  0     0       0      0 0.00e+00    0 0.00e+00  0
SFUnpack            1053 1.0 1.6659e-03 1.5 2.50e+05 1.5 0.0e+00 0.0e+00 0.0e+00  0  0  0  0  0   0  0  0  0  0   998       0      3 2.59e-02    0 0.00e+00 100

--- Event Stage 3: 2nd Setup

MatMult               40 1.0 7.7993e-02 1.1 1.47e+09 1.0 2.2e+03 1.5e+04 0.0e+00  0  2  2  1  0   7 87 85 12  0 149947       0      0 0.00e+00    0 0.00e+00 100
MatScale               1 1.0 1.1327e-03 3.6 6.27e+07 1.0 0.0e+00 0.0e+00 0.0e+00  0  0  0  0  0   0  4  0  0  0 442910       0      0 0.00e+00    0 0.00e+00 100
MatAssemblyBegin       4 1.0 2.3220e-06 2.2 0.00e+00 0.0 0.0e+00 0.0e+00 0.0e+00  0  0  0  0  0   0  0  0  0  0     0       0      0 0.00e+00    0 0.00e+00  0
MatAssemblyEnd         4 1.0 7.2540e-06 1.3 0.00e+00 0.0 0.0e+00 0.0e+00 0.0e+00  0  0  0  0  0   0  0  0  0  0     0       0      0 0.00e+00    0 0.00e+00  0
MatPtAPNumeric         4 1.0 7.6522e-01 1.0 0.00e+00 0.0 3.9e+02 6.0e+05 0.0e+00  3  0  0  9  0  75  0 15 88  0     0       0     12 9.45e+02    8 5.85e+02  0
MatSetValuesCOO        4 1.0 1.8154e-01 8.1 0.00e+00 0.0 1.7e+02 6.2e+05 0.0e+00  0  0  0  4  0  10  0  6 39  0     0       0      0 0.00e+00    0 0.00e+00  0
KSPSetUp               1 1.0 4.2100e-07 1.9 0.00e+00 0.0 0.0e+00 0.0e+00 0.0e+00  0  0  0  0  0   0  0  0  0  0     0       0      0 0.00e+00    0 0.00e+00  0
PCSetUp_GAMG+          1 1.0 1.0253e+00 1.0 1.62e+09 1.0 2.6e+03 1.0e+05 0.0e+00  4  2  2 11  0 100 96 100 100  0 12586       0     12 9.45e+02   89 7.16e+02 97
PCGAMG Gal l00         1 1.0 6.3844e-01 1.0 0.00e+00 0.0 1.0e+02 1.2e+06 0.0e+00  2  0  0  5  0  62  0  4 46  0     0       0      3 8.23e+02    2 5.02e+02  0
PCGAMG Gal l01         1 1.0 9.7487e-02 1.0 0.00e+00 0.0 1.1e+02 7.5e+05 0.0e+00  0  0  0  3  0   9  0  4 31  0     0       0      3 1.04e+02    2 6.95e+01  0
PCGAMG Gal l02         1 1.0 2.9016e-02 1.0 0.00e+00 0.0 1.1e+02 2.4e+05 0.0e+00  0  0  0  1  0   3  0  4 10  0     0       0      3 1.82e+01    2 1.33e+01  0
PCGAMG Gal l03         1 1.0 2.4053e-03 1.2 0.00e+00 0.0 6.3e+01 8.7e+03 0.0e+00  0  0  0  0  0   0  0  2  0  0     0       0      3 4.09e-01    2 3.24e-01  0
PCSetUp                1 1.0 1.0253e+00 1.0 1.62e+09 1.0 2.6e+03 1.0e+05 0.0e+00  4  2  2 11  0 100 96 100 100  0 12586       0     12 9.45e+02   89 7.16e+02 97
VecTDot               92 1.0 4.8385e-02 1.2 3.79e+07 1.0 0.0e+00 0.0e+00 0.0e+00  0  0  0  0  0   4  2  0  0  0  6255       0      0 0.00e+00    0 0.00e+00 100
VecNorm               44 1.0 5.7324e-02 1.7 1.81e+07 1.0 0.0e+00 0.0e+00 0.0e+00  0  0  0  0  0   5  1  0  0  0  2525       0      0 0.00e+00    0 0.00e+00 100
VecCopy                8 1.0 2.0798e-03 2.1 0.00e+00 0.0 0.0e+00 0.0e+00 0.0e+00  0  0  0  0  0   0  0  0  0  0     0       0      0 0.00e+00    0 0.00e+00  0
VecSet                 4 1.0 7.7599e-05 2.8 0.00e+00 0.0 0.0e+00 0.0e+00 0.0e+00  0  0  0  0  0   0  0  0  0  0     0       0      0 0.00e+00    0 0.00e+00  0
VecAXPY               80 1.0 3.0195e-04 1.1 3.29e+07 1.0 0.0e+00 0.0e+00 0.0e+00  0  0  0  0  0   0  2  0  0  0 871588       0      0 0.00e+00    0 0.00e+00 100
VecAYPX               36 1.0 2.3202e-04 1.1 1.48e+07 1.0 0.0e+00 0.0e+00 0.0e+00  0  0  0  0  0   0  1  0  0  0 510440       0      0 0.00e+00    0 0.00e+00 100
VecReciprocal          1 1.0 5.7810e-06 2.4 0.00e+00 0.0 0.0e+00 0.0e+00 0.0e+00  0  0  0  0  0   0  0  0  0  0     0       0      0 0.00e+00    0 0.00e+00  0
VecScatterBegin       40 1.0 6.2774e-02 2.6 0.00e+00 0.0 2.2e+03 1.5e+04 0.0e+00  0  0  2  1  0   4  0 85 12  0     0       0      0 0.00e+00    0 0.00e+00  0
VecScatterEnd         40 1.0 4.6940e-02 3.4 0.00e+00 0.0 0.0e+00 0.0e+00 0.0e+00  0  0  0  0  0   3  0  0  0  0     0       0      0 0.00e+00    0 0.00e+00  0
SFBcastBegin           4 1.0 7.1398e-03 2.0 0.00e+00 0.0 2.2e+02 5.8e+05 0.0e+00  0  0  0  5  0   0  0  9 49  0     0       0      0 0.00e+00    0 0.00e+00  0
SFBcastEnd             4 1.0 1.6309e-01 92.9 0.00e+00 0.0 0.0e+00 0.0e+00 0.0e+00  0  0  0  0  0  10  0  0  0  0     0       0      0 0.00e+00    0 0.00e+00  0
SFReduceBegin          4 1.0 3.1690e-02 1.6 0.00e+00 0.0 1.7e+02 6.2e+05 0.0e+00  0  0  0  4  0   2  0  6 39  0     0       0      0 0.00e+00    0 0.00e+00  0
SFReduceEnd            4 1.0 1.5717e-01 59.8 0.00e+00 0.0 0.0e+00 0.0e+00 0.0e+00  0  0  0  0  0   7  0  0  0  0     0       0      0 0.00e+00    0 0.00e+00  0
SFPack                48 1.0 6.0490e-03 2.5 0.00e+00 0.0 0.0e+00 0.0e+00 0.0e+00  0  0  0  0  0   0  0  0  0  0     0       0      0 0.00e+00    0 0.00e+00  0
SFUnpack              48 1.0 9.6410e-06 1.3 0.00e+00 0.0 0.0e+00 0.0e+00 0.0e+00  0  0  0  0  0   0  0  0  0  0     0       0      0 0.00e+00    0 0.00e+00  0

--- Event Stage 4: 2nd Solve

MatMult              797 1.0 1.2009e+00 1.2 2.27e+10 1.0 3.0e+04 1.6e+04 0.0e+00  4 26 21 20  0  42 84 74 95  0 150547       0      0 0.00e+00    0 0.00e+00 100
MatMultAdd           128 1.0 2.4004e-01 1.2 1.38e+09 1.0 5.3e+03 2.5e+03 0.0e+00  1  2  4  1  0   8  5 13  3  0 45914       0      0 0.00e+00    0 0.00e+00 100
MatMultTranspose     128 1.0 2.6263e-01 1.1 1.38e+09 1.0 5.3e+03 2.5e+03 0.0e+00  1  2  4  1  0   9  5 13  3  0 41970       0      0 0.00e+00    0 0.00e+00 100
MatResidual          128 1.0 2.9741e-01 1.4 4.76e+09 1.0 7.2e+03 1.5e+04 0.0e+00  1  6  5  4  0  10 18 17 20  0 127247       0      0 0.00e+00    0 0.00e+00 100
KSPSolve               1 1.0 2.6889e+00 1.0 2.69e+10 1.0 4.1e+04 1.3e+04 0.0e+00  9 31 28 21  0 100 100 100 100  0 79687       0      0 0.00e+00 1020 1.68e+03 98
PCApply               32 1.0 2.5529e+00 1.0 2.27e+10 1.0 3.9e+04 1.1e+04 0.0e+00  9 26 27 18  0  93 84 96 86  0 70824       0      0 0.00e+00 1020 1.68e+03 98
VecTDot              636 1.0 2.2462e-01 1.0 1.01e+08 1.0 0.0e+00 0.0e+00 0.0e+00  1  0  0  0  0   8  0  0  0  0  3585       0      0 0.00e+00    0 0.00e+00 100
VecNorm              318 1.0 1.7019e-01 3.2 5.03e+07 1.0 0.0e+00 0.0e+00 0.0e+00  0  0  0  0  0   5  0  0  0  0  2366       0      0 0.00e+00    0 0.00e+00 100
VecCopy              450 1.0 2.4379e-03 1.2 0.00e+00 0.0 0.0e+00 0.0e+00 0.0e+00  0  0  0  0  0   0  0  0  0  0     0       0      0 0.00e+00    0 0.00e+00  0
VecSet               161 1.0 6.6043e-04 1.2 0.00e+00 0.0 0.0e+00 0.0e+00 0.0e+00  0  0  0  0  0   0  0  0  0  0     0       0      0 0.00e+00    0 0.00e+00  0
VecAXPY              570 1.0 1.8858e-03 3.8 9.75e+07 1.0 0.0e+00 0.0e+00 0.0e+00  0  0  0  0  0   0  0  0  0  0 413712       0      0 0.00e+00    0 0.00e+00 100
VecAYPX             1020 1.0 8.5144e-02 1.4 3.63e+08 1.0 0.0e+00 0.0e+00 0.0e+00  0  0  0  0  0   3  1  0  0  0 34107       0      0 0.00e+00    0 0.00e+00 100
VecAXPBYCZ           256 1.0 8.2087e-02 1.3 2.64e+08 1.0 0.0e+00 0.0e+00 0.0e+00  0  0  0  0  0   3  1  0  0  0 25649       0      0 0.00e+00    0 0.00e+00 100
VecPointwiseMult     286 1.0 1.2567e-03 3.8 5.15e+03 0.0 0.0e+00 0.0e+00 0.0e+00  0  0  0  0  0   0  0  0  0  0     4       0      0 0.00e+00    0 0.00e+00 100
VecScatterBegin     1053 1.0 9.5088e-01 1.4 0.00e+00 0.0 4.1e+04 1.3e+04 0.0e+00  3  0 28 21  0  30  0 100 100  0     0       0      0 0.00e+00    0 0.00e+00  0
VecScatterEnd       1053 1.0 8.9874e-01 1.3 2.50e+05 1.5 0.0e+00 0.0e+00 0.0e+00  3  0  0  0  0  29  0  0  0  0     2       0      0 0.00e+00    0 0.00e+00 100
SFPack              1053 1.0 2.5277e-03 1.1 0.00e+00 0.0 0.0e+00 0.0e+00 0.0e+00  0  0  0  0  0   0  0  0  0  0     0       0      0 0.00e+00    0 0.00e+00  0
SFUnpack            1053 1.0 8.5323e-04 1.3 2.50e+05 1.5 0.0e+00 0.0e+00 0.0e+00  0  0  0  0  0   0  0  0  0  0  1948       0      0 0.00e+00    0 0.00e+00 100

--- Event Stage 5: 3rd Setup


--- Event Stage 6: 3rd Solve

MatMult              797 1.0 1.2149e+00 1.2 2.27e+10 1.0 3.0e+04 1.6e+04 0.0e+00  4 26 21 20  0  41 84 74 95  0 148817       0      0 0.00e+00    0 0.00e+00 100
MatMultAdd           128 1.0 2.4472e-01 1.2 1.38e+09 1.0 5.3e+03 2.5e+03 0.0e+00  1  2  4  1  0   8  5 13  3  0 45034       0      0 0.00e+00    0 0.00e+00 100
MatMultTranspose     128 1.0 2.6022e-01 1.1 1.38e+09 1.0 5.3e+03 2.5e+03 0.0e+00  1  2  4  1  0   9  5 13  3  0 42358       0      0 0.00e+00    0 0.00e+00 100
MatScale               1 1.0 2.3566e-05 1.7 6.27e+07 1.0 0.0e+00 0.0e+00 0.0e+00  0  0  0  0  0   0  0  0  0  0 21288582       0      0 0.00e+00    0 0.00e+00 100
MatResidual          128 1.0 2.9638e-01 1.4 4.76e+09 1.0 7.2e+03 1.5e+04 0.0e+00  1  6  5  4  0  10 18 17 20  0 127689       0      0 0.00e+00    0 0.00e+00 100
KSPSolve               1 1.0 2.6897e+00 1.0 2.69e+10 1.0 4.1e+04 1.3e+04 0.0e+00  9 31 28 21  0 100 100 100 100  0 79663       0      0 0.00e+00 1024 1.68e+03 98
PCApply               32 1.0 2.5512e+00 1.0 2.27e+10 1.0 3.9e+04 1.1e+04 0.0e+00  9 26 27 18  0  93 84 96 86  0 70870       0      0 0.00e+00 1024 1.68e+03 98
VecTDot              636 1.0 2.2537e-01 1.0 1.01e+08 1.0 0.0e+00 0.0e+00 0.0e+00  1  0  0  0  0   8  0  0  0  0  3573       0      0 0.00e+00    0 0.00e+00 100
VecNorm              318 1.0 1.6717e-01 3.1 5.03e+07 1.0 0.0e+00 0.0e+00 0.0e+00  0  0  0  0  0   5  0  0  0  0  2409       0      0 0.00e+00    0 0.00e+00 100
VecCopy              450 1.0 2.4363e-03 1.2 0.00e+00 0.0 0.0e+00 0.0e+00 0.0e+00  0  0  0  0  0   0  0  0  0  0     0       0      0 0.00e+00    0 0.00e+00  0
VecSet               161 1.0 6.6859e-04 1.2 0.00e+00 0.0 0.0e+00 0.0e+00 0.0e+00  0  0  0  0  0   0  0  0  0  0     0       0      0 0.00e+00    0 0.00e+00  0
VecAXPY              570 1.0 1.8941e-03 3.7 9.75e+07 1.0 0.0e+00 0.0e+00 0.0e+00  0  0  0  0  0   0  0  0  0  0 411879       0      0 0.00e+00    0 0.00e+00 100
VecAYPX             1020 1.0 8.8549e-02 1.3 3.63e+08 1.0 0.0e+00 0.0e+00 0.0e+00  0  0  0  0  0   3  1  0  0  0 32795       0      0 0.00e+00    0 0.00e+00 100
VecAXPBYCZ           256 1.0 8.4271e-02 1.3 2.64e+08 1.0 0.0e+00 0.0e+00 0.0e+00  0  0  0  0  0   3  1  0  0  0 24984       0      0 0.00e+00    0 0.00e+00 100
VecPointwiseMult     286 1.0 1.2274e-03 3.7 5.15e+03 0.0 0.0e+00 0.0e+00 0.0e+00  0  0  0  0  0   0  0  0  0  0     4       0      0 0.00e+00    0 0.00e+00 100
VecScatterBegin     1053 1.0 9.3646e-01 1.4 0.00e+00 0.0 4.1e+04 1.3e+04 0.0e+00  3  0 28 21  0  29  0 100 100  0     0       0      0 0.00e+00    0 0.00e+00  0
VecScatterEnd       1053 1.0 9.2019e-01 1.4 2.50e+05 1.5 0.0e+00 0.0e+00 0.0e+00  3  0  0  0  0  29  0  0  0  0     2       0      0 0.00e+00    0 0.00e+00 100
SFPack              1053 1.0 2.5315e-03 1.1 0.00e+00 0.0 0.0e+00 0.0e+00 0.0e+00  0  0  0  0  0   0  0  0  0  0     0       0      0 0.00e+00    0 0.00e+00  0
SFUnpack            1053 1.0 8.5633e-04 1.3 2.50e+05 1.5 0.0e+00 0.0e+00 0.0e+00  0  0  0  0  0   0  0  0  0  0  1941       0      0 0.00e+00    0 0.00e+00 100
---------------------------------------------------------------------------------------------------------------------------------------------------------------

Object Type          Creations   Destructions. Reports information only for process 0.

--- Event Stage 0: Main Stage

           Container     4             12
       Krylov Solver     1             10
              Matrix     6             58
      Matrix Coarsen     0              1
   Matrix Null Space     1              1
      Preconditioner     1              6
              Viewer     1              1
  PetscDeviceContext     1              0
              Vector    12             63
           Index Set     2              2
   Star Forest Graph     1             25
    Distributed Mesh     0              4
     Discrete System     0              4
           Weak Form     0              4

--- Event Stage 1: Setup

           Container    37             29
       Krylov Solver    13              4
              Matrix   309            257
      Matrix Coarsen     4              3
      Preconditioner    13              8
              Vector   349            299
           Index Set   135            135
             Section    16             16
   Star Forest Graph   109             93
         PetscRandom     4              4

--- Event Stage 2: Solve

              Vector     1              0
   Star Forest Graph     8              0
    Distributed Mesh     4              0
     Discrete System     4              0
           Weak Form     4              0

--- Event Stage 3: 2nd Setup

              Vector    12             12

--- Event Stage 4: 2nd Solve


--- Event Stage 5: 3rd Setup


--- Event Stage 6: 3rd Solve

========================================================================================================================
Average time to get PetscTime(): 3.6e-08
Average time for MPI_Barrier(): 1.12116e-05
Average time for zero size MPI_Send(): 1.26256e-05
#PETSc Option Table entries:
-alpha 1.e-3 # (source: command line)
-ksp_converged_reason # (source: command line)
-ksp_rtol 1e-6 # (source: command line)
-ksp_type cg # (source: command line)
-log_view # (source: command line)
-mat_type mpibaijkokkos # (source: command line)
-mg_coarse_ksp_type cg # (source: command line)
-mg_coarse_pc_type jacobi # (source: command line)
-mg_levels_ksp_type chebyshev # (source: command line)
-mg_levels_pc_type pbjacobi # (source: command line)
-ne 127 # (source: command line)
-pc_gamg_agg_nsmooths 1 # (source: command line)
-pc_gamg_coarse_eq_limit 20 # (source: command line)
-pc_gamg_parallel_coarse_grid_solver # (source: command line)
-pc_gamg_reuse_interpolation true # (source: command line)
-pc_gamg_type agg # (source: command line)
-pc_type gamg # (source: command line)
-two_solves # (source: command line)
-use_mat_nearnullspace # (source: command line)
#End of PETSc Option Table entries
Compiled without FORTRAN kernels
Compiled with full precision matrices (default)
sizeof(short) 2 sizeof(int) 4 sizeof(long) 8 sizeof(void*) 8 sizeof(PetscScalar) 8 sizeof(PetscInt) 4
Configure options: --with-make-np=8 --with-mpiexec="srun -G4 --gpu-bind=none" --with-batch=0 --download-triangle=1 --with-cc=cc --with-cxx=CC --with-fc=0 --with-debugging=0 --with-cuda=1 --with-cuda-arch=80 --download-kokkos --download-kokkos-kernels PETSC_ARCH=arch-perlmutter-opt-gcc-kokkos-cuda
-----------------------------------------
Libraries compiled on 2026-06-19 13:41:00 on login10
Machine characteristics: Linux-6.4.0-150600.23.103_15.0.24-cray_shasta_c-x86_64-with-glibc2.3.4
Using PETSc directory: /global/u2/m/madams/petsc
Using PETSc arch: arch-perlmutter-opt-gcc-kokkos-cuda
-----------------------------------------

Using C compiler: cc  -fPIC -Wall -Wwrite-strings -Wno-unknown-pragmas -Wno-lto-type-mismatch -Wno-stringop-overflow -fstack-protector -fvisibility=hidden -g -O 
-----------------------------------------

Using include paths: -I/global/u2/m/madams/petsc/include -I/global/u2/m/madams/petsc/arch-perlmutter-opt-gcc-kokkos-cuda/include -I/opt/nvidia/hpc_sdk/Linux_x86_64/25.5/cuda/12.9/include -I/opt/nvidia/hpc_sdk/Linux_x86_64/25.5/math_libs/12.9/include
-----------------------------------------

Using C linker: cc
Using libraries: -Wl,-rpath,/global/u2/m/madams/petsc/arch-perlmutter-opt-gcc-kokkos-cuda/lib -L/global/u2/m/madams/petsc/arch-perlmutter-opt-gcc-kokkos-cuda/lib -lpetsc -Wl,-rpath,/global/u2/m/madams/petsc/arch-perlmutter-opt-gcc-kokkos-cuda/lib -L/global/u2/m/madams/petsc/arch-perlmutter-opt-gcc-kokkos-cuda/lib -Wl,-rpath,/opt/nvidia/hpc_sdk/Linux_x86_64/25.5/cuda/12.9/lib64 -L/opt/nvidia/hpc_sdk/Linux_x86_64/25.5/cuda/12.9/lib64 -Wl,-rpath,/opt/nvidia/hpc_sdk/Linux_x86_64/25.5/math_libs/12.9/lib64 -L/opt/nvidia/hpc_sdk/Linux_x86_64/25.5/math_libs/12.9/lib64 -L/opt/nvidia/hpc_sdk/Linux_x86_64/25.5/cuda/12.9/lib64/stubs -lkokkoskernels -lkokkoscontainers -lkokkoscore -lkokkossimd -ltriangle -lcudart -lnvtx3interop -lcufft -lcublas -lcusparse -lcusolver -lcurand -lcuda -lnvidia-ml -lX11 -lstdc++ -lquadmath
-----------------------------------------

