DM Object: box 1 MPI processes
  type: plex
box in 2 dimensions:
  0-cells: 8
  1-cells: 12
  2-cells: 4
Periodic mesh (PERIODIC, NONE) coordinates localized
Labels:
  marker: 1 strata with value/size (1 (16))
  Face Sets: 2 strata with value/size (1 (4), 3 (4))
  depth: 3 strata with value/size (0 (8), 1 (12), 2 (4))
  celltype: 3 strata with value/size (4 (4), 0 (8), 1 (12))
DM Object: Particles 1 MPI processes
  type: swarm
DMSwarmDataBucketView: 
  L                  = 800 
  buffer             = 0 
  allocated          = 800 
  nfields registered = 6 
    [  0]     DMSwarm_pid : Mem. usage       = 6.40e-03 (MB) [rank0]
                            blocksize        = 1 
                            atomic size      = 8 
    [  1]    DMSwarm_rank : Mem. usage       = 3.20e-03 (MB) [rank0]
                            blocksize        = 1 
                            atomic size      = 4 
    [  2] DMSwarmPIC_coor : Mem. usage       = 1.28e-02 (MB) [rank0]
                            blocksize        = 2 
                            atomic size      = 16 [full block, bs=2]
                            atomic size/item = 8 
    [  3]  DMSwarm_cellid : Mem. usage       = 3.20e-03 (MB) [rank0]
                            blocksize        = 1 
                            atomic size      = 4 
    [  4]             w_q : Mem. usage       = 6.40e-03 (MB) [rank0]
                            blocksize        = 1 
                            atomic size      = 8 
    [  5]      kinematics : Mem. usage       = 1.28e-02 (MB) [rank0]
                            blocksize        = 2 
                            atomic size      = 16 [full block, bs=2]
                            atomic size/item = 8 
  Total mem. usage                           = 4.48e-02 (MB) (collective)
