Global Np = 20000
Global X-cells = 20
Global V-cells = 1000
c:0 [x_a,x_b] = 0.000000000000000,0.628320000000000 -> cell weight = 0.628320000000000
c:1 [x_a,x_b] = 0.628320000000000,1.256640000000000 -> cell weight = 0.628320000000000
c:2 [x_a,x_b] = 1.256640000000000,1.884960000000000 -> cell weight = 0.628320000000000
c:3 [x_a,x_b] = 1.884960000000000,2.513280000000000 -> cell weight = 0.628320000000000
c:4 [x_a,x_b] = 2.513280000000000,3.141600000000000 -> cell weight = 0.628320000000000
c:5 [x_a,x_b] = 3.141600000000000,3.769920000000000 -> cell weight = 0.628320000000000
c:6 [x_a,x_b] = 3.769920000000000,4.398239999999999 -> cell weight = 0.628319999999999
c:7 [x_a,x_b] = 4.398239999999999,5.026560000000000 -> cell weight = 0.628320000000000
c:8 [x_a,x_b] = 5.026560000000000,5.654880000000000 -> cell weight = 0.628320000000000
c:9 [x_a,x_b] = 5.654880000000000,6.283200000000000 -> cell weight = 0.628319999999999
c:10 [x_a,x_b] = 6.283200000000000,6.911520000000000 -> cell weight = 0.628320000000000
c:11 [x_a,x_b] = 6.911520000000000,7.539840000000000 -> cell weight = 0.628319999999999
c:12 [x_a,x_b] = 7.539840000000000,8.168160000000000 -> cell weight = 0.628320000000000
c:13 [x_a,x_b] = 8.168160000000000,8.796479999999999 -> cell weight = 0.628319999999999
c:14 [x_a,x_b] = 8.796479999999999,9.424799999999999 -> cell weight = 0.628320000000000
c:15 [x_a,x_b] = 9.424799999999999,10.053120000000000 -> cell weight = 0.628320000000000
c:16 [x_a,x_b] = 10.053120000000000,10.681440000000000 -> cell weight = 0.628320000000000
c:17 [x_a,x_b] = 10.681440000000000,11.309760000000001 -> cell weight = 0.628320000000000
c:18 [x_a,x_b] = 11.309760000000001,11.938079999999999 -> cell weight = 0.628319999999999
c:19 [x_a,x_b] = 11.938079999999999,12.566400000000000 -> cell weight = 0.628320000000000
particle weight sum = 12.5664000000 cell weight sum = 12.5664000000
dim = 1	totalWeight = 12.566400, user->charges[species[0]] = -1.000000	totalCharge = -12.566400, Total Area = 12.566400
sigma: 1.
(x0,v0,t0,m0,q0,phi0): (1.000000e+00, 1.000000e+00, 1.000000e+00, 1.000000e+00, 1.000000e+00, 0.000000e+00) - (P, V) = (1.000000e+00, 1.000000e+00)
Global Np = 20000
Global X-cells = 20
Global V-cells = 1000
c:0 [x_a,x_b] = 0.000000000000000,0.628320000000000 -> cell weight = 0.628320000000000
c:1 [x_a,x_b] = 0.628320000000000,1.256640000000000 -> cell weight = 0.628320000000000
c:2 [x_a,x_b] = 1.256640000000000,1.884960000000000 -> cell weight = 0.628320000000000
c:3 [x_a,x_b] = 1.884960000000000,2.513280000000000 -> cell weight = 0.628320000000000
c:4 [x_a,x_b] = 2.513280000000000,3.141600000000000 -> cell weight = 0.628320000000000
c:5 [x_a,x_b] = 3.141600000000000,3.769920000000000 -> cell weight = 0.628320000000000
c:6 [x_a,x_b] = 3.769920000000000,4.398239999999999 -> cell weight = 0.628319999999999
c:7 [x_a,x_b] = 4.398239999999999,5.026560000000000 -> cell weight = 0.628320000000000
c:8 [x_a,x_b] = 5.026560000000000,5.654880000000000 -> cell weight = 0.628320000000000
c:9 [x_a,x_b] = 5.654880000000000,6.283200000000000 -> cell weight = 0.628319999999999
c:10 [x_a,x_b] = 6.283200000000000,6.911520000000000 -> cell weight = 0.628320000000000
c:11 [x_a,x_b] = 6.911520000000000,7.539840000000000 -> cell weight = 0.628319999999999
c:12 [x_a,x_b] = 7.539840000000000,8.168160000000000 -> cell weight = 0.628320000000000
c:13 [x_a,x_b] = 8.168160000000000,8.796479999999999 -> cell weight = 0.628319999999999
c:14 [x_a,x_b] = 8.796479999999999,9.424799999999999 -> cell weight = 0.628320000000000
c:15 [x_a,x_b] = 9.424799999999999,10.053120000000000 -> cell weight = 0.628320000000000
c:16 [x_a,x_b] = 10.053120000000000,10.681440000000000 -> cell weight = 0.628320000000000
c:17 [x_a,x_b] = 10.681440000000000,11.309760000000001 -> cell weight = 0.628320000000000
c:18 [x_a,x_b] = 11.309760000000001,11.938079999999999 -> cell weight = 0.628319999999999
c:19 [x_a,x_b] = 11.938079999999999,12.566400000000000 -> cell weight = 0.628320000000000
particle weight sum = 12.5664000000 cell weight sum = 12.5664000000
