masses:        e= 9.109e-31; ions in proton mass units:    0.000e+00  0.000e+00 ...
charges:       e=-1.602e-19; charges in elementary units:  0.000e+00  0.000e+00
n:             e:  1.000e+00                           i:  1.000e+00  0.000e+00
thermal T (K): e= 1.160e+07 i= 0.000e+00  0.000e+00. Normalization grid 0: v_0= 1.326e+07 ( 4.424e-02c) n_0= 1.000e+20 t_0= 7.343e-06 1 batched, view batch 0
Domain radius (AMR levels) grid 0: par= 6.000e+00 perp= 6.000e+00 (0) 
0) FormLandau 1512 IPs, 56 cells total, Nb=27, Nq=27, dim=3, Tab: Nb=27 Nf=1 Np=27 cdim=3 N=517 nnz= 29521
DM Object: Particles 1 MPI process
  type: swarm
Particles in 3 dimensions:
  Number of particles per rank: 3024
dim = 3	totalWeight = 50.463507, user->charges[species[0]] = -1.000000	totalCharge = -50.463507, Total Area = 50.265600
sigma: 1.00394
(x0,v0,t0,m0,q0,phi0): (1.000000e+00, 1.000000e+00, 1.000000e+00, 1.000000e+00, 1.000000e+00, 1.000000e+00) - (P, V) = (1.000000e+00, 1.000000e+00)
E: 0.030000	-4.371503e-15	3.505575e+01	1.544759	1.738876379019601e-02	-1.759731	-50.463507	50.463507	3.509678121217552e-15	8.728664382865261e+01	8.717443588205638e-02	3024	(1)
E: 0.060000	-2.366163e-15	3.505575e+01	1.544759	1.738876379019523e-02	-1.759731	-50.463507	50.463507	1.727705677970668e-15	8.728666442776964e+01	8.717443588204478e-02	3024	(2)
E: 0.090000	-4.621303e-15	3.502407e+01	1.544367	1.737305228664553e-02	-1.760124	-50.463507	50.463507	2.634645659965956e-15	8.728669872241261e+01	8.709566998792306e-02	3024	(3)
E: 0.120000	-3.777013e-14	3.496072e+01	1.543580	1.734162927954326e-02	-1.760910	-50.463507	50.463507	1.632476516120403e-15	8.728674662579446e+01	8.693813820456775e-02	3024	(4)
E: 0.150000	-2.404327e-15	3.486573e+01	1.542399	1.729450896492274e-02	-1.762092	-50.463507	50.463507	-6.023389462295845e-17	8.728680800178704e+01	8.670191171183941e-02	3024	(5)
E: 0.180000	+1.682682e-16	3.473915e+01	1.540819	1.723171973482673e-02	-1.763671	-50.463507	50.463507	2.019581026321872e-15	8.728688266532298e+01	8.638713286460301e-02	3024	(6)
E: 0.210000	+1.730387e-14	3.458094e+01	1.538837	1.715324545819335e-02	-1.765654	-50.463507	50.463507	9.527830696541446e-16	8.728697045362645e+01	8.599372081838030e-02	3024	(7)
E: 0.240000	+2.749190e-14	3.439130e+01	1.536449	1.705917796591580e-02	-1.768042	-50.463507	50.463507	4.786383613368824e-16	8.728707101402158e+01	8.552213597721867e-02	3024	(8)
E: 0.270000	-2.922489e-14	3.417042e+01	1.533650	1.694961177114594e-02	-1.770840	-50.463507	50.463507	-2.519282666679043e-16	8.728718401855332e+01	8.497285219899912e-02	3024	(9)
E: 0.300000	+1.647814e-14	3.393258e+01	1.530617	1.683163901340215e-02	-1.773874	-50.463507	50.463507	1.171153975973512e-15	8.728733640936662e+01	8.438142416927107e-02	3024	(10)
E: 0.330000	+1.552404e-14	3.358479e+01	1.526143	1.665912312864474e-02	-1.778348	-50.463507	50.463507	-1.443322100948054e-16	8.728749990793041e+01	8.351655740468367e-02	3024	(11)
E: 0.360000	-6.010817e-15	3.320634e+01	1.521221	1.647139912675637e-02	-1.783270	-50.463507	50.463507	5.490167944061993e-16	8.728767395625994e+01	8.257544862159961e-02	3024	(12)
E: 0.390000	+4.175479e-15	3.279754e+01	1.515841	1.626862288333188e-02	-1.788649	-50.463507	50.463507	2.087299374827524e-15	8.728785795723709e+01	8.155887933075145e-02	3024	(13)
E: 0.420000	+1.088712e-14	3.235880e+01	1.509992	1.605099151499605e-02	-1.794498	-50.463507	50.463507	3.589009417902912e-15	8.728805130066665e+01	8.046783780247191e-02	3024	(14)
E: 0.450000	-5.688158e-15	3.189032e+01	1.503659	1.581860879728948e-02	-1.800832	-50.463507	50.463507	3.404283677501303e-15	8.728825331557987e+01	7.930284437311079e-02	3024	(15)
E: 0.480000	-4.459974e-15	3.139253e+01	1.496826	1.557169002465026e-02	-1.807664	-50.463507	50.463507	4.402220161375062e-15	8.728846327702206e+01	7.806497846422654e-02	3024	(16)
E: 0.510000	+1.804112e-15	3.086608e+01	1.489482	1.531055584570069e-02	-1.815009	-50.463507	50.463507	5.271836250828870e-15	8.728868044790030e+01	7.675584767150295e-02	3024	(17)
E: 0.540000	-7.294512e-16	3.031113e+01	1.481602	1.503528316816269e-02	-1.822888	-50.463507	50.463507	5.554621322271643e-15	8.728890407505901e+01	7.537583766760331e-02	3024	(18)
E: 0.570000	-1.224108e-14	2.972829e+01	1.473170	1.474617673820238e-02	-1.831321	-50.463507	50.463507	3.541851530967918e-15	8.728913337482155e+01	7.392647634916737e-02	3024	(19)
E: 0.600000	-4.788704e-15	2.911807e+01	1.464163	1.444348527664329e-02	-1.840328	-50.463507	50.463507	4.981511149799893e-15	8.728936754160112e+01	7.240901075668875e-02	3024	(20)
E: 0.630000	-2.709638e-15	2.848098e+01	1.454555	1.412747000475518e-02	-1.849936	-50.463507	50.463507	5.370758292576101e-15	8.728960575076874e+01	7.082475061323561e-02	3024	(21)
E: 0.660000	-1.301043e-17	2.792922e+01	1.446059	1.385377516844862e-02	-1.858432	-50.463507	50.463507	7.557049132401096e-15	8.728985463102262e+01	6.945265053953320e-02	3024	(22)
E: 0.690000	-3.228320e-15	2.732314e+01	1.436531	1.355314010953142e-02	-1.867960	-50.463507	50.463507	7.109398731882437e-15	8.729011259856077e+01	6.794549181873887e-02	3024	(23)
E: 0.720000	-2.153659e-15	2.657209e+01	1.424426	1.318059718790038e-02	-1.880065	-50.463507	50.463507	7.122958712476351e-15	8.729037147677991e+01	6.607784605674508e-02	3024	(24)
E: 0.750000	-2.426878e-15	2.579636e+01	1.411558	1.279580841533282e-02	-1.892932	-50.463507	50.463507	6.777777980065691e-15	8.729063034532820e+01	6.414881028422124e-02	3024	(25)
E: 0.780000	-7.233797e-16	2.499662e+01	1.397881	1.239911040054185e-02	-1.906609	-50.463507	50.463507	7.364110248208601e-15	8.729088828223807e+01	6.216007223445338e-02	3024	(26)
E: 0.810000	-2.693158e-15	2.417357e+01	1.383341	1.199085081690425e-02	-1.921150	-50.463507	50.463507	8.023815021409563e-15	8.729114436725679e+01	6.011337514145396e-02	3024	(27)
E: 0.840000	-1.921206e-15	2.362747e+01	1.373417	1.171997100676878e-02	-1.931073	-50.463507	50.463507	5.554541548113393e-15	8.729139546904688e+01	5.875539531431528e-02	3024	(28)
E: 0.870000	-1.940288e-15	2.277885e+01	1.357532	1.129902460843847e-02	-1.946959	-50.463507	50.463507	7.739042455573559e-15	8.729164345813639e+01	5.664509964047308e-02	3024	(29)
E: 0.900000	-2.450297e-15	2.190887e+01	1.340620	1.086748870707493e-02	-1.963871	-50.463507	50.463507	6.029050156349935e-15	8.729188744610890e+01	5.448171887969251e-02	3024	(30)
E: 0.930000	-2.610759e-15	2.101832e+01	1.322598	1.042574364604046e-02	-1.981893	-50.463507	50.463507	7.691688085495193e-15	8.729212655742059e+01	5.226716020083723e-02	3024	(31)
E: 0.960000	-1.639314e-15	2.010797e+01	1.303368	9.974179336773381e-03	-2.001123	-50.463507	50.463507	9.459334770373625e-15	8.729235993259242e+01	5.000337881378016e-02	3024	(32)
E: 0.990000	-1.964574e-15	1.917863e+01	1.282817	9.513194915123804e-03	-2.021674	-50.463507	50.463507	9.733733253525547e-15	8.729258673133157e+01	4.769237626644379e-02	3024	(33)
E: 1.020000	-1.326196e-15	1.823112e+01	1.260813	9.043198389070486e-03	-2.043678	-50.463507	50.463507	1.136089389082833e-14	8.729280613562128e+01	4.533619870551697e-02	3024	(34)
E: 1.050000	-2.726118e-15	2.421546e+01	1.384093	1.201165488563985e-02	-1.920397	-50.463507	50.463507	1.270528180387629e-14	8.729312419743026e+01	6.021758661928966e-02	3024	(35)
E: 1.080000	-2.386112e-15	2.316439e+01	1.364821	1.149029055935637e-02	-1.939669	-50.463507	50.463507	1.062020959404376e-14	8.729343458604657e+01	5.760385417629298e-02	3024	(36)
E: 1.110000	-2.288968e-15	2.209143e+01	1.344224	1.095807318011014e-02	-1.960266	-50.463507	50.463507	1.142684097659422e-14	8.729373618383069e+01	5.493571350792635e-02	3024	(37)
E: 1.140000	-1.895185e-15	2.099788e+01	1.322175	1.041563769210232e-02	-1.982314	-50.463507	50.463507	1.073958861031753e-14	8.729402785750783e+01	5.221634790464599e-02	3024	(38)
E: 1.170000	-2.085138e-15	1.988422e+01	1.298509	9.863232806550932e-03	-2.005981	-50.463507	50.463507	1.093773639634407e-14	8.729430860392027e+01	4.944700441222490e-02	3024	(39)
E: 1.200000	-1.826664e-15	1.875247e+01	1.273058	9.301847085856355e-03	-2.031431	-50.463507	50.463507	8.137472028029824e-15	8.729457741097463e+01	4.663263920732519e-02	3024	(40)
E: 1.230000	-1.667069e-15	1.760283e+01	1.245583	8.731594584247576e-03	-2.058906	-50.463507	50.463507	9.127231865754981e-15	8.729483330630086e+01	4.377382439244457e-02	3024	(41)
E: 1.260000	-1.476250e-15	1.643537e+01	1.215779	8.152498278092550e-03	-2.088709	-50.463507	50.463507	8.548026767218816e-15	8.729507535582354e+01	4.087067557775270e-02	3024	(42)
E: 1.290000	-1.354385e-15	1.525200e+01	1.183327	7.565512596210433e-03	-2.121162	-50.463507	50.463507	1.182918774096434e-14	8.729530267787585e+01	3.792797814362911e-02	3024	(43)
E: 1.320000	-1.038666e-15	1.405378e+01	1.147793	6.971160777312723e-03	-2.156695	-50.463507	50.463507	1.180977598746462e-14	8.729551444245560e+01	3.494835600880442e-02	3024	(44)
E: 1.350000	-1.124101e-15	1.284179e+01	1.108625	6.369973188513537e-03	-2.195862	-50.463507	50.463507	1.169936658539986e-14	8.729570987431318e+01	3.193446914357254e-02	3024	(45)
E: 1.380000	-1.039099e-15	1.236518e+01	1.092201	6.133565224000278e-03	-2.212287	-50.463507	50.463507	1.288582581818450e-14	8.729588482829767e+01	3.074924802474404e-02	3024	(46)
E: 1.410000	-5.963112e-16	1.122675e+01	1.050254	5.568867702387877e-03	-2.254233	-50.463507	50.463507	1.218490886807926e-14	8.729604515460382e+01	2.791829290764257e-02	3024	(47)
E: 1.440000	-9.259087e-16	1.007696e+01	1.003330	4.998540911336578e-03	-2.301157	-50.463507	50.463507	1.421906465723330e-14	8.729619026049201e+01	2.505912320458148e-02	3024	(48)
E: 1.470000	-8.391725e-16	8.917040e+00	0.950221	4.423184071144781e-03	-2.354265	-50.463507	50.463507	1.390720965790238e-14	8.729631960996517e+01	2.217474552289872e-02	3024	(49)
E: 1.500000	-7.196934e-16	7.748187e+00	0.889200	3.843398215615398e-03	-2.415285	-50.463507	50.463507	1.499304597694414e-14	8.729643272575960e+01	1.926817712769651e-02	3024	(50)
E: 1.530000	-6.279699e-16	6.571276e+00	0.817650	3.259615820775200e-03	-2.486834	-50.463507	50.463507	1.379082949694421e-14	8.729652918569204e+01	1.634159340325777e-02	3024	(51)
E: 1.560000	-5.024193e-16	5.387365e+00	0.731376	2.672360748368733e-03	-2.573105	-50.463507	50.463507	1.339969347523392e-14	8.729660862704270e+01	1.339763425333628e-02	3024	(52)
E: 1.590000	-3.764350e-16	4.197516e+00	0.622992	2.082160471205766e-03	-2.681486	-50.463507	50.463507	1.369890616741838e-14	8.729667074797310e+01	1.043897327579327e-02	3024	(53)
E: 1.620000	-2.887230e-16	3.002799e+00	0.477526	1.489545599799673e-03	-2.826946	-50.463507	50.463507	1.295778919434052e-14	8.729671530872534e+01	7.468346543007489e-03	3024	(54)
E: 1.650000	-1.584561e-16	1.804289e+00	0.256306	8.950494057896443e-04	-3.048153	-50.463507	50.463507	1.543689511206695e-14	8.729674213260286e+01	4.488705777230942e-03	3024	(55)
E: 1.680000	-5.450826e-17	6.030663e-01	-0.219635	2.992073424990032e-04	-3.524028	-50.463507	50.463507	1.178459661713466e-14	8.729675110672207e+01	1.505226051195616e-03	3024	(56)
E: 1.710000	+5.678509e-17	5.997871e-01	-0.222003	2.974441898899136e-04	-3.526595	-50.463507	50.463507	1.167691864133526e-14	8.729674218253653e+01	1.496919558937566e-03	3024	(57)
E: 1.740000	+1.673466e-16	1.803186e+00	0.256040	8.943653185617971e-04	-3.048485	-50.463507	50.463507	1.323999381662559e-14	8.729671537613163e+01	4.485779850439561e-03	3024	(58)
E: 1.770000	+2.811336e-16	3.007088e+00	0.478146	1.491536593283493e-03	-2.826366	-50.463507	50.463507	1.210424346013548e-14	8.729667074590893e+01	7.478828896569150e-03	3024	(59)
E: 1.800000	+3.575699e-16	4.208500e+00	0.624127	2.087472367693812e-03	-2.680379	-50.463507	50.463507	9.813400137646599e-15	8.729660845415272e+01	1.046610439858240e-02	3024	(60)
