dim = 1	totalWeight = 12.566400, user->charges[species[0]] = -1.000000	totalCharge = -12.566400, Total Area = 12.566400
sigma: 1.
(x0,v0,t0,m0,q0,phi0): (1.000000e+00, 1.000000e+00, 1.000000e+00, 1.000000e+00, 1.000000e+00, 1.000000e+00) - (P, V) = (1.000000e+00, 1.000000e+00)
E: 0.030000	+9.876544e-13	1.679146e+02	2.225088	1.994530119184854e-02	-1.700159	-12.566400	12.566400	7.381248390281314e-16	1.256951724458597e+01	5.006409459694479e-02	13200	(1)
E: 0.060000	+4.121148e-13	1.679145e+02	2.225088	1.994529737864778e-02	-1.700159	-12.566400	12.566400	7.919012667834124e-16	1.256952402606652e+01	5.006408502555659e-02	13200	(2)
E: 0.090000	-2.764011e-12	1.677463e+02	2.224653	1.992531647786207e-02	-1.700595	-12.566400	12.566400	1.607221300492512e-15	1.256953665465223e+01	5.001390805461393e-02	13200	(3)
E: 0.120000	+1.314504e-12	1.673662e+02	2.223668	1.988018822707296e-02	-1.701580	-12.566400	12.566400	2.114627917215728e-15	1.256955562621811e+01	4.990058624906971e-02	13200	(4)
E: 0.150000	+2.827960e-12	1.667844e+02	2.222155	1.981110757849771e-02	-1.703091	-12.566400	12.566400	2.196159920586638e-15	1.256958018809889e+01	4.972711924917494e-02	13200	(5)
E: 0.180000	+2.017941e-12	1.660134e+02	2.220143	1.971956597501765e-02	-1.705103	-12.566400	12.566400	2.661065812148422e-15	1.256961015476665e+01	4.949725106786994e-02	13200	(6)
E: 0.210000	+4.973799e-13	1.650561e+02	2.217632	1.960590666661538e-02	-1.707613	-12.566400	12.566400	4.166805789296291e-15	1.256964535128380e+01	4.921184375283374e-02	13200	(7)
E: 0.240000	+5.329071e-13	1.639149e+02	2.214619	1.947040762664235e-02	-1.710625	-12.566400	12.566400	4.368033712509600e-15	1.256968580062014e+01	4.887159624544282e-02	13200	(8)
E: 0.270000	+2.074785e-12	1.625899e+02	2.211093	1.931307404228537e-02	-1.714149	-12.566400	12.566400	4.923145224822179e-15	1.256973112801901e+01	4.847652141218883e-02	13200	(9)
E: 0.300000	+2.842171e-14	1.610847e+02	2.207054	1.913435651949431e-02	-1.718186	-12.566400	12.566400	4.309053114326389e-15	1.256978124989741e+01	4.802775209699259e-02	13200	(10)
E: 0.330000	+5.115908e-13	1.594014e+02	2.202492	1.893449101239749e-02	-1.722746	-12.566400	12.566400	7.625844400394044e-15	1.256983595710109e+01	4.752588154923221e-02	13200	(11)
E: 0.360000	+2.982118e-07	1.575457e+02	2.197407	1.871340356413300e-02	-1.727847	-12.566400	12.566400	-2.585877692529159e-11	1.256989427049107e+01	4.697130148028706e-02	13200	(12)
E: 0.390000	-1.563194e-13	1.555070e+02	2.191750	1.847207802445154e-02	-1.733484	-12.566400	12.566400	-2.585886019201844e-11	1.256995728852053e+01	4.636475195108906e-02	13200	(13)
E: 0.420000	+7.794917e-07	1.532888e+02	2.185510	1.821007848675141e-02	-1.739688	-12.566400	12.566400	-3.560996289508900e-11	1.257002269702230e+01	4.570718887081680e-02	13200	(14)
E: 0.450000	+1.369580e-07	1.509176e+02	2.178740	1.792858256213712e-02	-1.746454	-12.566400	12.566400	-3.562843076121425e-11	1.257009291117300e+01	4.500001801076715e-02	13200	(15)
E: 0.480000	+7.919866e-07	1.484083e+02	2.171458	1.762831048549976e-02	-1.753789	-12.566400	12.566400	-3.620906352530540e-11	1.257016621353793e+01	4.424606969183217e-02	13200	(16)
E: 0.510000	+1.058709e-12	1.457051e+02	2.163475	1.730822839129473e-02	-1.761747	-12.566400	12.566400	-3.621092314887164e-11	1.257024260276966e+01	4.344231222809961e-02	13200	(17)
E: 0.540000	+8.040450e-07	1.428603e+02	2.154912	1.697053573952751e-02	-1.770304	-12.566400	12.566400	-3.668990805616446e-11	1.257032132925336e+01	4.259441139936480e-02	13200	(18)
E: 0.570000	+9.846151e-07	1.398490e+02	2.145659	1.661308349478732e-02	-1.779550	-12.566400	12.566400	-8.991488803511416e-11	1.257040209410558e+01	4.169712169673353e-02	13200	(19)
E: 0.600000	+1.019798e-06	1.367190e+02	2.135829	1.624109054246919e-02	-1.789385	-12.566400	12.566400	-1.074603531159291e-10	1.257048303259027e+01	4.076134353872250e-02	13200	(20)
E: 0.630000	+2.632439e-07	1.333986e+02	2.125151	1.585077519079148e-02	-1.799949	-12.566400	12.566400	-1.170514241088938e-10	1.257056715398335e+01	3.978166931979715e-02	13200	(21)
E: 0.660000	+9.964414e-07	1.300102e+02	2.113977	1.544458120699476e-02	-1.811224	-12.566400	12.566400	-1.413034689257131e-10	1.257064911776841e+01	3.876472394943640e-02	13200	(22)
E: 0.690000	+9.374997e-07	1.264443e+02	2.101899	1.502189348815308e-02	-1.823275	-12.566400	12.566400	-1.823437581482956e-10	1.257073364259477e+01	3.770107451460882e-02	13200	(23)
E: 0.720000	+1.047697e-06	1.227851e+02	2.089146	1.458484897444243e-02	-1.836098	-12.566400	12.566400	-2.188709213868378e-10	1.257081696128823e+01	3.660443088409544e-02	13200	(24)
E: 0.750000	+8.313350e-13	1.189691e+02	2.075434	1.413349759528110e-02	-1.849750	-12.566400	12.566400	-2.188699846361608e-10	1.257090397278275e+01	3.547094190244417e-02	13200	(25)
E: 0.780000	+1.059132e-06	1.150467e+02	2.060874	1.366765942251907e-02	-1.864306	-12.566400	12.566400	-2.714428196104457e-10	1.257098840046187e+01	3.430250239923512e-02	13200	(26)
E: 0.810000	+1.122553e-06	1.110654e+02	2.045579	1.319185750296811e-02	-1.879694	-12.566400	12.566400	-3.436994508443370e-10	1.257107390474379e+01	3.311379348139758e-02	13200	(27)
E: 0.840000	+1.108553e-06	1.068791e+02	2.028893	1.270163428628865e-02	-1.896140	-12.566400	12.566400	-3.902674849953769e-10	1.257115488694425e+01	3.187479078995712e-02	13200	(28)
E: 0.870000	+1.141760e-06	1.026835e+02	2.011501	1.219901813504051e-02	-1.913675	-12.566400	12.566400	-4.482547319439867e-10	1.257123372725363e+01	3.061678576985780e-02	13200	(29)
E: 0.900000	+1.023502e-06	9.839197e+01	1.992960	1.168712387849851e-02	-1.932292	-12.566400	12.566400	-5.057947671804897e-10	1.257131159452515e+01	2.933128037634392e-02	13200	(30)
E: 0.930000	+9.150617e-07	9.400024e+01	1.973129	1.116326744123224e-02	-1.952209	-12.566400	12.566400	-5.559539842381334e-10	1.257138706041047e+01	2.802181526713028e-02	13200	(31)
E: 0.960000	+8.554228e-07	8.950302e+01	1.951838	1.063558851793741e-02	-1.973238	-12.566400	12.566400	-6.065737703786489e-10	1.257146027548199e+01	2.668996287558306e-02	13200	(32)
E: 0.990000	-4.618528e-13	8.497032e+01	1.929267	1.009603482741016e-02	-1.995849	-12.566400	12.566400	-6.065744989625088e-10	1.257153549377513e+01	2.533415641461534e-02	13200	(33)
E: 1.020000	+8.483676e-07	8.037378e+01	1.905114	9.549660699788839e-03	-2.020012	-12.566400	12.566400	-6.544981639988734e-10	1.257160274484597e+01	2.396322220121689e-02	13200	(34)
E: 1.050000	+7.371872e-07	7.572745e+01	1.879253	8.993590765906860e-03	-2.046067	-12.566400	12.566400	-7.116124495221143e-10	1.257166689515103e+01	2.257416592677150e-02	13200	(35)
E: 1.080000	+7.477148e-07	7.112345e+01	1.852013	8.431665579303515e-03	-2.074087	-12.566400	12.566400	-7.764648715657962e-10	1.257172725081977e+01	2.117411645993066e-02	13200	(36)
E: 1.110000	+5.560214e-07	6.625761e+01	1.821236	7.868630621800028e-03	-2.104101	-12.566400	12.566400	-8.263578710199226e-10	1.257178446482299e+01	1.975621487275821e-02	13200	(37)
E: 1.140000	+5.405720e-07	6.146025e+01	1.788594	7.305853532174197e-03	-2.136329	-12.566400	12.566400	-8.765853390380052e-10	1.257183692080238e+01	1.832816856328934e-02	13200	(38)
E: 1.170000	+3.939911e-07	5.667371e+01	1.753382	6.735005753293958e-03	-2.171662	-12.566400	12.566400	-9.197703848551342e-10	1.257188555016951e+01	1.689571027917697e-02	13200	(39)
E: 1.200000	+5.022915e-07	5.182477e+01	1.714537	6.162457964961585e-03	-2.210246	-12.566400	12.566400	-9.704773581975523e-10	1.257193055108703e+01	1.545602656321552e-02	13200	(40)
E: 1.230000	+4.772461e-07	4.699198e+01	1.672024	5.582753668529964e-03	-2.253152	-12.566400	12.566400	-1.020508871851789e-09	1.257197063981679e+01	1.401154843390124e-02	13200	(41)
E: 1.260000	+2.504325e-07	4.214702e+01	1.624767	5.007648272616969e-03	-2.300366	-12.566400	12.566400	-1.059734640318499e-09	1.257200728047946e+01	1.256509457670891e-02	13200	(42)
E: 1.290000	+3.864406e-07	3.709293e+01	1.569291	4.424689369334728e-03	-2.354117	-12.566400	12.566400	-1.113150072118430e-09	1.257204285008017e+01	1.107047826983797e-02	13200	(43)
E: 1.320000	+7.246485e-07	3.296065e+01	1.517996	3.873996825312245e-03	-2.411841	-12.566400	12.566400	-1.195884849480855e-09	1.257207206933079e+01	9.777985676514974e-03	13200	(44)
E: 1.350000	+1.290849e-07	2.764738e+01	1.441654	3.285839638271067e-03	-2.483354	-12.566400	12.566400	-1.224933598997779e-09	1.257209605722071e+01	8.241650578172924e-03	13200	(45)
E: 1.380000	+8.993462e-08	2.283875e+01	1.358672	2.720243449233207e-03	-2.565392	-12.566400	12.566400	-1.250101425154249e-09	1.257211559239651e+01	6.808491297492537e-03	13200	(46)
E: 1.410000	+9.602126e-08	1.805357e+01	1.256563	2.151885575252410e-03	-2.667181	-12.566400	12.566400	-1.271249640277805e-09	1.257213088651477e+01	5.386153413612902e-03	13200	(47)
E: 1.440000	+1.156027e-08	1.331930e+01	1.124481	1.583485391674672e-03	-2.800386	-12.566400	12.566400	-1.286082886020612e-09	1.257214203494840e+01	3.973543964745405e-03	13200	(48)
E: 1.470000	+1.188245e-07	8.632469e+00	0.936135	1.027197570496366e-03	-2.988346	-12.566400	12.566400	-1.298605438460054e-09	1.257214897125728e+01	2.574482114023702e-03	13200	(49)
E: 1.500000	+2.453988e-09	3.959004e+00	0.597586	4.690788329321988e-04	-3.328754	-12.566400	12.566400	-1.303202559754801e-09	1.257215225852622e+01	1.191129035082291e-03	13200	(50)
E: 1.530000	+7.243516e-09	6.059011e-01	-0.217598	7.455232319032426e-05	-4.127539	-12.566400	12.566400	-1.302872545960732e-09	1.257215177339019e+01	1.811873058012544e-04	13200	(51)
E: 1.560000	+3.854362e-08	4.993744e+00	0.698426	6.359981075012256e-04	-3.196544	-12.566400	12.566400	-1.298834241547642e-09	1.257214780134788e+01	1.498933650749045e-03	13200	(52)
E: 1.590000	-8.024823e-09	9.606914e+00	0.982584	1.139456695182927e-03	-2.943302	-12.566400	12.566400	-1.284917137966968e-09	1.257214034191802e+01	2.856836731200406e-03	13200	(53)
E: 1.620000	-4.851011e-09	1.392858e+01	1.143907	1.667198325351042e-03	-2.778013	-12.566400	12.566400	-1.263744123236599e-09	1.257212967548906e+01	4.162478536468503e-03	13200	(54)
E: 1.650000	+6.358481e-08	1.826814e+01	1.261694	2.172535547121141e-03	-2.663033	-12.566400	12.566400	-1.238261257419104e-09	1.257211573179114e+01	5.443057502937868e-03	13200	(55)
E: 1.680000	+8.602214e-08	2.244934e+01	1.351204	2.686469067598683e-03	-2.570818	-12.566400	12.566400	-1.209255716394519e-09	1.257209858129793e+01	6.703040050388953e-03	13200	(56)
E: 1.710000	+6.774235e-08	2.658254e+01	1.424596	3.158288015197575e-03	-2.500548	-12.566400	12.566400	-1.169543302481646e-09	1.257207949338270e+01	7.926523374472529e-03	13200	(57)
E: 1.740000	-3.178209e-08	3.060434e+01	1.485783	3.633717633100733e-03	-2.439649	-12.566400	12.566400	-1.118922933474042e-09	1.257205845869345e+01	9.118572055782896e-03	13200	(58)
E: 1.770000	+2.021832e-07	3.453144e+01	1.538215	4.109026227174615e-03	-2.386261	-12.566400	12.566400	-1.068454845432054e-09	1.257203477096457e+01	1.029359600894508e-02	13200	(59)
E: 1.800000	+3.809589e-07	3.833140e+01	1.583555	4.551560033875155e-03	-2.341840	-12.566400	12.566400	-1.018251545581439e-09	1.257200940218152e+01	1.142379502849115e-02	13200	(60)
