dim = 2	totalWeight = 12.566400, user->charges[species[0]] = -1.000000	totalCharge = -12.566400, Total Area = 12.566400
sigma: 1.
(x0,v0,t0,m0,q0,phi0): (1.000000e+00, 1.000000e+00, 1.000000e+00, 1.000000e+00, 1.000000e+00, 1.000000e+00) - (P, V) = (1.000000e+00, 1.000000e+00)
E: 0.030000	+8.316091e-14	4.676554e+01	1.669926	1.732056922698820e-02	-1.761438	-12.566400	12.566400	1.170997385625875e-15	1.323660896281739e+01	4.341627932084222e-02	4050	(1)
E: 0.060000	+2.448042e-14	4.676554e+01	1.669926	1.732056922698908e-02	-1.761438	-12.566400	12.566400	1.205703071845084e-15	1.323661405224544e+01	4.341627932084623e-02	4050	(2)
E: 0.090000	-1.120805e-14	4.672345e+01	1.669535	1.730498071529436e-02	-1.761829	-12.566400	12.566400	1.142491212493307e-15	1.323662252546567e+01	4.337720466902203e-02	4050	(3)
E: 0.120000	-3.105155e-15	4.663927e+01	1.668752	1.727380369190207e-02	-1.762612	-12.566400	12.566400	1.239665133964723e-15	1.323663436111995e+01	4.329905536778703e-02	4050	(4)
E: 0.150000	-3.644654e-15	4.651304e+01	1.667575	1.722705218647628e-02	-1.763789	-12.566400	12.566400	1.147718003036457e-15	1.323664952570652e+01	4.318186658998562e-02	4050	(5)
E: 0.180000	-1.715642e-14	4.634484e+01	1.666001	1.716475425833164e-02	-1.765362	-12.566400	12.566400	1.227023041349216e-15	1.323666797367911e+01	4.302570867891761e-02	4050	(6)
E: 0.210000	-4.045375e-15	4.613477e+01	1.664028	1.708695198382547e-02	-1.767335	-12.566400	12.566400	1.073259460439576e-15	1.323668964758872e+01	4.283068711675043e-02	4050	(7)
E: 0.240000	-6.432355e-15	4.588299e+01	1.661652	1.699370125316632e-02	-1.769712	-12.566400	12.566400	1.030236463334226e-15	1.323671447832583e+01	4.259694201527645e-02	4050	(8)
E: 0.270000	-8.099424e-15	4.558968e+01	1.658867	1.688506528529799e-02	-1.772497	-12.566400	12.566400	1.106258973706878e-15	1.323674238771208e+01	4.232463186017219e-02	4050	(9)
E: 0.300000	-9.884454e-15	4.525506e+01	1.655667	1.676113248608862e-02	-1.775697	-12.566400	12.566400	1.077615223305418e-15	1.323677334104961e+01	4.201397827448958e-02	4050	(10)
E: 0.330000	-3.171075e-15	4.487864e+01	1.652040	1.662171685781186e-02	-1.779324	-12.566400	12.566400	8.578108786539235e-16	1.323680717469358e+01	4.166451505755345e-02	4050	(11)
E: 0.360000	-4.126907e-15	4.446606e+01	1.648029	1.646891066159198e-02	-1.783335	-12.566400	12.566400	7.579293511180656e-16	1.323684448247796e+01	4.128148674649379e-02	4050	(12)
E: 0.390000	-7.646661e-15	4.399934e+01	1.643446	1.629605131858450e-02	-1.787918	-12.566400	12.566400	4.149592709802047e-16	1.323688441802347e+01	4.084819277773879e-02	4050	(13)
E: 0.420000	-5.287437e-15	4.349260e+01	1.638415	1.610836995656301e-02	-1.792948	-12.566400	12.566400	-1.083161308915979e-16	1.323692684536081e+01	4.037774568430337e-02	4050	(14)
E: 0.450000	-6.940629e-15	4.294626e+01	1.632925	1.590602214893072e-02	-1.798438	-12.566400	12.566400	-6.730133935878912e-16	1.323697161930563e+01	3.987053547339159e-02	4050	(15)
E: 0.480000	-4.121703e-15	4.241941e+01	1.627565	1.571089028266474e-02	-1.803799	-12.566400	12.566400	-9.934582810223626e-16	1.323702249409106e+01	3.938141264500165e-02	4050	(16)
E: 0.510000	-5.247539e-15	4.174274e+01	1.620581	1.546027354232034e-02	-1.810783	-12.566400	12.566400	-1.270346586119664e-15	1.323707528247722e+01	3.875321047834296e-02	4050	(17)
E: 0.540000	-4.071396e-15	4.102790e+01	1.613079	1.519551700124282e-02	-1.818285	-12.566400	12.566400	-1.530417062461094e-15	1.323712980105185e+01	3.808956541615150e-02	4050	(18)
E: 0.570000	-5.559789e-15	4.027549e+01	1.605041	1.491684621448494e-02	-1.826323	-12.566400	12.566400	-2.018358073658639e-15	1.323718585984526e+01	3.739104290018091e-02	4050	(19)
E: 0.600000	-4.180684e-15	3.948615e+01	1.596445	1.462449988217935e-02	-1.834919	-12.566400	12.566400	-2.002269184668520e-15	1.323724326299729e+01	3.665824132768197e-02	4050	(20)
E: 0.630000	-4.368034e-15	3.866057e+01	1.587268	1.431872800829411e-02	-1.844096	-12.566400	12.566400	-2.034510747996180e-15	1.323730180946813e+01	3.589178743836112e-02	4050	(21)
E: 0.660000	-2.910866e-15	3.779945e+01	1.577485	1.399979408501893e-02	-1.853878	-12.566400	12.566400	-2.093654685426296e-15	1.323736129373640e+01	3.509234178832676e-02	4050	(22)
E: 0.690000	-3.216177e-15	3.773940e+01	1.576795	1.397755203764785e-02	-1.854569	-12.566400	12.566400	-1.856915661455208e-15	1.323743055881821e+01	3.503658116478938e-02	4050	(23)
E: 0.720000	-3.814657e-15	3.669165e+01	1.564567	1.358949956435439e-02	-1.866797	-12.566400	12.566400	-1.810899519949373e-15	1.323750001934269e+01	3.406387962419475e-02	4050	(24)
E: 0.750000	-6.140921e-15	3.560995e+01	1.551571	1.318886729466342e-02	-1.879793	-12.566400	12.566400	-1.644655099650002e-15	1.323756942924082e+01	3.305964569816931e-02	4050	(25)
E: 0.780000	-5.901529e-15	3.449522e+01	1.537759	1.277600447579542e-02	-1.893605	-12.566400	12.566400	-1.561230257122502e-15	1.323763854218637e+01	3.202475489636868e-02	4050	(26)
E: 0.810000	-3.122502e-15	3.334844e+01	1.523076	1.235127167677422e-02	-1.908288	-12.566400	12.566400	-1.730620089842905e-15	1.323770711248206e+01	3.096011111859612e-02	4050	(27)
E: 0.840000	-2.809385e-15	3.217406e+01	1.507506	1.191631472796863e-02	-1.923858	-12.566400	12.566400	-1.615542010846174e-15	1.323777489132028e+01	2.986983993380541e-02	4050	(28)
E: 0.870000	-2.541370e-15	3.096644e+01	1.490891	1.146904725488603e-02	-1.940473	-12.566400	12.566400	-1.638981705803333e-15	1.323784164279083e+01	2.874871171934808e-02	4050	(29)
E: 0.900000	-3.469447e-15	2.972986e+01	1.473193	1.101105509892661e-02	-1.958171	-12.566400	12.566400	-1.459183756831803e-15	1.323790712839427e+01	2.760070171176207e-02	4050	(30)
E: 0.930000	-2.457236e-15	2.846542e+01	1.454318	1.054274080079797e-02	-1.977046	-12.566400	12.566400	-1.593088077417850e-15	1.323797111376336e+01	2.642681908813728e-02	4050	(31)
E: 0.960000	-3.204034e-15	2.717422e+01	1.434157	1.006451655342841e-02	-1.997207	-12.566400	12.566400	-1.766303596727608e-15	1.323803336951468e+01	2.522809724939142e-02	4050	(32)
E: 0.990000	-2.669739e-15	2.585740e+01	1.412585	9.576805101663376e-03	-2.018779	-12.566400	12.566400	-1.449900366630004e-15	1.323809367205069e+01	2.400559608365394e-02	4050	(33)
E: 1.020000	-2.498002e-15	2.459529e+01	1.390852	9.109356202493991e-03	-2.040512	-12.566400	12.566400	-1.535404447789353e-15	1.323815182699511e+01	2.283388663291794e-02	4050	(34)
E: 1.050000	-2.170139e-15	2.323467e+01	1.366137	8.605423065394914e-03	-2.065228	-12.566400	12.566400	-1.381145709928738e-15	1.323820762678736e+01	2.157072754453577e-02	4050	(35)
E: 1.080000	-1.891716e-15	2.185192e+01	1.339490	8.093291507999523e-03	-2.091875	-12.566400	12.566400	-1.460246861423197e-15	1.323826086998204e+01	2.028702061454740e-02	4050	(36)
E: 1.110000	-1.953732e-15	2.044826e+01	1.310656	7.573415070112581e-03	-2.120708	-12.566400	12.566400	-1.307677482916401e-15	1.323831136398049e+01	1.898390322498010e-02	4050	(37)
E: 1.140000	-2.128939e-15	1.902515e+01	1.279328	7.046335826343442e-03	-2.152037	-12.566400	12.566400	-1.381550979168233e-15	1.323835892485733e+01	1.766273484640074e-02	4050	(38)
E: 1.170000	-1.840542e-15	1.758346e+01	1.245104	6.512375545783026e-03	-2.186261	-12.566400	12.566400	-1.666887925692722e-15	1.323840338091695e+01	1.632432293688924e-02	4050	(39)
E: 1.200000	-1.426376e-15	1.612465e+01	1.207490	5.972073563193933e-03	-2.223875	-12.566400	12.566400	-1.439741394930232e-15	1.323844457022504e+01	1.497002066201546e-02	4050	(40)
E: 1.230000	-1.797174e-15	1.465002e+01	1.165838	5.425910442821235e-03	-2.265527	-12.566400	12.566400	-1.232262894781338e-15	1.323848234232221e+01	1.360103437718406e-02	4050	(41)
E: 1.260000	-1.219511e-15	1.316087e+01	1.119285	4.874372456426798e-03	-2.312081	-12.566400	12.566400	-8.942255817637334e-16	1.323851655878654e+01	1.221858555322855e-02	4050	(42)
E: 1.290000	-1.435917e-15	1.165854e+01	1.066644	4.317951150799007e-03	-2.364722	-12.566400	12.566400	-1.097987625501171e-15	1.323854709375374e+01	1.082391022665228e-02	4050	(43)
E: 1.320000	-1.102200e-15	1.014437e+01	1.006225	3.757142910117706e-03	-2.425142	-12.566400	12.566400	-8.707045048442034e-16	1.323857383439275e+01	9.418258925056561e-03	4050	(44)
E: 1.350000	+3.739486e-06	1.778391e+01	1.250027	5.607438718171508e-03	-2.251235	-12.566400	12.566400	-1.198700772055737e-09	1.323855202118889e+01	1.582654046550445e-02	4050	(45)
E: 1.380000	-1.550409e-15	1.623032e+01	1.210327	6.011239769282915e-03	-2.221036	-12.566400	12.566400	-1.198700623099942e-09	1.323859258692353e+01	1.506794716331595e-02	4050	(46)
E: 1.410000	-1.418570e-15	1.478680e+01	1.169874	5.477589773428789e-03	-2.261410	-12.566400	12.566400	-1.198696641676589e-09	1.323862990276722e+01	1.372863439590059e-02	4050	(47)
E: 1.440000	-1.311451e-15	1.332868e+01	1.124787	4.938529661445515e-03	-2.306402	-12.566400	12.566400	-1.198688726670728e-09	1.323866383209953e+01	1.237576107972612e-02	4050	(48)
E: 1.470000	-1.412065e-15	1.185724e+01	1.073984	4.394539718367460e-03	-2.357087	-12.566400	12.566400	-1.198676732327720e-09	1.323869425025157e+01	1.101053284457551e-02	4050	(49)
E: 1.500000	-1.001586e-15	1.037381e+01	1.015938	3.846105098325211e-03	-2.414979	-12.566400	12.566400	-1.198660705307808e-09	1.323872104497627e+01	9.634167664389806e-03	4050	(50)
E: 1.530000	-1.255289e-15	8.879711e+00	0.948399	3.293715392197548e-03	-2.482314	-12.566400	12.566400	-1.198640229527198e-09	1.323874411687514e+01	8.247894891021856e-03	4050	(51)
E: 1.560000	-7.014788e-16	7.376393e+00	0.867844	2.737908729901694e-03	-2.562581	-12.566400	12.566400	-1.198616414451090e-09	1.323876337958028e+01	6.853066241136474e-03	4050	(52)
E: 1.590000	-5.297412e-16	5.865003e+00	0.768268	2.179108128998824e-03	-2.661721	-12.566400	12.566400	-1.198588595225093e-09	1.323877876089852e+01	5.450745585782159e-03	4050	(53)
E: 1.620000	-4.504860e-16	4.346975e+00	0.638187	1.617843410087170e-03	-2.791064	-12.566400	12.566400	-1.198556279117904e-09	1.323879020207413e+01	4.042268280677790e-03	4050	(54)
E: 1.650000	-2.825431e-16	2.823668e+00	0.450814	1.054617493735671e-03	-2.976905	-12.566400	12.566400	-1.198520204798916e-09	1.323879765843658e+01	2.628914316069944e-03	4050	(55)
E: 1.680000	-1.553120e-16	1.480124e+00	0.170298	5.578836634199338e-04	-3.253456	-12.566400	12.566400	-1.198480659942814e-09	1.323880154405877e+01	1.382482794379846e-03	4050	(56)
E: 1.710000	+4.624800e-18	3.411787e-02	-1.467018	1.727880905950230e-05	-4.762486	-12.566400	12.566400	-1.198436530403329e-09	1.323880147978475e+01	3.765077055465894e-05	4050	(57)
E: 1.740000	+1.557456e-16	1.549695e+00	0.190246	5.624018955086900e-04	-3.249953	-12.566400	12.566400	-1.198389176222739e-09	1.323879746228498e+01	1.429426104216686e-03	4050	(58)
E: 1.770000	+3.186470e-16	3.065238e+00	0.486464	1.122793323532201e-03	-2.949700	-12.566400	12.566400	-1.198337911806666e-09	1.323878950247791e+01	2.835506649815436e-03	4050	(59)
E: 1.800000	+4.664238e-16	4.579386e+00	0.660807	1.682678589860591e-03	-2.773999	-12.566400	12.566400	-1.198283266339293e-09	1.323877762549280e+01	4.240403942796421e-03	4050	(60)
