dim = 3	totalWeight = 50.265601, user->charges[species[0]] = -1.000000	totalCharge = -50.265601, Total Area = 50.265600
sigma: 1.
(x0,v0,t0,m0,q0,phi0): (1.000000e+00, 1.000000e+00, 1.000000e+00, 1.000000e+00, 1.000000e+00, 1.000000e+00) - (P, V) = (1.000000e+00, 1.000000e+00)
E: 0.030000	-7.272308e-14	3.990659e+01	1.601045	1.732056919280987e-02	-1.761438	-50.265601	50.265601	-2.458097957399469e-15	1.155403306652712e+02	8.683255847034246e-02	3456	(1)
E: 0.060000	-1.896053e-15	3.990659e+01	1.601045	1.732056919281198e-02	-1.761438	-50.265601	50.265601	-2.368528329634948e-15	1.155403510229835e+02	8.683255847035196e-02	3456	(2)
E: 0.090000	-3.689757e-15	3.987068e+01	1.600654	1.730498068118078e-02	-1.761829	-50.265601	50.265601	-2.190940466277065e-15	1.155403849158640e+02	8.675440916702337e-02	3456	(3)
E: 0.120000	-4.720183e-15	3.979884e+01	1.599870	1.727380365791190e-02	-1.762612	-50.265601	50.265601	-2.441756956706235e-15	1.155404322584813e+02	8.659811056516797e-02	3456	(4)
E: 0.150000	-3.736594e-15	3.969113e+01	1.598693	1.722705215267131e-02	-1.763789	-50.265601	50.265601	-8.075327223856413e-16	1.155404929168270e+02	8.636373301048025e-02	3456	(5)
E: 0.180000	-3.674144e-15	3.954759e+01	1.597120	1.716475422478203e-02	-1.765362	-50.265601	50.265601	-2.414089845630006e-15	1.155405667087161e+02	8.605141718958569e-02	3456	(6)
E: 0.210000	-2.855355e-15	3.936834e+01	1.595147	1.708695195059300e-02	-1.767335	-50.265601	50.265601	-2.581958827935940e-15	1.155406534043561e+02	8.566137406676998e-02	3456	(7)
E: 0.240000	-9.490672e-15	3.915349e+01	1.592770	1.699370139824728e-02	-1.769712	-50.265601	50.265601	-1.385082107832529e-16	1.155407527270787e+02	8.519388475763955e-02	3456	(8)
E: 0.270000	-5.790507e-15	3.890287e+01	1.589982	1.688492813506660e-02	-1.772501	-50.265601	50.265601	-1.491276387712253e-15	1.155408667694964e+02	8.464857614457896e-02	3456	(9)
E: 0.300000	-3.766085e-15	3.861080e+01	1.586709	1.675815811489414e-02	-1.775774	-50.265601	50.265601	-1.380769944519277e-15	1.155409927084601e+02	8.401304523818069e-02	3456	(10)
E: 0.330000	-4.028028e-15	3.828371e+01	1.583014	1.661619166012956e-02	-1.779469	-50.265601	50.265601	-2.025097060137148e-15	1.155411301242465e+02	8.330133083764850e-02	3456	(11)
E: 0.360000	-4.600487e-15	3.792187e+01	1.578890	1.645914286366728e-02	-1.783593	-50.265601	50.265601	-3.314580874812636e-15	1.155412785550636e+02	8.251400498111537e-02	3456	(12)
E: 0.390000	-3.675879e-15	3.752557e+01	1.574327	1.628713949530988e-02	-1.788155	-50.265601	50.265601	-2.219804470248641e-15	1.155414374986340e+02	8.165170827987743e-02	3456	(13)
E: 0.420000	-2.647188e-15	3.709514e+01	1.569317	1.610032289896348e-02	-1.793165	-50.265601	50.265601	-5.930002355284960e-15	1.155416064139305e+02	8.071514940398226e-02	3456	(14)
E: 0.450000	-3.471182e-15	3.663095e+01	1.563848	1.589884787775305e-02	-1.798634	-50.265601	50.265601	-5.880263874316654e-15	1.155417847230579e+02	7.970510450614972e-02	3456	(15)
E: 0.480000	-3.323730e-15	3.613336e+01	1.557908	1.568288256643586e-02	-1.804574	-50.265601	50.265601	-5.493648726045308e-15	1.155419718132673e+02	7.862241658451495e-02	3456	(16)
E: 0.510000	-3.596082e-15	3.560281e+01	1.551484	1.545260829259542e-02	-1.810998	-50.265601	50.265601	-7.491573755645231e-15	1.155421670390918e+02	7.746799478482168e-02	3456	(17)
E: 0.540000	-2.591677e-15	3.503974e+01	1.544561	1.520821942499936e-02	-1.817922	-50.265601	50.265601	-7.199215964499283e-15	1.155423697246240e+02	7.624281364246932e-02	3456	(18)
E: 0.570000	-4.285634e-15	3.444463e+01	1.537121	1.494992321048179e-02	-1.825361	-50.265601	50.265601	-9.195647924390551e-15	1.155425791658879e+02	7.494791226527350e-02	3456	(19)
E: 0.600000	-2.771221e-15	3.381798e+01	1.529148	1.467793959901033e-02	-1.833335	-50.265601	50.265601	-8.949499190414804e-15	1.155427946333218e+02	7.358439345749747e-02	3456	(20)
E: 0.630000	-1.185683e-15	3.316033e+01	1.520619	1.439250105827609e-02	-1.841864	-50.265601	50.265601	-1.053975995094100e-14	1.155430153743689e+02	7.215342279164065e-02	3456	(21)
E: 0.660000	-2.362693e-15	3.247224e+01	1.511512	1.409385237155615e-02	-1.850970	-50.265601	50.265601	-1.038556317844288e-14	1.155432406161310e+02	7.065622759651938e-02	3456	(22)
E: 0.690000	-6.742003e-15	3.175431e+01	1.501803	1.378225043440916e-02	-1.860680	-50.265601	50.265601	-1.074558721725330e-14	1.155434695681291e+02	6.909409593999612e-02	3456	(23)
E: 0.720000	-3.832004e-15	3.100716e+01	1.491462	1.345796403064903e-02	-1.871021	-50.265601	50.265601	-1.086911032399061e-14	1.155437014251104e+02	6.746837550804674e-02	3456	(24)
E: 0.750000	-3.304648e-15	3.440060e+01	1.536566	1.493082167726450e-02	-1.825916	-50.265601	50.265601	-1.157954091891412e-14	1.155441168442039e+02	7.485212522548434e-02	3456	(25)
E: 0.780000	-3.190156e-15	3.314077e+01	1.520363	1.438402241375430e-02	-1.842120	-50.265601	50.265601	-1.137274701937343e-14	1.155445265875812e+02	7.211087714440866e-02	3456	(26)
E: 0.810000	-2.839742e-15	3.184999e+01	1.503109	1.382378541009819e-02	-1.859373	-50.265601	50.265601	-1.079241233166020e-14	1.155449291922384e+02	6.930226238586829e-02	3456	(27)
E: 0.840000	-2.866631e-15	3.052937e+01	1.484718	1.325060278565442e-02	-1.877764	-50.265601	50.265601	-9.442211408044032e-15	1.155453232182634e+02	6.642874808789689e-02	3456	(28)
E: 0.870000	-2.418205e-15	2.918009e+01	1.465087	1.266497875481716e-02	-1.897396	-50.265601	50.265601	-9.658065699939071e-15	1.155457072540564e+02	6.349286203246196e-02	3456	(29)
E: 0.900000	-2.777292e-15	2.780333e+01	1.444097	1.206742918000053e-02	-1.918385	-50.265601	50.265601	-9.481828844818365e-15	1.155460799214736e+02	6.049719040647674e-02	3456	(30)
E: 0.930000	-2.426011e-15	2.640032e+01	1.421609	1.145848112377501e-02	-1.940873	-50.265601	50.265601	-1.112673057637183e-14	1.155464398808432e+02	5.744437555914325e-02	3456	(31)
E: 0.960000	-2.176211e-15	2.497227e+01	1.397458	1.083867238078478e-02	-1.965024	-50.265601	50.265601	-1.100952154587589e-14	1.155467858358560e+02	5.433711365912919e-02	3456	(32)
E: 0.990000	-2.301978e-15	2.352047e+01	1.371446	1.020855100430085e-02	-1.991036	-50.265601	50.265601	-1.273196016660547e-14	1.155471165383218e+02	5.117815232622027e-02	3456	(33)
E: 1.020000	-1.813653e-15	2.204619e+01	1.343334	9.568674822221330e-03	-2.019148	-50.265601	50.265601	-1.323099078437898e-14	1.155474307927408e+02	4.797028821233621e-02	3456	(34)
E: 1.050000	-1.959370e-15	2.055075e+01	1.312828	8.919610943811140e-03	-2.049654	-50.265601	50.265601	-1.481306501216812e-14	1.155477274607044e+02	4.471636453966511e-02	3456	(35)
E: 1.080000	-1.768551e-15	1.903546e+01	1.279563	8.261935257660386e-03	-2.082918	-50.265601	50.265601	-1.470675394525707e-14	1.155480054651034e+02	4.141926860025694e-02	3456	(36)
E: 1.110000	-1.547807e-15	1.750168e+01	1.243080	7.596231921287715e-03	-2.119402	-50.265601	50.265601	-1.510551942677753e-14	1.155482637941117e+02	3.808192922282075e-02	3456	(37)
E: 1.140000	-1.380840e-15	1.595076e+01	1.202781	6.923092842836158e-03	-2.159700	-50.265601	50.265601	-1.469771569537408e-14	1.155485015049475e+02	3.470731421545728e-02	3456	(38)
E: 1.170000	-1.584236e-15	1.438409e+01	1.157883	6.243117155337718e-03	-2.204599	-50.265601	50.265601	-1.206381703974435e-14	1.155487177273952e+02	3.129842779882852e-02	3456	(39)
E: 1.200000	-1.239460e-15	1.285302e+01	1.109005	5.578590443575845e-03	-2.253476	-50.265601	50.265601	-1.279077494029019e-14	1.155489113113541e+02	2.796699125639722e-02	3456	(40)
E: 1.230000	-9.506285e-16	1.126821e+01	1.051855	4.890741824996969e-03	-2.310625	-50.265601	50.265601	-1.293959122600367e-14	1.155490821842049e+02	2.451864286483451e-02	3456	(41)
E: 1.260000	-9.003215e-16	9.671840e+00	0.985509	4.197872474783062e-03	-2.376971	-50.265601	50.265601	-1.068840401954384e-14	1.155492297124545e+02	2.104513102381790e-02	3456	(42)
E: 1.290000	-7.797582e-16	8.065325e+00	0.906622	3.500601456721400e-03	-2.455857	-50.265601	50.265601	-1.075900645489521e-14	1.155493533455519e+02	1.754956346084039e-02	3456	(43)
E: 1.320000	-6.260183e-16	6.450104e+00	0.809567	2.799552353257474e-03	-2.552911	-50.265601	50.265601	-1.077590004243668e-14	1.155494526180135e+02	1.403507480294136e-02	3456	(44)
E: 1.350000	-4.443061e-16	4.827624e+00	0.683733	2.095352708334630e-03	-2.678743	-50.265601	50.265601	-1.033325382306255e-14	1.155495271512599e+02	1.050483095926266e-02	3456	(45)
E: 1.380000	-3.142018e-16	3.199340e+00	0.505060	1.388633466178044e-03	-2.857412	-50.265601	50.265601	-1.036975692780502e-14	1.155495766551243e+02	6.962055469777851e-03	3456	(46)
E: 1.410000	-1.508667e-16	1.566710e+00	0.194989	6.800284064973886e-04	-3.167473	-50.265601	50.265601	-1.039135929606999e-14	1.155496009290703e+02	3.410238404403845e-03	3456	(47)
E: 1.440000	+7.327894e-18	7.030887e-02	-1.152990	3.055052020558017e-05	-4.514981	-50.265601	50.265601	-1.041681838644038e-14	1.155495998630681e+02	1.747884850511287e-04	3456	(48)
E: 1.470000	+1.672382e-16	1.705719e+00	0.231907	7.402938096659304e-04	-3.130596	-50.265601	50.265601	-1.448718194770473e-14	1.155495734381506e+02	3.712510301349404e-03	3456	(49)
E: 1.500000	+3.621235e-16	3.342577e+00	0.524081	1.450733822260652e-03	-2.838412	-50.265601	50.265601	-1.447754695048351e-14	1.155495217266551e+02	7.273599227675119e-03	3456	(50)
E: 1.530000	+4.488597e-16	4.977899e+00	0.697046	2.160507570443258e-03	-2.665444	-50.265601	50.265601	-1.191356517472791e-14	1.155494448921178e+02	1.083170187750162e-02	3456	(51)
E: 1.560000	+5.587978e-16	6.610214e+00	0.820216	2.868975658211775e-03	-2.542273	-50.265601	50.265601	-9.681197923758990e-15	1.155493431888550e+02	1.438335026541217e-02	3456	(52)
E: 1.590000	+7.624110e-16	8.238048e+00	0.915824	3.575499289216576e-03	-2.446663	-50.265601	50.265601	-1.135495106137732e-14	1.155492169612092e+02	1.792528766375470e-02	3456	(53)
E: 1.620000	+9.267760e-16	9.859934e+00	0.993874	4.279440842186253e-03	-2.368613	-50.265601	50.265601	-1.176734960127647e-14	1.155490666424718e+02	2.145429916219884e-02	3456	(54)
E: 1.650000	+1.049941e-15	1.147441e+01	1.059730	4.980164445870537e-03	-2.302756	-50.265601	50.265601	-1.164954678219868e-14	1.155488927534801e+02	2.496718904218860e-02	3456	(55)
E: 1.680000	+1.158362e-15	1.304530e+01	1.115454	5.661974653960460e-03	-2.247032	-50.265601	50.265601	-1.194459770774443e-14	1.155486974299594e+02	2.838526971384698e-02	3456	(56)
E: 1.710000	+1.385177e-15	1.463240e+01	1.165316	6.350820338661791e-03	-2.197170	-50.265601	50.265601	-1.196925267493147e-14	1.155484800688037e+02	3.183862378713029e-02	3456	(57)
E: 1.740000	+1.457601e-15	1.620777e+01	1.209723	7.034570246293321e-03	-2.152762	-50.265601	50.265601	-1.150878007328254e-14	1.155482414357893e+02	3.526643466047683e-02	3456	(58)
E: 1.770000	+1.786765e-15	1.776996e+01	1.249687	7.712604415752188e-03	-2.112799	-50.265601	50.265601	-1.144204759857768e-14	1.155479823746914e+02	3.866559344459952e-02	3456	(59)
E: 1.800000	+1.639314e-15	1.931757e+01	1.285953	8.384307472139307e-03	-2.076533	-50.265601	50.265601	-1.043355856920795e-14	1.155477038043793e+02	4.203301452561740e-02	3456	(60)
