SLDG Landau damping: Nx=64 Nv=128 degree_x=1 degree_v=1 alpha=0.01 kwave=0.5 dt=0.1 steps=100
Time         Sum_E                |E|                  log|E|       E_max                log(E_max)   m0                   m1                   m2                  
E: 0.100000	-5.074066e-17	1.127245e-01	-0.947982	1.990306210007911e-02	-1.701080	1.256637058885933e+01	-4.721201549174555e-16	1.258627515147135e+01	(0)
E: 0.600000	-9.248245e-17	9.216226e-02	-1.035447	1.627255704702450e-02	-1.788544	1.256637058867269e+01	1.554388351918889e-14	1.259389424036185e+01	(5)
E: 1.100000	+9.286192e-17	4.669504e-02	-1.330729	8.249720344048339e-03	-2.083561	1.256637058856017e+01	1.824450940074161e-15	1.259942135732847e+01	(10)
E: 1.600000	-1.402687e-18	5.053597e-03	-2.296399	9.238228683458748e-04	-3.034411	1.256637058853742e+01	-1.019885961200534e-15	1.260088085437247e+01	(15)
E: 2.100000	-3.550762e-17	4.290091e-02	-1.367534	7.589203832947153e-03	-2.119804	1.256637058848346e+01	-2.253827078603221e-15	1.260243102736170e+01	(20)
E: 2.600000	+4.044074e-17	5.470831e-02	-1.261947	9.667969159209602e-03	-2.014665	1.256637058841447e+01	-6.628056845753659e-15	1.260567619120928e+01	(25)
E: 3.100000	+5.019856e-17	4.022395e-02	-1.395515	7.104934614182760e-03	-2.148440	1.256637058835589e+01	1.686715930353752e-14	1.260910922160744e+01	(30)
E: 3.600000	+6.776264e-19	1.023619e-02	-1.989862	1.811216266064500e-03	-2.742030	1.256637058831838e+01	-1.653192645069015e-14	1.261088125672324e+01	(35)
E: 4.100000	+2.710505e-18	1.954805e-02	-1.708896	3.458211368461314e-03	-2.461148	1.256637058830484e+01	1.731569009457513e-15	1.261144101279194e+01	(40)
E: 4.600000	-1.089623e-17	3.592519e-02	-1.444601	6.348969176178207e-03	-2.197297	1.256637058825167e+01	1.408393196653465e-15	1.261329974819580e+01	(45)
E: 5.100000	+1.794355e-17	3.373266e-02	-1.471949	5.958821937302729e-03	-2.224840	1.256637058818406e+01	1.373326303079852e-14	1.261572446473071e+01	(50)
E: 5.600000	-1.379647e-17	1.685822e-02	-1.773188	2.979300864500354e-03	-2.525886	1.256637058814841e+01	4.622111431597367e-15	1.261749989643032e+01	(55)
E: 6.100000	-3.747274e-18	4.877276e-03	-2.311823	8.678648971822334e-04	-3.061548	1.256637058814076e+01	-6.094748181476710e-15	1.261792788512869e+01	(60)
E: 6.600000	+2.870425e-17	2.094886e-02	-1.678840	3.704523008714070e-03	-2.431268	1.256637058811775e+01	2.504779357841486e-14	1.261885153242780e+01	(65)
E: 7.100000	+4.651227e-17	2.507146e-02	-1.600820	4.430390452604887e-03	-2.353558	1.256637058808837e+01	1.215718368475219e-14	1.262043673804966e+01	(70)
E: 7.600000	-2.336456e-17	1.725736e-02	-1.763026	3.049577040213542e-03	-2.515760	1.256637058805703e+01	1.234796221170737e-14	1.262190218545770e+01	(75)
E: 8.100000	-9.825582e-20	2.880913e-03	-2.540470	5.125855297699715e-04	-3.290234	1.256637058804069e+01	-8.303043921684979e-15	1.262253630342703e+01	(80)
E: 8.600000	-6.911789e-18	1.061616e-02	-1.974033	1.877772274100061e-03	-2.726357	1.256637058803195e+01	2.667822857105786e-14	1.262288022049547e+01	(85)
E: 9.100000	-2.385245e-18	1.729286e-02	-1.762133	3.055549735851306e-03	-2.514911	1.256637058800337e+01	1.582373735932127e-14	1.262385720999266e+01	(90)
E: 9.600000	-8.050201e-18	1.523490e-02	-1.817160	2.690632757220698e-03	-2.570146	1.256637058797506e+01	3.505248771287883e-15	1.262497827383608e+01	(95)

Landau Damping Check:
  Measured gamma = -0.172564  (theory: -0.1533)
