SLDG Landau damping: Nx=16 Nv=32 degree_x=2 degree_v=2 alpha=0.01 kwave=0.5 dt=0.1 steps=100
Time         Sum_E                |E|                  log|E|       E_max                log(E_max)   m0                   m1                   m2                  
E: 0.100000	-1.387779e-17	5.507481e-02	-1.259047	1.909773856979448e-02	-1.719018	1.256637058943762e+01	-2.968111867396317e-15	1.256639813006360e+01	(0)
E: 0.600000	+0.000000e+00	4.482039e-02	-1.348524	1.554523162014380e-02	-1.808403	1.256637063746596e+01	-6.938893903907228e-16	1.256722586294346e+01	(5)
E: 1.100000	+0.000000e+00	2.337929e-02	-1.631169	8.111609954953821e-03	-2.090893	1.256637073118287e+01	-7.355227538141662e-15	1.256832329282888e+01	(10)
E: 1.600000	+4.336809e-19	1.345811e-03	-2.871016	4.689705848934362e-04	-3.328854	1.256637079344298e+01	-7.660538869913580e-15	1.256865012315415e+01	(15)
E: 2.100000	+0.000000e+00	2.007448e-02	-1.697356	6.970100003338682e-03	-2.156761	1.256637104793073e+01	-3.871902798380233e-15	1.256830725022685e+01	(20)
E: 2.600000	-6.938894e-18	2.670825e-02	-1.573355	9.267356551363048e-03	-2.033044	1.256637168607513e+01	-6.015153652949579e-15	1.256811167016257e+01	(25)
E: 3.100000	+0.000000e+00	2.067934e-02	-1.684463	7.170945330918779e-03	-2.144424	1.256637233108543e+01	-1.069283550592104e-14	1.256836695670936e+01	(30)
E: 3.600000	-3.469447e-18	6.646420e-03	-2.177412	2.306312218118275e-03	-2.637082	1.256637265414383e+01	-6.820932707540805e-15	1.256864246031534e+01	(35)
E: 4.100000	+1.734723e-18	8.090315e-03	-2.092035	2.807678513752014e-03	-2.551653	1.256637274872990e+01	-7.688294445529209e-15	1.256859464033417e+01	(40)
E: 4.600000	+0.000000e+00	1.704402e-02	-1.768428	5.914358481014226e-03	-2.228092	1.256637304978598e+01	-1.315787756528408e-14	1.256842544739122e+01	(45)
E: 5.100000	-3.469447e-18	1.719334e-02	-1.764640	5.963533404177970e-03	-2.224496	1.256637337202891e+01	-1.481800793179389e-14	1.256844473377580e+01	(50)
E: 5.600000	+0.000000e+00	9.800609e-03	-2.008747	3.398711983874523e-03	-2.468686	1.256637357719606e+01	-1.462718834943644e-14	1.256860162676782e+01	(55)
E: 6.100000	+0.000000e+00	7.635217e-04	-3.117179	2.653546491309233e-04	-3.576173	1.256637363428103e+01	-1.688232886820629e-14	1.256865891504425e+01	(60)
E: 6.600000	+0.000000e+00	9.396689e-03	-2.027025	3.260533087830049e-03	-2.486711	1.256637373910057e+01	-1.532454718677911e-14	1.256858357573627e+01	(65)
E: 7.100000	+0.000000e+00	1.260764e-02	-1.899366	4.373405197106090e-03	-2.359180	1.256637392789981e+01	-1.935908031103217e-14	1.256853799588815e+01	(70)
E: 7.600000	-3.469447e-18	9.802857e-03	-2.008647	3.399487986471286e-03	-2.468586	1.256637408259799e+01	-1.894664980461869e-14	1.256859393922196e+01	(75)
E: 8.100000	+0.000000e+00	3.116665e-03	-2.506310	1.081252399473816e-03	-2.966073	1.256637414902961e+01	-2.208649929613671e-14	1.256865571852355e+01	(80)
E: 8.600000	+8.673617e-19	3.935014e-03	-2.405054	1.364957472873161e-03	-2.864881	1.256637416693190e+01	-2.219405215164727e-14	1.256864400060280e+01	(85)
E: 9.100000	+0.000000e+00	8.206554e-03	-2.085839	2.846560261813384e-03	-2.545680	1.256637422630558e+01	-2.435378287923839e-14	1.256860477439444e+01	(90)
E: 9.600000	+0.000000e+00	8.243593e-03	-2.083883	2.858608206840124e-03	-2.543845	1.256637429520725e+01	-2.487766936898339e-14	1.256860932766410e+01	(95)

Landau Damping Check:
  Measured gamma = -0.164578  (theory: -0.1533)
