iteration     0 solution vector:
Vec Object: 2 MPI processes
  type: mpi
Process [0]
0.
0.
0.
0.
0.
Process [1]
0.
0.
0.
0.
iteration     0 residual norm  0.1118E+01
iteration     1 solution vector:
Vec Object: 2 MPI processes
  type: mpi
Process [0]
0.6
0.3
0.6
0.3
0.
Process [1]
0.3
0.6
0.3
0.6
iteration     1 residual norm  0.5916E+00
iteration     2 solution vector:
Vec Object: 2 MPI processes
  type: mpi
Process [0]
0.85
0.8
0.85
0.8
0.5
Process [1]
0.8
0.85
0.8
0.85
iteration     2 residual norm  0.3162E+00
iteration     3 solution vector:
Vec Object: 2 MPI processes
  type: mpi
Process [0]
1.
1.
1.
1.
1.
Process [1]
1.
1.
1.
1.
iteration     3 residual norm  0.2570E-16
Norm of error < 1.e-12 iterations     3
