Residual norms for elas_ solve.
0   KSP Residual norm 1.861120
1   KSP Residual norm 0.037473
2   KSP Residual norm 0.034812
3   KSP Residual norm 0.033568
4   KSP Residual norm 0.032964
5   KSP Residual norm 0.031070
6   KSP Residual norm 0.014431
7   KSP Residual norm 0.009336
8   KSP Residual norm 0.008948
KSP Object: (elas_) 1 MPI process
  type: gmres
    restart=30, using Classical (unmodified) Gram-Schmidt Orthogonalization with no iterative refinement
    happy breakdown tolerance 1e-30
  maximum iterations=10000, initial guess is zero
  tolerances: relative=0.005, absolute=1e-50, divergence=10000.
  left preconditioning
  using PRECONDITIONED norm type for convergence test
PC Object: (elas_) 1 MPI process
  type: ilu
    out-of-place factorization
    0 levels of fill
    tolerance for zero pivot 2.22045e-14
    matrix ordering: natural
    factor fill ratio given 1., needed 1.
      Factored matrix follows:
        Mat Object: (elas_) 1 MPI process
          type: seqaij
          rows=1178, cols=1178, bs=2
          package used to perform factorization: petsc
          total: nonzeros=20020, allocated nonzeros=20020
            using I-node routines: found 589 nodes, limit used is 5
  linear system matrix = precond matrix:
  Mat Object: 1 MPI process
    type: seqaij
    rows=1178, cols=1178, bs=2
    total: nonzeros=20020, allocated nonzeros=20020
    total number of mallocs used during MatSetValues calls=0
      has attached near null space
      using I-node routines: found 589 nodes, limit used is 5
