  0 KSP Residual norm 0.0259677 
  1 KSP Residual norm 0.0993416 
  2 KSP Residual norm 0.0203937 
  3 KSP Residual norm 0.00325051 
  4 KSP Residual norm 0.000507352 
  5 KSP Residual norm 9.0254e-05 
  6 KSP Residual norm 1.31477e-05 
  7 KSP Residual norm 1.52081e-06 
KSP Object: 1 MPI process
  type: cg
  maximum iterations=10000, initial guess is zero
  tolerances:  relative=0.0001, absolute=1e-50, divergence=10000.
  left preconditioning
  using UNPRECONDITIONED norm type for convergence test
PC Object: 1 MPI process
  type: gamg
    type is MULTIPLICATIVE, levels=3 cycles=v
      Cycles per PCApply=1
      Using externally compute Galerkin coarse grid matrices
      GAMG specific options
        Threshold for dropping small values in graph on each level =   -1.   -1.   -1.  
        Threshold scaling factor for each level not specified = 1.
        AGG specific options
          Number of levels of aggressive coarsening 0
          Number smoothing steps 1
        Complexity:    grid = 1.09    operator = 1.12683
  Coarse grid solver -- level 0 -------------------------------
    KSP Object: (mg_coarse_) 1 MPI process
      type: preonly
      maximum iterations=10000, initial guess is zero
      tolerances:  relative=1e-05, absolute=1e-50, divergence=10000.
      left preconditioning
      using NONE norm type for convergence test
    PC Object: (mg_coarse_) 1 MPI process
      type: bjacobi
        number of blocks = 1
        Local solver information for first block is in the following KSP and PC objects on rank 0:
        Use -mg_coarse_ksp_view ::ascii_info_detail to display information for all blocks
      KSP Object: (mg_coarse_sub_) 1 MPI process
        type: preonly
        maximum iterations=1, initial guess is zero
        tolerances:  relative=1e-05, absolute=1e-50, divergence=10000.
        left preconditioning
        using NONE norm type for convergence test
      PC Object: (mg_coarse_sub_) 1 MPI process
        type: lu
          out-of-place factorization
          tolerance for zero pivot 2.22045e-14
          using diagonal shift on blocks to prevent zero pivot [INBLOCKS]
          matrix ordering: nd
          factor fill ratio given 5., needed 1.0202
            Factored matrix follows:
              Mat Object: (mg_coarse_sub_) 1 MPI process
                type: seqaij
                rows=11, cols=11
                package used to perform factorization: petsc
                total: nonzeros=101, allocated nonzeros=101
                  not using I-node routines
        linear system matrix = precond matrix:
        Mat Object: (mg_coarse_sub_) 1 MPI process
          type: seqaij
          rows=11, cols=11
          total: nonzeros=99, allocated nonzeros=99
          total number of mallocs used during MatSetValues calls=0
            not using I-node routines
      linear system matrix = precond matrix:
      Mat Object: (mg_coarse_sub_) 1 MPI process
        type: seqaij
        rows=11, cols=11
        total: nonzeros=99, allocated nonzeros=99
        total number of mallocs used during MatSetValues calls=0
          not using I-node routines
  Down solver (pre-smoother) on level 1 -------------------------------
    KSP Object: (mg_levels_1_) 1 MPI process
      type: chebyshev
        Chebyshev polynomial of first kind
        eigenvalue targets used: min 0.156248, max 1.71873
        eigenvalues provided (min 0.0347905, max 1.56248) with transform: [0. 0.1; 0. 1.1]
      maximum iterations=2, nonzero initial guess
      tolerances:  relative=1e-05, absolute=1e-50, divergence=10000.
      left preconditioning
      using NONE norm type for convergence test
    PC Object: (mg_levels_1_) 1 MPI process
      type: jacobi
        type DIAGONAL
      linear system matrix = precond matrix:
      Mat Object: 1 MPI process
        type: seqaij
        rows=133, cols=133
        total: nonzeros=1667, allocated nonzeros=1667
        total number of mallocs used during MatSetValues calls=0
          not using I-node routines
  Up solver (post-smoother) same as down solver (pre-smoother)
  Down solver (pre-smoother) on level 2 -------------------------------
    KSP Object: (mg_levels_2_) 1 MPI process
      type: chebyshev
        Chebyshev polynomial of first kind
        eigenvalue targets used: min 0.14621, max 1.60831
        eigenvalues provided (min 0.0401544, max 1.4621) with transform: [0. 0.1; 0. 1.1]
      maximum iterations=2, nonzero initial guess
      tolerances:  relative=1e-05, absolute=1e-50, divergence=10000.
      left preconditioning
      using NONE norm type for convergence test
    PC Object: (mg_levels_2_) 1 MPI process
      type: jacobi
        type DIAGONAL
      linear system matrix = precond matrix:
      Mat Object: 1 MPI process
        type: seqaij
        rows=1600, cols=1600
        total: nonzeros=13924, allocated nonzeros=129600
        total number of mallocs used during MatSetValues calls=0
          not using I-node routines
  Up solver (post-smoother) same as down solver (pre-smoother)
  linear system matrix = precond matrix:
  Mat Object: 1 MPI process
    type: seqaij
    rows=1600, cols=1600
    total: nonzeros=13924, allocated nonzeros=129600
    total number of mallocs used during MatSetValues calls=0
      not using I-node routines
