  Residual norms for rap_ solve.
  0 KSP Residual norm 4.031634757983e+03
  1 KSP Residual norm 3.491897441645e+02
  2 KSP Residual norm 2.770125249889e+02
  3 KSP Residual norm 1.075744016176e+02
  4 KSP Residual norm 5.988862973479e+01
  5 KSP Residual norm 2.202462231815e+01
  6 KSP Residual norm 9.816893733598e+00
  7 KSP Residual norm 4.212610109136e+00
  8 KSP Residual norm 2.108852563745e+00
  9 KSP Residual norm 1.354472436270e+00
 10 KSP Residual norm 8.624269515757e-01
 11 KSP Residual norm 4.280734531085e-01
 12 KSP Residual norm 1.981852478249e-01
 13 KSP Residual norm 1.175972313662e-01
 14 KSP Residual norm 6.208230690098e-02
 15 KSP Residual norm 2.616695841743e-02
  Linear rap_ solve converged due to CONVERGED_RTOL iterations 15
KSP Object: (rap_) 1 MPI process
  type: gmres
    restart=30, using Classical (unmodified) Gram-Schmidt Orthogonalization with no iterative refinement
    happy breakdown tolerance 1e-30
  maximum iterations=10000, initial guess is zero
  tolerances: relative=1e-05, absolute=1e-50, divergence=10000.
  left preconditioning
  using PRECONDITIONED norm type for convergence test
PC Object: (rap_) 1 MPI process
  type: mg
    type is MULTIPLICATIVE, levels=2 cycles=v
      Cycles per PCApply=1
      Using Galerkin computed coarse grid matrices for pmat
  Coarse grid solver -- level 0 -------------------------------
    KSP Object: (rap_mg_coarse_) 1 MPI process
      type: cg
      maximum iterations=10000, initial guess is zero
      tolerances: relative=1e-05, absolute=1e-50, divergence=10000.
      left preconditioning
      using PRECONDITIONED norm type for convergence test
    PC Object: (rap_mg_coarse_) 1 MPI process
      type: jacobi
        type DIAGONAL
      linear system matrix = precond matrix:
      Mat Object: 1 MPI process
        type: seqaijhipsparse
        rows=102, cols=102, bs=6
        total: nonzeros=7740, allocated nonzeros=7740
        total number of mallocs used during MatSetValues calls=0
          not using I-node routines
  Down solver (pre-smoother) on level 1 -------------------------------
    KSP Object: (rap_mg_levels_1_) 1 MPI process
      type: richardson
        damping factor=1.
      maximum iterations=2, nonzero initial guess
      tolerances: relative=1e-05, absolute=1e-50, divergence=10000.
      left preconditioning
      using NONE norm type for convergence test
    PC Object: (rap_mg_levels_1_) 1 MPI process
      type: jacobi
        type ROWL1 (l1-norm off-diagonal scaling 5.000000e-01)
      linear system matrix = precond matrix:
      Mat Object: 1 MPI process
        type: seqaijhipsparse
        rows=1536, cols=1536, bs=3
        total: nonzeros=95832, allocated nonzeros=95832
        total number of mallocs used during MatSetValues calls=0
          has attached near null space
          not using I-node routines
  Up solver (post-smoother) same as down solver (pre-smoother)
  linear system matrix = precond matrix:
  Mat Object: 1 MPI process
    type: seqaijhipsparse
    rows=1536, cols=1536, bs=3
    total: nonzeros=95832, allocated nonzeros=95832
    total number of mallocs used during MatSetValues calls=0
      has attached near null space
      not using I-node routines
