  0 KSP Residual norm 5.294443533134e+02
  1 KSP Residual norm 1.362156388423e+02
  2 KSP Residual norm 2.700598677389e+02
  3 KSP Residual norm 1.412756578241e+02
  4 KSP Residual norm 1.442147492472e+02
  5 KSP Residual norm 6.095825222083e+01
  6 KSP Residual norm 4.591389194894e+01
  7 KSP Residual norm 2.273009811395e+01
  8 KSP Residual norm 2.939808481919e+01
  9 KSP Residual norm 4.170920009059e+01
 10 KSP Residual norm 3.186806406297e+01
 11 KSP Residual norm 3.019493687191e+01
 12 KSP Residual norm 1.703326032250e+01
 13 KSP Residual norm 8.716725383996e+00
 14 KSP Residual norm 8.717489199404e+00
 15 KSP Residual norm 6.941544262831e+00
 16 KSP Residual norm 3.430337621407e+00
 17 KSP Residual norm 1.386575675518e+00
 18 KSP Residual norm 7.691509862380e-01
 19 KSP Residual norm 4.872121466022e-01
 20 KSP Residual norm 3.024316643498e-01
 21 KSP Residual norm 2.109289989426e-01
 22 KSP Residual norm 1.912844878252e-01
 23 KSP Residual norm 1.544321638978e-01
 24 KSP Residual norm 1.853137210725e-01
 25 KSP Residual norm 1.879019751697e-01
 26 KSP Residual norm 8.500899387113e-02
 27 KSP Residual norm 3.720353042424e-02
 28 KSP Residual norm 1.130646207525e-02
 29 KSP Residual norm 4.466546580577e-03
  Linear solve converged due to CONVERGED_RTOL iterations 29
KSP Object: 8 MPI processes
  type: cg
  maximum iterations=10000, initial guess is zero
  tolerances: relative=1e-05, absolute=1e-50, divergence=10000.
  left preconditioning
  using PRECONDITIONED norm type for convergence test
PC Object: 8 MPI processes
  type: gamg
    type is MULTIPLICATIVE, levels=4 cycles=v
      Cycles per PCApply=1
      Using externally compute Galerkin coarse grid matrices
      GAMG specific options
        Threshold for dropping small values in graph on each level =   -0.01   -0.01   -0.01   -0.01  
        Threshold scaling factor for each level not specified = 1.
        Using parallel coarse grid solver (all coarse grid equations not put on one process)
        Using injection restriction/prolongation on first level, dofs:   1   2  
        AGG specific options
          Number of levels of aggressive coarsening 1
          MIS-k aggressive coarsening
          MIS-2 coarsening on aggressive levels
          MatCoarsen Object: (pc_gamg_) 8 MPI processes
            type: misk
          Number smoothing steps to construct prolongation 1
        Complexity:    grid = 1.748    operator = 1.52855
        Per-level complexity: op = operator, int = interpolation
            #equations  | #active PEs | avg nnz/row op | avg nnz/row int
                 16            1             16                0
                228            8             72               11
               2000            8             44               12
               3000            8             66                1
  Coarse grid solver -- level 0 -------------------------------
    KSP Object: (mg_coarse_) 8 MPI processes
      type: cg
      maximum iterations=10000, initial guess is zero
      tolerances: relative=1e-05, absolute=1e-50, divergence=10000.
      left preconditioning
      using PRECONDITIONED norm type for convergence test
    PC Object: (mg_coarse_) 8 MPI processes
      type: jacobi
        type DIAGONAL
      linear system matrix, which is also used to construct the preconditioner:
      Mat Object: 8 MPI processes
        type: mpiaij
        rows=16, cols=16, bs=2
        total: nonzeros=256, allocated nonzeros=256
        total number of mallocs used during MatSetValues calls=0
          using nonscalable MatPtAP() implementation
          using I-node (on process 0) routines: found 4 nodes, limit used is 5
  Down solver (pre-smoother) on level 1 -------------------------------
    KSP Object: (mg_levels_1_) 8 MPI processes
      type: chebyshev
        Chebyshev polynomial of first kind
        eigenvalue targets used: min 0.250765, max 1.31651
        eigenvalues estimated via cg: min 0.0641037, max 1.25382
        eigenvalues estimated using cg with transform: [0. 0.2; 0. 1.05]
        KSP Object: (mg_levels_1_esteig_) 8 MPI processes
          type: cg
          maximum iterations=10, initial guess is zero
          tolerances: relative=1e-12, absolute=1e-50, divergence=10000.
          left preconditioning
          using PRECONDITIONED norm type for convergence test
        estimating eigenvalues using a noisy random number generated right-hand side
      maximum iterations=2, nonzero initial guess
      tolerances: relative=1e-05, absolute=1e-50, divergence=10000.
      left preconditioning
      not checking for convergence
    PC Object: (mg_levels_1_) 8 MPI processes
      type: pbjacobi
        point-block size 2
      linear system matrix, which is also used to construct the preconditioner:
      Mat Object: 8 MPI processes
        type: mpiaij
        rows=228, cols=228, bs=2
        total: nonzeros=16360, allocated nonzeros=16360
        total number of mallocs used during MatSetValues calls=0
          using nonscalable MatPtAP() implementation
          using I-node (on process 0) routines: found 4 nodes, limit used is 5
  Up solver (post-smoother) same as down solver (pre-smoother)
  Down solver (pre-smoother) on level 2 -------------------------------
    KSP Object: (mg_levels_2_) 8 MPI processes
      type: chebyshev
        Chebyshev polynomial of first kind
        eigenvalue targets used: min 0.622618, max 3.26875
        eigenvalues estimated via cg: min 0.0471032, max 3.11309
        eigenvalues estimated using cg with transform: [0. 0.2; 0. 1.05]
        KSP Object: (mg_levels_2_esteig_) 8 MPI processes
          type: cg
          maximum iterations=10, initial guess is zero
          tolerances: relative=1e-12, absolute=1e-50, divergence=10000.
          left preconditioning
          using PRECONDITIONED norm type for convergence test
        estimating eigenvalues using a noisy random number generated right-hand side
      maximum iterations=2, nonzero initial guess
      tolerances: relative=1e-05, absolute=1e-50, divergence=10000.
      left preconditioning
      not checking for convergence
    PC Object: (mg_levels_2_) 8 MPI processes
      type: pbjacobi
        point-block size 2
      linear system matrix, which is also used to construct the preconditioner:
      Mat Object: 8 MPI processes
        type: mpiaij
        rows=2000, cols=2000, bs=2
        total: nonzeros=87808, allocated nonzeros=87808
        total number of mallocs used during MatSetValues calls=0
          using nonscalable MatPtAP() implementation
          using I-node (on process 0) routines: found 125 nodes, limit used is 5
  Up solver (post-smoother) same as down solver (pre-smoother)
  Down solver (pre-smoother) on level 3 -------------------------------
    KSP Object: (mg_fine_) 8 MPI processes
      type: richardson
        damping factor=1.
      maximum iterations=2, nonzero initial guess
      tolerances: relative=1e-05, absolute=1e-50, divergence=10000.
      left preconditioning
      not checking for convergence
    PC Object: (mg_fine_) 8 MPI processes
      type: jacobi
        type ROWL1 (l1-norm off-diagonal scaling 2.500000e-01)
      linear system matrix, which is also used to construct the preconditioner:
      Mat Object: 8 MPI processes
        type: mpiaij
        rows=3000, cols=3000, bs=3
        total: nonzeros=197568, allocated nonzeros=243000
        total number of mallocs used during MatSetValues calls=0
          using I-node (on process 0) routines: found 125 nodes, limit used is 5
  Up solver (post-smoother) same as down solver (pre-smoother)
  linear system matrix, which is also used to construct the preconditioner:
  Mat Object: 8 MPI processes
    type: mpiaij
    rows=3000, cols=3000, bs=3
    total: nonzeros=197568, allocated nonzeros=243000
    total number of mallocs used during MatSetValues calls=0
      using I-node (on process 0) routines: found 125 nodes, limit used is 5
  0 KSP Residual norm 5.294443533134e-03
  1 KSP Residual norm 1.362156388423e-03
  2 KSP Residual norm 2.700598677389e-03
  3 KSP Residual norm 1.412756578241e-03
  4 KSP Residual norm 1.442147492472e-03
  5 KSP Residual norm 6.095825222083e-04
  6 KSP Residual norm 4.591389194894e-04
  7 KSP Residual norm 2.273009811395e-04
  8 KSP Residual norm 2.939808481919e-04
  9 KSP Residual norm 4.170920009059e-04
 10 KSP Residual norm 3.186806406297e-04
 11 KSP Residual norm 3.019493687191e-04
 12 KSP Residual norm 1.703326032251e-04
 13 KSP Residual norm 8.716725383998e-05
 14 KSP Residual norm 8.717489199405e-05
 15 KSP Residual norm 6.941544262831e-05
 16 KSP Residual norm 3.430337621407e-05
 17 KSP Residual norm 1.386575675518e-05
 18 KSP Residual norm 7.691509862380e-06
 19 KSP Residual norm 4.872121466022e-06
 20 KSP Residual norm 3.024316643498e-06
 21 KSP Residual norm 2.109289989425e-06
 22 KSP Residual norm 1.912844878250e-06
 23 KSP Residual norm 1.544321638977e-06
 24 KSP Residual norm 1.853137210724e-06
 25 KSP Residual norm 1.879019751696e-06
 26 KSP Residual norm 8.500899387112e-07
 27 KSP Residual norm 3.720353042424e-07
 28 KSP Residual norm 1.130646207525e-07
 29 KSP Residual norm 4.466546580578e-08
  Linear solve converged due to CONVERGED_RTOL iterations 29
KSP Object: 8 MPI processes
  type: cg
  maximum iterations=10000, initial guess is zero
  tolerances: relative=1e-05, absolute=1e-50, divergence=10000.
  left preconditioning
  using PRECONDITIONED norm type for convergence test
PC Object: 8 MPI processes
  type: gamg
    type is MULTIPLICATIVE, levels=4 cycles=v
      Cycles per PCApply=1
      Using externally compute Galerkin coarse grid matrices
      GAMG specific options
        Threshold for dropping small values in graph on each level =   -0.01   -0.01   -0.01   -0.01  
        Threshold scaling factor for each level not specified = 1.
        Using parallel coarse grid solver (all coarse grid equations not put on one process)
        Using injection restriction/prolongation on first level, dofs:   1   2  
        AGG specific options
          Number of levels of aggressive coarsening 1
          MIS-k aggressive coarsening
          MIS-2 coarsening on aggressive levels
          MatCoarsen Object: (pc_gamg_) 8 MPI processes
            type: misk
          Number smoothing steps to construct prolongation 1
        Complexity:    grid = 1.748    operator = 1.52855
        Per-level complexity: op = operator, int = interpolation
            #equations  | #active PEs | avg nnz/row op | avg nnz/row int
                 16            1             16                0
                228            8             72               11
               2000            8             44               12
               3000            8             66                1
  Coarse grid solver -- level 0 -------------------------------
    KSP Object: (mg_coarse_) 8 MPI processes
      type: cg
      maximum iterations=10000, initial guess is zero
      tolerances: relative=1e-05, absolute=1e-50, divergence=10000.
      left preconditioning
      using PRECONDITIONED norm type for convergence test
    PC Object: (mg_coarse_) 8 MPI processes
      type: jacobi
        type DIAGONAL
      linear system matrix, which is also used to construct the preconditioner:
      Mat Object: 8 MPI processes
        type: mpiaij
        rows=16, cols=16, bs=2
        total: nonzeros=256, allocated nonzeros=256
        total number of mallocs used during MatSetValues calls=0
          using nonscalable MatPtAP() implementation
          using I-node (on process 0) routines: found 4 nodes, limit used is 5
  Down solver (pre-smoother) on level 1 -------------------------------
    KSP Object: (mg_levels_1_) 8 MPI processes
      type: chebyshev
        Chebyshev polynomial of first kind
        eigenvalue targets used: min 0.250765, max 1.31651
        eigenvalues estimated via cg: min 0.0641037, max 1.25382
        eigenvalues estimated using cg with transform: [0. 0.2; 0. 1.05]
        KSP Object: (mg_levels_1_esteig_) 8 MPI processes
          type: cg
          maximum iterations=10, initial guess is zero
          tolerances: relative=1e-12, absolute=1e-50, divergence=10000.
          left preconditioning
          using PRECONDITIONED norm type for convergence test
        estimating eigenvalues using a noisy random number generated right-hand side
      maximum iterations=2, nonzero initial guess
      tolerances: relative=1e-05, absolute=1e-50, divergence=10000.
      left preconditioning
      not checking for convergence
    PC Object: (mg_levels_1_) 8 MPI processes
      type: pbjacobi
        point-block size 2
      linear system matrix, which is also used to construct the preconditioner:
      Mat Object: 8 MPI processes
        type: mpiaij
        rows=228, cols=228, bs=2
        total: nonzeros=16360, allocated nonzeros=16360
        total number of mallocs used during MatSetValues calls=0
          using nonscalable MatPtAP() implementation
          using I-node (on process 0) routines: found 4 nodes, limit used is 5
  Up solver (post-smoother) same as down solver (pre-smoother)
  Down solver (pre-smoother) on level 2 -------------------------------
    KSP Object: (mg_levels_2_) 8 MPI processes
      type: chebyshev
        Chebyshev polynomial of first kind
        eigenvalue targets used: min 0.622618, max 3.26875
        eigenvalues estimated via cg: min 0.0471032, max 3.11309
        eigenvalues estimated using cg with transform: [0. 0.2; 0. 1.05]
        KSP Object: (mg_levels_2_esteig_) 8 MPI processes
          type: cg
          maximum iterations=10, initial guess is zero
          tolerances: relative=1e-12, absolute=1e-50, divergence=10000.
          left preconditioning
          using PRECONDITIONED norm type for convergence test
        estimating eigenvalues using a noisy random number generated right-hand side
      maximum iterations=2, nonzero initial guess
      tolerances: relative=1e-05, absolute=1e-50, divergence=10000.
      left preconditioning
      not checking for convergence
    PC Object: (mg_levels_2_) 8 MPI processes
      type: pbjacobi
        point-block size 2
      linear system matrix, which is also used to construct the preconditioner:
      Mat Object: 8 MPI processes
        type: mpiaij
        rows=2000, cols=2000, bs=2
        total: nonzeros=87808, allocated nonzeros=87808
        total number of mallocs used during MatSetValues calls=0
          using nonscalable MatPtAP() implementation
          using I-node (on process 0) routines: found 125 nodes, limit used is 5
  Up solver (post-smoother) same as down solver (pre-smoother)
  Down solver (pre-smoother) on level 3 -------------------------------
    KSP Object: (mg_fine_) 8 MPI processes
      type: richardson
        damping factor=1.
      maximum iterations=2, nonzero initial guess
      tolerances: relative=1e-05, absolute=1e-50, divergence=10000.
      left preconditioning
      not checking for convergence
    PC Object: (mg_fine_) 8 MPI processes
      type: jacobi
        type ROWL1 (l1-norm off-diagonal scaling 2.500000e-01)
      linear system matrix, which is also used to construct the preconditioner:
      Mat Object: 8 MPI processes
        type: mpiaij
        rows=3000, cols=3000, bs=3
        total: nonzeros=197568, allocated nonzeros=243000
        total number of mallocs used during MatSetValues calls=0
          using I-node (on process 0) routines: found 125 nodes, limit used is 5
  Up solver (post-smoother) same as down solver (pre-smoother)
  linear system matrix, which is also used to construct the preconditioner:
  Mat Object: 8 MPI processes
    type: mpiaij
    rows=3000, cols=3000, bs=3
    total: nonzeros=197568, allocated nonzeros=243000
    total number of mallocs used during MatSetValues calls=0
      using I-node (on process 0) routines: found 125 nodes, limit used is 5
  0 KSP Residual norm 5.294443533134e-03
  1 KSP Residual norm 1.362156388423e-03
  2 KSP Residual norm 2.700598677389e-03
  3 KSP Residual norm 1.412756578241e-03
  4 KSP Residual norm 1.442147492472e-03
  5 KSP Residual norm 6.095825222083e-04
  6 KSP Residual norm 4.591389194894e-04
  7 KSP Residual norm 2.273009811395e-04
  8 KSP Residual norm 2.939808481919e-04
  9 KSP Residual norm 4.170920009059e-04
 10 KSP Residual norm 3.186806406297e-04
 11 KSP Residual norm 3.019493687191e-04
 12 KSP Residual norm 1.703326032251e-04
 13 KSP Residual norm 8.716725383998e-05
 14 KSP Residual norm 8.717489199405e-05
 15 KSP Residual norm 6.941544262832e-05
 16 KSP Residual norm 3.430337621408e-05
 17 KSP Residual norm 1.386575675518e-05
 18 KSP Residual norm 7.691509862380e-06
 19 KSP Residual norm 4.872121466022e-06
 20 KSP Residual norm 3.024316643498e-06
 21 KSP Residual norm 2.109289989425e-06
 22 KSP Residual norm 1.912844878250e-06
 23 KSP Residual norm 1.544321638977e-06
 24 KSP Residual norm 1.853137210723e-06
 25 KSP Residual norm 1.879019751696e-06
 26 KSP Residual norm 8.500899387112e-07
 27 KSP Residual norm 3.720353042424e-07
 28 KSP Residual norm 1.130646207525e-07
 29 KSP Residual norm 4.466546580578e-08
  Linear solve converged due to CONVERGED_RTOL iterations 29
KSP Object: 8 MPI processes
  type: cg
  maximum iterations=10000, initial guess is zero
  tolerances: relative=1e-05, absolute=1e-50, divergence=10000.
  left preconditioning
  using PRECONDITIONED norm type for convergence test
PC Object: 8 MPI processes
  type: gamg
    type is MULTIPLICATIVE, levels=4 cycles=v
      Cycles per PCApply=1
      Using externally compute Galerkin coarse grid matrices
      GAMG specific options
        Threshold for dropping small values in graph on each level =   -0.01   -0.01   -0.01   -0.01  
        Threshold scaling factor for each level not specified = 1.
        Using parallel coarse grid solver (all coarse grid equations not put on one process)
        Using injection restriction/prolongation on first level, dofs:   1   2  
        AGG specific options
          Number of levels of aggressive coarsening 1
          MIS-k aggressive coarsening
          MIS-2 coarsening on aggressive levels
          MatCoarsen Object: (pc_gamg_) 8 MPI processes
            type: misk
          Number smoothing steps to construct prolongation 1
        Complexity:    grid = 1.748    operator = 1.52855
        Per-level complexity: op = operator, int = interpolation
            #equations  | #active PEs | avg nnz/row op | avg nnz/row int
                 16            1             16                0
                228            8             72               11
               2000            8             44               12
               3000            8             66                1
  Coarse grid solver -- level 0 -------------------------------
    KSP Object: (mg_coarse_) 8 MPI processes
      type: cg
      maximum iterations=10000, initial guess is zero
      tolerances: relative=1e-05, absolute=1e-50, divergence=10000.
      left preconditioning
      using PRECONDITIONED norm type for convergence test
    PC Object: (mg_coarse_) 8 MPI processes
      type: jacobi
        type DIAGONAL
      linear system matrix, which is also used to construct the preconditioner:
      Mat Object: 8 MPI processes
        type: mpiaij
        rows=16, cols=16, bs=2
        total: nonzeros=256, allocated nonzeros=256
        total number of mallocs used during MatSetValues calls=0
          using nonscalable MatPtAP() implementation
          using I-node (on process 0) routines: found 4 nodes, limit used is 5
  Down solver (pre-smoother) on level 1 -------------------------------
    KSP Object: (mg_levels_1_) 8 MPI processes
      type: chebyshev
        Chebyshev polynomial of first kind
        eigenvalue targets used: min 0.250765, max 1.31651
        eigenvalues estimated via cg: min 0.0641037, max 1.25382
        eigenvalues estimated using cg with transform: [0. 0.2; 0. 1.05]
        KSP Object: (mg_levels_1_esteig_) 8 MPI processes
          type: cg
          maximum iterations=10, initial guess is zero
          tolerances: relative=1e-12, absolute=1e-50, divergence=10000.
          left preconditioning
          using PRECONDITIONED norm type for convergence test
        estimating eigenvalues using a noisy random number generated right-hand side
      maximum iterations=2, nonzero initial guess
      tolerances: relative=1e-05, absolute=1e-50, divergence=10000.
      left preconditioning
      not checking for convergence
    PC Object: (mg_levels_1_) 8 MPI processes
      type: pbjacobi
        point-block size 2
      linear system matrix, which is also used to construct the preconditioner:
      Mat Object: 8 MPI processes
        type: mpiaij
        rows=228, cols=228, bs=2
        total: nonzeros=16360, allocated nonzeros=16360
        total number of mallocs used during MatSetValues calls=0
          using nonscalable MatPtAP() implementation
          using I-node (on process 0) routines: found 4 nodes, limit used is 5
  Up solver (post-smoother) same as down solver (pre-smoother)
  Down solver (pre-smoother) on level 2 -------------------------------
    KSP Object: (mg_levels_2_) 8 MPI processes
      type: chebyshev
        Chebyshev polynomial of first kind
        eigenvalue targets used: min 0.622618, max 3.26875
        eigenvalues estimated via cg: min 0.0471032, max 3.11309
        eigenvalues estimated using cg with transform: [0. 0.2; 0. 1.05]
        KSP Object: (mg_levels_2_esteig_) 8 MPI processes
          type: cg
          maximum iterations=10, initial guess is zero
          tolerances: relative=1e-12, absolute=1e-50, divergence=10000.
          left preconditioning
          using PRECONDITIONED norm type for convergence test
        estimating eigenvalues using a noisy random number generated right-hand side
      maximum iterations=2, nonzero initial guess
      tolerances: relative=1e-05, absolute=1e-50, divergence=10000.
      left preconditioning
      not checking for convergence
    PC Object: (mg_levels_2_) 8 MPI processes
      type: pbjacobi
        point-block size 2
      linear system matrix, which is also used to construct the preconditioner:
      Mat Object: 8 MPI processes
        type: mpiaij
        rows=2000, cols=2000, bs=2
        total: nonzeros=87808, allocated nonzeros=87808
        total number of mallocs used during MatSetValues calls=0
          using nonscalable MatPtAP() implementation
          using I-node (on process 0) routines: found 125 nodes, limit used is 5
  Up solver (post-smoother) same as down solver (pre-smoother)
  Down solver (pre-smoother) on level 3 -------------------------------
    KSP Object: (mg_fine_) 8 MPI processes
      type: richardson
        damping factor=1.
      maximum iterations=2, nonzero initial guess
      tolerances: relative=1e-05, absolute=1e-50, divergence=10000.
      left preconditioning
      not checking for convergence
    PC Object: (mg_fine_) 8 MPI processes
      type: jacobi
        type ROWL1 (l1-norm off-diagonal scaling 2.500000e-01)
      linear system matrix, which is also used to construct the preconditioner:
      Mat Object: 8 MPI processes
        type: mpiaij
        rows=3000, cols=3000, bs=3
        total: nonzeros=197568, allocated nonzeros=243000
        total number of mallocs used during MatSetValues calls=0
          using I-node (on process 0) routines: found 125 nodes, limit used is 5
  Up solver (post-smoother) same as down solver (pre-smoother)
  linear system matrix, which is also used to construct the preconditioner:
  Mat Object: 8 MPI processes
    type: mpiaij
    rows=3000, cols=3000, bs=3
    total: nonzeros=197568, allocated nonzeros=243000
    total number of mallocs used during MatSetValues calls=0
      using I-node (on process 0) routines: found 125 nodes, limit used is 5
[0]main |b-Ax|/|b|=1.177331e-04, |b|=5.391826e+00, emax=9.990717e-01
