  0 KSP Residual norm 1179.3 
  1 KSP Residual norm 212.206 
  2 KSP Residual norm 98.7041 
  3 KSP Residual norm 111.449 
  4 KSP Residual norm 45.6364 
  5 KSP Residual norm 7.21722 
  6 KSP Residual norm 6.4449 
  7 KSP Residual norm 3.28873 
  8 KSP Residual norm 1.38663 
  9 KSP Residual norm 0.758888 
 10 KSP Residual norm 0.498696 
 11 KSP Residual norm 0.153158 
 12 KSP Residual norm 0.0408371 
 13 KSP Residual norm 0.0247705 
 14 KSP Residual norm 0.0103589 
Linear solve converged due to CONVERGED_RTOL iterations 14
  0 KSP Residual norm 0.011793 
  1 KSP Residual norm 0.00212206 
  2 KSP Residual norm 0.000987041 
  3 KSP Residual norm 0.00111449 
  4 KSP Residual norm 0.000456364 
  5 KSP Residual norm 7.21722e-05 
  6 KSP Residual norm 6.4449e-05 
  7 KSP Residual norm 3.28873e-05 
  8 KSP Residual norm 1.38663e-05 
  9 KSP Residual norm 7.58888e-06 
 10 KSP Residual norm 4.98696e-06 
 11 KSP Residual norm 1.53158e-06 
 12 KSP Residual norm 4.08371e-07 
 13 KSP Residual norm 2.47705e-07 
 14 KSP Residual norm 1.03589e-07 
Linear solve converged due to CONVERGED_RTOL iterations 14
  0 KSP Residual norm 0.011793 
  1 KSP Residual norm 0.00212206 
  2 KSP Residual norm 0.000987041 
  3 KSP Residual norm 0.00111449 
  4 KSP Residual norm 0.000456364 
  5 KSP Residual norm 7.21722e-05 
  6 KSP Residual norm 6.4449e-05 
  7 KSP Residual norm 3.28873e-05 
  8 KSP Residual norm 1.38663e-05 
  9 KSP Residual norm 7.58888e-06 
 10 KSP Residual norm 4.98696e-06 
 11 KSP Residual norm 1.53158e-06 
 12 KSP Residual norm 4.08371e-07 
 13 KSP Residual norm 2.47705e-07 
 14 KSP Residual norm 1.03589e-07 
Linear solve converged due to CONVERGED_RTOL iterations 14
[0]main |b-Ax|/|b|=2.369220e-04, |b|=4.969822e+00, emax=9.974083e-01
