MatCoarsen Object: 8 MPI processes
  type: hem
  5 matching steps with threshold = 0.01
  selected local 36:    36    43    37    42    72    79    73    78    38    44    39    45    50    51    56    57    74    80    110    116    75    81    111    117   
  selected local 36:    252    258    253    259    264    300    270    271    265    266    301    337    289    295    325    331    290    296    326    332    327    333    338    339    362    368    363    369   
  selected local 38:    254    260    267    255    261    291    297    256    263    257    262    292    299    293    298   
  selected local 52:    268    269    274    275    304    305    280    281    286    287    310    311    316    317    340    341    346    347    376    377    382    383   
  selected local 72:    288    294    77    83    324    330    113    119    336    125    372    161    112    118    149    155    40    46    76    82    41    47    52    58    53    59    88    94    89    124   
  selected local 126:    342    384    131    173    348    137    378    167    130    136    171    172    160    166    165    86    87    122    123    92    93    129    135    128    134    164    170    158    159   
  selected local 36:    468    469    474    475    504    505    510    511    60    61    66    67    102    103    48    49    54    55    96    97    132    133    84    85    120    121    90    91    126    127   
  selected local 38:    470    471    476    477    506    512    513    519    482    483    488    489    518    524    525    561    548    554    549    555    584    585    590    591    560    596   
  selected local 48:    480    481    486    487    516    517    552    553    522    523    558    559    492    499    493    498    528    535    529    534    494    500    495    501    530    536    531    537   
  selected local 108:    540    541    546    547    582    583    588    589    576    577    174    175    138    139    162    163    168    169    198    199    204    205   
  selected local 111:    543    580    141    178    544    142    579    177    62    63    68    69    98    99    104    105   
  selected local 36:    684    690    473    479    64    70    100    106    472    478    507    508    514    515    720    756    318    354    509    545    107    143    276    65    282    71    306    95    312    101   
  selected local 37:    685    686    283    284    721    722    319    320    757    355    794    392    758    793    356    391    272    273    278    279    285    321    314    315    277    307    313    302    303    308    309   
  selected local 39:    687    693    723    729    688    689    694    695    730    731    765    771    724    725    322    323    760    761    358    359    759    795    357    393    352    353    388    389   
  selected local 43:    691    692    727    763    728    734    696    697    702    703    726    732    733    739    698    699    704    705    735    741    740    776   
  selected local 60:    708    714    497    503    533    539    496    502    532    538   
  selected local 61:    709    715    744    750    745    751    710    716    746    752    711    717    747    753    780    786    781    787    816    822    817    823    782    788    783    789    818    824    819    825   
  selected local 90:    738    527    521    484    490    485    491    762    551    804    593    768    798    557    587    520    526    562    563    550    586    556    592   
  selected local 116:    764    770    799    805    800    801    806    807    769    812    777    813    774    775    810    811   
  selected local 0:    864    871    865    870    180    187    181    186    866    872    902    908    900    907    901    906    108    115    109    114    144    151    145    150    146    152    182    188    156    157    192    193   
  selected local 3:    867    873    903    909    868    874    904    910    147    153    148    154    183    189    184    190   
  selected local 12:    876    877    882    883    912    913    918    919    948    949    984    985    954    955    990    991    936    943    937    942    972    979    973    978    1008    1051    1015    1044    1009    1050    1014    1045   
  selected local 14:    878    194    884    200    879    880    195    196    885    892    201    208    886    202    891    207    914    950    920    956    915    951    952    921    927    957    963    922    958    928    964   
  selected local 0:    1080    1086    869    875    396    402    185    191    1081    1087    397    403    360    366    361    367    1092    1098    408    414    881    887    197    203    1093    409    1094    410    1128    1164    916    917   
  selected local 2:    1082    1088    398    404    1083    1089    399    405    1084    1091    1085    1090    400    407    401    406    328    335    329    334    364    371    365    370   
  selected local 15:    1095    411    1131    1137    1101    1107    417    423    1099    415    1106    422    1100    1105    416    421    343    344    373    379    349    385    350    386    345    351    387    374    375    380    381   
  selected local 16:    1096    1097    412    413    418    419    1102    1103    1138    1139    1132    1133    1168    1169    1120    1127    1121    1126    1156    1163    1157    1162    1192    1199    1193    1198   
  selected local 24:    1104    893    420    209   
  selected local 36:    1116    1122    905    911    1152    1158    941    947    1117    1123    1153    1159    1188    1194    1189    1195    938    944    974    980    975    981    939    945    940    946    976    982    977    983   
  selected local 38:    1118    1124    1119    1125    1154    1160    1155    1161    1129    1165    1130    1166    1167    1202    1203    1135    1136    1171    1172    1141    1177    1142    1178    1173    1179    1209    1215    1207    1213    1208    1214   
  selected local 54:    1134    923    1176    965    1140    1170    929    959    1206    995    1212    1001    953    989    988    994    1200    1201    1237    1273    1242    1278    1243    1279    1236    1272    1025    1061    1000    1006    1031    1067   
  selected local 110:    1190    1196    1191    1197    1227    1269    1233    1263    1225    1267    1231    1261    1226    1268    1232    1262   
  selected local 144:    1224    1266    1230    1260    1013    1055    1019    1049    1023    1059    1029    1065    1024    1060    1030    1066    986    987    992    993    1010    1052    1016    1046    1011    1053    1017    1047    1012    1054    1018    1048   
  selected local 148:    1228    1271    1234    1265    1229    1270    1235    1264    1238    1274    1244    1280    1239    1275    1240    1277    1241    1276    1245    1281    1251    1287    1246    1283    1247    1282    1252    1289    1253    1288   
  selected local 0:    1296    1297    612    613    894    895    210    211    888    889    924    925    926    962    930    931    1298    1299    896    897    614    615    212    213    890    206    542    578    140    176   
  selected local 6:    1302    1303    1308    1309    618    619    624    625    1314    1315    1350    1351    594    595    630    631    1304    620    626    1310    1346    1340    1332    1333    1338    1339   
  selected local 9:    1305    621    1312    628    1306    1311    622    627    1316    632    1317    633    1318    634    597    598    1320    1327    1321    1326    636    643    637    642    564    571    565    570    600    607    601    606   
  selected local 26:    1322    1328    1323    1329    1358    1364    1359    1365    1324    1330    1360    1366    1361    1367    1397    1403    1395    1401    1396    1402    1431    1437    1432    1438   
  selected local 38:    1334    1370    932    968    998    999    1004    1005    1335    933    1372    970    1336    1371    934    969   
  selected local 48:    1344    1345    1380    1381    1352    1388    1386    1387    1374    1375    1410    1411    1416    1417    1422    1423    1440    1477    1441    1476    1446    1483    1447    1482    1452    1489    1453    1488    1458    1495    1459    1494   
  selected local 60:    1356    1363    1357    1362    1392    1399    1393    1398    1394    1400    1430    1436    1428    1435    1429    1434    1464    1507    1471    1500    1465    1506    1470    1501    1466    1508    1472    1502    1467    1509    1473    1503   
  selected local 72:    1368    1369    966    967    1404    1405    1002    1003    960    961    996    997    1038    1075    1039    1074    1020    1057    1021    1056    1022    1058    1028    1064    1026    1063    1027    1062    1032    1069    1033    1068   
  selected local 80:    1376    1382    1406    1412    1418    1419    1424    1425    1407    1408    1413    1414    1448    1484    1449    1485    1450    1486    1455    1491    1456    1492    1454    1490    1460    1496    1461    1497    1462    1498   
  selected local 146:    1442    1478    1040    1076    1443    1479    1041    1077    1034    1070    1035    1071    1036    1072    1444    1480    1042    1078    1445    1481    1043    1079   
  selected local 0:    1512    1548    1110    1146    1513    1111    792    390    581    179    828    829    426    427    1518    1307    834    623    1337    935    1300    898    616    214    1301    617    899    215   
  selected local 2:    1514    1515    830    831    1112    1113    428    429    1516    1517    1522    1523    1552    1553    1558    1559    1108    1109    424    425    1114    1115    430    431    796    797    394    395    832    833    838    839   
  selected local 7:    1519    1526    835    842    1520    836    1525    841    1555    1556    1591    1592    1561    1597    1562    1568    1557    1563    1593    1599    1569    1605    1635    1641    1598    1640    1603    1604    1628    1634    1633    1639   
  selected local 9:    1521    837    1527    843    1533    849    1528    1529    844    845    1534    1535    850    851    766    767    802    803    772    773    808    809    778    779    814    815   
  selected local 12:    1524    1530    840    846    1313    1319    629    635    1566    1355    1567    1531    847    1532    848    1537    1543    853    859    1538    1544    854    860    1539    1545    855    861   
  selected local 24:    1536    1542    1325    1331    852    858    641    647    569    575    605    611    599    640    646    566    572    602    608    638    644    639    645    567    573    568    574    603    609    604    610   
  selected local 28:    1540    1547    1541    1546    856    863    857    862    784    791    785    790    820    827    821    826    700    701    736    737    706    707    742    743    712    719    713    718    748    755    749    754   
  selected local 37:    1549    1586    1147    1184    1550    1148    1585    1183    1551    1149    1587    1185    1623    1629    1220    1221    1584    1620    1182    1218    1373    1409    971    1007    1621    1622    1627    1219   
  selected local 42:    1554    1596    1343    1385    1560    1349    1590    1379    1602    1391    1638    1427    1626    1632    1415    1421    1341    1377    1347    1383    1342    1348    1378    1384    1353    1389    1354    1390    1420    1426   
  selected local 52:    1564    1565    1600    1601    1570    1571    1606    1607    1594    1595    1630    1631    1636    1637    1642    1643    1672    1709    1673    1708    1678    1715    1679    1714    1684    1727    1691    1720    1685    1726    1690    1721   
  selected local 60:    1572    1578    1573    1579    1608    1614    1609    1615    1574    1580    1610    1616    1575    1581    1611    1617    1576    1583    1577    1582    1612    1619    1613    1618    1646    1652    1647    1653    1648    1655    1649    1654   
  selected local 76:    1588    1589    1186    1187    1624    1625    1222    1223    1143    1150    1151    1144    1145    1180    1181    1174    1175    1216    1217    1204    1205    1210    1211   
  selected local 132:    1644    1650    1433    1439    1468    1510    1474    1504    1680    1722    1686    1716    1469    1511    1475    1505    1645    1651    1675    1711    1681    1723    1687    1717    1682    1724    1688    1718    1683    1725    1689    1719   
  selected local 144:    1656    1692    1662    1698    1451    1487    1457    1493    1668    1704    1669    1705    1674    1710    1463    1499    1657    1693    1658    1694    1663    1699    1664    1700    1670    1706    1671    1707    1676    1712    1677    1713   
  selected local 147:    1659    1695    1665    1701    1666    1703    1667    1702    1660    1697    1661    1696    1258    1295    1259    1294    1248    1284    1037    1073    1254    1290    1255    1291    1249    1285    1250    1286    1256    1292    1257    1293   
MatCoarsen Object: 8 MPI processes
  type: hem
  5 matching steps with threshold = 0.01
  selected local 1:    24    26    25    1    12    13    2    3   
  selected local 0:    44    27   
  selected local 1:    45    47    46    18    48    49    53    54    50    16    14    17    15    34    9    6    10    35    36    7    8    20    4    5    0    11   
  selected local 7:    51    58    38    55    29    31    33    41    21    19    22    23    28    30    32    52    37    56    57    39    40    42    43   
Linear solve converged due to CONVERGED_RTOL iterations 11
Linear solve converged due to CONVERGED_RTOL iterations 11
Linear solve converged due to CONVERGED_RTOL iterations 11
[0]main |b-Ax|/|b|=8.641543e-05, |b|=4.969822e+00, emax=9.962925e-01
