  Residual norms for rap_ solve.
  0 KSP Residual norm 4.358866223644e+03
  1 KSP Residual norm 3.956615852200e+02
  2 KSP Residual norm 3.016439583211e+02
  3 KSP Residual norm 8.259521990333e+01
  4 KSP Residual norm 2.898795858255e+01
  Linear rap_ solve converged due to CONVERGED_RTOL iterations 4
KSP Object: (rap_) 8 MPI processes
  type: gmres
    restart=30, using Classical (unmodified) Gram-Schmidt Orthogonalization with no iterative refinement
    happy breakdown tolerance 1e-30
  maximum iterations=10000, initial guess is zero
  tolerances: relative=0.01, absolute=1e-50, divergence=10000.
  left preconditioning
  using PRECONDITIONED norm type for convergence test
PC Object: (rap_) 8 MPI processes
  type: mg
    type is MULTIPLICATIVE, levels=2 cycles=v
      Cycles per PCApply=1
      Using Galerkin computed coarse grid matrices for pmat
  Coarse grid solver -- level 0 -------------------------------
    KSP Object: (rap_mg_coarse_) 8 MPI processes
      type: cg
      maximum iterations=10000, initial guess is zero
      tolerances: relative=1e-05, absolute=1e-50, divergence=10000.
      left preconditioning
      using PRECONDITIONED norm type for convergence test
    PC Object: (rap_mg_coarse_) 8 MPI processes
      type: jacobi
        type DIAGONAL
      linear system matrix = precond matrix:
      Mat Object: 8 MPI processes
        type: mpiaijhipsparse
        rows=114, cols=114, bs=6
        total: nonzeros=8892, allocated nonzeros=8892
        total number of mallocs used during MatSetValues calls=0
          not using I-node (on process 0) routines
  Down solver (pre-smoother) on level 1 -------------------------------
    KSP Object: (rap_mg_levels_1_) 8 MPI processes
      type: richardson
        damping factor=1.
      maximum iterations=2, nonzero initial guess
      tolerances: relative=1e-05, absolute=1e-50, divergence=10000.
      left preconditioning
      using NONE norm type for convergence test
    PC Object: (rap_mg_levels_1_) 8 MPI processes
      type: jacobi
        type ROWL1 (l1-norm off-diagonal scaling 5.000000e-01)
      linear system matrix = precond matrix:
      Mat Object: 8 MPI processes
        type: mpiaijhipsparse
        rows=1536, cols=1536, bs=3
        total: nonzeros=95832, allocated nonzeros=124416
        total number of mallocs used during MatSetValues calls=0
          has attached near null space
          not using I-node (on process 0) routines
  Up solver (post-smoother) same as down solver (pre-smoother)
  linear system matrix = precond matrix:
  Mat Object: 8 MPI processes
    type: mpiaijhipsparse
    rows=1536, cols=1536, bs=3
    total: nonzeros=95832, allocated nonzeros=124416
    total number of mallocs used during MatSetValues calls=0
      has attached near null space
      not using I-node (on process 0) routines
