[0] ProcessOptions(): num_species set to number of thermal temps provided (3)
masses:        e= 9.109e-31; ions in proton mass units:    2.000e+00  4.000e+00 ...
charges:       e=-1.602e-19; charges in elementary units:  1.000e+00  1.800e+01
thermal T (K): e= 5.802e+07 i= 5.802e+07 imp= 5.802e+06. v_0= 2.965e+07 n_0= 1.000e+20 t_0= 6.469e-05 domain= 5.000e+00
  0) species-0: charge density= -1.6025746508216e+01 z-momentum=  2.0622715236628e-19 energy=  1.2010145623921e+05
  0) species-1: charge density=  1.6019688792405e+01 z-momentum= -8.3336415191382e-18 energy=  1.2010737217299e+05
  0) species-2: charge density=  2.9011751620055e-03 z-momentum=  1.7866998199598e-22 energy=  1.1657292078981e-01
	  0) Total: charge density= -3.1565406492503e-03, momentum= -8.1272356967900e-18, energy=  2.4020894498512e+05 (m_i[0]/m_e = 3670.94, 56 cells)
[0] DMGetDMSNES(): Creating new DMSNES
[0] DMGetDMTS(): Creating new DMTS
[0] DMGetDMSNESWrite(): Copying DMSNES due to write
0 TS dt 1e-06 time 0.
[0] DMGetDMKSP(): Creating new DMKSP
[0] LandauFormJacobian_Internal(): Initialize static data
[0]FormLandau: 896 IPs, 56 cells, totDim=48, Nb=16, Nq=16, elemMatSize=2304, dim=2, Tab: Nb=16 Nf=3 Np=16 cdim=2 N=1497 N+hang=1977, shift=0.
    0 SNES Function norm 4.980259039414e-03 
[0] LandauFormJacobian_Internal(): no change, but make data anyway (can happend with ark)
    1 SNES Function norm 1.086204636556e-09 
  Nonlinear ex1_ solve converged due to CONVERGED_FNORM_RELATIVE iterations 1
    0 SNES Function norm 4.980170776401e-03 
    1 SNES Function norm 5.409203047768e-10 
  Nonlinear ex1_ solve converged due to CONVERGED_FNORM_RELATIVE iterations 1
    0 SNES Function norm 4.980214581394e-03 
    1 SNES Function norm 5.435390025049e-10 
  Nonlinear ex1_ solve converged due to CONVERGED_FNORM_RELATIVE iterations 1
[0] TSAdaptChoose_Basic(): Estimated scaled local truncation error 8.72501e-06, accepting step of size 1e-06
1 TS dt 1.25e-06 time 1e-06
  1) species-0: charge density= -1.6025746508216e+01 z-momentum= -2.8121884413584e-20 energy=  1.2010145623914e+05
  1) species-1: charge density=  1.6019688792405e+01 z-momentum=  1.1385367104919e-17 energy=  1.2010737217017e+05
  1) species-2: charge density=  2.9011751620055e-03 z-momentum=  2.7815961173026e-22 energy=  1.1657581399897e-01
	  1) Total: charge density= -3.1565406492609e-03, momentum=  1.1357523380117e-17, energy=  2.4020894498512e+05 (m_i[0]/m_e = 3670.94, 56 cells)
