masses:        e= 9.109e-31; ions in proton mass units:    2.000e+00  0.000e+00 ...
charges:       e=-1.602e-19; charges in elementary units:  1.000e+00  0.000e+00
n:             e:  2.000e+00                           i:  2.000e+00  0.000e+00
thermal T (K): e= 5.802e+07 i= 5.802e+07  0.000e+00. Normalization grid 0: v_0= 2.965e+07 ( 9.892e-02c) n_0= 5.000e+19 t_0= 1.363e-04 2 batched, view batch 0
Domain radius (AMR levels) grid 0: par= 5.000e+00 perp= 5.000e+00 (2) , 1: par= 8.252e-02 perp= 8.252e-02 (2) 
0) FormLandau 448 IPs, 28 cells total, Nb=16, Nq=16, dim=2, Tab: Nb=16 Nf=2 Np=16 cdim=2 N=568 nnz= 12616
0 TS dt 0.01 time 0.
  0) species-0: charge density= -1.6021654335867e+01 z-momentum=  1.1100287565684e-19 energy=  1.2007706778963e+05
  0) species-1: charge density=  1.6021654335867e+01 z-momentum= -1.1356356610347e-17 energy=  1.2007706778963e+05
	  0) Total: charge density=  3.5527136788005e-15, momentum= -1.1245353734690e-17, energy=  2.4015413557925e+05 (m_i[0]/m_e = 3670.94, 14 cells on electron grid)
    0 SNES Function norm 3.349529697739e-02
    1 SNES Function norm 1.409996860485e-04
    2 SNES Function norm 1.097564711914e-06
    3 SNES Function norm 1.104248561985e-08
    4 SNES Function norm 1.087416195662e-10
    5 SNES Function norm 1.648321552104e-12
    Nonlinear solve converged due to CONVERGED_FNORM_RELATIVE iterations 5
    0 SNES Function norm 2.457682575862e-02
    1 SNES Function norm 3.516167417323e-05
    2 SNES Function norm 2.105129885546e-07
    3 SNES Function norm 1.488377281055e-09
    4 SNES Function norm 1.071786382397e-11
    Nonlinear solve converged due to CONVERGED_FNORM_RELATIVE iterations 4
    0 SNES Function norm 2.678589684440e-02
    1 SNES Function norm 5.059784051564e-05
    2 SNES Function norm 3.046782250592e-07
    3 SNES Function norm 2.166610674100e-09
    4 SNES Function norm 1.535079780847e-11
    Nonlinear solve converged due to CONVERGED_FNORM_RELATIVE iterations 4
1 TS dt 0.0125 time 0.01
  1) species-0: charge density= -1.6021654335867e+01 z-momentum=  3.8865650658742e-19 energy=  1.2007706672963e+05
  1) species-1: charge density=  1.6021654335867e+01 z-momentum= -5.3757901114069e-19 energy=  1.2007706884962e+05
	  1) Total: charge density=  1.7763568394003e-14, momentum= -1.4892250455327e-19, energy=  2.4015413557925e+05 (m_i[0]/m_e = 3670.94, 14 cells on electron grid)
0 TS dt 0.01 time 0.
  0) species-0: charge density= -1.6021654335867e+01 z-momentum=  1.1100287565684e-19 energy=  1.2007706778963e+05
  0) species-1: charge density=  1.6021654335867e+01 z-momentum= -1.1356356610347e-17 energy=  1.2007706778963e+05
	  0) Total: charge density=  3.5527136788005e-15, momentum= -1.1245353734690e-17, energy=  2.4015413557925e+05 (m_i[0]/m_e = 3670.94, 14 cells on electron grid)
    0 SNES Function norm 3.349529697739e-02
    1 SNES Function norm 1.409996860485e-04
    2 SNES Function norm 1.097564711914e-06
    3 SNES Function norm 1.104248561985e-08
    4 SNES Function norm 1.087416195662e-10
    5 SNES Function norm 1.648321552104e-12
    Nonlinear solve converged due to CONVERGED_FNORM_RELATIVE iterations 5
    0 SNES Function norm 2.457682575862e-02
    1 SNES Function norm 3.516167417323e-05
    2 SNES Function norm 2.105129885546e-07
    3 SNES Function norm 1.488377281055e-09
    4 SNES Function norm 1.071786382397e-11
    Nonlinear solve converged due to CONVERGED_FNORM_RELATIVE iterations 4
    0 SNES Function norm 2.678589684440e-02
    1 SNES Function norm 5.059784051564e-05
    2 SNES Function norm 3.046782250592e-07
    3 SNES Function norm 2.166610674100e-09
    4 SNES Function norm 1.535079780847e-11
    Nonlinear solve converged due to CONVERGED_FNORM_RELATIVE iterations 4
1 TS dt 0.0125 time 0.01
    0 SNES Function norm 2.407904697448e-02
    1 SNES Function norm 4.694630642136e-05
    2 SNES Function norm 4.373428893796e-07
    3 SNES Function norm 5.979804272421e-09
    4 SNES Function norm 1.073284974298e-10
    5 SNES Function norm 2.334221110974e-12
    Nonlinear solve converged due to CONVERGED_FNORM_RELATIVE iterations 5
    0 SNES Function norm 2.109860207426e-02
    1 SNES Function norm 1.629843888743e-05
    2 SNES Function norm 9.659828136772e-08
    3 SNES Function norm 7.596113689320e-10
    4 SNES Function norm 7.197484266980e-12
    Nonlinear solve converged due to CONVERGED_FNORM_RELATIVE iterations 4
    0 SNES Function norm 2.222783937653e-02
    1 SNES Function norm 2.068874428105e-05
    2 SNES Function norm 1.260790761858e-07
    3 SNES Function norm 9.941135174919e-10
    4 SNES Function norm 9.396432618072e-12
    Nonlinear solve converged due to CONVERGED_FNORM_RELATIVE iterations 4
2 TS dt 0.015625 time 0.0225
  2) species-0: charge density= -1.6021654335867e+01 z-momentum=  1.8237860335492e-18 energy=  1.2007706545246e+05
  2) species-1: charge density=  1.6021654335867e+01 z-momentum= -2.4023062060350e-18 energy=  1.2007707012679e+05
	  2) Total: charge density=  1.7763568394003e-14, momentum= -5.7852017248572e-19, energy=  2.4015413557925e+05 (m_i[0]/m_e = 3670.94, 14 cells on electron grid)
