masses:        e= 9.109e-31; ions in proton mass units:    2.000e+00  0.000e+00 ...
charges:       e=-1.602e-19; charges in elementary units:  1.000e+00  0.000e+00
n:             e:  2.000e+00                           i:  2.000e+00  0.000e+00
thermal T (K): e= 5.802e+07 i= 5.802e+07  0.000e+00. Normalization grid 0: v_0= 2.965e+07 ( 9.892e-02c) n_0= 5.000e+19 t_0= 1.363e-04 2 batched, view batch 0
Domain radius (AMR levels) grid 0: par= 5.000e+00 perp= 5.000e+00 (2) , 1: par= 8.252e-02 perp= 8.252e-02 (2) 
0) FormLandau 448 IPs, 28 cells total, Nb=16, Nq=16, dim=2, Tab: Nb=16 Nf=2 Np=16 cdim=2 N=568 nnz= 12616
0 TS dt 0.01 time 0.
  0) species-0: charge density= -1.6021654335867e+01 z-momentum=  1.2037515011863e-19 energy=  1.2007706778963e+05
  0) species-1: charge density=  1.6021654335867e+01 z-momentum=  1.3321879869830e-17 energy=  1.2007706778963e+05
	  0) Total: charge density= -3.5527136788005e-15, momentum=  1.3442255019949e-17, energy=  2.4015413557925e+05 (m_i[0]/m_e = 3670.94, 14 cells on electron grid)
    0 SNES Function norm 3.349529697739e-02
    1 SNES Function norm 1.717134761780e-04
    2 SNES Function norm 1.170680309886e-06
    3 SNES Function norm 1.197330471225e-08
    4 SNES Function norm 1.018701502340e-10
    5 SNES Function norm 1.156534590639e-12
    Nonlinear solve converged due to CONVERGED_FNORM_RELATIVE iterations 5
    0 SNES Function norm 2.457682575853e-02
    1 SNES Function norm 9.700041052338e-05
    2 SNES Function norm 3.402016027317e-07
    3 SNES Function norm 2.019257828175e-09
    4 SNES Function norm 1.385890413827e-11
    Nonlinear solve converged due to CONVERGED_FNORM_RELATIVE iterations 4
    0 SNES Function norm 2.678589684415e-02
    1 SNES Function norm 1.155136766413e-04
    2 SNES Function norm 4.418119735278e-07
    3 SNES Function norm 2.765927837593e-09
    4 SNES Function norm 1.873106310245e-11
    Nonlinear solve converged due to CONVERGED_FNORM_RELATIVE iterations 4
1 TS dt 0.0125 time 0.01
  1) species-0: charge density= -1.6021654335867e+01 z-momentum= -2.0958748765181e-18 energy=  1.2007706672963e+05
  1) species-1: charge density=  1.6021654335867e+01 z-momentum= -3.1229980678454e-17 energy=  1.2007706884962e+05
	  1) Total: charge density= -3.5527136788005e-15, momentum= -3.3325855554973e-17, energy=  2.4015413557925e+05 (m_i[0]/m_e = 3670.94, 14 cells on electron grid)
0 TS dt 0.01 time 0.
  0) species-0: charge density= -1.6021654335867e+01 z-momentum=  1.2037515011863e-19 energy=  1.2007706778963e+05
  0) species-1: charge density=  1.6021654335867e+01 z-momentum=  1.3321879869830e-17 energy=  1.2007706778963e+05
	  0) Total: charge density= -3.5527136788005e-15, momentum=  1.3442255019949e-17, energy=  2.4015413557925e+05 (m_i[0]/m_e = 3670.94, 14 cells on electron grid)
    0 SNES Function norm 3.349529697739e-02
    1 SNES Function norm 1.717134761780e-04
    2 SNES Function norm 1.170680309886e-06
    3 SNES Function norm 1.197330471225e-08
    4 SNES Function norm 1.018701502340e-10
    5 SNES Function norm 1.156534590639e-12
    Nonlinear solve converged due to CONVERGED_FNORM_RELATIVE iterations 5
    0 SNES Function norm 2.457682575853e-02
    1 SNES Function norm 9.700041052338e-05
    2 SNES Function norm 3.402016027317e-07
    3 SNES Function norm 2.019257828175e-09
    4 SNES Function norm 1.385890413827e-11
    Nonlinear solve converged due to CONVERGED_FNORM_RELATIVE iterations 4
    0 SNES Function norm 2.678589684415e-02
    1 SNES Function norm 1.155136766413e-04
    2 SNES Function norm 4.418119735278e-07
    3 SNES Function norm 2.765927837593e-09
    4 SNES Function norm 1.873106310245e-11
    Nonlinear solve converged due to CONVERGED_FNORM_RELATIVE iterations 4
1 TS dt 0.0125 time 0.01
    0 SNES Function norm 2.407904697459e-02
    1 SNES Function norm 8.416023493812e-05
    2 SNES Function norm 6.548633135243e-07
    3 SNES Function norm 1.103388941994e-08
    4 SNES Function norm 2.194108814289e-10
    5 SNES Function norm 4.811802197307e-12
    Nonlinear solve converged due to CONVERGED_FNORM_RELATIVE iterations 5
    0 SNES Function norm 2.109860207430e-02
    1 SNES Function norm 9.622065606585e-05
    2 SNES Function norm 3.424495774040e-07
    3 SNES Function norm 1.625819334634e-09
    4 SNES Function norm 1.315006360689e-11
    Nonlinear solve converged due to CONVERGED_FNORM_RELATIVE iterations 4
    0 SNES Function norm 2.222783937648e-02
    1 SNES Function norm 1.120429270994e-04
    2 SNES Function norm 4.165990381251e-07
    3 SNES Function norm 2.094861504251e-09
    4 SNES Function norm 1.765676638705e-11
    Nonlinear solve converged due to CONVERGED_FNORM_RELATIVE iterations 4
2 TS dt 0.015625 time 0.0225
  2) species-0: charge density= -1.6021654335867e+01 z-momentum=  2.8233976816147e-19 energy=  1.2007706545246e+05
  2) species-1: charge density=  1.6021654335867e+01 z-momentum= -1.1877136277390e-17 energy=  1.2007707012679e+05
	  2) Total: charge density=  1.7763568394003e-14, momentum= -1.1594796509228e-17, energy=  2.4015413557925e+05 (m_i[0]/m_e = 3670.94, 14 cells on electron grid)
