[0] ProcessOptions(): num_species set to number of thermal temps provided (2)
[0] ProcessOptions(): Change domain radius to 7.582042e+00
masses:        e= 9.109e-31; ions in proton mass units:    2.000e+00  0.000e+00 ...
charges:       e=-1.602e-19; charges in elementary units:  1.000e+00  0.000e+00
thermal T (K): e= 5.802e+07 i= 5.802e+07 imp= 0.000e+00. v_0= 2.965e+07 n_0= 1.000e+20 t_0= 6.470e-05 domain= 7.582e+00
[0] ProcessREOptions(): Num electrons from ions=1., T_cold= 5.800e+05, ion potential= 1.500e+01, E_z= 0.000e+00 v_0= 2.965e+07
[0] DMGetDMSNES(): Creating new DMSNES
[0] DMGetDMTS(): Creating new DMTS
[0] DMGetDMSNESWrite(): Copying DMSNES due to write
0 TS dt 0.1 time 0.
  0) species-0: charge density= -1.6060025942303e+01 z-momentum=  1.6255038519670e-19 energy=  1.1463213518682e+05
  0) species-1: charge density=  1.6042982531402e+01 z-momentum= -1.6020764866070e-18 energy=  1.1521625238030e+05
	  0) Total: charge density= -1.7043410901660e-02, momentum= -1.4395261014103e-18, energy=  2.2984838756712e+05 (m_i[0]/m_e = 3670.94, 62 cells)
[0] DMGetDMKSP(): Creating new DMKSP
[0] LandauFormJacobian_Internal(): Initialize static data
[0]FormLandau: 558 IPs, 62 cells, totDim=18, Nb=9, Nq=9, elemMatSize=324, dim=2, Tab: Nb=9 Nf=2 Np=9 cdim=2 N=486 N+hang=702, shift=0.
[0] LandauFormJacobian_Internal(): Get dynamic data
[0] LandauFormJacobian_Internal(): Make GPU maps 1
    0 SNES Function norm 2.261529472711e-02 
[0] LandauFormJacobian_Internal(): Get dynamic data
    1 SNES Function norm 1.695646144717e-04 
[0] LandauFormJacobian_Internal(): Get dynamic data
    2 SNES Function norm 6.443507248152e-06 
[0] LandauFormJacobian_Internal(): Get dynamic data
    3 SNES Function norm 3.895168414200e-07 
[0] LandauFormJacobian_Internal(): Get dynamic data
    4 SNES Function norm 2.746093144420e-08 
[0] LandauFormJacobian_Internal(): Get dynamic data
    5 SNES Function norm 2.055795961637e-09 
[0] LandauFormJacobian_Internal(): Get dynamic data
    6 SNES Function norm 1.589028391403e-10 
[0] LandauFormJacobian_Internal(): Get dynamic data
    7 SNES Function norm 1.249730200893e-11 
[0] LandauFormJacobian_Internal(): Get dynamic data
    8 SNES Function norm 9.934588078803e-13 
  Nonlinear solve converged due to CONVERGED_FNORM_RELATIVE iterations 8
    0 SNES Function norm 1.494970588112e-02 
[0] LandauFormJacobian_Internal(): Get dynamic data
    1 SNES Function norm 7.306095332718e-05 
[0] LandauFormJacobian_Internal(): Get dynamic data
    2 SNES Function norm 1.774663631962e-06 
[0] LandauFormJacobian_Internal(): Get dynamic data
    3 SNES Function norm 5.915624919609e-08 
[0] LandauFormJacobian_Internal(): Get dynamic data
    4 SNES Function norm 2.295392819463e-09 
[0] LandauFormJacobian_Internal(): Get dynamic data
    5 SNES Function norm 9.574637164207e-11 
[0] LandauFormJacobian_Internal(): Get dynamic data
    6 SNES Function norm 4.166767099244e-12 
[0] LandauFormJacobian_Internal(): Get dynamic data
    7 SNES Function norm 1.859501030323e-13 
  Nonlinear solve converged due to CONVERGED_FNORM_RELATIVE iterations 7
    0 SNES Function norm 1.652680377118e-02 
[0] LandauFormJacobian_Internal(): Get dynamic data
    1 SNES Function norm 7.753241864632e-05 
[0] LandauFormJacobian_Internal(): Get dynamic data
    2 SNES Function norm 1.746476960129e-06 
[0] LandauFormJacobian_Internal(): Get dynamic data
    3 SNES Function norm 5.581757821813e-08 
[0] LandauFormJacobian_Internal(): Get dynamic data
    4 SNES Function norm 2.131785132604e-09 
[0] LandauFormJacobian_Internal(): Get dynamic data
    5 SNES Function norm 8.816703379889e-11 
[0] LandauFormJacobian_Internal(): Get dynamic data
    6 SNES Function norm 3.818992331406e-12 
[0] LandauFormJacobian_Internal(): Get dynamic data
    7 SNES Function norm 1.698151762268e-13 
  Nonlinear solve converged due to CONVERGED_FNORM_RELATIVE iterations 7
[0] TSAdaptChoose_Basic(): Estimated scaled local truncation error 0.05122, accepting step of size 0.1
1 TS dt 0.125 time 0.1
  1) species-0: charge density= -1.6060025942303e+01 z-momentum= -6.9120524155712e-20 energy=  1.1463197349749e+05
  1) species-1: charge density=  1.6042982531402e+01 z-momentum= -1.1684731289516e-17 energy=  1.1521641406963e+05
	  1) Total: charge density= -1.7043410901664e-02, momentum= -1.1753851813671e-17, energy=  2.2984838756712e+05 (m_i[0]/m_e = 3670.94, 62 cells)
[0] parallel consistency check OK
0 TS dt 0.1 time 0.
  0) species-0: charge density= -1.6060025942303e+01 z-momentum=  1.6255038519670e-19 energy=  1.1463213518682e+05
  0) species-1: charge density=  1.6042982531402e+01 z-momentum= -1.6020764866070e-18 energy=  1.1521625238030e+05
	  0) Total: charge density= -1.7043410901660e-02, momentum= -1.4395261014103e-18, energy=  2.2984838756712e+05 (m_i[0]/m_e = 3670.94, 62 cells)
[0] LandauFormJacobian_Internal(): Get dynamic data
    0 SNES Function norm 2.261529472711e-02 
[0] LandauFormJacobian_Internal(): Get dynamic data
    1 SNES Function norm 1.695646144716e-04 
[0] LandauFormJacobian_Internal(): Get dynamic data
    2 SNES Function norm 6.443507248180e-06 
[0] LandauFormJacobian_Internal(): Get dynamic data
    3 SNES Function norm 3.895168415137e-07 
[0] LandauFormJacobian_Internal(): Get dynamic data
    4 SNES Function norm 2.746093158766e-08 
[0] LandauFormJacobian_Internal(): Get dynamic data
    5 SNES Function norm 2.055795683292e-09 
[0] LandauFormJacobian_Internal(): Get dynamic data
    6 SNES Function norm 1.589031299202e-10 
[0] LandauFormJacobian_Internal(): Get dynamic data
    7 SNES Function norm 1.249736029845e-11 
[0] LandauFormJacobian_Internal(): Get dynamic data
    8 SNES Function norm 9.932609284902e-13 
  Nonlinear solve converged due to CONVERGED_FNORM_RELATIVE iterations 8
    0 SNES Function norm 1.494970588112e-02 
[0] LandauFormJacobian_Internal(): Get dynamic data
    1 SNES Function norm 7.306095332703e-05 
[0] LandauFormJacobian_Internal(): Get dynamic data
    2 SNES Function norm 1.774663632219e-06 
[0] LandauFormJacobian_Internal(): Get dynamic data
    3 SNES Function norm 5.915624917723e-08 
[0] LandauFormJacobian_Internal(): Get dynamic data
    4 SNES Function norm 2.295392591907e-09 
[0] LandauFormJacobian_Internal(): Get dynamic data
    5 SNES Function norm 9.574657116468e-11 
[0] LandauFormJacobian_Internal(): Get dynamic data
    6 SNES Function norm 4.166665544396e-12 
[0] LandauFormJacobian_Internal(): Get dynamic data
    7 SNES Function norm 1.859167239066e-13 
  Nonlinear solve converged due to CONVERGED_FNORM_RELATIVE iterations 7
    0 SNES Function norm 1.652680377118e-02 
[0] LandauFormJacobian_Internal(): Get dynamic data
    1 SNES Function norm 7.753241864626e-05 
[0] LandauFormJacobian_Internal(): Get dynamic data
    2 SNES Function norm 1.746476960198e-06 
[0] LandauFormJacobian_Internal(): Get dynamic data
    3 SNES Function norm 5.581757834786e-08 
[0] LandauFormJacobian_Internal(): Get dynamic data
    4 SNES Function norm 2.131785126795e-09 
[0] LandauFormJacobian_Internal(): Get dynamic data
    5 SNES Function norm 8.816697433798e-11 
[0] LandauFormJacobian_Internal(): Get dynamic data
    6 SNES Function norm 3.818762343811e-12 
[0] LandauFormJacobian_Internal(): Get dynamic data
    7 SNES Function norm 1.697671679979e-13 
  Nonlinear solve converged due to CONVERGED_FNORM_RELATIVE iterations 7
[0] TSAdaptChoose_Basic(): Estimated scaled local truncation error 0.05122, accepting step of size 0.1
1 TS dt 0.125 time 0.1
    0 SNES Function norm 1.459310536800e-02 
[0] LandauFormJacobian_Internal(): Get dynamic data
    1 SNES Function norm 1.667397594480e-04 
[0] LandauFormJacobian_Internal(): Get dynamic data
    2 SNES Function norm 9.895479282008e-06 
[0] LandauFormJacobian_Internal(): Get dynamic data
    3 SNES Function norm 7.822514996696e-07 
[0] LandauFormJacobian_Internal(): Get dynamic data
    4 SNES Function norm 6.782586975450e-08 
[0] LandauFormJacobian_Internal(): Get dynamic data
    5 SNES Function norm 6.135555567665e-09 
[0] LandauFormJacobian_Internal(): Get dynamic data
    6 SNES Function norm 5.673541900670e-10 
[0] LandauFormJacobian_Internal(): Get dynamic data
    7 SNES Function norm 5.310369612649e-11 
[0] LandauFormJacobian_Internal(): Get dynamic data
    8 SNES Function norm 5.005818799474e-12 
[0] LandauFormJacobian_Internal(): Get dynamic data
    9 SNES Function norm 4.729494602782e-13 
  Nonlinear solve converged due to CONVERGED_FNORM_RELATIVE iterations 9
    0 SNES Function norm 1.241037614002e-02 
[0] LandauFormJacobian_Internal(): Get dynamic data
    1 SNES Function norm 8.286547927129e-05 
[0] LandauFormJacobian_Internal(): Get dynamic data
    2 SNES Function norm 2.823190358869e-06 
[0] LandauFormJacobian_Internal(): Get dynamic data
    3 SNES Function norm 1.253899319704e-07 
[0] LandauFormJacobian_Internal(): Get dynamic data
    4 SNES Function norm 6.135091169276e-09 
[0] LandauFormJacobian_Internal(): Get dynamic data
    5 SNES Function norm 3.161112257204e-10 
[0] LandauFormJacobian_Internal(): Get dynamic data
    6 SNES Function norm 1.679389100657e-11 
[0] LandauFormJacobian_Internal(): Get dynamic data
    7 SNES Function norm 9.093801501740e-13 
  Nonlinear solve converged due to CONVERGED_FNORM_RELATIVE iterations 7
    0 SNES Function norm 1.324492322338e-02 
[0] LandauFormJacobian_Internal(): Get dynamic data
    1 SNES Function norm 8.627644490813e-05 
[0] LandauFormJacobian_Internal(): Get dynamic data
    2 SNES Function norm 2.788954871527e-06 
[0] LandauFormJacobian_Internal(): Get dynamic data
    3 SNES Function norm 1.201094484521e-07 
[0] LandauFormJacobian_Internal(): Get dynamic data
    4 SNES Function norm 5.785284299414e-09 
[0] LandauFormJacobian_Internal(): Get dynamic data
    5 SNES Function norm 2.954425184627e-10 
[0] LandauFormJacobian_Internal(): Get dynamic data
    6 SNES Function norm 1.560729010593e-11 
[0] LandauFormJacobian_Internal(): Get dynamic data
    7 SNES Function norm 8.420366125795e-13 
  Nonlinear solve converged due to CONVERGED_FNORM_RELATIVE iterations 7
[0] FormSource(): 	Have new_imp_rate=  2.856e-08 time=  1.625e-01 de/dt=  2.856e-08 di/dt=  2.856e-08 ***
[0] TSAdaptChoose_Basic(): Estimated scaled local truncation error 0.0414145, accepting step of size 0.125
2 TS dt 0.15625 time 0.225
  2) species-0: charge density= -1.6060025971130e+01 z-momentum= -4.9790208078267e-20 energy=  1.1463176745919e+05
  2) species-1: charge density=  1.6042982543639e+01 z-momentum= -2.7508925960715e-19 energy=  1.1521662010864e+05
	  2) Total: charge density= -1.7043427491330e-02, momentum= -3.2487946768542e-19, energy=  2.2984838756782e+05 (m_i[0]/m_e = 3670.94, 62 cells)
[0] parallel consistency check OK
