Power network: nb = 9, ngen = 3, nload = 3, nbranch = 9
[0] Total local nvertices 9 + 7 = 16, nedges 9 + 7 = 16
DM Object: 1 MPI process
  type: network
Type,ID,X,Y,Z,Name,Color
Node,0,-1.000000,-1.000000,0,0
Node,1,-2.000000,2.000000,0,1
Node,2,0.000000,2.000000,0,2
Node,3,-1.000000,0.000000,0,3
Node,4,0.000000,0.000000,0,4
Node,5,0.000000,1.000000,0,5
Node,6,-1.000000,1.000000,0,6
Node,7,-2.000000,1.000000,0,7
Node,8,-2.000000,0.000000,0,8
Edge,0,0,3,0,0
Edge,1,3,4,0,1
Edge,2,4,5,0,2
Edge,3,2,5,0,3
Edge,4,5,6,0,4
Edge,5,6,7,0,5
Edge,6,7,1,0,6
Edge,7,7,8,0,7
Edge,8,8,3,0,8
Node,4,0.000000,0.000000,0,4
Node,9,1.000000,0.000000,0,9
Node,10,1.000000,-1.000000,0,10
Node,11,2.000000,-1.000000,0,11
Node,12,2.000000,0.000000,0,12
Node,13,0.000000,-1.000000,0,13
Node,14,2.000000,1.000000,0,14
Edge,9,4,9,0,9
Edge,10,9,12,0,10
Edge,11,9,10,0,11
Edge,12,10,11,0,12
Edge,13,11,12,0,13
Edge,14,12,14,0,14
Edge,15,13,4,0,15
SNES_coupled setup ......
SNES_power setup ......
SNES_water setup......
Nonlinear coupled_ solve converged due to CONVERGED_FNORM_ABS iterations 7
Coupled_SNES converged in 1 iterations
