[0] MatCUSPARSECreateCudaMat(): MatCUSPARSECreateCudaMat: create Cuda Mat n=11 rmax=0 nonzerorowcnt=0 nnz=33
[0] MatAssemblyEnd_SeqAIJ(): Matrix size: 11 X 11; storage space: 2 unneeded,31 used
[0] MatAssemblyEnd_SeqAIJ(): Number of mallocs during MatSetValues() is 0
[0] MatAssemblyEnd_SeqAIJ(): Maximum nonzeros in any row is 3
[0] MatCheckCompressedRow(): Found the ratio (num_zerorows 0)/(num_localrows 11) < 0.6. Do not use CompressedRow routines.
[0] MatSeqAIJCheckInode(): Not using Inode routines on GPU matrix
Mat Object: 1 MPI processes
  type: seqaijcusparse
row 0: (0, 2.)  (1, -1.) 
row 1: (0, -1.)  (1, 2.)  (2, -1.) 
row 2: (1, -1.)  (2, 2.)  (3, -1.) 
row 3: (2, -1.)  (3, 2.)  (4, -1.) 
row 4: (3, -1.)  (4, 2.)  (5, -1.) 
row 5: (4, -1.)  (5, 2.)  (6, -1.) 
row 6: (5, -1.)  (6, 2.)  (7, -1.) 
row 7: (6, -1.)  (7, 2.)  (8, -1.) 
row 8: (7, -1.)  (8, 2.)  (9, -1.) 
row 9: (8, -1.)  (9, 2.)  (10, -1.) 
row 10: (9, -1.)  (10, 2.) 
Vec Object: 1 MPI processes
  type: seqcuda
1.
0.
0.
0.
0.
0.
0.
0.
0.
0.
1.
