  Linear solve converged due to CONVERGED_RTOL iterations 30
  Linear solve converged due to CONVERGED_RTOL iterations 30
  Linear solve converged due to CONVERGED_RTOL iterations 30
[0]main |b-Ax|/|b|=7.613408e-07, |b|=2.222509e+00, emax=9.989586e-01
****************************************************************************************************************************************************************
***                                WIDEN YOUR WINDOW TO 160 CHARACTERS.  Use 'enscript -r -fCourier9' to print this document                                 ***
****************************************************************************************************************************************************************

------------------------------------------------------------------ PETSc Performance Summary: ------------------------------------------------------------------

/global/homes/m/madams/petsc/arch-perlmutter-opt-gcc-kokkos-cuda/tests/ksp/ksp/tutorials/ex56 on a arch-perlmutter-opt-gcc-kokkos-cuda named nid001161 with 8 processes and CUDA architecture 80, by madams on Mon Jun 22 08:03:03 2026
Using PETSc Development Git Revision: v3.25.2-340-g83d2bd4a8b4 Git Date: 2026-06-21 14:23:19 -0400

                         Max       Max/Min     Avg       Total
Time (sec):           5.447e+00     1.000   5.447e+00
Objects:              0.000e+00     0.000   0.000e+00
Flops:                1.007e+10     1.020   9.974e+09  7.979e+10
Flops/sec:            1.849e+09     1.020   1.831e+09  1.465e+10
MPI Msg Count:        1.680e+04     1.274   1.394e+04  1.116e+05
MPI Msg Len (bytes):  8.464e+07     1.039   5.957e+03  6.645e+08
MPI Reductions:       1.380e+02     1.000

Flop counting convention: 1 flop = 1 real number operation of type (multiply/divide/add/subtract)
                            e.g., VecAXPY() for real vectors of length N --> 2N flops
                            and VecAXPY() for complex vectors of length N --> 8N flops

Summary of Stages:   ----- Time ------  ----- Flop ------  --- Messages ---  -- Message Lengths --  -- Reductions --
                        Avg     %Total     Avg     %Total    Count   %Total     Avg         %Total    Count   %Total
 0:      Main Stage: 1.0533e+00  19.3%  2.5385e+08   0.3%  2.630e+02   0.2%  1.234e+05        4.9%  9.000e+00   6.5%
 1:           Setup: 3.8152e+00  70.0%  3.1816e+09   4.0%  1.293e+04  11.6%  1.419e+04       27.6%  1.120e+02  81.2%
 2:           Solve: 2.3028e-01   4.2%  2.4879e+10  31.2%  3.208e+04  28.8%  3.991e+03       19.3%  0.000e+00   0.0%
 3:       2nd Setup: 4.9286e-02   0.9%  1.6548e+09   2.1%  2.124e+03   1.9%  3.038e+04        9.7%  0.000e+00   0.0%
 4:       2nd Solve: 1.4909e-01   2.7%  2.4879e+10  31.2%  3.208e+04  28.8%  3.991e+03       19.3%  0.000e+00   0.0%
 5:       3rd Setup: 3.6700e-07   0.0%  0.0000e+00   0.0%  0.000e+00   0.0%  0.000e+00        0.0%  0.000e+00   0.0%
 6:       3rd Solve: 1.4961e-01   2.7%  2.4941e+10  31.3%  3.208e+04  28.8%  3.991e+03       19.3%  0.000e+00   0.0%

------------------------------------------------------------------------------------------------------------------------
See the 'Profiling' chapter of the users' manual for details on interpreting output.
Phase summary info:
   Count: number of times phase was executed
   Time and Flop: Max - maximum over all processes
                  Ratio - ratio of maximum to minimum over all processes
   Mess: number of messages sent
   AvgLen: average message length (bytes)
   Reduct: number of global reductions
   Global: entire computation
   Stage: stages of a computation. Set stages with PetscLogStagePush() and PetscLogStagePop().
      %T - percent time in this phase         %F - percent flop in this phase
      %M - percent messages in this phase     %L - percent message lengths in this phase
      %R - percent reductions in this phase
   Total Mflop/s: 1e-6 * (sum of flop over all processes)/(max time over all processes)
   GPU Mflop/s: 1e-6 * (sum of flop on GPU over all processes)/(max GPU time over all processes)
   CpuToGpu Count: total number of CPU to GPU copies per processor
   CpuToGpu Size (Mbytes): 1e-6 * (total size of CPU to GPU copies per processor)
   GpuToCpu Count: total number of GPU to CPU copies per processor
   GpuToCpu Size (Mbytes): 1e-6 * (total size of GPU to CPU copies per processor)
   GPU %F: percent flops on GPU in this event
------------------------------------------------------------------------------------------------------------------------
Event                Count      Time (sec)     Flop                              --- Global ---  --- Stage ----  Total   GPU    - CpuToGpu -   - GpuToCpu - GPU
                   Max Ratio  Max     Ratio   Max  Ratio  Mess   AvgLen  Reduct  %T %F %M %L %R  %T %F %M %L %R Mflop/s Mflop/s Count   Size   Count   Size  %F
---------------------------------------------------------------------------------------------------------------------------------------------------------------

--- Event Stage 0: Main Stage

BuildTwoSided          3 1.0 7.1016e-02 182.5 0.00e+00 0.0 9.4e+01 5.6e+00 0.0e+00  1  0  0  0  0   3  0 36  0  0     0       0      0 0.00e+00    0 0.00e+00  0
BuildTwoSidedF         2 1.0 7.3784e-02 139.9 0.00e+00 0.0 9.5e+01 3.3e+05 0.0e+00  1  0  0  5  0   3  0 36 97  0     0       0      0 0.00e+00    0 0.00e+00  0
MatMult                1 1.0 2.4468e-04 1.9 1.54e+07 1.0 5.6e+01 1.1e+04 0.0e+00  0  0  0  0  0   0 49 21  2  0 504579       0      0 0.00e+00    0 0.00e+00 100
MatAssemblyBegin       1 1.0 7.3121e-02 1.6 0.00e+00 0.0 3.8e+01 8.2e+05 0.0e+00  1  0  0  5  0   6  0 14 96  0     0       0      0 0.00e+00    0 0.00e+00  0
MatAssemblyEnd         1 1.0 3.8913e-02 1.1 2.46e+05 0.0 1.1e+02 2.7e+03 1.0e+00  1  0  0  0  1   4  0 43  1 11    25       0      0 0.00e+00    0 0.00e+00  0
DCtxCreate             1 1.0 4.5198e-05 1.9 0.00e+00 0.0 0.0e+00 0.0e+00 0.0e+00  0  0  0  0  0   0  0  0  0  0     0       0      0 0.00e+00    0 0.00e+00  0
DCtxDestroy            1 1.0 2.7162e-05 1.1 0.00e+00 0.0 0.0e+00 0.0e+00 0.0e+00  0  0  0  0  0   0  0  0  0  0     0       0      0 0.00e+00    0 0.00e+00  0
DCtxSetUp              1 1.0 8.9470e-06 1.2 0.00e+00 0.0 0.0e+00 0.0e+00 0.0e+00  0  0  0  0  0   0  0  0  0  0     0       0      0 0.00e+00    0 0.00e+00  0
DCtxSetDevice          1 1.0 1.3707e-05 1.2 0.00e+00 0.0 0.0e+00 0.0e+00 0.0e+00  0  0  0  0  0   0  0  0  0  0     0       0      0 0.00e+00    0 0.00e+00  0
VecMDot                3 1.0 8.1825e-04 1.4 2.36e+06 1.0 0.0e+00 0.0e+00 0.0e+00  0  0  0  0  0   0  7  0  0  0 23067       0      0 0.00e+00    0 0.00e+00  0
VecNorm                5 1.0 5.7409e-04 1.7 9.83e+05 1.0 0.0e+00 0.0e+00 0.0e+00  0  0  0  0  0   0  3  0  0  0 13699       0      0 0.00e+00    0 0.00e+00 40
VecScale               3 1.0 4.8253e-05 1.1 2.95e+05 1.0 0.0e+00 0.0e+00 0.0e+00  0  0  0  0  0   0  1  0  0  0 48894       0      0 0.00e+00    0 0.00e+00  0
VecAXPY                1 1.0 4.8700e-06 1.1 1.97e+05 1.0 0.0e+00 0.0e+00 0.0e+00  0  0  0  0  0   0  1  0  0  0 322970       0      0 0.00e+00    0 0.00e+00 100
VecMAXPY               3 1.0 3.1421e-04 1.1 2.36e+06 1.0 0.0e+00 0.0e+00 0.0e+00  0  0  0  0  0   0  7  0  0  0 60070       0      0 0.00e+00    0 0.00e+00  0
VecAssemblyBegin       1 1.0 7.1803e-04 1.2 0.00e+00 0.0 5.7e+01 6.1e+03 0.0e+00  0  0  0  0  0   0  0 22  1  0     0       0      0 0.00e+00    0 0.00e+00  0
VecAssemblyEnd         1 1.0 7.2390e-05 2.6 0.00e+00 0.0 0.0e+00 0.0e+00 0.0e+00  0  0  0  0  0   0  0  0  0  0     0       0      0 0.00e+00    0 0.00e+00  0
VecScatterBegin        1 1.0 8.4563e-05 1.7 0.00e+00 0.0 5.6e+01 1.1e+04 0.0e+00  0  0  0  0  0   0  0 21  2  0     0       0      0 0.00e+00    0 0.00e+00  0
VecScatterEnd          1 1.0 1.4127e-04 19.9 0.00e+00 0.0 0.0e+00 0.0e+00 0.0e+00  0  0  0  0  0   0  0  0  0  0     0       0      0 0.00e+00    0 0.00e+00  0
VecNormalize           3 1.0 2.2730e-04 1.2 8.85e+05 1.0 0.0e+00 0.0e+00 0.0e+00  0  0  0  0  0   0  3  0  0  0 31139       0      0 0.00e+00    0 0.00e+00  0
SFSetGraph             1 1.0 8.1307e-05 1.2 0.00e+00 0.0 0.0e+00 0.0e+00 0.0e+00  0  0  0  0  0   0  0  0  0  0     0       0      0 0.00e+00    0 0.00e+00  0
SFSetUp                1 1.0 4.9603e-04 1.2 0.00e+00 0.0 1.1e+02 2.7e+03 0.0e+00  0  0  0  0  0   0  0 43  1  0     0       0      0 0.00e+00    0 0.00e+00  0
SFPack                 1 1.0 6.9130e-06 1.3 0.00e+00 0.0 0.0e+00 0.0e+00 0.0e+00  0  0  0  0  0   0  0  0  0  0     0       0      0 0.00e+00    0 0.00e+00  0
SFUnpack               1 1.0 1.9000e-07 1.6 0.00e+00 0.0 0.0e+00 0.0e+00 0.0e+00  0  0  0  0  0   0  0  0  0  0     0       0      0 0.00e+00    0 0.00e+00  0

--- Event Stage 1: Setup

BuildTwoSided        207 1.0 5.3624e-02 1.3 0.00e+00 0.0 1.7e+03 4.0e+00 0.0e+00  1  0  2  0  0   1  0 13  0  0     0       0      0 0.00e+00    0 0.00e+00  0
BuildTwoSidedF       153 1.0 4.3679e-02 1.3 0.00e+00 0.0 2.7e+02 7.7e+03 0.0e+00  1  0  0  0  0   1  0  2  1  0     0       0      0 0.00e+00    0 0.00e+00  0
MatMult               80 1.0 1.2350e-01 1.0 3.63e+08 1.0 3.6e+03 4.7e+03 0.0e+00  2  4  3  3  0   3 90 28  9  0 23194       0      4 1.94e+00    0 0.00e+00 100
MatScale              12 1.0 4.3708e-02 1.6 7.09e+06 1.0 1.7e+02 1.4e+03 0.0e+00  1  0  0  0  0   1  2  1  0  0  1294       0     11 5.41e-01    0 0.00e+00 100
MatAssemblyBegin      64 1.0 1.4197e-02 4.1 0.00e+00 0.0 2.7e+02 7.7e+03 0.0e+00  0  0  0  0  0   0  0  2  1  0     0       0      0 0.00e+00    0 0.00e+00  0
MatAssemblyEnd        64 1.0 7.2890e-02 1.5 0.00e+00 0.0 1.7e+03 3.7e+02 3.2e+01  1  0  2  0 23   2  0 13  0 29     0       0      0 0.00e+00    0 0.00e+00  0
MatSetValues      142306 1.0 3.8170e-01 1.0 6.20e+05 1.0 0.0e+00 0.0e+00 0.0e+00  7  0  0  0  0  10  0  0  0  0    13       0      0 0.00e+00    6 2.11e+01  0
MatGetValues       33610 1.0 6.9718e-02 1.1 0.00e+00 0.0 0.0e+00 0.0e+00 0.0e+00  1  0  0  0  0   2  0  0  0  0     0       0      0 0.00e+00    0 0.00e+00  0
MatGetRow         480713 1.0 9.4413e-01 1.0 0.00e+00 0.0 0.0e+00 0.0e+00 0.0e+00 17  0  0  0  0  24  0  0  0  0     0       0      0 0.00e+00   11 1.70e+01  0
MatCreateSubMat        2 1.0 3.5395e-03 1.0 0.00e+00 0.0 3.0e+01 9.7e+01 1.0e+01  0  0  0  0  7   0  0  0  0  9     0       0      0 0.00e+00    2 0.00e+00  0
MatCoarsen             4 1.0 1.7800e-02 1.2 0.00e+00 0.0 1.7e+03 9.7e+02 2.7e+01  0  0  1  0 20   0  0 13  1 24     0       0      3 5.88e-03    0 0.00e+00  0
MatAXPY                4 1.0 7.2353e-01 1.0 6.20e+05 1.0 0.0e+00 0.0e+00 0.0e+00 13  0  0  0  0  19  0  0  0  0     7       0      0 0.00e+00    6 2.11e+01  0
MatTranspose           3 1.0 4.0768e-03 1.0 0.00e+00 0.0 2.2e+02 4.4e+01 9.0e+00  0  0  0  0  7   0  0  2  0  8     0       0      3 5.88e-03    0 0.00e+00  0
MatMatMultSym          4 1.0 9.7506e-02 1.0 0.00e+00 0.0 1.4e+03 7.5e+03 1.2e+01  2  0  1  2  9   3  0 11  6 11     0       0      8 4.95e+00    0 0.00e+00  0
MatMatMultNum          4 1.0 1.1240e-06 2.0 0.00e+00 0.0 0.0e+00 0.0e+00 0.0e+00  0  0  0  0  0   0  0  0  0  0     0       0      0 0.00e+00    0 0.00e+00  0
MatPtAPSymbolic        4 1.0 4.1121e-01 1.1 0.00e+00 0.0 2.4e+03 4.8e+04 2.4e+01  7  0  2 17 17  10  0 18 61 21     0       0      8 2.11e+01    0 0.00e+00  0
MatPtAPNumeric         4 1.0 9.9200e-07 1.3 0.00e+00 0.0 0.0e+00 0.0e+00 0.0e+00  0  0  0  0  0   0  0  0  0  0     0       0      0 0.00e+00    0 0.00e+00  0
MatTrnMatMultSym       1 1.0 1.2409e-01 1.2 0.00e+00 0.0 4.5e+02 6.4e+04 3.0e+00  2  0  0  4  2   3  0  3 16  3     0       0      0 0.00e+00    0 0.00e+00  0
MatCreateGraph         4 1.0 6.3933e-01 1.0 1.79e+06 1.0 5.1e+02 7.2e+02 1.2e+01 12  0  0  0  9  16  0  4  0 11    22       0     15 7.40e+00    8 1.02e+01 100
KSPSetUp               1 1.0 9.3095e-04 1.5 0.00e+00 0.0 0.0e+00 0.0e+00 0.0e+00  0  0  0  0  0   0  0  0  0  0     0       0      0 0.00e+00    0 0.00e+00  0
PCSetUp_GAMG+          1 1.0 3.8146e+00 1.0 4.02e+08 1.0 1.3e+04 1.4e+04 1.1e+02 70  4 12 28 81 100 100 100 100 100   834       0     82 1.02e+02   47 3.96e+01 100
 PCGAMGCreateG         4 1.0 6.3934e-01 1.0 1.79e+06 1.0 5.1e+02 7.2e+02 1.2e+01 12  0  0  0  9  16  0  4  0 11    22       0     15 7.40e+00    8 1.02e+01 100
 GAMG Coarsen          8 1.0 4.9218e-01 1.0 0.00e+00 0.0 2.4e+03 1.4e+04 3.0e+01  9  0  2  5 22  13  0 18 18 27     0       0      8 1.05e+00   12 7.37e+00  0
  GAMG MIS/Agg         4 1.0 1.4481e-01 1.2 0.00e+00 0.0 2.1e+03 1.4e+04 3.0e+01  2  0  2  5 22   3  0 16 17 27     0       0      3 5.88e-03    0 0.00e+00  0
 PCGAMGProl            4 1.0 1.1817e+00 1.0 0.00e+00 0.0 2.5e+03 4.0e+03 1.2e+01 22  0  2  2  9  31  0 20  6 11     0       0     38 5.97e+00   19 9.93e-01  0
  GAMG Prol-col        4 1.0 1.1576e+00 1.0 0.00e+00 0.0 2.2e+03 3.6e+03 0.0e+00 21  0  2  1  0  30  0 17  4  0     0       0     38 5.97e+00   19 9.93e-01  0
  GAMG Prol-lift       4 1.0 2.2594e-02 1.0 0.00e+00 0.0 2.8e+02 7.4e+03 4.0e+00  0  0  0  0  3   1  0  2  1  4     0       0      0 0.00e+00    0 0.00e+00  0
 PCGAMGOptProl         4 1.0 1.0071e+00 1.0 1.99e+08 1.0 3.3e+03 5.9e+03 1.2e+01 18  2  3  3  9  26 49 25 11 11  1563       0     13 6.67e+01    6 2.11e+01 100
  GAMG smooth          4 1.0 8.3159e-01 1.0 5.92e+06 1.0 1.4e+03 7.5e+03 1.2e+01 15  0  1  2  9  22  1 11  6 11    57       0      8 4.95e+00    6 2.11e+01 90
 PCGAMGCreateL         4 1.0 4.1839e-01 1.1 0.00e+00 0.0 2.4e+03 4.6e+04 4.6e+01  7  0  2 17 33  11  0 19 61 41     0       0      8 2.11e+01    2 0.00e+00  0
  GAMG PtAP            4 1.0 4.1125e-01 1.1 0.00e+00 0.0 2.4e+03 4.8e+04 2.4e+01  7  0  2 17 17  10  0 18 61 21     0       0      8 2.11e+01    0 0.00e+00  0
  GAMG Reduce          2 1.0 8.0598e-02 1.0 0.00e+00 0.0 6.7e+02 1.7e+04 3.4e+01  1  0  1  2 25   2  0  5  6 30     0       0      4 1.37e-01    2 0.00e+00  0
PCGAMG Squ l00         1 1.0 1.2409e-01 1.2 0.00e+00 0.0 4.5e+02 6.4e+04 3.0e+00  2  0  0  4  2   3  0  3 16  3     0       0      0 0.00e+00    0 0.00e+00  0
PCGAMG Gal l00         1 1.0 2.2175e-01 1.1 0.00e+00 0.0 8.6e+02 7.1e+04 6.0e+00  4  0  1  9  4   6  0  7 34  5     0       0      2 1.92e+01    0 0.00e+00  0
PCGAMG Opt l00         1 1.0 4.1926e-02 1.0 0.00e+00 0.0 4.4e+02 1.7e+04 3.0e+00  1  0  0  1  2   1  0  3  4  3     0       0      2 4.72e+00    0 0.00e+00  0
PCGAMG Gal l01         1 1.0 1.1864e-01 1.0 0.00e+00 0.0 9.0e+02 4.4e+04 6.0e+00  2  0  1  6  4   3  0  7 21  5     0       0      2 1.79e+00    0 0.00e+00  0
PCGAMG Opt l01         1 1.0 2.0281e-02 1.0 0.00e+00 0.0 4.5e+02 4.6e+03 3.0e+00  0  0  0  0  2   1  0  3  1  3     0       0      2 2.11e-01    0 0.00e+00  0
PCGAMG Gal l02         1 1.0 2.4645e-02 1.0 0.00e+00 0.0 4.8e+02 2.4e+04 6.0e+00  0  0  0  2  4   1  0  4  6  5     0       0      2 1.37e-01    0 0.00e+00  0
PCGAMG Opt l02         1 1.0 9.5132e-03 1.0 0.00e+00 0.0 4.5e+02 2.2e+03 3.0e+00  0  0  0  0  2   0  0  3  1  3     0       0      2 1.52e-02    0 0.00e+00  0
PCGAMG Gal l03         1 1.0 4.8476e-02 1.0 0.00e+00 0.0 1.2e+02 7.2e+02 6.0e+00  1  0  0  0  4   1  0  1  0  5     0       0      2 7.20e-04    0 0.00e+00  0
PCGAMG Opt l03         1 1.0 2.5857e-02 1.0 0.00e+00 0.0 9.8e+01 8.6e+02 3.0e+00  0  0  0  0  2   1  0  1  0  3     0       0      2 7.20e-04    0 0.00e+00  0
PCSetUp                1 1.0 3.8146e+00 1.0 4.02e+08 1.0 1.3e+04 1.4e+04 1.1e+02 70  4 12 28 81 100 100 100 100 100   834       0     82 1.02e+02   47 3.96e+01 100
VecTDot              184 1.0 3.0561e-02 2.3 9.51e+06 1.0 0.0e+00 0.0e+00 0.0e+00  0  0  0  0  0   1  2  0  0  0  2481       0      0 0.00e+00    0 0.00e+00 100
VecNorm               44 1.0 1.9467e-02 2.9 2.27e+06 1.0 0.0e+00 0.0e+00 0.0e+00  0  0  0  0  0   0  1  0  0  0   932       0      0 0.00e+00    0 0.00e+00 100
VecCopy               16 1.0 2.1178e-04 1.3 0.00e+00 0.0 0.0e+00 0.0e+00 0.0e+00  0  0  0  0  0   0  0  0  0  0     0       0      0 0.00e+00    0 0.00e+00  0
VecSet                 8 1.0 5.0669e-05 1.3 0.00e+00 0.0 0.0e+00 0.0e+00 0.0e+00  0  0  0  0  0   0  0  0  0  0     0       0      0 0.00e+00    0 0.00e+00  0
VecAXPY              160 1.0 4.2231e-02 1.6 8.27e+06 1.0 0.0e+00 0.0e+00 0.0e+00  1  0  0  0  0   1  2  0  0  0  1562       0      0 0.00e+00    0 0.00e+00 100
VecAYPX               72 1.0 1.8349e-03 1.2 3.72e+06 1.0 0.0e+00 0.0e+00 0.0e+00  0  0  0  0  0   0  1  0  0  0 16172       0      0 0.00e+00    0 0.00e+00 100
VecAssemblyBegin     136 1.0 3.7463e-02 1.4 0.00e+00 0.0 0.0e+00 0.0e+00 0.0e+00  1  0  0  0  0   1  0  0  0  0     0       0      0 0.00e+00    0 0.00e+00  0
VecAssemblyEnd       136 1.0 1.3517e-04 1.2 0.00e+00 0.0 0.0e+00 0.0e+00 0.0e+00  0  0  0  0  0   0  0  0  0  0     0       0      0 0.00e+00    0 0.00e+00  0
VecPointwiseMult      44 1.0 2.6888e-04 1.3 1.14e+06 1.0 0.0e+00 0.0e+00 0.0e+00  0  0  0  0  0   0  0  0  0  0 33722       0      0 0.00e+00    0 0.00e+00 100
VecReciprocal         12 1.0 2.2036e-03 1.9 0.00e+00 0.0 0.0e+00 0.0e+00 0.0e+00  0  0  0  0  0   0  0  0  0  0     0       0      0 0.00e+00    0 0.00e+00  0
VecSetValues      784962 1.0 1.2992e+00 1.0 0.00e+00 0.0 0.0e+00 0.0e+00 0.0e+00 24  0  0  0  0  34  0  0  0  0     0       0      0 0.00e+00    0 0.00e+00  0
VecScatterBegin      221 1.0 7.4080e-02 3.9 0.00e+00 0.0 6.3e+03 4.3e+03 0.0e+00  1  0  6  4  0   1  0 49 15  0     0       0     53 7.31e+00    0 0.00e+00  0
VecScatterEnd        221 1.0 6.8774e-02 2.5 0.00e+00 0.0 0.0e+00 0.0e+00 0.0e+00  1  0  0  0  0   1  0  0  0  0     0       0      0 0.00e+00    0 0.00e+00  0
SFSetGraph            54 1.0 1.6094e-04 1.1 0.00e+00 0.0 0.0e+00 0.0e+00 0.0e+00  0  0  0  0  0   0  0  0  0  0     0       0      0 0.00e+00    0 0.00e+00  0
SFSetUp               54 1.0 3.2971e-02 1.1 0.00e+00 0.0 3.2e+03 1.2e+04 0.0e+00  1  0  3  6  0   1  0 25 21  0     0       0      0 0.00e+00    0 0.00e+00  0
SFBcastBegin          43 1.0 6.0920e-02 4.7 0.00e+00 0.0 2.0e+03 2.9e+04 0.0e+00  1  0  2  9  0   1  0 15 32  0     0       0      0 0.00e+00    0 0.00e+00  0
SFBcastEnd            43 1.0 7.0048e-02 9.8 0.00e+00 0.0 0.0e+00 0.0e+00 0.0e+00  0  0  0  0  0   1  0  0  0  0     0       0      0 0.00e+00    0 0.00e+00  0
SFReduceBegin         13 1.0 6.2921e-03 1.7 0.00e+00 0.0 3.9e+02 1.5e+05 0.0e+00  0  0  0  9  0   0  0  3 31  0     0       0      0 0.00e+00    0 0.00e+00  0
SFReduceEnd           13 1.0 8.4094e-03 1.7 0.00e+00 0.0 0.0e+00 0.0e+00 0.0e+00  0  0  0  0  0   0  0  0  0  0     0       0      0 0.00e+00    0 0.00e+00  0
SFPack               277 1.0 6.5309e-03 1.0 0.00e+00 0.0 0.0e+00 0.0e+00 0.0e+00  0  0  0  0  0   0  0  0  0  0     0       0      7 1.83e-02    0 0.00e+00  0
SFUnpack             277 1.0 3.9769e-05 1.2 0.00e+00 0.0 0.0e+00 0.0e+00 0.0e+00  0  0  0  0  0   0  0  0  0  0     0       0      0 0.00e+00    0 0.00e+00  0

--- Event Stage 2: Solve

MatMult              687 1.0 1.4187e-01 2.1 2.64e+09 1.0 2.5e+04 4.9e+03 0.0e+00  1 26 22 18  0  34 84 77 95  0 147257       0      0 2.55e-05    0 0.00e+00 100
MatMultAdd           120 1.0 1.2356e-02 1.1 1.59e+08 1.0 3.7e+03 9.4e+02 0.0e+00  0  2  3  1  0   5  5 11  3  0 102636       0      0 0.00e+00    0 0.00e+00 100
MatMultTranspose     120 1.0 8.9156e-02 4.3 1.59e+08 1.0 3.7e+03 9.4e+02 0.0e+00  1  2  3  1  0  34  5 11  3  0 14229       0      2 7.17e-03    0 0.00e+00 100
MatResidual          120 1.0 1.6185e-02 1.1 5.50e+08 1.0 5.5e+03 4.7e+03 0.0e+00  0  5  5  4  0   7 17 17 20  0 268534       0      0 0.00e+00    0 0.00e+00 100
KSPSolve               1 1.0 2.3029e-01 1.0 3.14e+09 1.0 3.2e+04 4.0e+03 0.0e+00  4 31 29 19  0 100 100 100 100  0 108031       0      2 7.20e-03    0 0.00e+00 100
PCApply               30 1.0 2.1609e-01 1.0 2.64e+09 1.0 3.0e+04 3.6e+03 0.0e+00  4 26 27 17  0  94 84 95 86  0 96665       0      2 7.20e-03    0 0.00e+00 100
VecTDot              476 1.0 3.3928e-02 1.3 1.22e+07 1.0 0.0e+00 0.0e+00 0.0e+00  1  0  0  0  0  13  0  0  0  0  2874       0      0 0.00e+00    0 0.00e+00 100
VecNorm              238 1.0 1.9735e-02 1.3 6.10e+06 1.0 0.0e+00 0.0e+00 0.0e+00  0  0  0  0  0   8  0  0  0  0  2471       0      0 0.00e+00    0 0.00e+00 100
VecCopy              422 1.0 2.3321e-03 1.5 0.00e+00 0.0 0.0e+00 0.0e+00 0.0e+00  0  0  0  0  0   1  0  0  0  0     0       0      0 0.00e+00    0 0.00e+00  0
VecSet               151 1.0 6.6265e-04 1.4 0.00e+00 0.0 0.0e+00 0.0e+00 0.0e+00  0  0  0  0  0   0  0  0  0  0     0       0      0 0.00e+00    0 0.00e+00  0
VecAXPY              414 1.0 1.3484e-03 3.8 1.18e+07 1.0 0.0e+00 0.0e+00 0.0e+00  0  0  0  0  0   0  0  0  0  0 69992       0      0 0.00e+00    0 0.00e+00 100
VecAYPX              896 1.0 4.5126e-03 1.4 4.29e+07 1.0 0.0e+00 0.0e+00 0.0e+00  0  0  0  0  0   2  1  0  0  0 75868       0      0 0.00e+00    0 0.00e+00 100
VecAXPBYCZ           240 1.0 1.3098e-03 1.2 3.10e+07 1.0 0.0e+00 0.0e+00 0.0e+00  0  0  0  0  0   1  1  0  0  0 188799       0      0 0.00e+00    0 0.00e+00 100
VecPointwiseMult     207 1.0 9.5205e-04 4.7 1.24e+03 0.0 0.0e+00 0.0e+00 0.0e+00  0  0  0  0  0   0  0  0  0  0     1       0      0 0.00e+00    0 0.00e+00 100
VecReciprocal          1 1.0 7.1430e-06 4.6 0.00e+00 0.0 0.0e+00 0.0e+00 0.0e+00  0  0  0  0  0   0  0  0  0  0     0       0      0 0.00e+00    0 0.00e+00  0
VecScatterBegin      927 1.0 1.0849e-01 2.7 0.00e+00 0.0 3.2e+04 4.0e+03 0.0e+00  1  0 29 19  0  26  0 100 100  0     0       0      0 2.55e-05    0 0.00e+00  0
VecScatterEnd        927 1.0 1.1408e-01 2.5 6.25e+04 1.4 0.0e+00 0.0e+00 0.0e+00  2  0  0  0  0  40  0  0  0  0     4       0      2 7.17e-03    0 0.00e+00 100
SFPack               927 1.0 2.8706e-03 1.7 0.00e+00 0.0 0.0e+00 0.0e+00 0.0e+00  0  0  0  0  0   1  0  0  0  0     0       0      0 2.55e-05    0 0.00e+00  0
SFUnpack             927 1.0 9.3802e-04 1.8 6.25e+04 1.4 0.0e+00 0.0e+00 0.0e+00  0  0  0  0  0   0  0  0  0  0   459       0      2 7.17e-03    0 0.00e+00 100

--- Event Stage 3: 2nd Setup

MatMult               40 1.0 3.9599e-03 1.1 1.81e+08 1.0 1.8e+03 4.7e+03 0.0e+00  0  2  2  1  0   7 87 86 13  0 361691       0      0 0.00e+00    0 0.00e+00 100
MatScale               1 1.0 1.0640e-05 1.4 7.72e+06 1.0 0.0e+00 0.0e+00 0.0e+00  0  0  0  0  0   0  4  0  0  0 5801786       0      0 0.00e+00    0 0.00e+00 100
MatPtAPNumeric         4 1.0 3.0806e-02 1.0 0.00e+00 0.0 3.0e+02 1.8e+05 0.0e+00  1  0  0  8  0  62  0 14 87  0     0       0      0 0.00e+00    0 0.00e+00  0
KSPSetUp               1 1.0 2.3100e-07 1.2 0.00e+00 0.0 0.0e+00 0.0e+00 0.0e+00  0  0  0  0  0   0  0  0  0  0     0       0      0 0.00e+00    0 0.00e+00  0
PCSetUp_GAMG+          1 1.0 4.9216e-02 1.0 2.02e+08 1.0 2.1e+03 3.0e+04 0.0e+00  1  2  2 10  0 100 96 100 100  0 32368       0      4 2.59e+00    1 6.00e-06 100
PCGAMG Gal l00         1 1.0 2.4797e-02 1.2 0.00e+00 0.0 1.1e+02 2.9e+05 0.0e+00  0  0  0  5  0  46  0  5 47  0     0       0      0 0.00e+00    0 0.00e+00  0
PCGAMG Gal l01         1 1.0 6.6621e-03 2.2 0.00e+00 0.0 1.1e+02 1.8e+05 0.0e+00  0  0  0  3  0  10  0  5 30  0     0       0      0 0.00e+00    0 0.00e+00  0
PCGAMG Gal l02         1 1.0 2.6600e-03 1.2 0.00e+00 0.0 7.0e+01 8.2e+04 0.0e+00  0  0  0  1  0   5  0  3  9  0     0       0      0 0.00e+00    0 0.00e+00  0
PCGAMG Gal l03         1 1.0 7.8402e-04 1.6 0.00e+00 0.0 1.5e+01 2.7e+03 0.0e+00  0  0  0  0  0   1  0  1  0  0     0       0      0 0.00e+00    0 0.00e+00  0
PCSetUp                1 1.0 4.9218e-02 1.0 2.02e+08 1.0 2.1e+03 3.0e+04 0.0e+00  1  2  2 10  0 100 96 100 100  0 32367       0      4 2.59e+00    1 6.00e-06 100
VecTDot               92 1.0 5.9014e-03 1.1 4.75e+06 1.0 0.0e+00 0.0e+00 0.0e+00  0  0  0  0  0  12  2  0  0  0  6425       0      0 0.00e+00    0 0.00e+00 100
VecNorm               44 1.0 5.9228e-03 1.8 2.27e+06 1.0 0.0e+00 0.0e+00 0.0e+00  0  0  0  0  0   9  1  0  0  0  3062       0      0 0.00e+00    0 0.00e+00 100
VecCopy                8 1.0 1.1976e-04 1.2 0.00e+00 0.0 0.0e+00 0.0e+00 0.0e+00  0  0  0  0  0   0  0  0  0  0     0       0      0 0.00e+00    0 0.00e+00  0
VecSet                 4 1.0 2.1731e-05 1.2 0.00e+00 0.0 0.0e+00 0.0e+00 0.0e+00  0  0  0  0  0   0  0  0  0  0     0       0      0 0.00e+00    0 0.00e+00  0
VecAXPY               80 1.0 2.8950e-04 1.4 4.13e+06 1.0 0.0e+00 0.0e+00 0.0e+00  0  0  0  0  0   0  2  0  0  0 113892       0      0 0.00e+00    0 0.00e+00 100
VecAYPX               36 1.0 1.9785e-04 1.4 1.86e+06 1.0 0.0e+00 0.0e+00 0.0e+00  0  0  0  0  0   0  1  0  0  0 74992       0      0 0.00e+00    0 0.00e+00 100
VecReciprocal          1 1.0 5.2700e-06 4.0 0.00e+00 0.0 0.0e+00 0.0e+00 0.0e+00  0  0  0  0  0   0  0  0  0  0     0       0      0 0.00e+00    0 0.00e+00  0
VecScatterBegin       40 1.0 2.1960e-03 1.6 0.00e+00 0.0 1.8e+03 4.7e+03 0.0e+00  0  0  2  1  0   3  0 86 13  0     0       0      0 0.00e+00    0 0.00e+00  0
VecScatterEnd         40 1.0 1.3365e-03 2.3 0.00e+00 0.0 0.0e+00 0.0e+00 0.0e+00  0  0  0  0  0   2  0  0  0  0     0       0      0 0.00e+00    0 0.00e+00  0
SFBcastBegin           4 1.0 1.5353e-02 9.5 0.00e+00 0.0 1.8e+02 1.8e+05 0.0e+00  0  0  0  5  0  14  0  9 50  0     0       0      0 0.00e+00    0 0.00e+00  0
SFBcastEnd             4 1.0 1.5426e-02 7.6 0.00e+00 0.0 0.0e+00 0.0e+00 0.0e+00  0  0  0  0  0  20  0  0  0  0     0       0      0 0.00e+00    0 0.00e+00  0
SFReduceBegin          4 1.0 2.6880e-03 12.0 0.00e+00 0.0 1.2e+02 1.9e+05 0.0e+00  0  0  0  4  0   2  0  6 37  0     0       0      0 0.00e+00    0 0.00e+00  0
SFReduceEnd            4 1.0 6.9337e-03 11.4 0.00e+00 0.0 0.0e+00 0.0e+00 0.0e+00  0  0  0  0  0   6  0  0  0  0     0       0      0 0.00e+00    0 0.00e+00  0
SFPack                48 1.0 1.5322e-04 1.4 0.00e+00 0.0 0.0e+00 0.0e+00 0.0e+00  0  0  0  0  0   0  0  0  0  0     0       0      0 0.00e+00    0 0.00e+00  0
SFUnpack              48 1.0 7.2520e-06 1.4 0.00e+00 0.0 0.0e+00 0.0e+00 0.0e+00  0  0  0  0  0   0  0  0  0  0     0       0      0 0.00e+00    0 0.00e+00  0

--- Event Stage 4: 2nd Solve

MatMult              687 1.0 6.9744e-02 1.1 2.64e+09 1.0 2.5e+04 4.9e+03 0.0e+00  1 26 22 18  0  45 84 77 95  0 299540       0      0 0.00e+00    0 0.00e+00 100
MatMultAdd           120 1.0 1.0826e-02 1.0 1.59e+08 1.0 3.7e+03 9.4e+02 0.0e+00  0  2  3  1  0   7  5 11  3  0 117142       0      0 0.00e+00    0 0.00e+00 100
MatMultTranspose     120 1.0 1.3305e-02 1.3 1.59e+08 1.0 3.7e+03 9.4e+02 0.0e+00  0  2  3  1  0   8  5 11  3  0 95347       0      0 0.00e+00    0 0.00e+00 100
MatResidual          120 1.0 1.5157e-02 1.1 5.50e+08 1.0 5.5e+03 4.7e+03 0.0e+00  0  5  5  4  0  10 17 17 20  0 286757       0      0 0.00e+00    0 0.00e+00 100
KSPSolve               1 1.0 1.4907e-01 1.0 3.14e+09 1.0 3.2e+04 4.0e+03 0.0e+00  3 31 29 19  0 100 100 100 100  0 166894       0      0 0.00e+00    0 0.00e+00 100
PCApply               30 1.0 1.3528e-01 1.0 2.64e+09 1.0 3.0e+04 3.6e+03 0.0e+00  2 26 27 17  0  90 84 95 86  0 154408       0      0 0.00e+00    0 0.00e+00 100
VecTDot              476 1.0 3.3606e-02 1.3 1.22e+07 1.0 0.0e+00 0.0e+00 0.0e+00  1  0  0  0  0  20  0  0  0  0  2902       0      0 0.00e+00    0 0.00e+00 100
VecNorm              238 1.0 1.9744e-02 1.3 6.10e+06 1.0 0.0e+00 0.0e+00 0.0e+00  0  0  0  0  0  13  0  0  0  0  2470       0      0 0.00e+00    0 0.00e+00 100
VecCopy              422 1.0 2.2841e-03 1.5 0.00e+00 0.0 0.0e+00 0.0e+00 0.0e+00  0  0  0  0  0   1  0  0  0  0     0       0      0 0.00e+00    0 0.00e+00  0
VecSet               151 1.0 6.5850e-04 1.4 0.00e+00 0.0 0.0e+00 0.0e+00 0.0e+00  0  0  0  0  0   0  0  0  0  0     0       0      0 0.00e+00    0 0.00e+00  0
VecAXPY              414 1.0 1.3299e-03 3.8 1.18e+07 1.0 0.0e+00 0.0e+00 0.0e+00  0  0  0  0  0   0  0  0  0  0 70964       0      0 0.00e+00    0 0.00e+00 100
VecAYPX              896 1.0 4.4306e-03 1.4 4.29e+07 1.0 0.0e+00 0.0e+00 0.0e+00  0  0  0  0  0   2  1  0  0  0 77271       0      0 0.00e+00    0 0.00e+00 100
VecAXPBYCZ           240 1.0 1.0239e-03 1.2 3.10e+07 1.0 0.0e+00 0.0e+00 0.0e+00  0  0  0  0  0   1  1  0  0  0 241509       0      0 0.00e+00    0 0.00e+00 100
VecPointwiseMult     207 1.0 9.5980e-04 4.7 1.24e+03 0.0 0.0e+00 0.0e+00 0.0e+00  0  0  0  0  0   0  0  0  0  0     1       0      0 0.00e+00    0 0.00e+00 100
VecScatterBegin      927 1.0 5.8419e-02 1.8 0.00e+00 0.0 3.2e+04 4.0e+03 0.0e+00  1  0 29 19  0  27  0 100 100  0     0       0      0 0.00e+00    0 0.00e+00  0
VecScatterEnd        927 1.0 4.2013e-02 3.4 6.25e+04 1.4 0.0e+00 0.0e+00 0.0e+00  1  0  0  0  0  22  0  0  0  0    10       0      0 0.00e+00    0 0.00e+00 100
SFPack               927 1.0 2.8239e-03 1.7 0.00e+00 0.0 0.0e+00 0.0e+00 0.0e+00  0  0  0  0  0   1  0  0  0  0     0       0      0 0.00e+00    0 0.00e+00  0
SFUnpack             927 1.0 7.6372e-04 1.8 6.25e+04 1.4 0.0e+00 0.0e+00 0.0e+00  0  0  0  0  0   0  0  0  0  0   564       0      0 0.00e+00    0 0.00e+00 100

--- Event Stage 5: 3rd Setup


--- Event Stage 6: 3rd Solve

MatMult              687 1.0 7.0514e-02 1.1 2.64e+09 1.0 2.5e+04 4.9e+03 0.0e+00  1 26 22 18  0  45 84 77 95  0 296269       0      0 0.00e+00    0 0.00e+00 100
MatMultAdd           120 1.0 1.0868e-02 1.0 1.59e+08 1.0 3.7e+03 9.4e+02 0.0e+00  0  2  3  1  0   7  5 11  3  0 116681       0      0 0.00e+00    0 0.00e+00 100
MatMultTranspose     120 1.0 1.3347e-02 1.3 1.59e+08 1.0 3.7e+03 9.4e+02 0.0e+00  0  2  3  1  0   8  5 11  3  0 95043       0      0 0.00e+00    0 0.00e+00 100
MatScale               1 1.0 7.9150e-06 1.2 7.72e+06 1.0 0.0e+00 0.0e+00 0.0e+00  0  0  0  0  0   0  0  0  0  0 7799242       0      0 0.00e+00    0 0.00e+00 100
MatResidual          120 1.0 1.5315e-02 1.1 5.50e+08 1.0 5.5e+03 4.7e+03 0.0e+00  0  5  5  4  0  10 17 17 20  0 283788       0      0 0.00e+00    0 0.00e+00 100
KSPSolve               1 1.0 1.4960e-01 1.0 3.14e+09 1.0 3.2e+04 4.0e+03 0.0e+00  3 31 29 19  0 100 100 100 100  0 166299       0      0 0.00e+00    0 0.00e+00 100
PCApply               30 1.0 1.3579e-01 1.0 2.64e+09 1.0 3.0e+04 3.6e+03 0.0e+00  2 26 27 17  0  91 84 95 86  0 153833       0      0 0.00e+00    0 0.00e+00 100
VecTDot              476 1.0 3.3293e-02 1.3 1.22e+07 1.0 0.0e+00 0.0e+00 0.0e+00  1  0  0  0  0  20  0  0  0  0  2929       0      0 0.00e+00    0 0.00e+00 100
VecNorm              238 1.0 1.9826e-02 1.3 6.10e+06 1.0 0.0e+00 0.0e+00 0.0e+00  0  0  0  0  0  13  0  0  0  0  2459       0      0 0.00e+00    0 0.00e+00 100
VecCopy              422 1.0 2.2887e-03 1.6 0.00e+00 0.0 0.0e+00 0.0e+00 0.0e+00  0  0  0  0  0   1  0  0  0  0     0       0      0 0.00e+00    0 0.00e+00  0
VecSet               151 1.0 6.5217e-04 1.4 0.00e+00 0.0 0.0e+00 0.0e+00 0.0e+00  0  0  0  0  0   0  0  0  0  0     0       0      0 0.00e+00    0 0.00e+00  0
VecAXPY              414 1.0 1.3382e-03 3.8 1.18e+07 1.0 0.0e+00 0.0e+00 0.0e+00  0  0  0  0  0   0  0  0  0  0 70525       0      0 0.00e+00    0 0.00e+00 100
VecAYPX              896 1.0 4.4393e-03 1.4 4.29e+07 1.0 0.0e+00 0.0e+00 0.0e+00  0  0  0  0  0   2  1  0  0  0 77120       0      0 0.00e+00    0 0.00e+00 100
VecAXPBYCZ           240 1.0 1.0254e-03 1.3 3.10e+07 1.0 0.0e+00 0.0e+00 0.0e+00  0  0  0  0  0   1  1  0  0  0 241154       0      0 0.00e+00    0 0.00e+00 100
VecPointwiseMult     207 1.0 9.4527e-04 4.8 1.24e+03 0.0 0.0e+00 0.0e+00 0.0e+00  0  0  0  0  0   0  0  0  0  0     1       0      0 0.00e+00    0 0.00e+00 100
VecScatterBegin      927 1.0 5.8553e-02 1.8 0.00e+00 0.0 3.2e+04 4.0e+03 0.0e+00  1  0 29 19  0  26  0 100 100  0     0       0      0 0.00e+00    0 0.00e+00  0
VecScatterEnd        927 1.0 4.2819e-02 3.3 6.25e+04 1.4 0.0e+00 0.0e+00 0.0e+00  1  0  0  0  0  22  0  0  0  0    10       0      0 0.00e+00    0 0.00e+00 100
SFPack               927 1.0 2.8634e-03 1.7 0.00e+00 0.0 0.0e+00 0.0e+00 0.0e+00  0  0  0  0  0   1  0  0  0  0     0       0      0 0.00e+00    0 0.00e+00  0
SFUnpack             927 1.0 7.6270e-04 1.8 6.25e+04 1.4 0.0e+00 0.0e+00 0.0e+00  0  0  0  0  0   0  0  0  0  0   564       0      0 0.00e+00    0 0.00e+00 100
---------------------------------------------------------------------------------------------------------------------------------------------------------------

Object Type          Creations   Destructions. Reports information only for process 0.

--- Event Stage 0: Main Stage

           Container     4              4
       Krylov Solver     1             10
              Matrix     3             41
      Matrix Coarsen     0              1
   Matrix Null Space     1              1
      Preconditioner     1              6
              Viewer     1              1
  PetscDeviceContext     1              0
              Vector    12             67
           Index Set     2              8
   Star Forest Graph     1             29
    Distributed Mesh     0              4
     Discrete System     0              4
           Weak Form     0              4

--- Event Stage 1: Setup

           Container     3              3
       Krylov Solver    13              4
              Matrix    98             60
      Matrix Coarsen     4              3
      Preconditioner    13              8
              Vector   290            236
           Index Set    85             79
   Star Forest Graph    54             34
         PetscRandom     4              4

--- Event Stage 2: Solve

              Vector     1              0
   Star Forest Graph     8              0
    Distributed Mesh     4              0
     Discrete System     4              0
           Weak Form     4              0

--- Event Stage 3: 2nd Setup

              Vector    12             12

--- Event Stage 4: 2nd Solve


--- Event Stage 5: 3rd Setup


--- Event Stage 6: 3rd Solve

========================================================================================================================
Average time to get PetscTime(): 3.21e-08
Average time for MPI_Barrier(): 1.56264e-05
Average time for zero size MPI_Send(): 1.58469e-05
#PETSc Option Table entries:
-alpha 1.e-3 # (source: command line)
-ksp_converged_reason # (source: command line)
-ksp_norm_type unpreconditioned # (source: command line)
-ksp_rtol 1e-6 # (source: command line)
-ksp_type cg # (source: command line)
-log_view # (source: command line)
-mat_type aijkokkos # (source: command line)
-mg_coarse_ksp_type cg # (source: command line)
-mg_coarse_pc_type jacobi # (source: command line)
-mg_levels_ksp_type chebyshev # (source: command line)
-mg_levels_pc_type pbjacobi # (source: command line)
-ne 63 # (source: command line)
-pc_gamg_agg_nsmooths 1 # (source: command line)
-pc_gamg_coarse_eq_limit 20 # (source: command line)
-pc_gamg_parallel_coarse_grid_solver # (source: command line)
-pc_gamg_reuse_interpolation true # (source: command line)
-pc_gamg_type agg # (source: command line)
-pc_type gamg # (source: command line)
-two_solves # (source: command line)
-use_mat_nearnullspace # (source: command line)
#End of PETSc Option Table entries
Compiled without FORTRAN kernels
Compiled with full precision matrices (default)
sizeof(short) 2 sizeof(int) 4 sizeof(long) 8 sizeof(void*) 8 sizeof(PetscScalar) 8 sizeof(PetscInt) 4
Configure options: --with-make-np=8 --with-mpiexec="srun -G4 --gpu-bind=none" --with-batch=0 --download-triangle=1 --with-cc=cc --with-cxx=CC --with-fc=0 --with-debugging=0 --with-cuda=1 --with-cuda-arch=80 --download-kokkos --download-kokkos-kernels --force PETSC_ARCH=arch-perlmutter-opt-gcc-kokkos-cuda
-----------------------------------------
Libraries compiled on 2026-06-22 11:34:59 on login15
Machine characteristics: Linux-6.4.0-150600.23.103_15.0.24-cray_shasta_c-x86_64-with-glibc2.3.4
Using PETSc directory: /global/u2/m/madams/petsc
Using PETSc arch: arch-perlmutter-opt-gcc-kokkos-cuda
-----------------------------------------

Using C compiler: cc  -fPIC -Wall -Wwrite-strings -Wno-unknown-pragmas -Wno-lto-type-mismatch -Wno-stringop-overflow -fstack-protector -fvisibility=hidden -g -O 
-----------------------------------------

Using include paths: -I/global/u2/m/madams/petsc/include -I/global/u2/m/madams/petsc/arch-perlmutter-opt-gcc-kokkos-cuda/include -I/opt/nvidia/hpc_sdk/Linux_x86_64/25.5/cuda/12.9/include -I/opt/nvidia/hpc_sdk/Linux_x86_64/25.5/math_libs/12.9/include
-----------------------------------------

Using C linker: cc
Using libraries: -Wl,-rpath,/global/u2/m/madams/petsc/arch-perlmutter-opt-gcc-kokkos-cuda/lib -L/global/u2/m/madams/petsc/arch-perlmutter-opt-gcc-kokkos-cuda/lib -lpetsc -Wl,-rpath,/global/u2/m/madams/petsc/arch-perlmutter-opt-gcc-kokkos-cuda/lib -L/global/u2/m/madams/petsc/arch-perlmutter-opt-gcc-kokkos-cuda/lib -Wl,-rpath,/opt/nvidia/hpc_sdk/Linux_x86_64/25.5/cuda/12.9/lib64 -L/opt/nvidia/hpc_sdk/Linux_x86_64/25.5/cuda/12.9/lib64 -Wl,-rpath,/opt/nvidia/hpc_sdk/Linux_x86_64/25.5/math_libs/12.9/lib64 -L/opt/nvidia/hpc_sdk/Linux_x86_64/25.5/math_libs/12.9/lib64 -L/opt/nvidia/hpc_sdk/Linux_x86_64/25.5/cuda/12.9/lib64/stubs -lkokkoskernels -lkokkoscontainers -lkokkoscore -lkokkossimd -ltriangle -lcudart -lnvtx3interop -lcufft -lcublas -lcusparse -lcusolver -lcurand -lcuda -lnvidia-ml -lX11 -lstdc++ -lquadmath
-----------------------------------------

