  Linear solve converged due to CONVERGED_RTOL iterations 30
  Linear solve converged due to CONVERGED_RTOL iterations 30
  Linear solve converged due to CONVERGED_RTOL iterations 30
[0]main |b-Ax|/|b|=7.613408e-07, |b|=2.222509e+00, emax=9.989586e-01
****************************************************************************************************************************************************************
***                                WIDEN YOUR WINDOW TO 160 CHARACTERS.  Use 'enscript -r -fCourier9' to print this document                                 ***
****************************************************************************************************************************************************************

------------------------------------------------------------------ PETSc Performance Summary: ------------------------------------------------------------------



      ##########################################################
      #                                                        #
      #                       WARNING!!!                       #
      #                                                        #
      #   This code was run with -log_view_gpu_time            #
      #   This provides accurate timing within the GPU kernels #
      #   but can slow down the entire computation by a        #
      #   measurable amount. For fastest runs we recommend     #
      #   not using this option.                               #
      #                                                        #
      ##########################################################


/global/homes/m/madams/petsc/arch-perlmutter-opt-gcc-kokkos-cuda/tests/ksp/ksp/tutorials/ex56 on a arch-perlmutter-opt-gcc-kokkos-cuda named nid001161 with 8 processes and CUDA architecture 80, by madams on Mon Jun 22 08:03:14 2026
Using PETSc Development Git Revision: v3.25.2-340-g83d2bd4a8b4 Git Date: 2026-06-21 14:23:19 -0400

                         Max       Max/Min     Avg       Total
Time (sec):           5.795e+00     1.000   5.795e+00
Objects:              0.000e+00     0.000   0.000e+00
Flops:                1.007e+10     1.020   9.974e+09  7.979e+10
Flops/sec:            1.738e+09     1.020   1.721e+09  1.377e+10
MPI Msg Count:        1.680e+04     1.274   1.394e+04  1.116e+05
MPI Msg Len (bytes):  8.464e+07     1.039   5.957e+03  6.645e+08
MPI Reductions:       1.380e+02     1.000

Flop counting convention: 1 flop = 1 real number operation of type (multiply/divide/add/subtract)
                            e.g., VecAXPY() for real vectors of length N --> 2N flops
                            and VecAXPY() for complex vectors of length N --> 8N flops

Summary of Stages:   ----- Time ------  ----- Flop ------  --- Messages ---  -- Message Lengths --  -- Reductions --
                        Avg     %Total     Avg     %Total    Count   %Total     Avg         %Total    Count   %Total
 0:      Main Stage: 1.0606e+00  18.3%  2.5385e+08   0.3%  2.630e+02   0.2%  1.234e+05        4.9%  9.000e+00   6.5%
 1:           Setup: 3.9486e+00  68.1%  3.1816e+09   4.0%  1.293e+04  11.6%  1.419e+04       27.6%  1.120e+02  81.2%
 2:           Solve: 2.9264e-01   5.0%  2.4879e+10  31.2%  3.208e+04  28.8%  3.991e+03       19.3%  0.000e+00   0.0%
 3:       2nd Setup: 3.5881e-02   0.6%  1.6548e+09   2.1%  2.124e+03   1.9%  3.038e+04        9.7%  0.000e+00   0.0%
 4:       2nd Solve: 2.2900e-01   4.0%  2.4879e+10  31.2%  3.208e+04  28.8%  3.991e+03       19.3%  0.000e+00   0.0%
 5:       3rd Setup: 2.8300e-07   0.0%  0.0000e+00   0.0%  0.000e+00   0.0%  0.000e+00        0.0%  0.000e+00   0.0%
 6:       3rd Solve: 2.2850e-01   3.9%  2.4941e+10  31.3%  3.208e+04  28.8%  3.991e+03       19.3%  0.000e+00   0.0%

------------------------------------------------------------------------------------------------------------------------
See the 'Profiling' chapter of the users' manual for details on interpreting output.
Phase summary info:
   Count: number of times phase was executed
   Time and Flop: Max - maximum over all processes
                  Ratio - ratio of maximum to minimum over all processes
   Mess: number of messages sent
   AvgLen: average message length (bytes)
   Reduct: number of global reductions
   Global: entire computation
   Stage: stages of a computation. Set stages with PetscLogStagePush() and PetscLogStagePop().
      %T - percent time in this phase         %F - percent flop in this phase
      %M - percent messages in this phase     %L - percent message lengths in this phase
      %R - percent reductions in this phase
   Total Mflop/s: 1e-6 * (sum of flop over all processes)/(max time over all processes)
   GPU Mflop/s: 1e-6 * (sum of flop on GPU over all processes)/(max GPU time over all processes)
   CpuToGpu Count: total number of CPU to GPU copies per processor
   CpuToGpu Size (Mbytes): 1e-6 * (total size of CPU to GPU copies per processor)
   GpuToCpu Count: total number of GPU to CPU copies per processor
   GpuToCpu Size (Mbytes): 1e-6 * (total size of GPU to CPU copies per processor)
   GPU %F: percent flops on GPU in this event
------------------------------------------------------------------------------------------------------------------------
Event                Count      Time (sec)     Flop                              --- Global ---  --- Stage ----  Total   GPU    - CpuToGpu -   - GpuToCpu - GPU
                   Max Ratio  Max     Ratio   Max  Ratio  Mess   AvgLen  Reduct  %T %F %M %L %R  %T %F %M %L %R Mflop/s Mflop/s Count   Size   Count   Size  %F
---------------------------------------------------------------------------------------------------------------------------------------------------------------

--- Event Stage 0: Main Stage

BuildTwoSided          3 1.0 7.2041e-02 169.5 0.00e+00 0.0 9.4e+01 5.6e+00 0.0e+00  1  0  0  0  0   3  0 36  0  0     0       0      0 0.00e+00    0 0.00e+00  0
BuildTwoSidedF         2 1.0 7.4488e-02 130.6 0.00e+00 0.0 9.5e+01 3.3e+05 0.0e+00  1  0  0  5  0   3  0 36 97  0     0       0      0 0.00e+00    0 0.00e+00  0
MatMult                1 1.0 3.7607e-04 1.6 1.54e+07 1.0 5.6e+01 1.1e+04 0.0e+00  0  0  0  0  0   0 49 21  2  0 328298   938047      0 0.00e+00    0 0.00e+00 100
MatAssemblyBegin       1 1.0 7.3785e-02 1.6 0.00e+00 0.0 3.8e+01 8.2e+05 0.0e+00  1  0  0  5  0   6  0 14 96  0     0       0      0 0.00e+00    0 0.00e+00  0
MatAssemblyEnd         1 1.0 3.8532e-02 1.1 2.46e+05 0.0 1.1e+02 2.7e+03 1.0e+00  1  0  0  0  1   4  0 43  1 11    25       0      0 0.00e+00    0 0.00e+00  0
DCtxCreate             1 1.0 6.0688e-05 2.7 0.00e+00 0.0 0.0e+00 0.0e+00 0.0e+00  0  0  0  0  0   0  0  0  0  0     0       0      0 0.00e+00    0 0.00e+00  0
DCtxDestroy            1 1.0 2.6191e-05 1.1 0.00e+00 0.0 0.0e+00 0.0e+00 0.0e+00  0  0  0  0  0   0  0  0  0  0     0       0      0 0.00e+00    0 0.00e+00  0
DCtxSetUp              1 1.0 1.1282e-05 1.4 0.00e+00 0.0 0.0e+00 0.0e+00 0.0e+00  0  0  0  0  0   0  0  0  0  0     0       0      0 0.00e+00    0 0.00e+00  0
DCtxSetDevice          1 1.0 1.3957e-05 1.2 0.00e+00 0.0 0.0e+00 0.0e+00 0.0e+00  0  0  0  0  0   0  0  0  0  0     0       0      0 0.00e+00    0 0.00e+00  0
VecMDot                3 1.0 1.5070e-03 2.6 2.36e+06 1.0 0.0e+00 0.0e+00 0.0e+00  0  0  0  0  0   0  7  0  0  0 12524       0      0 0.00e+00    0 0.00e+00  0
VecNorm                5 1.0 6.2081e-04 1.7 9.83e+05 1.0 0.0e+00 0.0e+00 0.0e+00  0  0  0  0  0   0  3  0  0  0 12668   33437      0 0.00e+00    0 0.00e+00 40
VecScale               3 1.0 4.8805e-05 1.1 2.95e+05 1.0 0.0e+00 0.0e+00 0.0e+00  0  0  0  0  0   0  1  0  0  0 48341       0      0 0.00e+00    0 0.00e+00  0
VecAXPY                1 1.0 1.9718e-05 1.1 1.97e+05 1.0 0.0e+00 0.0e+00 0.0e+00  0  0  0  0  0   0  1  0  0  0 79768   178735      0 0.00e+00    0 0.00e+00 100
VecMAXPY               3 1.0 3.1647e-04 1.1 2.36e+06 1.0 0.0e+00 0.0e+00 0.0e+00  0  0  0  0  0   0  7  0  0  0 59640       0      0 0.00e+00    0 0.00e+00  0
VecAssemblyBegin       1 1.0 7.5806e-04 1.2 0.00e+00 0.0 5.7e+01 6.1e+03 0.0e+00  0  0  0  0  0   0  0 22  1  0     0       0      0 0.00e+00    0 0.00e+00  0
VecAssemblyEnd         1 1.0 1.1214e-04 8.9 0.00e+00 0.0 0.0e+00 0.0e+00 0.0e+00  0  0  0  0  0   0  0  0  0  0     0       0      0 0.00e+00    0 0.00e+00  0
VecScatterBegin        1 1.0 8.3993e-05 1.7 0.00e+00 0.0 5.6e+01 1.1e+04 0.0e+00  0  0  0  0  0   0  0 21  2  0     0       0      0 0.00e+00    0 0.00e+00  0
VecScatterEnd          1 1.0 1.5513e-04 23.1 0.00e+00 0.0 0.0e+00 0.0e+00 0.0e+00  0  0  0  0  0   0  0  0  0  0     0       0      0 0.00e+00    0 0.00e+00  0
VecNormalize           3 1.0 2.3274e-04 1.3 8.85e+05 1.0 0.0e+00 0.0e+00 0.0e+00  0  0  0  0  0   0  3  0  0  0 30411       0      0 0.00e+00    0 0.00e+00  0
SFSetGraph             1 1.0 6.9033e-05 1.0 0.00e+00 0.0 0.0e+00 0.0e+00 0.0e+00  0  0  0  0  0   0  0  0  0  0     0       0      0 0.00e+00    0 0.00e+00  0
SFSetUp                1 1.0 5.0184e-04 1.2 0.00e+00 0.0 1.1e+02 2.7e+03 0.0e+00  0  0  0  0  0   0  0 43  1  0     0       0      0 0.00e+00    0 0.00e+00  0
SFPack                 1 1.0 6.6330e-06 1.2 0.00e+00 0.0 0.0e+00 0.0e+00 0.0e+00  0  0  0  0  0   0  0  0  0  0     0       0      0 0.00e+00    0 0.00e+00  0
SFUnpack               1 1.0 2.4000e-07 1.6 0.00e+00 0.0 0.0e+00 0.0e+00 0.0e+00  0  0  0  0  0   0  0  0  0  0     0       0      0 0.00e+00    0 0.00e+00  0

--- Event Stage 1: Setup

BuildTwoSided        207 1.0 4.5268e-02 1.7 0.00e+00 0.0 1.7e+03 4.0e+00 0.0e+00  1  0  2  0  0   1  0 13  0  0     0       0      0 0.00e+00    0 0.00e+00  0
BuildTwoSidedF       153 1.0 3.7951e-02 2.0 0.00e+00 0.0 2.7e+02 7.7e+03 0.0e+00  1  0  0  0  0   1  0  2  1  0     0       0      0 0.00e+00    0 0.00e+00  0
MatMult               80 1.0 2.7696e-02 1.1 3.63e+08 1.0 3.6e+03 4.7e+03 0.0e+00  0  4  3  3  0   1 90 28  9  0 103426   368141      4 1.94e+00    0 0.00e+00 100
MatScale              12 1.0 1.9353e-02 1.2 7.09e+06 1.0 1.7e+02 1.4e+03 0.0e+00  0  0  0  0  0   0  2  1  0  0  2921   72639     11 5.41e-01    0 0.00e+00 100
MatAssemblyBegin      64 1.0 9.9060e-03 2.3 0.00e+00 0.0 2.7e+02 7.7e+03 0.0e+00  0  0  0  0  0   0  0  2  1  0     0       0      0 0.00e+00    0 0.00e+00  0
MatAssemblyEnd        64 1.0 1.7179e-01 2.3 0.00e+00 0.0 1.7e+03 3.7e+02 3.2e+01  2  0  2  0 23   3  0 13  0 29     0       0      0 0.00e+00    0 0.00e+00  0
MatSetValues      142306 1.0 3.8080e-01 1.0 6.20e+05 1.0 0.0e+00 0.0e+00 0.0e+00  6  0  0  0  0  10  0  0  0  0    13       0      0 0.00e+00    6 2.11e+01  0
MatGetValues       33610 1.0 7.0979e-02 1.1 0.00e+00 0.0 0.0e+00 0.0e+00 0.0e+00  1  0  0  0  0   2  0  0  0  0     0       0      0 0.00e+00    0 0.00e+00  0
MatGetRow         480713 1.0 9.3700e-01 1.0 0.00e+00 0.0 0.0e+00 0.0e+00 0.0e+00 16  0  0  0  0  24  0  0  0  0     0       0      0 0.00e+00   11 1.70e+01  0
MatCreateSubMat        2 1.0 3.5324e-03 1.0 0.00e+00 0.0 3.0e+01 9.7e+01 1.0e+01  0  0  0  0  7   0  0  0  0  9     0       0      0 0.00e+00    2 0.00e+00  0
MatCoarsen             4 1.0 1.7035e-02 1.1 0.00e+00 0.0 1.7e+03 9.7e+02 2.7e+01  0  0  1  0 20   0  0 13  1 24     0       0      3 5.88e-03    0 0.00e+00  0
MatAXPY                4 1.0 7.1940e-01 1.0 6.20e+05 1.0 0.0e+00 0.0e+00 0.0e+00 12  0  0  0  0  18  0  0  0  0     7       0      0 0.00e+00    6 2.11e+01  0
MatTranspose           3 1.0 4.2339e-03 1.0 0.00e+00 0.0 2.2e+02 4.4e+01 9.0e+00  0  0  0  0  7   0  0  2  0  8     0       0      3 5.88e-03    0 0.00e+00  0
MatMatMultSym          4 1.0 1.8502e-01 1.0 0.00e+00 0.0 1.4e+03 7.5e+03 1.2e+01  3  0  1  2  9   5  0 11  6 11     0       0      8 4.95e+00    0 0.00e+00  0
MatMatMultNum          4 1.0 1.0420e-06 1.5 0.00e+00 0.0 0.0e+00 0.0e+00 0.0e+00  0  0  0  0  0   0  0  0  0  0     0       0      0 0.00e+00    0 0.00e+00  0
MatPtAPSymbolic        4 1.0 5.3158e-01 1.0 0.00e+00 0.0 2.4e+03 4.8e+04 2.4e+01  9  0  2 17 17  13  0 18 61 21     0       0      8 2.11e+01    0 0.00e+00  0
MatPtAPNumeric         4 1.0 1.2020e-06 1.7 0.00e+00 0.0 0.0e+00 0.0e+00 0.0e+00  0  0  0  0  0   0  0  0  0  0     0       0      0 0.00e+00    0 0.00e+00  0
MatTrnMatMultSym       1 1.0 1.5161e-01 1.0 0.00e+00 0.0 4.5e+02 6.4e+04 3.0e+00  3  0  0  4  2   4  0  3 16  3     0       0      0 0.00e+00    0 0.00e+00  0
MatCreateGraph         4 1.0 6.0504e-01 1.0 1.79e+06 1.0 5.1e+02 7.2e+02 1.2e+01 10  0  0  0  9  15  0  4  0 11    24    5916     15 7.40e+00    8 1.02e+01 100
KSPSetUp               1 1.0 7.2024e-04 1.2 0.00e+00 0.0 0.0e+00 0.0e+00 0.0e+00  0  0  0  0  0   0  0  0  0  0     0       0      0 0.00e+00    0 0.00e+00  0
PCSetUp_GAMG+          1 1.0 3.9479e+00 1.0 4.02e+08 1.0 1.3e+04 1.4e+04 1.1e+02 68  4 12 28 81 100 100 100 100 100   806   34584     82 1.02e+02   47 3.96e+01 100
 PCGAMGCreateG         4 1.0 6.0505e-01 1.0 1.79e+06 1.0 5.1e+02 7.2e+02 1.2e+01 10  0  0  0  9  15  0  4  0 11    24    5916     15 7.40e+00    8 1.02e+01 100
 GAMG Coarsen          8 1.0 5.1944e-01 1.0 0.00e+00 0.0 2.4e+03 1.4e+04 3.0e+01  9  0  2  5 22  13  0 18 18 27     0       0      8 1.05e+00   12 7.37e+00  0
  GAMG MIS/Agg         4 1.0 1.7379e-01 1.0 0.00e+00 0.0 2.1e+03 1.4e+04 3.0e+01  3  0  2  5 22   4  0 16 17 27     0       0      3 5.88e-03    0 0.00e+00  0
 PCGAMGProl            4 1.0 1.1698e+00 1.0 0.00e+00 0.0 2.5e+03 4.0e+03 1.2e+01 20  0  2  2  9  30  0 20  6 11     0       0     38 5.97e+00   19 9.93e-01  0
  GAMG Prol-col        4 1.0 1.1422e+00 1.0 0.00e+00 0.0 2.2e+03 3.6e+03 0.0e+00 20  0  2  1  0  29  0 17  4  0     0       0     38 5.97e+00   19 9.93e-01  0
  GAMG Prol-lift       4 1.0 2.3488e-02 1.0 0.00e+00 0.0 2.8e+02 7.4e+03 4.0e+00  0  0  0  0  3   1  0  2  1  4     0       0      0 0.00e+00    0 0.00e+00  0
 PCGAMGOptProl         4 1.0 1.0284e+00 1.0 1.99e+08 1.0 3.3e+03 5.9e+03 1.2e+01 18  2  3  3  9  26 49 25 11 11  1531   19406     13 6.67e+01    6 2.11e+01 100
  GAMG smooth          4 1.0 9.1610e-01 1.0 5.92e+06 1.0 1.4e+03 7.5e+03 1.2e+01 16  0  1  2  9  23  1 11  6 11    52   87337      8 4.95e+00    6 2.11e+01 90
 PCGAMGCreateL         4 1.0 5.3819e-01 1.0 0.00e+00 0.0 2.4e+03 4.6e+04 4.6e+01  9  0  2 17 33  13  0 19 61 41     0       0      8 2.11e+01    2 0.00e+00  0
  GAMG PtAP            4 1.0 5.3163e-01 1.0 0.00e+00 0.0 2.4e+03 4.8e+04 2.4e+01  9  0  2 17 17  13  0 18 61 21     0       0      8 2.11e+01    0 0.00e+00  0
  GAMG Reduce          2 1.0 7.1709e-02 1.0 0.00e+00 0.0 6.7e+02 1.7e+04 3.4e+01  1  0  1  2 25   2  0  5  6 30     0       0      4 1.37e-01    2 0.00e+00  0
PCGAMG Squ l00         1 1.0 1.5162e-01 1.0 0.00e+00 0.0 4.5e+02 6.4e+04 3.0e+00  3  0  0  4  2   4  0  3 16  3     0       0      0 0.00e+00    0 0.00e+00  0
PCGAMG Gal l00         1 1.0 3.0814e-01 1.1 0.00e+00 0.0 8.6e+02 7.1e+04 6.0e+00  5  0  1  9  4   8  0  7 34  5     0       0      2 1.92e+01    0 0.00e+00  0
PCGAMG Opt l00         1 1.0 7.5076e-02 1.0 0.00e+00 0.0 4.4e+02 1.7e+04 3.0e+00  1  0  0  1  2   2  0  3  4  3     0       0      2 4.72e+00    0 0.00e+00  0
PCGAMG Gal l01         1 1.0 1.6209e-01 1.0 0.00e+00 0.0 9.0e+02 4.4e+04 6.0e+00  3  0  1  6  4   4  0  7 21  5     0       0      2 1.79e+00    0 0.00e+00  0
PCGAMG Opt l01         1 1.0 1.7626e-02 1.0 0.00e+00 0.0 4.5e+02 4.6e+03 3.0e+00  0  0  0  0  2   0  0  3  1  3     0       0      2 2.11e-01    0 0.00e+00  0
PCGAMG Gal l02         1 1.0 2.4572e-02 1.0 0.00e+00 0.0 4.8e+02 2.4e+04 6.0e+00  0  0  0  2  4   1  0  4  6  5     0       0      2 1.37e-01    0 0.00e+00  0
PCGAMG Opt l02         1 1.0 4.9751e-02 1.0 0.00e+00 0.0 4.5e+02 2.2e+03 3.0e+00  1  0  0  0  2   1  0  3  1  3     0       0      2 1.52e-02    0 0.00e+00  0
PCGAMG Gal l03         1 1.0 3.9859e-02 1.0 0.00e+00 0.0 1.2e+02 7.2e+02 6.0e+00  1  0  0  0  4   1  0  1  0  5     0       0      2 7.20e-04    0 0.00e+00  0
PCGAMG Opt l03         1 1.0 4.2654e-02 1.0 0.00e+00 0.0 9.8e+01 8.6e+02 3.0e+00  1  0  0  0  2   1  0  1  0  3     0       0      2 7.20e-04    0 0.00e+00  0
PCSetUp                1 1.0 3.9480e+00 1.0 4.02e+08 1.0 1.3e+04 1.4e+04 1.1e+02 68  4 12 28 81 100 100 100 100 100   806   34584     82 1.02e+02   47 3.96e+01 100
VecTDot              184 1.0 6.0502e-02 4.2 9.51e+06 1.0 0.0e+00 0.0e+00 0.0e+00  1  0  0  0  0   1  2  0  0  0  1253   16963      0 0.00e+00    0 0.00e+00 100
VecNorm               44 1.0 1.4324e-02 2.0 2.27e+06 1.0 0.0e+00 0.0e+00 0.0e+00  0  0  0  0  0   0  1  0  0  0  1266    5251      0 0.00e+00    0 0.00e+00 100
VecCopy               16 1.0 4.2887e-04 1.2 0.00e+00 0.0 0.0e+00 0.0e+00 0.0e+00  0  0  0  0  0   0  0  0  0  0     0       0      0 0.00e+00    0 0.00e+00  0
VecSet                 8 1.0 1.7345e-04 1.1 0.00e+00 0.0 0.0e+00 0.0e+00 0.0e+00  0  0  0  0  0   0  0  0  0  0     0       0      0 0.00e+00    0 0.00e+00  0
VecAXPY              160 1.0 7.3432e-02 2.6 8.27e+06 1.0 0.0e+00 0.0e+00 0.0e+00  1  0  0  0  0   1  2  0  0  0   898     918      0 0.00e+00    0 0.00e+00 100
VecAYPX               72 1.0 2.6327e-03 1.1 3.72e+06 1.0 0.0e+00 0.0e+00 0.0e+00  0  0  0  0  0   0  1  0  0  0 11272   15962      0 0.00e+00    0 0.00e+00 100
VecAssemblyBegin     136 1.0 3.1913e-02 2.4 0.00e+00 0.0 0.0e+00 0.0e+00 0.0e+00  0  0  0  0  0   1  0  0  0  0     0       0      0 0.00e+00    0 0.00e+00  0
VecAssemblyEnd       136 1.0 1.4009e-04 1.2 0.00e+00 0.0 0.0e+00 0.0e+00 0.0e+00  0  0  0  0  0   0  0  0  0  0     0       0      0 0.00e+00    0 0.00e+00  0
VecPointwiseMult      44 1.0 8.3522e-04 1.1 1.14e+06 1.0 0.0e+00 0.0e+00 0.0e+00  0  0  0  0  0   0  0  0  0  0 10856   23845      0 0.00e+00    0 0.00e+00 100
VecReciprocal         12 1.0 2.3842e-03 1.7 0.00e+00 0.0 0.0e+00 0.0e+00 0.0e+00  0  0  0  0  0   0  0  0  0  0     0       0      0 0.00e+00    0 0.00e+00  0
VecSetValues      784962 1.0 1.2951e+00 1.0 0.00e+00 0.0 0.0e+00 0.0e+00 0.0e+00 22  0  0  0  0  32  0  0  0  0     0       0      0 0.00e+00    0 0.00e+00  0
VecScatterBegin      221 1.0 3.4708e-02 1.7 0.00e+00 0.0 6.3e+03 4.3e+03 0.0e+00  0  0  6  4  0   1  0 49 15  0     0       0     53 7.31e+00    0 0.00e+00  0
VecScatterEnd        221 1.0 2.0693e-02 2.7 0.00e+00 0.0 0.0e+00 0.0e+00 0.0e+00  0  0  0  0  0   0  0  0  0  0     0       0      0 0.00e+00    0 0.00e+00  0
SFSetGraph            54 1.0 1.5825e-04 1.1 0.00e+00 0.0 0.0e+00 0.0e+00 0.0e+00  0  0  0  0  0   0  0  0  0  0     0       0      0 0.00e+00    0 0.00e+00  0
SFSetUp               54 1.0 3.2246e-02 1.1 0.00e+00 0.0 3.2e+03 1.2e+04 0.0e+00  1  0  3  6  0   1  0 25 21  0     0       0      0 0.00e+00    0 0.00e+00  0
SFBcastBegin          43 1.0 8.2178e-02 5.3 0.00e+00 0.0 2.0e+03 2.9e+04 0.0e+00  1  0  2  9  0   1  0 15 32  0     0       0      0 0.00e+00    0 0.00e+00  0
SFBcastEnd            43 1.0 1.1867e-01 22.9 0.00e+00 0.0 0.0e+00 0.0e+00 0.0e+00  1  0  0  0  0   1  0  0  0  0     0       0      0 0.00e+00    0 0.00e+00  0
SFReduceBegin         13 1.0 6.1759e-03 1.6 0.00e+00 0.0 3.9e+02 1.5e+05 0.0e+00  0  0  0  9  0   0  0  3 31  0     0       0      0 0.00e+00    0 0.00e+00  0
SFReduceEnd           13 1.0 3.7555e-02 5.7 0.00e+00 0.0 0.0e+00 0.0e+00 0.0e+00  0  0  0  0  0   0  0  0  0  0     0       0      0 0.00e+00    0 0.00e+00  0
SFPack               277 1.0 6.5651e-03 1.1 0.00e+00 0.0 0.0e+00 0.0e+00 0.0e+00  0  0  0  0  0   0  0  0  0  0     0       0      7 1.83e-02    0 0.00e+00  0
SFUnpack             277 1.0 4.1432e-05 1.2 0.00e+00 0.0 0.0e+00 0.0e+00 0.0e+00  0  0  0  0  0   0  0  0  0  0     0       0      0 0.00e+00    0 0.00e+00  0

--- Event Stage 2: Solve

MatMult              687 1.0 1.3568e-01 1.4 2.64e+09 1.0 2.5e+04 4.9e+03 0.0e+00  2 26 22 18  0  36 84 77 95  0 153972   546295      0 2.55e-05    0 0.00e+00 100
MatMultAdd           120 1.0 2.0593e-02 1.2 1.59e+08 1.0 3.7e+03 9.4e+02 0.0e+00  0  2  3  1  0   7  5 11  3  0 61582   213954      0 0.00e+00    0 0.00e+00 100
MatMultTranspose     120 1.0 6.9073e-02 1.8 1.59e+08 1.0 3.7e+03 9.4e+02 0.0e+00  1  2  3  1  0  21  5 11  3  0 18365   278836      2 7.17e-03    0 0.00e+00 100
MatResidual          120 1.0 2.2102e-02 1.1 5.50e+08 1.0 5.5e+03 4.7e+03 0.0e+00  0  5  5  4  0   7 17 17 20  0 196643   518248      0 0.00e+00    0 0.00e+00 100
KSPSolve               1 1.0 2.9265e-01 1.0 3.14e+09 1.0 3.2e+04 4.0e+03 0.0e+00  5 31 29 19  0 100 100 100 100  0 85013   280382      2 7.20e-03    0 0.00e+00 100
PCApply               30 1.0 2.7688e-01 1.0 2.64e+09 1.0 3.0e+04 3.6e+03 0.0e+00  5 26 27 17  0  94 84 95 86  0 75442   257296      2 7.20e-03    0 0.00e+00 100
VecTDot              476 1.0 3.9236e-02 1.5 1.22e+07 1.0 0.0e+00 0.0e+00 0.0e+00  1  0  0  0  0  12  0  0  0  0  2486    9664      0 0.00e+00    0 0.00e+00 100
VecNorm              238 1.0 2.5764e-02 1.4 6.10e+06 1.0 0.0e+00 0.0e+00 0.0e+00  0  0  0  0  0   8  0  0  0  0  1893    4916      0 0.00e+00    0 0.00e+00 100
VecCopy              422 1.0 7.8351e-03 1.2 0.00e+00 0.0 0.0e+00 0.0e+00 0.0e+00  0  0  0  0  0   2  0  0  0  0     0       0      0 0.00e+00    0 0.00e+00  0
VecSet               151 1.0 2.5344e-03 1.1 0.00e+00 0.0 0.0e+00 0.0e+00 0.0e+00  0  0  0  0  0   1  0  0  0  0     0       0      0 0.00e+00    0 0.00e+00  0
VecAXPY              414 1.0 6.6585e-03 1.3 1.18e+07 1.0 0.0e+00 0.0e+00 0.0e+00  0  0  0  0  0   2  0  0  0  0 14174   39763      0 0.00e+00    0 0.00e+00 100
VecAYPX              896 1.0 1.5682e-02 1.1 4.29e+07 1.0 0.0e+00 0.0e+00 0.0e+00  0  0  0  0  0   5  1  0  0  0 21832   53217      0 0.00e+00    0 0.00e+00 100
VecAXPBYCZ           240 1.0 4.3712e-03 1.1 3.10e+07 1.0 0.0e+00 0.0e+00 0.0e+00  0  0  0  0  0   1  1  0  0  0 56572   128798      0 0.00e+00    0 0.00e+00 100
VecPointwiseMult     207 1.0 3.4325e-03 1.4 1.24e+03 0.0 0.0e+00 0.0e+00 0.0e+00  0  0  0  0  0   1  0  0  0  0     0       1      0 0.00e+00    0 0.00e+00 100
VecReciprocal          1 1.0 1.9779e-05 1.5 0.00e+00 0.0 0.0e+00 0.0e+00 0.0e+00  0  0  0  0  0   0  0  0  0  0     0       0      0 0.00e+00    0 0.00e+00  0
VecScatterBegin      927 1.0 7.1072e-02 2.2 0.00e+00 0.0 3.2e+04 4.0e+03 0.0e+00  1  0 29 19  0  17  0 100 100  0     0       0      0 2.55e-05    0 0.00e+00  0
VecScatterEnd        927 1.0 9.4316e-02 1.7 6.25e+04 1.4 0.0e+00 0.0e+00 0.0e+00  1  0  0  0  0  26  0  0  0  0     5       0      2 7.17e-03    0 0.00e+00 100
SFPack               927 1.0 2.8026e-03 1.8 0.00e+00 0.0 0.0e+00 0.0e+00 0.0e+00  0  0  0  0  0   1  0  0  0  0     0       0      0 2.55e-05    0 0.00e+00  0
SFUnpack             927 1.0 9.0403e-04 1.7 6.25e+04 1.4 0.0e+00 0.0e+00 0.0e+00  0  0  0  0  0   0  0  0  0  0   476       0      2 7.17e-03    0 0.00e+00 100

--- Event Stage 3: 2nd Setup

MatMult               40 1.0 6.2594e-03 1.1 1.81e+08 1.0 1.8e+03 4.7e+03 0.0e+00  0  2  2  1  0  16 87 86 13  0 228818   548340      0 0.00e+00    0 0.00e+00 100
MatScale               1 1.0 1.1760e-04 1.0 7.72e+06 1.0 0.0e+00 0.0e+00 0.0e+00  0  0  0  0  0   0  4  0  0  0 524937   638984      0 0.00e+00    0 0.00e+00 100
MatPtAPNumeric         4 1.0 1.4460e-02 1.0 0.00e+00 0.0 3.0e+02 1.8e+05 0.0e+00  0  0  0  8  0  40  0 14 87  0     0       0      0 0.00e+00    0 0.00e+00  0
KSPSetUp               1 1.0 2.1000e-07 1.2 0.00e+00 0.0 0.0e+00 0.0e+00 0.0e+00  0  0  0  0  0   0  0  0  0  0     0       0      0 0.00e+00    0 0.00e+00  0
PCSetUp_GAMG+          1 1.0 3.5704e-02 1.0 2.02e+08 1.0 2.1e+03 3.0e+04 0.0e+00  1  2  2 10  0  99 96 100 100  0 44618   200605      4 2.59e+00    1 6.00e-06 100
PCGAMG Gal l00         1 1.0 7.7212e-03 1.0 0.00e+00 0.0 1.1e+02 2.9e+05 0.0e+00  0  0  0  5  0  21  0  5 47  0     0       0      0 0.00e+00    0 0.00e+00  0
PCGAMG Gal l01         1 1.0 3.7958e-03 1.3 0.00e+00 0.0 1.1e+02 1.8e+05 0.0e+00  0  0  0  3  0   9  0  5 30  0     0       0      0 0.00e+00    0 0.00e+00  0
PCGAMG Gal l02         1 1.0 2.8913e-03 1.1 0.00e+00 0.0 7.0e+01 8.2e+04 0.0e+00  0  0  0  1  0   7  0  3  9  0     0       0      0 0.00e+00    0 0.00e+00  0
PCGAMG Gal l03         1 1.0 7.8798e-04 1.6 0.00e+00 0.0 1.5e+01 2.7e+03 0.0e+00  0  0  0  0  0   2  0  1  0  0     0       0      0 0.00e+00    0 0.00e+00  0
PCSetUp                1 1.0 3.5706e-02 1.0 2.02e+08 1.0 2.1e+03 3.0e+04 0.0e+00  1  2  2 10  0  99 96 100 100  0 44615   200605      4 2.59e+00    1 6.00e-06 100
VecTDot               92 1.0 6.2548e-03 1.1 4.75e+06 1.0 0.0e+00 0.0e+00 0.0e+00  0  0  0  0  0  17  2  0  0  0  6062   17592      0 0.00e+00    0 0.00e+00 100
VecNorm               44 1.0 4.1917e-03 1.2 2.27e+06 1.0 0.0e+00 0.0e+00 0.0e+00  0  0  0  0  0  11  1  0  0  0  4326   10202      0 0.00e+00    0 0.00e+00 100
VecCopy                8 1.0 1.8255e-04 1.1 0.00e+00 0.0 0.0e+00 0.0e+00 0.0e+00  0  0  0  0  0   0  0  0  0  0     0       0      0 0.00e+00    0 0.00e+00  0
VecSet                 4 1.0 1.1623e-04 1.1 0.00e+00 0.0 0.0e+00 0.0e+00 0.0e+00  0  0  0  0  0   0  0  0  0  0     0       0      0 0.00e+00    0 0.00e+00  0
VecAXPY               80 1.0 1.3240e-03 1.1 4.13e+06 1.0 0.0e+00 0.0e+00 0.0e+00  0  0  0  0  0   3  2  0  0  0 24902   66317      0 0.00e+00    0 0.00e+00 100
VecAYPX               36 1.0 6.5241e-04 1.1 1.86e+06 1.0 0.0e+00 0.0e+00 0.0e+00  0  0  0  0  0   2  1  0  0  0 22742   54833      0 0.00e+00    0 0.00e+00 100
VecReciprocal          1 1.0 1.9588e-05 1.6 0.00e+00 0.0 0.0e+00 0.0e+00 0.0e+00  0  0  0  0  0   0  0  0  0  0     0       0      0 0.00e+00    0 0.00e+00  0
VecScatterBegin       40 1.0 2.2098e-03 1.6 0.00e+00 0.0 1.8e+03 4.7e+03 0.0e+00  0  0  2  1  0   5  0 86 13  0     0       0      0 0.00e+00    0 0.00e+00  0
VecScatterEnd         40 1.0 1.2458e-03 2.2 0.00e+00 0.0 0.0e+00 0.0e+00 0.0e+00  0  0  0  0  0   3  0  0  0  0     0       0      0 0.00e+00    0 0.00e+00  0
SFBcastBegin           4 1.0 2.8484e-03 1.8 0.00e+00 0.0 1.8e+02 1.8e+05 0.0e+00  0  0  0  5  0   6  0  9 50  0     0       0      0 0.00e+00    0 0.00e+00  0
SFBcastEnd             4 1.0 1.3757e-03 5.3 0.00e+00 0.0 0.0e+00 0.0e+00 0.0e+00  0  0  0  0  0   2  0  0  0  0     0       0      0 0.00e+00    0 0.00e+00  0
SFReduceBegin          4 1.0 8.0396e-04 3.5 0.00e+00 0.0 1.2e+02 1.9e+05 0.0e+00  0  0  0  4  0   1  0  6 37  0     0       0      0 0.00e+00    0 0.00e+00  0
SFReduceEnd            4 1.0 1.1767e-03 6.7 0.00e+00 0.0 0.0e+00 0.0e+00 0.0e+00  0  0  0  0  0   2  0  0  0  0     0       0      0 0.00e+00    0 0.00e+00  0
SFPack                48 1.0 1.4748e-04 1.4 0.00e+00 0.0 0.0e+00 0.0e+00 0.0e+00  0  0  0  0  0   0  0  0  0  0     0       0      0 0.00e+00    0 0.00e+00  0
SFUnpack              48 1.0 7.4960e-06 1.2 0.00e+00 0.0 0.0e+00 0.0e+00 0.0e+00  0  0  0  0  0   0  0  0  0  0     0       0      0 0.00e+00    0 0.00e+00  0

--- Event Stage 4: 2nd Solve

MatMult              687 1.0 1.0224e-01 1.1 2.64e+09 1.0 2.5e+04 4.9e+03 0.0e+00  2 26 22 18  0  42 84 77 95  0 204328   543412      0 0.00e+00    0 0.00e+00 100
MatMultAdd           120 1.0 1.6588e-02 1.1 1.59e+08 1.0 3.7e+03 9.4e+02 0.0e+00  0  2  3  1  0   7  5 11  3  0 76446   213292      0 0.00e+00    0 0.00e+00 100
MatMultTranspose     120 1.0 1.4743e-02 1.2 1.59e+08 1.0 3.7e+03 9.4e+02 0.0e+00  0  2  3  1  0   6  5 11  3  0 86045   275990      0 0.00e+00    0 0.00e+00 100
MatResidual          120 1.0 2.1862e-02 1.0 5.50e+08 1.0 5.5e+03 4.7e+03 0.0e+00  0  5  5  4  0   9 17 17 20  0 198804   515418      0 0.00e+00    0 0.00e+00 100
KSPSolve               1 1.0 2.2898e-01 1.0 3.14e+09 1.0 3.2e+04 4.0e+03 0.0e+00  4 31 29 19  0 100 100 100 100  0 108651   279934      0 0.00e+00    0 0.00e+00 100
PCApply               30 1.0 2.1375e-01 1.0 2.64e+09 1.0 3.0e+04 3.6e+03 0.0e+00  4 26 27 17  0  93 84 95 86  0 97726   255436      0 0.00e+00    0 0.00e+00 100
VecTDot              476 1.0 3.7802e-02 1.5 1.22e+07 1.0 0.0e+00 0.0e+00 0.0e+00  1  0  0  0  0  15  0  0  0  0  2580    9627      0 0.00e+00    0 0.00e+00 100
VecNorm              238 1.0 2.4427e-02 1.3 6.10e+06 1.0 0.0e+00 0.0e+00 0.0e+00  0  0  0  0  0  10  0  0  0  0  1996    4758      0 0.00e+00    0 0.00e+00 100
VecCopy              422 1.0 7.5998e-03 1.2 0.00e+00 0.0 0.0e+00 0.0e+00 0.0e+00  0  0  0  0  0   3  0  0  0  0     0       0      0 0.00e+00    0 0.00e+00  0
VecSet               151 1.0 2.5518e-03 1.1 0.00e+00 0.0 0.0e+00 0.0e+00 0.0e+00  0  0  0  0  0   1  0  0  0  0     0       0      0 0.00e+00    0 0.00e+00  0
VecAXPY              414 1.0 6.7175e-03 1.3 1.18e+07 1.0 0.0e+00 0.0e+00 0.0e+00  0  0  0  0  0   2  0  0  0  0 14049   39555      0 0.00e+00    0 0.00e+00 100
VecAYPX              896 1.0 1.5736e-02 1.1 4.29e+07 1.0 0.0e+00 0.0e+00 0.0e+00  0  0  0  0  0   6  1  0  0  0 21757   53243      0 0.00e+00    0 0.00e+00 100
VecAXPBYCZ           240 1.0 4.1519e-03 1.1 3.10e+07 1.0 0.0e+00 0.0e+00 0.0e+00  0  0  0  0  0   2  1  0  0  0 59561   148098      0 0.00e+00    0 0.00e+00 100
VecPointwiseMult     207 1.0 3.5081e-03 1.4 1.24e+03 0.0 0.0e+00 0.0e+00 0.0e+00  0  0  0  0  0   1  0  0  0  0     0       1      0 0.00e+00    0 0.00e+00 100
VecScatterBegin      927 1.0 5.0974e-02 2.0 0.00e+00 0.0 3.2e+04 4.0e+03 0.0e+00  1  0 29 19  0  14  0 100 100  0     0       0      0 0.00e+00    0 0.00e+00  0
VecScatterEnd        927 1.0 3.9987e-02 3.3 6.25e+04 1.4 0.0e+00 0.0e+00 0.0e+00  1  0  0  0  0  14  0  0  0  0    11       0      0 0.00e+00    0 0.00e+00 100
SFPack               927 1.0 2.7919e-03 1.7 0.00e+00 0.0 0.0e+00 0.0e+00 0.0e+00  0  0  0  0  0   1  0  0  0  0     0       0      0 0.00e+00    0 0.00e+00  0
SFUnpack             927 1.0 7.6385e-04 1.7 6.25e+04 1.4 0.0e+00 0.0e+00 0.0e+00  0  0  0  0  0   0  0  0  0  0   563       0      0 0.00e+00    0 0.00e+00 100

--- Event Stage 5: 3rd Setup


--- Event Stage 6: 3rd Solve

MatMult              687 1.0 1.0148e-01 1.1 2.64e+09 1.0 2.5e+04 4.9e+03 0.0e+00  2 26 22 18  0  42 84 77 95  0 205873   546559      0 0.00e+00    0 0.00e+00 100
MatMultAdd           120 1.0 1.6652e-02 1.0 1.59e+08 1.0 3.7e+03 9.4e+02 0.0e+00  0  2  3  1  0   7  5 11  3  0 76155   213110      0 0.00e+00    0 0.00e+00 100
MatMultTranspose     120 1.0 1.4845e-02 1.2 1.59e+08 1.0 3.7e+03 9.4e+02 0.0e+00  0  2  3  1  0   6  5 11  3  0 85452   275583      0 0.00e+00    0 0.00e+00 100
MatScale               1 1.0 1.1688e-04 1.0 7.72e+06 1.0 0.0e+00 0.0e+00 0.0e+00  0  0  0  0  0   0  0  0  0  0 528175   644105      0 0.00e+00    0 0.00e+00 100
MatResidual          120 1.0 2.1774e-02 1.0 5.50e+08 1.0 5.5e+03 4.7e+03 0.0e+00  0  5  5  4  0   9 17 17 20  0 199606   517103      0 0.00e+00    0 0.00e+00 100
KSPSolve               1 1.0 2.2838e-01 1.0 3.14e+09 1.0 3.2e+04 4.0e+03 0.0e+00  4 31 29 19  0 100 100 100 100  0 108936   281217      0 0.00e+00    0 0.00e+00 100
PCApply               30 1.0 2.1296e-01 1.0 2.64e+09 1.0 3.0e+04 3.6e+03 0.0e+00  4 26 27 17  0  93 84 95 86  0 98089   256650      0 0.00e+00    0 0.00e+00 100
VecTDot              476 1.0 3.7579e-02 1.4 1.22e+07 1.0 0.0e+00 0.0e+00 0.0e+00  1  0  0  0  0  15  0  0  0  0  2595    9736      0 0.00e+00    0 0.00e+00 100
VecNorm              238 1.0 2.4235e-02 1.3 6.10e+06 1.0 0.0e+00 0.0e+00 0.0e+00  0  0  0  0  0  10  0  0  0  0  2012    4786      0 0.00e+00    0 0.00e+00 100
VecCopy              422 1.0 7.5930e-03 1.2 0.00e+00 0.0 0.0e+00 0.0e+00 0.0e+00  0  0  0  0  0   3  0  0  0  0     0       0      0 0.00e+00    0 0.00e+00  0
VecSet               151 1.0 2.5402e-03 1.1 0.00e+00 0.0 0.0e+00 0.0e+00 0.0e+00  0  0  0  0  0   1  0  0  0  0     0       0      0 0.00e+00    0 0.00e+00  0
VecAXPY              414 1.0 6.6911e-03 1.3 1.18e+07 1.0 0.0e+00 0.0e+00 0.0e+00  0  0  0  0  0   2  0  0  0  0 14105   39679      0 0.00e+00    0 0.00e+00 100
VecAYPX              896 1.0 1.5729e-02 1.1 4.29e+07 1.0 0.0e+00 0.0e+00 0.0e+00  0  0  0  0  0   6  1  0  0  0 21766   53157      0 0.00e+00    0 0.00e+00 100
VecAXPBYCZ           240 1.0 4.1131e-03 1.1 3.10e+07 1.0 0.0e+00 0.0e+00 0.0e+00  0  0  0  0  0   2  1  0  0  0 60122   150873      0 0.00e+00    0 0.00e+00 100
VecPointwiseMult     207 1.0 3.4477e-03 1.4 1.24e+03 0.0 0.0e+00 0.0e+00 0.0e+00  0  0  0  0  0   1  0  0  0  0     0       1      0 0.00e+00    0 0.00e+00 100
VecScatterBegin      927 1.0 5.0053e-02 1.9 0.00e+00 0.0 3.2e+04 4.0e+03 0.0e+00  1  0 29 19  0  14  0 100 100  0     0       0      0 0.00e+00    0 0.00e+00  0
VecScatterEnd        927 1.0 3.9698e-02 3.1 6.25e+04 1.4 0.0e+00 0.0e+00 0.0e+00  1  0  0  0  0  14  0  0  0  0    11       0      0 0.00e+00    0 0.00e+00 100
SFPack               927 1.0 2.7945e-03 1.7 0.00e+00 0.0 0.0e+00 0.0e+00 0.0e+00  0  0  0  0  0   1  0  0  0  0     0       0      0 0.00e+00    0 0.00e+00  0
SFUnpack             927 1.0 7.5914e-04 1.7 6.25e+04 1.4 0.0e+00 0.0e+00 0.0e+00  0  0  0  0  0   0  0  0  0  0   567       0      0 0.00e+00    0 0.00e+00 100
---------------------------------------------------------------------------------------------------------------------------------------------------------------

Object Type          Creations   Destructions. Reports information only for process 0.

--- Event Stage 0: Main Stage

           Container     4              4
       Krylov Solver     1             10
              Matrix     3             41
      Matrix Coarsen     0              1
   Matrix Null Space     1              1
      Preconditioner     1              6
              Viewer     1              1
  PetscDeviceContext     1              0
              Vector    12             67
           Index Set     2              8
   Star Forest Graph     1             29
    Distributed Mesh     0              4
     Discrete System     0              4
           Weak Form     0              4

--- Event Stage 1: Setup

           Container     3              3
       Krylov Solver    13              4
              Matrix    98             60
      Matrix Coarsen     4              3
      Preconditioner    13              8
              Vector   290            236
           Index Set    85             79
   Star Forest Graph    54             34
         PetscRandom     4              4

--- Event Stage 2: Solve

              Vector     1              0
   Star Forest Graph     8              0
    Distributed Mesh     4              0
     Discrete System     4              0
           Weak Form     4              0

--- Event Stage 3: 2nd Setup

              Vector    12             12

--- Event Stage 4: 2nd Solve


--- Event Stage 5: 3rd Setup


--- Event Stage 6: 3rd Solve

========================================================================================================================
Average time to get PetscTime(): 3.51e-08
Average time for MPI_Barrier(): 1.67964e-05
Average time for zero size MPI_Send(): 1.70616e-05
#PETSc Option Table entries:
-alpha 1.e-3 # (source: command line)
-ksp_converged_reason # (source: command line)
-ksp_norm_type unpreconditioned # (source: command line)
-ksp_rtol 1e-6 # (source: command line)
-ksp_type cg # (source: command line)
-log_view # (source: command line)
-log_view_gpu_time # (source: command line)
-mat_type aijkokkos # (source: command line)
-mg_coarse_ksp_type cg # (source: command line)
-mg_coarse_pc_type jacobi # (source: command line)
-mg_levels_ksp_type chebyshev # (source: command line)
-mg_levels_pc_type pbjacobi # (source: command line)
-ne 63 # (source: command line)
-pc_gamg_agg_nsmooths 1 # (source: command line)
-pc_gamg_coarse_eq_limit 20 # (source: command line)
-pc_gamg_parallel_coarse_grid_solver # (source: command line)
-pc_gamg_reuse_interpolation true # (source: command line)
-pc_gamg_type agg # (source: command line)
-pc_type gamg # (source: command line)
-two_solves # (source: command line)
-use_mat_nearnullspace # (source: command line)
#End of PETSc Option Table entries
Compiled without FORTRAN kernels
Compiled with full precision matrices (default)
sizeof(short) 2 sizeof(int) 4 sizeof(long) 8 sizeof(void*) 8 sizeof(PetscScalar) 8 sizeof(PetscInt) 4
Configure options: --with-make-np=8 --with-mpiexec="srun -G4 --gpu-bind=none" --with-batch=0 --download-triangle=1 --with-cc=cc --with-cxx=CC --with-fc=0 --with-debugging=0 --with-cuda=1 --with-cuda-arch=80 --download-kokkos --download-kokkos-kernels --force PETSC_ARCH=arch-perlmutter-opt-gcc-kokkos-cuda
-----------------------------------------
Libraries compiled on 2026-06-22 11:34:59 on login15
Machine characteristics: Linux-6.4.0-150600.23.103_15.0.24-cray_shasta_c-x86_64-with-glibc2.3.4
Using PETSc directory: /global/u2/m/madams/petsc
Using PETSc arch: arch-perlmutter-opt-gcc-kokkos-cuda
-----------------------------------------

Using C compiler: cc  -fPIC -Wall -Wwrite-strings -Wno-unknown-pragmas -Wno-lto-type-mismatch -Wno-stringop-overflow -fstack-protector -fvisibility=hidden -g -O 
-----------------------------------------

Using include paths: -I/global/u2/m/madams/petsc/include -I/global/u2/m/madams/petsc/arch-perlmutter-opt-gcc-kokkos-cuda/include -I/opt/nvidia/hpc_sdk/Linux_x86_64/25.5/cuda/12.9/include -I/opt/nvidia/hpc_sdk/Linux_x86_64/25.5/math_libs/12.9/include
-----------------------------------------

Using C linker: cc
Using libraries: -Wl,-rpath,/global/u2/m/madams/petsc/arch-perlmutter-opt-gcc-kokkos-cuda/lib -L/global/u2/m/madams/petsc/arch-perlmutter-opt-gcc-kokkos-cuda/lib -lpetsc -Wl,-rpath,/global/u2/m/madams/petsc/arch-perlmutter-opt-gcc-kokkos-cuda/lib -L/global/u2/m/madams/petsc/arch-perlmutter-opt-gcc-kokkos-cuda/lib -Wl,-rpath,/opt/nvidia/hpc_sdk/Linux_x86_64/25.5/cuda/12.9/lib64 -L/opt/nvidia/hpc_sdk/Linux_x86_64/25.5/cuda/12.9/lib64 -Wl,-rpath,/opt/nvidia/hpc_sdk/Linux_x86_64/25.5/math_libs/12.9/lib64 -L/opt/nvidia/hpc_sdk/Linux_x86_64/25.5/math_libs/12.9/lib64 -L/opt/nvidia/hpc_sdk/Linux_x86_64/25.5/cuda/12.9/lib64/stubs -lkokkoskernels -lkokkoscontainers -lkokkoscore -lkokkossimd -ltriangle -lcudart -lnvtx3interop -lcufft -lcublas -lcusparse -lcusolver -lcurand -lcuda -lnvidia-ml -lX11 -lstdc++ -lquadmath
-----------------------------------------

