  Linear solve converged due to CONVERGED_RTOL iterations 30
  Linear solve converged due to CONVERGED_RTOL iterations 30
  Linear solve converged due to CONVERGED_RTOL iterations 30
[0]main |b-Ax|/|b|=7.615732e-07, |b|=2.222509e+00, emax=9.989586e-01
****************************************************************************************************************************************************************
***                                WIDEN YOUR WINDOW TO 160 CHARACTERS.  Use 'enscript -r -fCourier9' to print this document                                 ***
****************************************************************************************************************************************************************

------------------------------------------------------------------ PETSc Performance Summary: ------------------------------------------------------------------

/global/homes/m/madams/petsc/arch-perlmutter-opt-gcc-kokkos-cuda/tests/ksp/ksp/tutorials/ex56 on a arch-perlmutter-opt-gcc-kokkos-cuda named nid001161 with 8 processes and CUDA architecture 80, by madams on Mon Jun 22 08:02:40 2026
Using PETSc Development Git Revision: v3.25.2-340-g83d2bd4a8b4 Git Date: 2026-06-21 14:23:19 -0400

                         Max       Max/Min     Avg       Total
Time (sec):           3.359e+00     1.001   3.357e+00
Objects:              0.000e+00     0.000   0.000e+00
Flops:                1.006e+10     1.020   9.962e+09  7.969e+10
Flops/sec:            2.995e+09     1.020   2.967e+09  2.374e+10
MPI Msg Count:        1.423e+04     1.095   1.336e+04  1.069e+05
MPI Msg Len (bytes):  7.245e+07     1.039   5.326e+03  5.693e+08
MPI Reductions:       2.230e+02     1.000

Flop counting convention: 1 flop = 1 real number operation of type (multiply/divide/add/subtract)
                            e.g., VecAXPY() for real vectors of length N --> 2N flops
                            and VecAXPY() for complex vectors of length N --> 8N flops

Summary of Stages:   ----- Time ------  ----- Flop ------  --- Messages ---  -- Message Lengths --  -- Reductions --
                        Avg     %Total     Avg     %Total    Count   %Total     Avg         %Total    Count   %Total
 0:      Main Stage: 9.7325e-01  29.0%  1.7301e+08   0.2%  2.630e+02   0.2%  7.069e+04        3.3%  9.000e+00   4.0%
 1:           Setup: 1.9068e+00  56.8%  3.1676e+09   4.0%  1.659e+04  15.5%  8.244e+03       24.0%  1.970e+02  88.3%
 2:           Solve: 1.5743e-01   4.7%  2.4879e+10  31.2%  2.940e+04  27.5%  4.329e+03       22.4%  0.000e+00   0.0%
 3:       2nd Setup: 3.6850e-02   1.1%  1.6548e+09   2.1%  1.822e+03   1.7%  1.761e+04        5.6%  0.000e+00   0.0%
 4:       2nd Solve: 1.4234e-01   4.2%  2.4879e+10  31.2%  2.940e+04  27.5%  4.329e+03       22.4%  0.000e+00   0.0%
 5:       3rd Setup: 2.8550e-07   0.0%  0.0000e+00   0.0%  0.000e+00   0.0%  0.000e+00        0.0%  0.000e+00   0.0%
 6:       3rd Solve: 1.4081e-01   4.2%  2.4941e+10  31.3%  2.940e+04  27.5%  4.329e+03       22.4%  0.000e+00   0.0%

------------------------------------------------------------------------------------------------------------------------
See the 'Profiling' chapter of the users' manual for details on interpreting output.
Phase summary info:
   Count: number of times phase was executed
   Time and Flop: Max - maximum over all processes
                  Ratio - ratio of maximum to minimum over all processes
   Mess: number of messages sent
   AvgLen: average message length (bytes)
   Reduct: number of global reductions
   Global: entire computation
   Stage: stages of a computation. Set stages with PetscLogStagePush() and PetscLogStagePop().
      %T - percent time in this phase         %F - percent flop in this phase
      %M - percent messages in this phase     %L - percent message lengths in this phase
      %R - percent reductions in this phase
   Total Mflop/s: 1e-6 * (sum of flop over all processes)/(max time over all processes)
   GPU Mflop/s: 1e-6 * (sum of flop on GPU over all processes)/(max GPU time over all processes)
   CpuToGpu Count: total number of CPU to GPU copies per processor
   CpuToGpu Size (Mbytes): 1e-6 * (total size of CPU to GPU copies per processor)
   GpuToCpu Count: total number of GPU to CPU copies per processor
   GpuToCpu Size (Mbytes): 1e-6 * (total size of GPU to CPU copies per processor)
   GPU %F: percent flops on GPU in this event
------------------------------------------------------------------------------------------------------------------------
Event                Count      Time (sec)     Flop                              --- Global ---  --- Stage ----  Total   GPU    - CpuToGpu -   - GpuToCpu - GPU
                   Max Ratio  Max     Ratio   Max  Ratio  Mess   AvgLen  Reduct  %T %F %M %L %R  %T %F %M %L %R Mflop/s Mflop/s Count   Size   Count   Size  %F
---------------------------------------------------------------------------------------------------------------------------------------------------------------

--- Event Stage 0: Main Stage

BuildTwoSided          4 1.0 3.0048e-02 50.5 0.00e+00 0.0 9.4e+01 5.6e+00 0.0e+00  0  0  0  0  0   2  0 36  0  0     0       0      0 0.00e+00    0 0.00e+00  0
BuildTwoSidedF         3 1.0 3.1538e-02 43.0 0.00e+00 0.0 9.5e+01 1.9e+05 0.0e+00  0  0  0  3  0   2  0 36 95  0     0       0      0 0.00e+00    0 0.00e+00  0
MatMult                1 1.0 2.4070e-04 1.1 1.54e+07 1.0 5.6e+01 1.1e+04 0.0e+00  0  0  0  0  0   0 71 21  3  0 512940       0      0 0.00e+00    0 0.00e+00 100
MatAssemblyBegin       1 1.0 3.0816e-02 3.4 0.00e+00 0.0 3.8e+01 4.6e+05 0.0e+00  1  0  0  3  0   2  0 14 93  0     0       0      0 0.00e+00    0 0.00e+00  0
MatAssemblyEnd         1 1.0 3.0440e-02 1.1 0.00e+00 0.0 1.1e+02 2.7e+03 1.0e+00  1  0  0  0  0   3  0 43  2 11     0       0      0 0.00e+00    1 1.93e+00  0
DCtxCreate             1 1.0 5.9165e-05 2.5 0.00e+00 0.0 0.0e+00 0.0e+00 0.0e+00  0  0  0  0  0   0  0  0  0  0     0       0      0 0.00e+00    0 0.00e+00  0
DCtxDestroy            1 1.0 2.5650e-05 1.1 0.00e+00 0.0 0.0e+00 0.0e+00 0.0e+00  0  0  0  0  0   0  0  0  0  0     0       0      0 0.00e+00    0 0.00e+00  0
DCtxSetUp              1 1.0 1.1913e-05 1.5 0.00e+00 0.0 0.0e+00 0.0e+00 0.0e+00  0  0  0  0  0   0  0  0  0  0     0       0      0 0.00e+00    0 0.00e+00  0
DCtxSetDevice          1 1.0 1.5400e-05 1.4 0.00e+00 0.0 0.0e+00 0.0e+00 0.0e+00  0  0  0  0  0   0  0  0  0  0     0       0      0 0.00e+00    0 0.00e+00  0
VecMDot                3 1.0 1.1703e-03 1.8 2.36e+06 1.0 0.0e+00 0.0e+00 0.0e+00  0  0  0  0  0   0 11  0  0  0 16128       0      0 0.00e+00    0 0.00e+00  0
VecNorm                5 1.0 3.7822e-04 1.1 9.83e+05 1.0 0.0e+00 0.0e+00 0.0e+00  0  0  0  0  0   0  5  0  0  0 20793       0      0 0.00e+00    0 0.00e+00 40
VecScale               3 1.0 5.3895e-05 1.1 2.95e+05 1.0 0.0e+00 0.0e+00 0.0e+00  0  0  0  0  0   0  1  0  0  0 43776       0      0 0.00e+00    0 0.00e+00  0
VecAXPY                1 1.0 6.0410e-06 1.2 1.97e+05 1.0 0.0e+00 0.0e+00 0.0e+00  0  0  0  0  0   0  1  0  0  0 260365       0      0 0.00e+00    0 0.00e+00 100
VecMAXPY               3 1.0 2.9297e-04 1.1 2.36e+06 1.0 0.0e+00 0.0e+00 0.0e+00  0  0  0  0  0   0 11  0  0  0 64425       0      0 0.00e+00    0 0.00e+00  0
VecAssemblyBegin       1 1.0 7.8032e-04 1.2 0.00e+00 0.0 5.7e+01 6.1e+03 0.0e+00  0  0  0  0  0   0  0 22  2  0     0       0      0 0.00e+00    0 0.00e+00  0
VecAssemblyEnd         1 1.0 9.7197e-05 6.5 0.00e+00 0.0 0.0e+00 0.0e+00 0.0e+00  0  0  0  0  0   0  0  0  0  0     0       0      0 0.00e+00    0 0.00e+00  0
VecScatterBegin        1 1.0 2.0188e-04 1.2 0.00e+00 0.0 5.6e+01 1.1e+04 0.0e+00  0  0  0  0  0   0  0 21  3  0     0       0      0 0.00e+00    0 0.00e+00  0
VecScatterEnd          1 1.0 4.2753e-05 5.9 0.00e+00 0.0 0.0e+00 0.0e+00 0.0e+00  0  0  0  0  0   0  0  0  0  0     0       0      0 0.00e+00    0 0.00e+00  0
VecNormalize           3 1.0 2.2756e-04 1.1 8.85e+05 1.0 0.0e+00 0.0e+00 0.0e+00  0  0  0  0  0   0  4  0  0  0 31103       0      0 0.00e+00    0 0.00e+00  0
SFSetGraph             1 1.0 7.7991e-05 1.1 0.00e+00 0.0 0.0e+00 0.0e+00 0.0e+00  0  0  0  0  0   0  0  0  0  0     0       0      0 0.00e+00    0 0.00e+00  0
SFSetUp                1 1.0 6.2015e-04 1.1 0.00e+00 0.0 1.1e+02 2.7e+03 0.0e+00  0  0  0  0  0   0  0 43  2  0     0       0      0 0.00e+00    0 0.00e+00  0
SFPack                 1 1.0 4.7690e-06 1.1 0.00e+00 0.0 0.0e+00 0.0e+00 0.0e+00  0  0  0  0  0   0  0  0  0  0     0       0      0 0.00e+00    0 0.00e+00  0
SFUnpack               1 1.0 1.8000e-07 1.5 0.00e+00 0.0 0.0e+00 0.0e+00 0.0e+00  0  0  0  0  0   0  0  0  0  0     0       0      0 0.00e+00    0 0.00e+00  0

--- Event Stage 1: Setup

BuildTwoSided        267 1.0 2.8770e-02 1.6 0.00e+00 0.0 3.4e+03 4.0e+00 0.0e+00  1  0  3  0  0   1  0 21  0  0     0       0      0 0.00e+00    0 0.00e+00  0
BuildTwoSidedF       162 1.0 2.0218e-02 2.1 0.00e+00 0.0 7.2e+02 4.8e+04 0.0e+00  0  0  1  6  0   1  0  4 26  0     0       0      0 0.00e+00    0 0.00e+00  0
MatMult               80 1.0 4.3312e-02 1.5 3.63e+08 1.0 3.4e+03 5.0e+03 0.0e+00  1  4  3  3  0   2 90 20 12  0 66137       0      7 1.22e-01    0 0.00e+00 100
MatConvert            20 1.0 7.1940e-01 1.0 0.00e+00 0.0 9.4e+02 1.5e+02 4.8e+01 21  0  1  0 22  38  0  6  0 24     0       0      0 0.00e+00   12 2.30e+01  0
MatScale              12 1.0 2.1376e-03 1.1 4.44e+06 1.0 1.7e+02 1.4e+03 0.0e+00  0  0  0  0  0   0  1  1  0  0 16562       0      0 0.00e+00    0 0.00e+00 60
MatAssemblyBegin      77 1.0 2.2151e-02 1.4 0.00e+00 0.0 7.2e+02 4.8e+04 0.0e+00  1  0  1  6  0   1  0  4 26  0     0       0      0 0.00e+00    0 0.00e+00  0
MatAssemblyEnd        77 1.0 9.6169e-02 1.4 0.00e+00 0.0 2.4e+03 3.1e+02 4.4e+01  3  0  2  0 20   5  0 15  1 22     0       0      0 0.00e+00   10 1.98e+00  0
MatSetValues     3689288 1.0 5.1160e-01 1.0 1.52e+06 1.0 0.0e+00 0.0e+00 0.0e+00 15  0  0  0  0  26  0  0  0  0    24       0      0 0.00e+00    0 0.00e+00  0
MatGetRow         411747 1.0 3.8989e-02 1.0 0.00e+00 0.0 0.0e+00 0.0e+00 0.0e+00  1  0  0  0  0   2  0  0  0  0     0       0      0 0.00e+00    0 0.00e+00  0
MatCreateSubMat        2 1.0 9.9220e-03 1.0 0.00e+00 0.0 1.7e+02 5.1e+01 2.2e+01  0  0  0  0 10   1  0  1  0 11     0       0      0 0.00e+00    2 1.18e-01  0
MatCoarsen             4 1.0 9.8396e-03 1.0 0.00e+00 0.0 1.7e+03 9.7e+02 2.7e+01  0  0  2  0 12   1  0 10  1 14     0       0      0 0.00e+00    0 0.00e+00  0
MatAXPY                8 1.0 7.9571e-01 1.0 1.52e+06 1.0 1.1e+03 2.3e+02 4.0e+01 24  0  1  0 18  42  0  7  0 20    15       0      0 0.00e+00   10 2.29e+01  0
MatTranspose           9 1.0 2.9255e-02 1.1 0.00e+00 0.0 1.4e+03 3.3e+03 2.1e+01  1  0  1  1  9   1  0  9  3 11     0       0      0 0.00e+00    0 0.00e+00  0
MatMatMultSym          4 1.0 3.1085e-01 1.0 0.00e+00 0.0 2.2e+03 2.7e+03 2.8e+01  9  0  2  1 13  16  0 13  4 14     0       0      0 0.00e+00   33 1.27e+02  0
MatMatMultNum          4 1.0 8.6000e-07 1.5 0.00e+00 0.0 0.0e+00 0.0e+00 0.0e+00  0  0  0  0  0   0  0  0  0  0     0       0      0 0.00e+00    0 0.00e+00  0
MatPtAPSymbolic        4 1.0 1.5234e-01 1.1 0.00e+00 0.0 3.1e+03 1.9e+04 2.8e+01  4  0  3 10 13   8  0 19 43 14     0       0      0 0.00e+00   33 1.46e+02  0
MatPtAPNumeric         4 1.0 1.0520e-06 1.5 0.00e+00 0.0 0.0e+00 0.0e+00 0.0e+00  0  0  0  0  0   0  0  0  0  0     0       0      0 0.00e+00    0 0.00e+00  0
MatTrnMatMultSym       1 1.0 1.7754e-01 1.0 0.00e+00 0.0 3.9e+02 9.2e+04 4.0e+00  5  0  0  6  2   9  0  2 26  2     0       0      0 0.00e+00    0 0.00e+00  0
MatGetLocalMat         1 1.0 1.2827e-03 1.1 0.00e+00 0.0 0.0e+00 0.0e+00 0.0e+00  0  0  0  0  0   0  0  0  0  0     0       0      0 0.00e+00    0 0.00e+00  0
MatCreateGraph         4 1.0 1.0373e-01 1.0 2.68e+06 1.0 2.0e+03 2.5e+03 2.8e+01  3  0  2  1 13   5  1 12  4 14   206       0      0 0.00e+00    6 9.88e+00  0
MatSetPreallCOO        8 1.0 4.6378e-02 1.0 0.00e+00 0.0 2.1e+03 5.7e+02 3.2e+01  1  0  2  0 14   2  0 13  1 16     0       0      0 0.00e+00   24 3.48e+01  0
MatSetValuesCOO        8 1.0 2.0285e-02 1.5 0.00e+00 0.0 1.2e+02 1.9e+05 0.0e+00  1  0  0  4  0   1  0  1 17  0     0       0      0 0.00e+00    0 0.00e+00  0
KSPSetUp               1 1.0 1.6149e-03 2.5 0.00e+00 0.0 0.0e+00 0.0e+00 0.0e+00  0  0  0  0  0   0  0  0  0  0     0       0      0 0.00e+00    0 0.00e+00  0
PCSetUp_GAMG+          1 1.0 1.9061e+00 1.0 4.01e+08 1.0 1.7e+04 8.2e+03 2.0e+02 57  4 16 24 88 100 100 100 100 100  1662       0      7 1.22e-01   88 3.06e+02 99
 PCGAMGCreateG         4 1.0 1.0374e-01 1.0 2.68e+06 1.0 2.0e+03 2.5e+03 2.8e+01  3  0  2  1 13   5  1 12  4 14   206       0      0 0.00e+00    6 9.88e+00  0
 GAMG Coarsen          8 1.0 2.1341e-01 1.0 0.00e+00 0.0 2.3e+03 1.7e+04 3.1e+01  6  0  2  7 14  11  0 14 29 16     0       0      0 0.00e+00    0 0.00e+00  0
  GAMG MIS/Agg         4 1.0 1.8778e-01 1.0 0.00e+00 0.0 2.0e+03 1.8e+04 3.1e+01  6  0  2  7 14  10  0 12 28 16     0       0      0 0.00e+00    0 0.00e+00  0
 PCGAMGProl            4 1.0 1.7306e-01 1.0 0.00e+00 0.0 2.5e+03 4.0e+03 1.2e+01  5  0  2  2  5   9  0 15  7  6     0       0      0 0.00e+00    4 1.30e-01  0
  GAMG Prol-col        4 1.0 8.8380e-02 1.0 0.00e+00 0.0 2.2e+03 3.6e+03 0.0e+00  3  0  2  1  0   5  0 14  6  0     0       0      0 0.00e+00    0 0.00e+00  0
  GAMG Prol-lift       4 1.0 8.1048e-02 1.0 0.00e+00 0.0 2.8e+02 7.4e+03 4.0e+00  2  0  0  0  2   4  0  2  2  2     0       0      0 0.00e+00    4 1.30e-01  0
 PCGAMGOptProl         4 1.0 1.1970e+00 1.0 1.97e+08 1.0 4.7e+03 3.1e+03 6.4e+01 36  2  4  3 29  63 49 28 11 32  1298       0      7 1.22e-01   43 1.50e+02 100
  GAMG smooth          4 1.0 1.0633e+00 1.0 3.27e+06 1.0 3.0e+03 2.0e+03 6.4e+01 32  0  3  1 29  56  1 18  4 32    25       0      0 0.00e+00   43 1.50e+02 81
 PCGAMGCreateL         4 1.0 1.6545e-01 1.1 0.00e+00 0.0 3.3e+03 1.8e+04 6.2e+01  5  0  3 10 28   8  0 20 43 31     0       0      0 0.00e+00   35 1.46e+02  0
  GAMG PtAP            4 1.0 1.5239e-01 1.1 0.00e+00 0.0 3.1e+03 1.9e+04 2.8e+01  4  0  3 10 13   8  0 19 43 14     0       0      0 0.00e+00   33 1.46e+02  0
  GAMG Reduce          2 1.0 3.6170e-02 1.3 0.00e+00 0.0 8.9e+02 6.7e+03 4.8e+01  1  0  1  1 22   2  0  5  4 24     0       0      0 0.00e+00   19 3.20e+00  0
PCGAMG Squ l00         1 1.0 1.7754e-01 1.0 0.00e+00 0.0 3.9e+02 9.2e+04 4.0e+00  5  0  0  6  2   9  0  2 26  2     0       0      0 0.00e+00    0 0.00e+00  0
PCGAMG Gal l00         1 1.0 8.6669e-02 1.0 0.00e+00 0.0 1.2e+03 2.7e+04 7.0e+00  3  0  1  6  3   5  0  7 24  4     0       0      0 0.00e+00    8 1.24e+02  0
PCGAMG Opt l00         1 1.0 2.8821e-01 1.0 0.00e+00 0.0 7.1e+02 6.0e+03 7.0e+00  9  0  1  1  3  15  0  4  3  4     0       0      0 0.00e+00    8 1.12e+02  0
PCGAMG Gal l01         1 1.0 4.9275e-02 1.7 0.00e+00 0.0 1.2e+03 1.7e+04 7.0e+00  1  0  1  4  3   2  0  7 15  4     0       0      0 0.00e+00    8 1.91e+01  0
PCGAMG Opt l01         1 1.0 1.1471e-02 1.0 0.00e+00 0.0 7.3e+02 1.5e+03 7.0e+00  0  0  1  0  3   1  0  4  1  4     0       0      0 0.00e+00    8 1.31e+01  0
PCGAMG Gal l02         1 1.0 1.4371e-02 1.2 0.00e+00 0.0 6.4e+02 9.3e+03 7.0e+00  0  0  1  1  3   1  0  4  4  4     0       0      0 0.00e+00    8 3.07e+00  0
PCGAMG Opt l02         1 1.0 7.4531e-03 1.0 0.00e+00 0.0 7.3e+02 6.9e+02 7.0e+00  0  0  1  0  3   0  0  4  0  4     0       0      0 0.00e+00    8 1.93e+00  0
PCGAMG Gal l03         1 1.0 8.7029e-03 1.9 0.00e+00 0.0 2.7e+01 2.4e+02 7.0e+00  0  0  0  0  3   0  0  0  0  4     0       0      0 0.00e+00    9 1.74e-02  0
PCGAMG Opt l03         1 1.0 3.8635e-03 1.0 0.00e+00 0.0 2.2e+01 2.8e+02 7.0e+00  0  0  0  0  3   0  0  0  0  4     0       0      0 0.00e+00    9 1.90e-02  0
PCSetUp                1 1.0 1.9061e+00 1.0 4.01e+08 1.0 1.7e+04 8.2e+03 2.0e+02 57  4 16 24 88 100 100 100 100 100  1662       0      7 1.22e-01   88 3.06e+02 99
VecTDot              184 1.0 6.2886e-02 1.7 9.51e+06 1.0 0.0e+00 0.0e+00 0.0e+00  1  0  0  0  0   3  2  0  0  0  1206       0      0 0.00e+00    0 0.00e+00 100
VecNorm               44 1.0 2.3764e-02 1.1 2.27e+06 1.0 0.0e+00 0.0e+00 0.0e+00  1  0  0  0  0   1  1  0  0  0   763       0      0 0.00e+00    0 0.00e+00 100
VecCopy               16 1.0 2.0883e-04 1.4 0.00e+00 0.0 0.0e+00 0.0e+00 0.0e+00  0  0  0  0  0   0  0  0  0  0     0       0      0 0.00e+00    0 0.00e+00  0
VecSet                 8 1.0 5.5158e-05 1.2 0.00e+00 0.0 0.0e+00 0.0e+00 0.0e+00  0  0  0  0  0   0  0  0  0  0     0       0      0 0.00e+00    0 0.00e+00  0
VecAXPY              160 1.0 4.8155e-02 1.3 8.27e+06 1.0 0.0e+00 0.0e+00 0.0e+00  1  0  0  0  0   2  2  0  0  0  1369       0      0 0.00e+00    0 0.00e+00 100
VecAYPX               72 1.0 6.5587e-03 1.1 3.72e+06 1.0 0.0e+00 0.0e+00 0.0e+00  0  0  0  0  0   0  1  0  0  0  4524       0      0 0.00e+00    0 0.00e+00 100
VecAssemblyBegin     136 1.0 7.9901e-03 1.9 0.00e+00 0.0 0.0e+00 0.0e+00 0.0e+00  0  0  0  0  0   0  0  0  0  0     0       0      0 0.00e+00    0 0.00e+00  0
VecAssemblyEnd       136 1.0 5.7658e-05 1.1 0.00e+00 0.0 0.0e+00 0.0e+00 0.0e+00  0  0  0  0  0   0  0  0  0  0     0       0      0 0.00e+00    0 0.00e+00  0
VecPointwiseMult      44 1.0 2.4537e-04 1.3 1.14e+06 1.0 0.0e+00 0.0e+00 0.0e+00  0  0  0  0  0   0  0  0  0  0 36953       0      0 0.00e+00    0 0.00e+00 100
VecReciprocal         12 1.0 1.4836e-04 1.2 0.00e+00 0.0 0.0e+00 0.0e+00 0.0e+00  0  0  0  0  0   0  0  0  0  0     0       0      0 0.00e+00    0 0.00e+00  0
VecSetValues      784962 1.0 4.7101e-02 1.0 0.00e+00 0.0 0.0e+00 0.0e+00 0.0e+00  1  0  0  0  0   2  0  0  0  0     0       0      0 0.00e+00    0 0.00e+00  0
VecScatterBegin      221 1.0 3.5033e-02 1.6 0.00e+00 0.0 6.1e+03 4.5e+03 0.0e+00  1  0  6  5  0   1  0 37 20  0     0       0      7 1.22e-01    0 0.00e+00  0
VecScatterEnd        221 1.0 2.1180e-02 3.1 0.00e+00 0.0 0.0e+00 0.0e+00 0.0e+00  0  0  0  0  0   1  0  0  0  0     0       0      0 0.00e+00    0 0.00e+00  0
SFSetGraph           113 1.0 4.7714e-04 1.1 0.00e+00 0.0 0.0e+00 0.0e+00 0.0e+00  0  0  0  0  0   0  0  0  0  0     0       0      0 0.00e+00    0 0.00e+00  0
SFSetUp              105 1.0 1.7997e-02 1.1 0.00e+00 0.0 6.2e+03 4.4e+02 0.0e+00  1  0  6  0  0   1  0 37  2  0     0       0      0 0.00e+00    0 0.00e+00  0
SFBcastBegin          59 1.0 5.1325e-03 1.2 0.00e+00 0.0 2.6e+03 1.5e+04 0.0e+00  0  0  2  7  0   0  0 16 29  0     0       0      0 0.00e+00    0 0.00e+00  0
SFBcastEnd            59 1.0 2.1806e-03 2.4 0.00e+00 0.0 0.0e+00 0.0e+00 0.0e+00  0  0  0  0  0   0  0  0  0  0     0       0      0 0.00e+00    0 0.00e+00  0
SFReduceBegin         31 1.0 1.7061e-02 2.7 0.00e+00 0.0 5.7e+02 4.3e+04 0.0e+00  0  0  1  4  0   1  0  3 18  0     0       0      0 0.00e+00    0 0.00e+00  0
SFReduceEnd           31 1.0 1.4683e-02 3.5 0.00e+00 0.0 0.0e+00 0.0e+00 0.0e+00  0  0  0  0  0   1  0  0  0  0     0       0      0 0.00e+00    0 0.00e+00  0
SFFetchOpBegin         8 1.0 1.5060e-04 1.7 0.00e+00 0.0 1.2e+02 4.0e+00 0.0e+00  0  0  0  0  0   0  0  1  0  0     0       0      0 0.00e+00    0 0.00e+00  0
SFFetchOpEnd           8 1.0 2.9037e-04 1.6 0.00e+00 0.0 1.2e+02 4.0e+00 0.0e+00  0  0  0  0  0   0  0  1  0  0     0       0      0 0.00e+00    0 0.00e+00  0
SFCreateEmbed          8 1.0 8.5586e-04 1.2 0.00e+00 0.0 3.4e+02 1.8e+02 0.0e+00  0  0  0  0  0   0  0  2  0  0     0       0      0 0.00e+00    0 0.00e+00  0
SFSectionSF            8 1.0 2.3768e-03 1.0 0.00e+00 0.0 6.8e+02 1.2e+03 0.0e+00  0  0  1  0  0   0  0  4  1  0     0       0      0 0.00e+00    0 0.00e+00  0
SFRemoteOff            8 1.0 1.7477e-03 1.1 0.00e+00 0.0 6.8e+02 4.5e+02 0.0e+00  0  0  1  0  0   0  0  4  0  0     0       0      0 0.00e+00    0 0.00e+00  0
SFPack               319 1.0 1.1444e-02 1.0 0.00e+00 0.0 0.0e+00 0.0e+00 0.0e+00  0  0  0  0  0   1  0  0  0  0     0       0      3 1.53e-02    0 0.00e+00  0
SFUnpack             327 1.0 5.5406e-05 1.2 0.00e+00 0.0 0.0e+00 0.0e+00 0.0e+00  0  0  0  0  0   0  0  0  0  0     0       0      0 0.00e+00    0 0.00e+00  0

--- Event Stage 2: Solve

MatMult              687 1.0 6.9329e-02 1.1 2.64e+09 1.0 2.2e+04 5.5e+03 0.0e+00  2 26 21 21  0  41 84 75 95  0 301334       0      1 0.00e+00    0 0.00e+00 100
MatMultAdd           120 1.0 1.3675e-02 1.3 1.59e+08 1.0 3.7e+03 9.4e+02 0.0e+00  0  2  3  1  0   8  5 12  3  0 92736       0      0 0.00e+00    0 0.00e+00 100
MatMultTranspose     120 1.0 1.7699e-02 1.2 1.59e+08 1.0 3.7e+03 9.4e+02 0.0e+00  0  2  3  1  0  10  5 12  3  0 71675       0      2 7.17e-03    0 0.00e+00 100
MatResidual          120 1.0 1.7309e-02 1.2 5.50e+08 1.0 5.1e+03 5.0e+03 0.0e+00  0  5  5  4  0  10 17 17 20  0 251104       0      0 0.00e+00    0 0.00e+00 100
KSPSolve               1 1.0 1.5744e-01 1.0 3.14e+09 1.0 2.9e+04 4.3e+03 0.0e+00  5 31 28 22  0 100 100 100 100  0 158022       0      3 7.17e-03    0 0.00e+00 100
PCApply               30 1.0 1.4325e-01 1.0 2.64e+09 1.0 2.8e+04 3.9e+03 0.0e+00  4 26 26 19  0  91 84 94 86  0 145824       0      3 7.17e-03    0 0.00e+00 100
VecTDot              476 1.0 2.4023e-02 1.1 1.22e+07 1.0 0.0e+00 0.0e+00 0.0e+00  1  0  0  0  0  15  0  0  0  0  4060       0      0 0.00e+00    0 0.00e+00 100
VecNorm              238 1.0 2.2364e-02 1.5 6.10e+06 1.0 0.0e+00 0.0e+00 0.0e+00  1  0  0  0  0  13  0  0  0  0  2180       0      0 0.00e+00    0 0.00e+00 100
VecCopy              422 1.0 2.3342e-03 1.6 0.00e+00 0.0 0.0e+00 0.0e+00 0.0e+00  0  0  0  0  0   1  0  0  0  0     0       0      0 0.00e+00    0 0.00e+00  0
VecSet               151 1.0 5.7813e-04 1.4 0.00e+00 0.0 0.0e+00 0.0e+00 0.0e+00  0  0  0  0  0   0  0  0  0  0     0       0      0 0.00e+00    0 0.00e+00  0
VecAXPY              414 1.0 1.4111e-03 3.8 1.18e+07 1.0 0.0e+00 0.0e+00 0.0e+00  0  0  0  0  0   0  0  0  0  0 66882       0      0 0.00e+00    0 0.00e+00 100
VecAYPX              896 1.0 4.1127e-03 1.4 4.29e+07 1.0 0.0e+00 0.0e+00 0.0e+00  0  0  0  0  0   2  1  0  0  0 83244       0      0 0.00e+00    0 0.00e+00 100
VecAXPBYCZ           240 1.0 1.1376e-02 1.2 3.10e+07 1.0 0.0e+00 0.0e+00 0.0e+00  0  0  0  0  0   7  1  0  0  0 21739       0      0 0.00e+00    0 0.00e+00 100
VecPointwiseMult     207 1.0 8.9278e-04 4.5 1.24e+03 0.0 0.0e+00 0.0e+00 0.0e+00  0  0  0  0  0   0  0  0  0  0     1       0      0 0.00e+00    0 0.00e+00 100
VecReciprocal          1 1.0 5.4000e-06 3.4 0.00e+00 0.0 0.0e+00 0.0e+00 0.0e+00  0  0  0  0  0   0  0  0  0  0     0       0      0 0.00e+00    0 0.00e+00  0
VecScatterBegin      927 1.0 6.8407e-02 1.2 0.00e+00 0.0 2.9e+04 4.3e+03 0.0e+00  2  0 28 22  0  39  0 100 100  0     0       0      1 0.00e+00    0 0.00e+00  0
VecScatterEnd        927 1.0 2.2779e-02 1.5 6.25e+04 1.4 0.0e+00 0.0e+00 0.0e+00  1  0  0  0  0  13  0  0  0  0    19       0      2 7.17e-03    0 0.00e+00 100
SFPack               927 1.0 1.7091e-03 1.1 0.00e+00 0.0 0.0e+00 0.0e+00 0.0e+00  0  0  0  0  0   1  0  0  0  0     0       0      0 0.00e+00    0 0.00e+00  0
SFUnpack             927 1.0 8.0733e-04 1.7 6.25e+04 1.4 0.0e+00 0.0e+00 0.0e+00  0  0  0  0  0   0  0  0  0  0   533       0      2 7.17e-03    0 0.00e+00 100

--- Event Stage 3: 2nd Setup

MatMult               40 1.0 4.6829e-03 1.1 1.81e+08 1.0 1.7e+03 5.0e+03 0.0e+00  0  2  2  1  0  12 87 93 27  0 305851       0      0 0.00e+00    0 0.00e+00 100
MatScale               1 1.0 5.6550e-05 1.7 7.72e+06 1.0 0.0e+00 0.0e+00 0.0e+00  0  0  0  0  0   0  4  0  0  0 1091618       0      0 0.00e+00    0 0.00e+00 100
MatAssemblyBegin       4 1.0 8.5200e-07 1.4 0.00e+00 0.0 0.0e+00 0.0e+00 0.0e+00  0  0  0  0  0   0  0  0  0  0     0       0      0 0.00e+00    0 0.00e+00  0
MatAssemblyEnd         4 1.0 2.4040e-06 1.3 0.00e+00 0.0 0.0e+00 0.0e+00 0.0e+00  0  0  0  0  0   0  0  0  0  0     0       0      0 0.00e+00    0 0.00e+00  0
MatPtAPNumeric         4 1.0 9.9819e-03 1.0 0.00e+00 0.0 1.2e+02 1.9e+05 0.0e+00  0  0  0  4  0  27  0  7 73  0     0       0      0 0.00e+00    0 0.00e+00  0
MatSetValuesCOO        4 1.0 7.0113e-03 1.0 0.00e+00 0.0 1.2e+02 1.9e+05 0.0e+00  0  0  0  4  0  19  0  7 73  0     0       0      0 0.00e+00    0 0.00e+00  0
KSPSetUp               1 1.0 2.4000e-07 1.6 0.00e+00 0.0 0.0e+00 0.0e+00 0.0e+00  0  0  0  0  0   0  0  0  0  0     0       0      0 0.00e+00    0 0.00e+00  0
PCSetUp_GAMG+          1 1.0 3.6806e-02 1.0 2.02e+08 1.0 1.8e+03 1.8e+04 0.0e+00  1  2  2  6  0 100 96 100 100  0 43281       0      4 2.59e+00    5 6.77e+01 100
PCGAMG Gal l00         1 1.0 3.8111e-03 1.0 0.00e+00 0.0 5.1e+01 2.6e+05 0.0e+00  0  0  0  2  0  10  0  3 41  0     0       0      0 0.00e+00    0 0.00e+00  0
PCGAMG Gal l01         1 1.0 4.8463e-03 1.0 0.00e+00 0.0 5.6e+01 1.7e+05 0.0e+00  0  0  0  2  0  13  0  3 30  0     0       0      0 0.00e+00    0 0.00e+00  0
PCGAMG Gal l02         1 1.0 1.3549e-03 1.2 0.00e+00 0.0 1.4e+01 4.9e+04 0.0e+00  0  0  0  0  0   3  0  1  2  0     0       0      0 0.00e+00    0 0.00e+00  0
PCGAMG Gal l03         1 1.0 1.0286e-04 1.6 0.00e+00 0.0 1.0e+00 2.9e+02 0.0e+00  0  0  0  0  0   0  0  0  0  0     0       0      0 0.00e+00    0 0.00e+00  0
PCSetUp                1 1.0 3.6808e-02 1.0 2.02e+08 1.0 1.8e+03 1.8e+04 0.0e+00  1  2  2  6  0 100 96 100 100  0 43279       0      4 2.59e+00    5 6.77e+01 100
VecTDot               92 1.0 5.5085e-03 1.1 4.75e+06 1.0 0.0e+00 0.0e+00 0.0e+00  0  0  0  0  0  15  2  0  0  0  6883       0      0 0.00e+00    0 0.00e+00 100
VecNorm               44 1.0 5.1103e-03 1.5 2.27e+06 1.0 0.0e+00 0.0e+00 0.0e+00  0  0  0  0  0  11  1  0  0  0  3549       0      0 0.00e+00    0 0.00e+00 100
VecCopy                8 1.0 1.2151e-04 1.3 0.00e+00 0.0 0.0e+00 0.0e+00 0.0e+00  0  0  0  0  0   0  0  0  0  0     0       0      0 0.00e+00    0 0.00e+00  0
VecSet                 4 1.0 2.6341e-05 1.3 0.00e+00 0.0 0.0e+00 0.0e+00 0.0e+00  0  0  0  0  0   0  0  0  0  0     0       0      0 0.00e+00    0 0.00e+00  0
VecAXPY               80 1.0 3.0606e-04 1.4 4.13e+06 1.0 0.0e+00 0.0e+00 0.0e+00  0  0  0  0  0   1  2  0  0  0 107728       0      0 0.00e+00    0 0.00e+00 100
VecAYPX               36 1.0 2.0482e-04 1.4 1.86e+06 1.0 0.0e+00 0.0e+00 0.0e+00  0  0  0  0  0   0  1  0  0  0 72441       0      0 0.00e+00    0 0.00e+00 100
VecReciprocal          1 1.0 4.8890e-06 3.1 0.00e+00 0.0 0.0e+00 0.0e+00 0.0e+00  0  0  0  0  0   0  0  0  0  0     0       0      0 0.00e+00    0 0.00e+00  0
VecScatterBegin       40 1.0 3.3244e-03 1.2 0.00e+00 0.0 1.7e+03 5.0e+03 0.0e+00  0  0  2  1  0   8  0 93 27  0     0       0      0 0.00e+00    0 0.00e+00  0
VecScatterEnd         40 1.0 1.1208e-03 1.9 0.00e+00 0.0 0.0e+00 0.0e+00 0.0e+00  0  0  0  0  0   2  0  0  0  0     0       0      0 0.00e+00    0 0.00e+00  0
SFReduceBegin          4 1.0 6.6778e-03 1.5 0.00e+00 0.0 1.2e+02 1.9e+05 0.0e+00  0  0  0  4  0  14  0  7 73  0     0       0      0 0.00e+00    0 0.00e+00  0
SFReduceEnd            4 1.0 2.2954e-03 9.2 0.00e+00 0.0 0.0e+00 0.0e+00 0.0e+00  0  0  0  0  0   4  0  0  0  0     0       0      0 0.00e+00    0 0.00e+00  0
SFPack                44 1.0 1.1977e-04 1.1 0.00e+00 0.0 0.0e+00 0.0e+00 0.0e+00  0  0  0  0  0   0  0  0  0  0     0       0      0 0.00e+00    0 0.00e+00  0
SFUnpack              44 1.0 6.6930e-06 1.3 0.00e+00 0.0 0.0e+00 0.0e+00 0.0e+00  0  0  0  0  0   0  0  0  0  0     0       0      0 0.00e+00    0 0.00e+00  0

--- Event Stage 4: 2nd Solve

MatMult              687 1.0 6.6688e-02 1.1 2.64e+09 1.0 2.2e+04 5.5e+03 0.0e+00  2 26 21 21  0  44 84 75 95  0 313267       0      0 0.00e+00    0 0.00e+00 100
MatMultAdd           120 1.0 1.3200e-02 1.2 1.59e+08 1.0 3.7e+03 9.4e+02 0.0e+00  0  2  3  1  0   9  5 12  3  0 96068       0      0 0.00e+00    0 0.00e+00 100
MatMultTranspose     120 1.0 1.4446e-02 1.2 1.59e+08 1.0 3.7e+03 9.4e+02 0.0e+00  0  2  3  1  0   9  5 12  3  0 87811       0      0 0.00e+00    0 0.00e+00 100
MatResidual          120 1.0 1.5678e-02 1.1 5.50e+08 1.0 5.1e+03 5.0e+03 0.0e+00  0  5  5  4  0  10 17 17 20  0 277213       0      0 0.00e+00    0 0.00e+00 100
KSPSolve               1 1.0 1.4232e-01 1.0 3.14e+09 1.0 2.9e+04 4.3e+03 0.0e+00  4 31 28 22  0 100 100 100 100  0 174814       0      0 0.00e+00    0 0.00e+00 100
PCApply               30 1.0 1.2786e-01 1.0 2.64e+09 1.0 2.8e+04 3.9e+03 0.0e+00  4 26 26 19  0  90 84 94 86  0 163365       0      0 0.00e+00    0 0.00e+00 100
VecTDot              476 1.0 2.3789e-02 1.1 1.22e+07 1.0 0.0e+00 0.0e+00 0.0e+00  1  0  0  0  0  16  0  0  0  0  4100       0      0 0.00e+00    0 0.00e+00 100
VecNorm              238 1.0 2.2566e-02 1.4 6.10e+06 1.0 0.0e+00 0.0e+00 0.0e+00  1  0  0  0  0  15  0  0  0  0  2161       0      0 0.00e+00    0 0.00e+00 100
VecCopy              422 1.0 2.2337e-03 1.6 0.00e+00 0.0 0.0e+00 0.0e+00 0.0e+00  0  0  0  0  0   1  0  0  0  0     0       0      0 0.00e+00    0 0.00e+00  0
VecSet               151 1.0 5.5859e-04 1.4 0.00e+00 0.0 0.0e+00 0.0e+00 0.0e+00  0  0  0  0  0   0  0  0  0  0     0       0      0 0.00e+00    0 0.00e+00  0
VecAXPY              414 1.0 1.3926e-03 3.9 1.18e+07 1.0 0.0e+00 0.0e+00 0.0e+00  0  0  0  0  0   0  0  0  0  0 67769       0      0 0.00e+00    0 0.00e+00 100
VecAYPX              896 1.0 4.0441e-03 1.5 4.29e+07 1.0 0.0e+00 0.0e+00 0.0e+00  0  0  0  0  0   2  1  0  0  0 84657       0      0 0.00e+00    0 0.00e+00 100
VecAXPBYCZ           240 1.0 1.0083e-03 1.3 3.10e+07 1.0 0.0e+00 0.0e+00 0.0e+00  0  0  0  0  0   1  1  0  0  0 245253       0      0 0.00e+00    0 0.00e+00 100
VecPointwiseMult     207 1.0 8.9591e-04 4.5 1.24e+03 0.0 0.0e+00 0.0e+00 0.0e+00  0  0  0  0  0   0  0  0  0  0     1       0      0 0.00e+00    0 0.00e+00 100
VecScatterBegin      927 1.0 6.4802e-02 1.2 0.00e+00 0.0 2.9e+04 4.3e+03 0.0e+00  2  0 28 22  0  42  0 100 100  0     0       0      0 0.00e+00    0 0.00e+00  0
VecScatterEnd        927 1.0 2.1664e-02 1.8 6.25e+04 1.4 0.0e+00 0.0e+00 0.0e+00  1  0  0  0  0  13  0  0  0  0    20       0      0 0.00e+00    0 0.00e+00 100
SFPack               927 1.0 1.6803e-03 1.1 0.00e+00 0.0 0.0e+00 0.0e+00 0.0e+00  0  0  0  0  0   1  0  0  0  0     0       0      0 0.00e+00    0 0.00e+00  0
SFUnpack             927 1.0 6.6269e-04 1.7 6.25e+04 1.4 0.0e+00 0.0e+00 0.0e+00  0  0  0  0  0   0  0  0  0  0   649       0      0 0.00e+00    0 0.00e+00 100

--- Event Stage 5: 3rd Setup


--- Event Stage 6: 3rd Solve

MatMult              687 1.0 6.6194e-02 1.1 2.64e+09 1.0 2.2e+04 5.5e+03 0.0e+00  2 26 21 21  0  44 84 75 95  0 315604       0      0 0.00e+00    0 0.00e+00 100
MatMultAdd           120 1.0 1.2873e-02 1.2 1.59e+08 1.0 3.7e+03 9.4e+02 0.0e+00  0  2  3  1  0   8  5 12  3  0 98508       0      0 0.00e+00    0 0.00e+00 100
MatMultTranspose     120 1.0 1.4621e-02 1.2 1.59e+08 1.0 3.7e+03 9.4e+02 0.0e+00  0  2  3  1  0   9  5 12  3  0 86765       0      0 0.00e+00    0 0.00e+00 100
MatScale               1 1.0 2.0149e-05 2.2 7.72e+06 1.0 0.0e+00 0.0e+00 0.0e+00  0  0  0  0  0   0  0  0  0  0 3063725       0      0 0.00e+00    0 0.00e+00 100
MatResidual          120 1.0 1.5494e-02 1.1 5.50e+08 1.0 5.1e+03 5.0e+03 0.0e+00  0  5  5  4  0  11 17 17 20  0 280517       0      0 0.00e+00    0 0.00e+00 100
KSPSolve               1 1.0 1.4080e-01 1.0 3.14e+09 1.0 2.9e+04 4.3e+03 0.0e+00  4 31 28 22  0 100 100 100 100  0 176691       0      0 0.00e+00    0 0.00e+00 100
PCApply               30 1.0 1.2680e-01 1.0 2.64e+09 1.0 2.8e+04 3.9e+03 0.0e+00  4 26 26 19  0  90 84 94 86  0 164740       0      0 0.00e+00    0 0.00e+00 100
VecTDot              476 1.0 2.3469e-02 1.1 1.22e+07 1.0 0.0e+00 0.0e+00 0.0e+00  1  0  0  0  0  16  0  0  0  0  4155       0      0 0.00e+00    0 0.00e+00 100
VecNorm              238 1.0 2.1732e-02 1.4 6.10e+06 1.0 0.0e+00 0.0e+00 0.0e+00  1  0  0  0  0  14  0  0  0  0  2244       0      0 0.00e+00    0 0.00e+00 100
VecCopy              422 1.0 2.2091e-03 1.6 0.00e+00 0.0 0.0e+00 0.0e+00 0.0e+00  0  0  0  0  0   1  0  0  0  0     0       0      0 0.00e+00    0 0.00e+00  0
VecSet               151 1.0 5.4842e-04 1.4 0.00e+00 0.0 0.0e+00 0.0e+00 0.0e+00  0  0  0  0  0   0  0  0  0  0     0       0      0 0.00e+00    0 0.00e+00  0
VecAXPY              414 1.0 1.3773e-03 3.9 1.18e+07 1.0 0.0e+00 0.0e+00 0.0e+00  0  0  0  0  0   0  0  0  0  0 68521       0      0 0.00e+00    0 0.00e+00 100
VecAYPX              896 1.0 4.0214e-03 1.5 4.29e+07 1.0 0.0e+00 0.0e+00 0.0e+00  0  0  0  0  0   2  1  0  0  0 85134       0      0 0.00e+00    0 0.00e+00 100
VecAXPBYCZ           240 1.0 1.0012e-03 1.3 3.10e+07 1.0 0.0e+00 0.0e+00 0.0e+00  0  0  0  0  0   1  1  0  0  0 246994       0      0 0.00e+00    0 0.00e+00 100
VecPointwiseMult     207 1.0 8.7613e-04 4.6 1.24e+03 0.0 0.0e+00 0.0e+00 0.0e+00  0  0  0  0  0   0  0  0  0  0     1       0      0 0.00e+00    0 0.00e+00 100
VecScatterBegin      927 1.0 6.4450e-02 1.2 0.00e+00 0.0 2.9e+04 4.3e+03 0.0e+00  2  0 28 22  0  42  0 100 100  0     0       0      0 0.00e+00    0 0.00e+00  0
VecScatterEnd        927 1.0 2.2122e-02 1.8 6.25e+04 1.4 0.0e+00 0.0e+00 0.0e+00  1  0  0  0  0  13  0  0  0  0    19       0      0 0.00e+00    0 0.00e+00 100
SFPack               927 1.0 1.6660e-03 1.1 0.00e+00 0.0 0.0e+00 0.0e+00 0.0e+00  0  0  0  0  0   1  0  0  0  0     0       0      0 0.00e+00    0 0.00e+00  0
SFUnpack             927 1.0 6.5741e-04 1.7 6.25e+04 1.4 0.0e+00 0.0e+00 0.0e+00  0  0  0  0  0   0  0  0  0  0   655       0      0 0.00e+00    0 0.00e+00 100
---------------------------------------------------------------------------------------------------------------------------------------------------------------

Object Type          Creations   Destructions. Reports information only for process 0.

--- Event Stage 0: Main Stage

           Container     4             12
       Krylov Solver     1             10
              Matrix     6             58
      Matrix Coarsen     0              1
   Matrix Null Space     1              1
      Preconditioner     1              6
              Viewer     1              1
  PetscDeviceContext     1              0
              Vector    12             63
           Index Set     2              2
   Star Forest Graph     1             25
    Distributed Mesh     0              4
     Discrete System     0              4
           Weak Form     0              4

--- Event Stage 1: Setup

           Container    37             29
       Krylov Solver    13              4
              Matrix   323            271
      Matrix Coarsen     4              3
      Preconditioner    13              8
              Vector   358            308
           Index Set   149            149
             Section    16             16
   Star Forest Graph   113             97
         PetscRandom     4              4

--- Event Stage 2: Solve

              Vector     1              0
   Star Forest Graph     8              0
    Distributed Mesh     4              0
     Discrete System     4              0
           Weak Form     4              0

--- Event Stage 3: 2nd Setup

              Vector    12             12

--- Event Stage 4: 2nd Solve


--- Event Stage 5: 3rd Setup


--- Event Stage 6: 3rd Solve

========================================================================================================================
Average time to get PetscTime(): 3.41e-08
Average time for MPI_Barrier(): 1.66262e-05
Average time for zero size MPI_Send(): 1.56791e-05
#PETSc Option Table entries:
-alpha 1.e-3 # (source: command line)
-ksp_converged_reason # (source: command line)
-ksp_norm_type unpreconditioned # (source: command line)
-ksp_rtol 1e-6 # (source: command line)
-ksp_type cg # (source: command line)
-log_view # (source: command line)
-mat_type mpibaijkokkos # (source: command line)
-mg_coarse_ksp_type cg # (source: command line)
-mg_coarse_pc_type jacobi # (source: command line)
-mg_levels_ksp_type chebyshev # (source: command line)
-mg_levels_pc_type pbjacobi # (source: command line)
-ne 63 # (source: command line)
-pc_gamg_agg_nsmooths 1 # (source: command line)
-pc_gamg_coarse_eq_limit 20 # (source: command line)
-pc_gamg_parallel_coarse_grid_solver # (source: command line)
-pc_gamg_reuse_interpolation true # (source: command line)
-pc_gamg_type agg # (source: command line)
-pc_type gamg # (source: command line)
-two_solves # (source: command line)
-use_mat_nearnullspace # (source: command line)
#End of PETSc Option Table entries
Compiled without FORTRAN kernels
Compiled with full precision matrices (default)
sizeof(short) 2 sizeof(int) 4 sizeof(long) 8 sizeof(void*) 8 sizeof(PetscScalar) 8 sizeof(PetscInt) 4
Configure options: --with-make-np=8 --with-mpiexec="srun -G4 --gpu-bind=none" --with-batch=0 --download-triangle=1 --with-cc=cc --with-cxx=CC --with-fc=0 --with-debugging=0 --with-cuda=1 --with-cuda-arch=80 --download-kokkos --download-kokkos-kernels --force PETSC_ARCH=arch-perlmutter-opt-gcc-kokkos-cuda
-----------------------------------------
Libraries compiled on 2026-06-22 11:34:59 on login15
Machine characteristics: Linux-6.4.0-150600.23.103_15.0.24-cray_shasta_c-x86_64-with-glibc2.3.4
Using PETSc directory: /global/u2/m/madams/petsc
Using PETSc arch: arch-perlmutter-opt-gcc-kokkos-cuda
-----------------------------------------

Using C compiler: cc  -fPIC -Wall -Wwrite-strings -Wno-unknown-pragmas -Wno-lto-type-mismatch -Wno-stringop-overflow -fstack-protector -fvisibility=hidden -g -O 
-----------------------------------------

Using include paths: -I/global/u2/m/madams/petsc/include -I/global/u2/m/madams/petsc/arch-perlmutter-opt-gcc-kokkos-cuda/include -I/opt/nvidia/hpc_sdk/Linux_x86_64/25.5/cuda/12.9/include -I/opt/nvidia/hpc_sdk/Linux_x86_64/25.5/math_libs/12.9/include
-----------------------------------------

Using C linker: cc
Using libraries: -Wl,-rpath,/global/u2/m/madams/petsc/arch-perlmutter-opt-gcc-kokkos-cuda/lib -L/global/u2/m/madams/petsc/arch-perlmutter-opt-gcc-kokkos-cuda/lib -lpetsc -Wl,-rpath,/global/u2/m/madams/petsc/arch-perlmutter-opt-gcc-kokkos-cuda/lib -L/global/u2/m/madams/petsc/arch-perlmutter-opt-gcc-kokkos-cuda/lib -Wl,-rpath,/opt/nvidia/hpc_sdk/Linux_x86_64/25.5/cuda/12.9/lib64 -L/opt/nvidia/hpc_sdk/Linux_x86_64/25.5/cuda/12.9/lib64 -Wl,-rpath,/opt/nvidia/hpc_sdk/Linux_x86_64/25.5/math_libs/12.9/lib64 -L/opt/nvidia/hpc_sdk/Linux_x86_64/25.5/math_libs/12.9/lib64 -L/opt/nvidia/hpc_sdk/Linux_x86_64/25.5/cuda/12.9/lib64/stubs -lkokkoskernels -lkokkoscontainers -lkokkoscore -lkokkossimd -ltriangle -lcudart -lnvtx3interop -lcufft -lcublas -lcusparse -lcusolver -lcurand -lcuda -lnvidia-ml -lX11 -lstdc++ -lquadmath
-----------------------------------------

