Initial guess
L_2 Error: < 1.0e-11
Initial Residual
L_2 Residual: 0.
Au - b = Au + F(0)
Linear L_2 Residual: 0.
MFEM mesh v1.1

dimension
2

elements
379
1 3 0 1 3 2
1 3 1 4 5 3
1 3 2 354 7 6
1 3 354 3 355 7
1 3 6 7 356 8
1 3 7 355 9 356
1 3 3 5 10 9
1 3 4 11 12 5
1 3 11 13 14 12
1 3 5 12 15 10
1 3 12 14 16 15
1 3 8 9 18 17
1 3 9 10 19 18
1 3 17 18 21 20
1 3 18 19 22 21
1 3 10 15 23 19
1 3 15 357 24 359
1 3 357 16 361 24
1 3 359 24 25 23
1 3 24 361 26 25
1 3 19 360 27 358
1 3 360 23 28 27
1 3 358 27 29 22
1 3 27 28 30 29
1 3 23 25 31 28
1 3 25 26 362 31
1 3 28 31 32 30
1 3 31 362 33 32
1 3 13 34 35 14
1 3 34 36 363 35
1 3 14 35 37 16
1 3 35 363 38 37
1 3 36 39 40 38
1 3 16 37 41 26
1 3 37 38 42 41
1 3 26 41 43 33
1 3 41 42 44 43
1 3 38 364 45 42
1 3 364 40 46 45
1 3 42 45 47 44
1 3 45 46 48 47
1 3 20 21 50 49
1 3 21 22 51 50
1 3 49 367 53 52
1 3 367 50 54 53
1 3 52 53 370 55
1 3 53 54 56 370
1 3 50 369 57 54
1 3 369 51 58 57
1 3 54 57 371 56
1 3 57 58 59 371
1 3 22 29 60 368
1 3 29 30 61 60
1 3 368 60 62 51
1 3 60 61 63 62
1 3 30 32 64 61
1 3 32 33 65 64
1 3 61 64 372 63
1 3 64 65 66 372
1 3 51 62 67 58
1 3 62 63 373 67
1 3 58 67 374 59
1 3 67 373 68 374
1 3 63 66 69 68
1 3 55 56 71 70
1 3 56 59 72 71
1 3 70 375 74 73
1 3 375 71 376 74
1 3 73 74 377 75
1 3 74 376 76 377
1 3 71 72 77 76
1 3 59 68 78 72
1 3 68 69 79 78
1 3 72 78 80 77
1 3 78 79 81 80
1 3 33 365 82 65
1 3 365 43 83 82
1 3 65 82 380 66
1 3 82 83 84 380
1 3 43 366 85 83
1 3 366 44 381 85
1 3 83 85 86 84
1 3 85 381 87 86
1 3 66 84 88 69
1 3 84 86 89 382
1 3 86 87 383 89
1 3 382 89 384 88
1 3 89 383 90 384
1 3 44 47 91 87
1 3 47 48 92 91
1 3 87 91 93 90
1 3 91 92 94 93
1 3 69 88 95 79
1 3 88 90 96 95
1 3 79 95 97 81
1 3 95 96 98 97
1 3 90 93 99 96
1 3 93 94 100 99
1 3 96 99 101 98
1 3 99 100 102 101
1 3 39 103 104 40
1 3 103 105 106 104
1 3 40 387 107 46
1 3 387 104 108 107
1 3 46 107 109 48
1 3 107 108 110 109
1 3 104 388 111 108
1 3 388 106 112 111
1 3 108 111 113 110
1 3 111 112 114 113
1 3 105 115 116 106
1 3 115 117 118 116
1 3 106 391 119 112
1 3 391 116 120 119
1 3 112 119 121 114
1 3 119 120 122 121
1 3 116 392 123 120
1 3 392 118 124 123
1 3 120 123 125 122
1 3 123 124 126 125
1 3 48 389 127 385
1 3 389 109 128 127
1 3 385 127 129 92
1 3 127 128 130 129
1 3 109 390 131 128
1 3 390 110 394 131
1 3 128 131 132 130
1 3 131 394 133 132
1 3 92 129 134 386
1 3 129 130 135 134
1 3 386 134 395 94
1 3 134 135 136 395
1 3 130 132 137 135
1 3 132 133 396 137
1 3 135 137 397 136
1 3 137 396 138 397
1 3 110 113 139 133
1 3 113 114 140 139
1 3 133 139 141 138
1 3 139 140 142 141
1 3 94 136 143 100
1 3 136 138 144 143
1 3 100 143 145 102
1 3 143 144 146 145
1 3 138 141 147 144
1 3 141 142 148 147
1 3 144 147 149 146
1 3 147 148 150 149
1 3 114 121 151 140
1 3 121 393 152 399
1 3 393 122 400 152
1 3 399 152 153 151
1 3 152 400 154 153
1 3 140 151 155 142
1 3 151 153 156 401
1 3 153 154 402 156
1 3 401 156 403 155
1 3 156 402 157 403
1 3 122 125 158 154
1 3 125 126 159 158
1 3 154 158 160 157
1 3 158 159 161 160
1 3 142 155 162 148
1 3 155 157 163 162
1 3 148 404 164 398
1 3 404 162 405 164
1 3 398 164 165 150
1 3 164 405 166 165
1 3 162 163 167 166
1 3 157 160 168 163
1 3 160 161 169 168
1 3 163 168 170 167
1 3 168 169 171 170
1 3 75 76 173 172
1 3 76 77 174 173
1 3 172 406 176 175
1 3 406 173 408 176
1 3 175 176 409 177
1 3 176 408 178 409
1 3 173 174 179 178
1 3 77 378 180 407
1 3 378 80 181 180
1 3 407 180 410 174
1 3 180 181 182 410
1 3 80 379 183 181
1 3 379 81 411 183
1 3 181 183 412 182
1 3 183 411 184 412
1 3 174 182 185 179
1 3 182 184 186 185
1 3 177 178 188 187
1 3 178 179 189 188
1 3 187 188 191 190
1 3 188 189 192 191
1 3 179 185 193 189
1 3 185 186 194 193
1 3 189 193 195 192
1 3 193 194 196 195
1 3 81 97 197 184
1 3 97 98 198 197
1 3 184 197 199 186
1 3 197 198 200 199
1 3 98 101 201 198
1 3 101 102 202 201
1 3 198 201 203 200
1 3 201 202 204 203
1 3 186 414 205 413
1 3 414 199 415 205
1 3 413 205 416 194
1 3 205 415 206 416
1 3 199 200 207 206
1 3 194 206 208 196
1 3 206 417 209 418
1 3 417 207 419 209
1 3 418 209 420 208
1 3 209 419 210 420
1 3 200 203 211 207
1 3 203 204 212 211
1 3 207 211 213 210
1 3 211 212 214 213
1 3 190 191 216 215
1 3 191 192 217 216
1 3 215 216 219 218
1 3 216 217 220 219
1 3 192 195 221 217
1 3 195 196 222 221
1 3 217 221 223 220
1 3 221 222 224 223
1 3 218 423 226 225
1 3 423 219 227 226
1 3 225 226 229 228
1 3 226 227 230 229
1 3 219 424 231 227
1 3 424 220 425 231
1 3 227 231 426 230
1 3 231 425 232 426
1 3 228 229 234 233
1 3 229 230 427 234
1 3 233 234 236 235
1 3 234 427 237 236
1 3 230 232 238 237
1 3 220 223 239 232
1 3 223 224 240 239
1 3 232 239 241 238
1 3 239 240 242 241
1 3 196 208 243 222
1 3 208 210 244 243
1 3 222 243 245 224
1 3 243 244 246 245
1 3 210 422 247 428
1 3 422 213 430 247
1 3 428 247 248 244
1 3 247 430 249 248
1 3 213 214 250 249
1 3 244 248 251 429
1 3 248 249 431 251
1 3 429 251 432 246
1 3 251 431 252 432
1 3 249 250 253 252
1 3 224 245 254 240
1 3 245 246 255 254
1 3 240 254 256 242
1 3 254 433 257 434
1 3 433 255 435 257
1 3 434 257 258 256
1 3 257 435 259 258
1 3 246 252 260 255
1 3 252 253 261 260
1 3 255 260 262 259
1 3 260 261 263 262
1 3 102 145 264 202
1 3 145 146 265 264
1 3 202 264 266 204
1 3 264 265 267 266
1 3 146 149 268 265
1 3 149 150 269 268
1 3 265 440 270 439
1 3 440 268 271 270
1 3 439 270 443 267
1 3 270 271 272 443
1 3 268 442 273 271
1 3 442 269 444 273
1 3 271 273 445 272
1 3 273 444 274 445
1 3 204 438 275 421
1 3 438 266 446 275
1 3 421 275 447 212
1 3 275 446 276 447
1 3 266 267 277 276
1 3 212 276 278 214
1 3 276 277 279 278
1 3 267 272 280 277
1 3 272 274 281 280
1 3 277 280 282 279
1 3 280 281 283 282
1 3 150 165 284 441
1 3 165 166 448 284
1 3 441 284 449 269
1 3 284 448 285 449
1 3 166 167 286 285
1 3 269 285 287 274
1 3 285 450 288 451
1 3 450 286 452 288
1 3 451 288 289 287
1 3 288 452 290 289
1 3 167 170 291 286
1 3 170 171 292 291
1 3 286 291 293 290
1 3 291 292 294 293
1 3 274 287 295 281
1 3 287 289 296 453
1 3 289 290 454 296
1 3 453 296 297 295
1 3 296 454 298 297
1 3 281 295 299 283
1 3 295 297 300 455
1 3 297 298 301 300
1 3 455 300 456 299
1 3 300 301 302 456
1 3 290 293 303 298
1 3 293 294 304 303
1 3 298 457 305 301
1 3 457 303 458 305
1 3 301 305 306 302
1 3 305 458 307 306
1 3 303 304 308 307
1 3 214 278 309 250
1 3 278 279 310 309
1 3 250 309 311 253
1 3 309 310 312 311
1 3 279 282 313 310
1 3 282 283 314 313
1 3 310 313 315 312
1 3 313 314 316 315
1 3 253 459 317 436
1 3 459 311 461 317
1 3 436 317 318 261
1 3 317 461 319 318
1 3 311 312 320 319
1 3 261 318 321 437
1 3 318 319 463 321
1 3 437 321 322 263
1 3 321 463 323 322
1 3 319 320 324 323
1 3 312 460 325 462
1 3 460 315 464 325
1 3 462 325 465 320
1 3 325 464 326 465
1 3 315 316 327 326
1 3 320 326 328 324
1 3 326 327 329 328
1 3 283 299 330 314
1 3 299 302 331 330
1 3 314 330 332 316
1 3 330 331 333 332
1 3 302 306 334 466
1 3 306 307 468 334
1 3 466 334 335 331
1 3 334 468 336 335
1 3 307 308 337 336
1 3 331 335 338 467
1 3 335 336 469 338
1 3 467 338 470 333
1 3 338 469 339 470
1 3 336 337 340 339
1 3 316 332 341 327
1 3 332 333 342 341
1 3 327 341 343 329
1 3 341 471 344 472
1 3 471 342 473 344
1 3 472 344 345 343
1 3 344 473 346 345
1 3 333 339 347 342
1 3 339 340 348 347
1 3 342 347 349 346
1 3 347 474 350 475
1 3 474 348 351 350
1 3 475 350 352 349
1 3 350 351 353 352

boundary
0

vertex_parents
122
354 2 3
355 3 9
356 8 9
357 15 16
358 19 22
359 15 23
360 19 23
361 16 26
362 26 33
363 36 38
364 38 40
365 33 43
366 43 44
367 49 50
368 22 51
369 50 51
370 55 56
371 56 59
372 63 66
373 63 68
374 59 68
375 70 71
376 71 76
377 75 76
378 77 80
379 80 81
380 66 84
381 44 87
382 84 88
383 87 90
384 88 90
385 48 92
386 92 94
387 40 104
388 104 106
389 48 109
390 109 110
391 106 116
392 116 118
393 121 122
394 110 133
395 94 136
396 133 138
397 136 138
398 148 150
399 121 151
400 122 154
401 151 155
402 154 157
403 155 157
404 148 162
405 162 166
406 172 173
407 77 174
408 173 178
409 177 178
410 174 182
411 81 184
412 182 184
413 186 194
414 186 199
415 199 206
416 194 206
417 206 207
418 206 208
419 207 210
420 208 210
421 204 212
422 210 213
423 218 219
424 219 220
425 220 232
426 230 232
427 230 237
428 210 244
429 244 246
430 213 249
431 249 252
432 246 252
433 254 255
434 254 256
435 255 259
436 253 261
437 261 263
438 204 266
439 265 267
440 265 268
441 150 269
442 268 269
443 267 272
444 269 274
445 272 274
446 266 276
447 212 276
448 166 285
449 269 285
450 285 286
451 285 287
452 286 290
453 287 295
454 290 298
455 295 299
456 299 302
457 298 303
458 303 307
459 253 311
460 312 315
461 311 319
462 312 320
463 319 323
464 315 326
465 320 326
466 302 331
467 331 333
468 307 336
469 336 339
470 333 339
471 341 342
472 341 343
473 342 346
474 347 348
475 347 349

vertices
476
nodes
FiniteElementSpace
FiniteElementCollection: L2_T1_2D_P1
VDim: 2
Ordering: 1

 0. 0.
 0.0625 0.
 0. 0.0625
 0.0625 0.0625
 0.0625 0.
 0.125 0.
 0.0625 0.0625
 0.125 0.0625
 0.09375 0.
 0.09375 0.
 0.09375 0.
 8.14119e-311 2.82073e-310
 0.125 0.0625
 0. 0.09375
 0. 0.0625
 3.47166e-310 1.73583e-310
 0.125 0.
 0.125 0.
 0.125 0.03125
 0.09375 2.96625e-310
 0.15625 0.
 0.0625 0.1875
 0. 0.09375
 3.83415e-310 1.73583e-310
 0.0625 0.0625
 0.125 0.0625
 0.0625 0.125
 0.125 0.125
 0.125 0.
 0.1875 0.
 0.125 0.0625
 0.1875 0.0625
 0.1875 0.
 0.25 0.
 0.1875 0.0625
 0.25 0.0625
 0.125 0.0625
 0.1875 0.0625
 0.125 0.125
 0.1875 0.125
 0.1875 0.0625
 0.25 0.0625
 0.1875 0.125
 0.25 0.125
 0. 0.125
 0.0625 0.125
 0. 0.1875
 0.0625 0.1875
 0.0625 0.125
 0.125 0.125
 0.0625 0.1875
 0.125 0.1875
 0. 0.1875
 0.0625 0.1875
 0. 0.25
 0.0625 0.25
 0.0625 0.1875
 0.125 0.1875
 0.0625 0.25
 0.125 0.25
 0.125 0.125
 0.1875 0.125
 0.125 0.1875
 0.1875 0.1875
 0.125 0.21875
 0. 0.1875
 0.25 3.47605e-310
 9.98103e-310 6.50937e-310
 0.375 0.25
 0. 0.15625
 0. 0.125
 9.98614e-310 6.50937e-310
 0.375 0.1875
 0.1875 0.1875
 0.1875 0.
 0.125 9.33012e-310
 0.40625 0.21875
 0.1875 0.21875
 0.1875 0.25
 0.15625 9.40926e-310
 0.1875 0.15625
 0. 0.25
 0.1875 3.16737e-310
 9.98103e-310 6.07541e-310
 0.34375 0.15625
 0.21875 0.15625
 0.21875 0.
 0.1875 8.89617e-310
 0.375 0.125
 0.25 0.125
 0.25 0.
 0.1875 8.89617e-310
 0.15625 0.21875
 0.1875 0.21875
 0.15625 0.25
 0.1875 0.25
 0.1875 0.1875
 0.21875 0.1875
 0.1875 0.21875
 0.21875 0.21875
 0.4375 0.21875
 0.25 0.21875
 0.25 0.
 0.1875 1.1066e-309
 0.1875 0.21875
 0.21875 0.21875
 0.1875 0.25
 0.21875 0.25
 0.46875 0.21875
 0.25 0.21875
 0.25 0.25
 0.21875 1.07112e-309
 0.25 0.
 0.3125 0.
 0.25 0.0625
 0.3125 0.0625
 0.375 0.3125
 0.125 0.3125
 0.125 0.
 2.72004e-310 1.08489e-309
 0.25 0.0625
 0.3125 0.0625
 0.25 0.125
 0.3125 0.125
 0.4375 0.3125
 0.125 0.3125
 0.125 0.375
 0.0625 1.04252e-309
 0.375 0.
 0.5 0.
 0.375 0.125
 0.5 0.125
 0.25 0.125
 0.3125 0.125
 0.25 0.1875
 0.3125 0.1875
 0.3125 0.125
 0.375 0.125
 0.3125 0.1875
 0.375 0.1875
 0.25 0.1875
 0.3125 0.1875
 0.25 0.25
 0.3125 0.25
 0.3125 0.1875
 0.375 0.1875
 0.3125 0.25
 0.375 0.25
 0.1875 0.375
 0.1875 0.375
 0.1875 0.375
 3.48036e-310 1.51987e-309
 0.5625 0.4375
 0.1875 0.4375
 0.1875 0.
 0.125 1.60565e-309
 0.375 0.1875
 0.4375 0.1875
 0.375 0.25
 0.4375 0.25
 0.4375 0.1875
 0.5 0.1875
 0.4375 0.25
 0.5 0.25
 0. 0.25
 0.0625 0.25
 0. 0.3125
 0.0625 0.3125
 0.0625 0.25
 0.125 0.25
 0.0625 0.3125
 0.125 0.3125
 0.34375 0.
 0.34375 0.
 0.34375 0.
 2.54995e-310 9.76405e-310
 0.34375 0.03125
 0.34375 0.03125
 0.34375 0.
 0.3125 8.02828e-310
 0.375 0.
 0.375 0.
 0.375 0.03125
 0.34375 8.17379e-310
 0.40625 0.0625
 0.375 0.0625
 0.375 0.0625
 0.34375 8.53627e-310
 0.34375 0.0625
 0.34375 0.0625
 0.34375 0.0625
 2.85864e-310 1.13569e-309
 0.40625 0.09375
 0.34375 0.09375
 0.34375 0.
 0.3125 9.76411e-310
 0.4375 0.0625
 0.375 0.0625
 0.375 0.09375
 0.34375 9.76667e-310
 0.46875 0.125
 0.375 0.125
 0.375 0.125
 0.34375 1.01292e-309
 0.3125 0.125
 0.25 0.125
 0.25 0.15625
 2.36204e-310 1.11425e-309
 0.15625 0.25
 0.1875 0.25
 0.15625 0.28125
 0.1875 0.28125
 0.4375 0.125
 0.3125 0.125
 0.3125 0.
 0.25 1.01981e-309
 0.15625 0.28125
 0.1875 0.28125
 0.15625 0.3125
 0.1875 0.3125
 0.1875 0.25
 0.21875 0.25
 0.1875 0.28125
 0.21875 0.28125
 0.21875 0.25
 0.25 0.25
 0.21875 0.28125
 0.25 0.28125
 0.5 0.1875
 0.3125 0.1875
 0.3125 0.21875
 0.28125 1.16506e-309
 0.53125 0.25
 0.3125 0.25
 0.3125 0.25
 0.28125 1.2013e-309
 0.125 0.3125
 0.15625 0.3125
 0.125 0.34375
 0.15625 0.34375
 0.5 0.15625
 0.375 0.15625
 0.375 0.
 0.3125 1.19339e-309
 0.5 0.125
 0.375 0.125
 0.375 0.15625
 0.34375 1.13596e-309
 0.53125 0.
 0.3125 0.5625
 0. 0.34375
 1.39632e-309 7.81124e-310
 0.1875 0.3125
 0.25 0.3125
 0.1875 0.375
 0.25 0.375
 0. 0.375
 0.0625 0.375
 0. 0.4375
 0.0625 0.4375
 0.0625 0.375
 0.125 0.375
 0.0625 0.4375
 0.125 0.4375
 0.46875 0.
 0.46875 0.
 0.46875 0.
 3.41786e-310 1.32357e-309
 0.5 0.0625
 0. 0.46875
 0. 0.4375
 1.38866e-309 6.94332e-310
 0.5 0.
 0.5 0.
 0.5 0.03125
 0.46875 1.07776e-309
 0.53125 0.
 0.4375 0.5625
 0. 0.46875
 1.42491e-309 6.94332e-310
 0.0625 0.4375
 0.125 0.4375
 0.0625 0.5
 0.125 0.5
 0.125 0.375
 0.1875 0.375
 0.125 0.4375
 0.1875 0.4375
 0.1875 0.375
 0.25 0.375
 0.1875 0.4375
 0.25 0.4375
 0.125 0.4375
 0.1875 0.4375
 0.125 0.5
 0.1875 0.5
 0.1875 0.4375
 0.25 0.4375
 0.1875 0.5
 0.25 0.5
 0.28125 0.25
 0.28125 0.25
 0.28125 0.25
 3.35074e-310 1.43997e-309
 0.53125 0.28125
 0.28125 0.28125
 0.28125 0.
 0.25 1.36697e-309
 0.5625 0.25
 0.3125 0.25
 0.3125 0.28125
 0.28125 1.32434e-309
 0.59375 0.3125
 0.3125 0.3125
 0.3125 0.3125
 0.28125 1.36059e-309
 0.28125 0.3125
 0.28125 0.3125
 0.28125 0.3125
 3.65943e-310 1.59926e-309
 0.625 0.375
 0. 0.28125
 0. 0.25
 1.66436e-309 1.08489e-309
 0.3125 0.28125
 0.34375 0.28125
 0.3125 0.3125
 0.34375 0.3125
 0.65625 0.34375
 0.3125 0.34375
 0.3125 0.375
 0.28125 1.51988e-309
 0.25 0.3125
 0.3125 0.3125
 0.25 0.375
 0.3125 0.375
 0.375 0.3125
 0.3125 0.3125
 0.3125 0.34375
 3.72206e-310 1.7657e-309
 0.6875 0.34375
 0.375 0.34375
 0.375 0.
 0.3125 1.71414e-309
 0.6875 0.
 0. 0.375
 0.34375 0.3125
 1.83794e-309 1.17169e-309
 0.71875 0.
 0.3125 0.75
 0. 0.34375
 1.87419e-309 1.17169e-309
 0.375 0.25
 0.4375 0.25
 0.375 0.3125
 0.4375 0.3125
 0.4375 0.25
 0.5 0.25
 0.4375 0.3125
 0.5 0.3125
 0.375 0.3125
 0.4375 0.3125
 0.375 0.375
 0.4375 0.375
 0.4375 0.3125
 0.5 0.3125
 0.4375 0.375
 0.5 0.375
 0.25 0.375
 0.3125 0.375
 0.25 0.4375
 0.3125 0.4375
 0.3125 0.375
 0.375 0.375
 0.3125 0.4375
 0.375 0.4375
 0.25 0.4375
 0.3125 0.4375
 0.25 0.5
 0.3125 0.5
 0.3125 0.4375
 0.375 0.4375
 0.3125 0.5
 0.375 0.5
 0.375 0.375
 0.4375 0.375
 0.375 0.4375
 0.4375 0.4375
 0.4375 0.375
 0.5 0.375
 0.4375 0.4375
 0.5 0.4375
 0.375 0.4375
 0.4375 0.4375
 0.375 0.5
 0.4375 0.5
 0.4375 0.4375
 0.5 0.4375
 0.4375 0.5
 0.5 0.5
 0.5 0.
 0.625 0.
 0.5 0.125
 0.625 0.125
 0.625 0.
 0.75 0.
 0.625 0.125
 0.75 0.125
 0.1875 0.5
 0.1875 0.5
 0.1875 0.5
 4.09774e-310 1.83845e-309
 0.6875 0.5625
 0.1875 0.5625
 0.1875 0.
 0.125 1.95281e-309
 0.5 0.1875
 0.5625 0.1875
 0.5 0.25
 0.5625 0.25
 0.5625 0.1875
 0.625 0.1875
 0.5625 0.25
 0.625 0.25
 0.1875 0.625
 0.1875 0.625
 0.1875 0.625
 4.71511e-310 2.15703e-309
 0.8125 0.6875
 0.1875 0.6875
 0.1875 0.
 0.125 2.29998e-309
 0.625 0.1875
 0.6875 0.1875
 0.625 0.25
 0.6875 0.25
 0.6875 0.1875
 0.75 0.1875
 0.6875 0.25
 0.75 0.25
 0.75 0.
 0.875 0.
 0.75 0.125
 0.875 0.125
 0.875 0.
 1. 0.
 0.875 0.125
 1. 0.125
 0.1875 0.75
 0.1875 0.75
 0.1875 0.75
 5.33249e-310 2.4756e-309
 0.9375 0.8125
 0.1875 0.8125
 0.1875 0.
 0.125 2.64714e-309
 0.75 0.1875
 0.8125 0.1875
 0.75 0.25
 0.8125 0.25
 0.8125 0.1875
 0.875 0.1875
 0.8125 0.25
 0.875 0.25
 0.1875 0.875
 0.1875 0.875
 0.1875 0.875
 5.94986e-310 2.79418e-309
 1.0625 0.9375
 0.1875 0.9375
 0.1875 0.
 0.125 2.99431e-309
 0.875 0.1875
 0.9375 0.1875
 0.875 0.25
 0.9375 0.25
 0.9375 0.1875
 1. 0.1875
 0.9375 0.25
 1. 0.25
 0.25 0.53125
 0. 0.3125
 0.5625 8.05722e-310
 2.21318e-309 1.47546e-309
 0.78125 0.53125
 0.28125 0.53125
 0.28125 0.
 0.25 2.0613e-309
 0.8125 0.5
 0.3125 0.5
 0.3125 0.
 0.25 2.0613e-309
 0.53125 0.28125
 0.5625 0.28125
 0.53125 0.3125
 0.5625 0.3125
 0.28125 0.5625
 0.28125 0.5625
 0.28125 0.5625
 4.89418e-310 2.23642e-309
 0.875 0.625
 0. 0.28125
 0. 0.25
 2.30151e-309 1.60564e-309
 0.5625 0.28125
 0.59375 0.28125
 0.5625 0.3125
 0.59375 0.3125
 0.90625 0.59375
 0.3125 0.59375
 0.3125 0.625
 0.28125 2.15703e-309
 0.375 0.5
 0.3125 0.5
 0.3125 0.53125
 4.64813e-310 2.24356e-309
 0.53125 0.3125
 0.5625 0.3125
 0.53125 0.34375
 0.5625 0.34375
 0.875 0.
 0. 0.375
 0.53125 0.3125
 2.3158e-309 1.56225e-309
 0.90625 0.5625
 0.375 0.5625
 0.375 0.5625
 0.34375 2.12793e-309
 0.5625 0.3125
 0.59375 0.3125
 0.5625 0.34375
 0.59375 0.34375
 0.9375 0.59375
 0.375 0.59375
 0.375 0.
 0.3125 2.40847e-309
 0.9375 0.5625
 0.375 0.5625
 0.375 0.59375
 0.34375 2.25097e-309
 0.96875 0.
 0.3125 1.
 0. 0.34375
 2.51134e-309 1.69244e-309
 0.625 0.25
 0.6875 0.25
 0.625 0.3125
 0.6875 0.3125
 0.6875 0.25
 0.75 0.25
 0.6875 0.3125
 0.75 0.3125
 0.625 0.3125
 0.6875 0.3125
 0.625 0.375
 0.6875 0.375
 0.6875 0.3125
 0.75 0.3125
 0.6875 0.375
 0.75 0.375
 0.5 0.375
 0.5625 0.375
 0.5 0.4375
 0.5625 0.4375
 0.5625 0.375
 0.625 0.375
 0.5625 0.4375
 0.625 0.4375
 0.5 0.4375
 0.5625 0.4375
 0.5 0.5
 0.5625 0.5
 0.5625 0.4375
 0.625 0.4375
 0.5625 0.5
 0.625 0.5
 0.625 0.375
 0.6875 0.375
 0.625 0.4375
 0.6875 0.4375
 0.6875 0.375
 0.75 0.375
 0.6875 0.4375
 0.75 0.4375
 0.625 0.4375
 0.6875 0.4375
 0.625 0.5
 0.6875 0.5
 0.6875 0.4375
 0.75 0.4375
 0.6875 0.5
 0.75 0.5
 0.75 0.25
 0.8125 0.25
 0.75 0.3125
 0.8125 0.3125
 0.25 0.84375
 0. 0.3125
 0.875 1.17704e-309
 3.0811e-309 2.12639e-309
 1.125 0.875
 0. 0.28125
 0. 0.25
 2.93866e-309 2.12639e-309
 1.125 0.8125
 0.3125 0.8125
 0.3125 0.
 0.25 2.92922e-309
 1.15625 0.84375
 0.3125 0.84375
 0.3125 0.875
 0.28125 2.79419e-309
 0.75 0.3125
 0.8125 0.3125
 0.75 0.375
 0.8125 0.375
 0.375 0.8125
 0.3125 0.8125
 0.3125 0.84375
 6.19156e-310 3.04e-309
 1.1875 0.84375
 0.375 0.84375
 0.375 0.
 0.3125 3.1028e-309
 1.1875 0.
 0. 0.375
 0.84375 0.3125
 3.11225e-309 2.21318e-309
 1.21875 0.
 0.3125 1.25
 0. 0.34375
 3.14849e-309 2.21318e-309
 0.875 0.25
 0.9375 0.25
 0.875 0.3125
 0.9375 0.3125
 0.9375 0.25
 1. 0.25
 0.9375 0.3125
 1. 0.3125
 0.875 0.3125
 0.9375 0.3125
 0.875 0.375
 0.9375 0.375
 0.9375 0.3125
 1. 0.3125
 0.9375 0.375
 1. 0.375
 0.75 0.375
 0.8125 0.375
 0.75 0.4375
 0.8125 0.4375
 0.8125 0.375
 0.875 0.375
 0.8125 0.4375
 0.875 0.4375
 0.4375 0.78125
 0. 0.5
 0.8125 1.23297e-309
 3.42827e-309 2.25658e-309
 1.25 0.8125
 0. 0.46875
 0. 0.4375
 3.30012e-309 2.25658e-309
 1.25 0.75
 0.5 0.75
 0.5 0.
 0.4375 3.1462e-309
 1.28125 0.78125
 0.5 0.78125
 0.5 0.8125
 0.46875 3.02546e-309
 0.8125 0.4375
 0.875 0.4375
 0.8125 0.5
 0.875 0.5
 0.875 0.375
 0.9375 0.375
 0.875 0.4375
 0.9375 0.4375
 0.9375 0.375
 1. 0.375
 0.9375 0.4375
 1. 0.4375
 0.875 0.4375
 0.9375 0.4375
 0.875 0.5
 0.9375 0.5
 0.9375 0.4375
 1. 0.4375
 0.9375 0.5
 1. 0.5
 0. 0.5
 0.0625 0.5
 0. 0.5625
 0.0625 0.5625
 0.0625 0.5
 0.125 0.5
 0.0625 0.5625
 0.125 0.5625
 0.59375 0.
 0.59375 0.
 0.59375 0.
 4.28578e-310 1.67074e-309
 0.625 0.0625
 0. 0.59375
 0. 0.5625
 1.73583e-309 8.67915e-310
 0.625 0.
 0.625 0.
 0.625 0.03125
 0.59375 1.33813e-309
 0.65625 0.
 0.5625 0.6875
 0. 0.59375
 1.77208e-309 8.67915e-310
 0.0625 0.5625
 0.125 0.5625
 0.0625 0.625
 0.125 0.625
 0.5 0.15625
 0. 0.5625
 0.1875 5.33722e-310
 1.86602e-309 1.0415e-309
 0.65625 0.15625
 0.53125 0.15625
 0.53125 0.
 0.5 1.54056e-309
 0.6875 0.
 0. 0.5625
 0.15625 0.5
 1.88082e-309 1.0415e-309
 0.71875 0.1875
 0.5625 0.1875
 0.5625 0.1875
 0.53125 1.56277e-309
 0.53125 0.1875
 0.53125 0.1875
 0.53125 0.1875
 4.77788e-310 1.97502e-309
 0.75 0.25
 0. 0.53125
 0. 0.5
 2.04011e-309 1.17169e-309
 0.75 0.1875
 0.5625 0.1875
 0.5625 0.21875
 0.53125 1.68581e-309
 0.78125 0.
 0.5 0.8125
 0. 0.53125
 2.07636e-309 1.17169e-309
 0.125 0.5625
 0.1875 0.5625
 0.125 0.625
 0.1875 0.625
 0.1875 0.5625
 0.25 0.5625
 0.1875 0.625
 0.25 0.625
 0. 0.625
 0.0625 0.625
 0. 0.6875
 0.0625 0.6875
 0.0625 0.625
 0.125 0.625
 0.0625 0.6875
 0.125 0.6875
 0. 0.6875
 0.0625 0.6875
 0. 0.75
 0.0625 0.75
 0.0625 0.6875
 0.125 0.6875
 0.0625 0.75
 0.125 0.75
 0.125 0.625
 0.1875 0.625
 0.125 0.6875
 0.1875 0.6875
 0.1875 0.625
 0.25 0.625
 0.1875 0.6875
 0.25 0.6875
 0.125 0.6875
 0.1875 0.6875
 0.125 0.75
 0.1875 0.75
 0.1875 0.6875
 0.25 0.6875
 0.1875 0.75
 0.25 0.75
 0.25 0.5
 0.3125 0.5
 0.25 0.5625
 0.3125 0.5625
 0.3125 0.5
 0.375 0.5
 0.3125 0.5625
 0.375 0.5625
 0.25 0.5625
 0.3125 0.5625
 0.25 0.625
 0.3125 0.625
 0.3125 0.5625
 0.375 0.5625
 0.3125 0.625
 0.375 0.625
 0.375 0.5
 0.4375 0.5
 0.375 0.5625
 0.4375 0.5625
 0.4375 0.5
 0.5 0.5
 0.4375 0.5625
 0.5 0.5625
 0.375 0.5625
 0.4375 0.5625
 0.375 0.625
 0.4375 0.625
 0.4375 0.5625
 0.5 0.5625
 0.4375 0.625
 0.5 0.625
 0.625 0.28125
 0. 0.6875
 0.3125 7.69045e-310
 2.56035e-309 1.47546e-309
 0.9375 0.3125
 0. 0.65625
 0. 0.625
 2.54657e-309 1.47546e-309
 0.9375 0.
 0. 0.6875
 0.28125 0.625
 2.54657e-309 1.47546e-309
 0.96875 0.
 0.625 1.
 0. 0.65625
 2.58282e-309 1.47546e-309
 0.3125 0.625
 0.375 0.625
 0.3125 0.6875
 0.375 0.6875
 0.25 0.6875
 0.3125 0.6875
 0.25 0.75
 0.3125 0.75
 0.6875 0.34375
 0. 0.75
 0.375 8.86707e-310
 2.90752e-309 1.69244e-309
 1.0625 0.375
 0. 0.71875
 0. 0.6875
 2.87944e-309 1.69244e-309
 1.0625 0.
 0. 0.75
 0.34375 0.6875
 2.87944e-309 1.69244e-309
 1.09375 0.
 0.6875 1.125
 0. 0.71875
 2.91569e-309 1.69244e-309
 0.375 0.625
 0.4375 0.625
 0.375 0.6875
 0.4375 0.6875
 0.4375 0.625
 0.5 0.625
 0.4375 0.6875
 0.5 0.6875
 0.375 0.6875
 0.4375 0.6875
 0.375 0.75
 0.4375 0.75
 0.4375 0.6875
 0.5 0.6875
 0.4375 0.75
 0.5 0.75
 0. 0.75
 0.0625 0.75
 0. 0.8125
 0.0625 0.8125
 0.0625 0.75
 0.125 0.75
 0.0625 0.8125
 0.125 0.8125
 0. 0.8125
 0.0625 0.8125
 0. 0.875
 0.0625 0.875
 0.0625 0.8125
 0.125 0.8125
 0.0625 0.875
 0.125 0.875
 0.125 0.75
 0.1875 0.75
 0.125 0.8125
 0.1875 0.8125
 0.1875 0.75
 0.25 0.75
 0.1875 0.8125
 0.25 0.8125
 0.125 0.8125
 0.1875 0.8125
 0.125 0.875
 0.1875 0.875
 0.1875 0.8125
 0.25 0.8125
 0.1875 0.875
 0.25 0.875
 0.90625 0.
 0.90625 0.
 0.90625 0.
 6.45556e-310 2.53865e-309
 0.90625 0.03125
 0.90625 0.03125
 0.90625 0.
 0.875 1.97453e-309
 0. 0.90625
 0.03125 0.90625
 0. 0.9375
 0.03125 0.9375
 0.03125 0.90625
 0.0625 0.90625
 0.03125 0.9375
 0.0625 0.9375
 0.90625 0.0625
 0.90625 0.0625
 0.90625 0.0625
 6.76425e-310 2.69794e-309
 1. 0.125
 0. 0.90625
 0. 0.875
 2.76303e-309 1.43206e-309
 1. 0.0625
 0.9375 0.0625
 0.9375 0.09375
 0.90625 2.14836e-309
 1.03125 0.
 0.875 1.0625
 0. 0.90625
 2.79928e-309 1.43206e-309
 0. 0.9375
 0.03125 0.9375
 0. 0.96875
 0.03125 0.96875
 1. 0.03125
 1. 0.03125
 1. 0.
 0.9375 2.14811e-309
 0. 0.96875
 0.03125 0.96875
 0. 1.
 0.03125 1.
 1.03125 0.03125
 1. 0.03125
 1. 0.0625
 0.96875 2.15551e-309
 0.0625 0.9375
 0.125 0.9375
 0.0625 1.
 0.125 1.
 0.125 0.875
 0.1875 0.875
 0.125 0.9375
 0.1875 0.9375
 0.1875 0.875
 0.25 0.875
 0.1875 0.9375
 0.25 0.9375
 0.125 0.9375
 0.1875 0.9375
 0.125 1.
 0.1875 1.
 0.1875 0.9375
 0.25 0.9375
 0.1875 1.
 0.25 1.
 0.25 0.75
 0.3125 0.75
 0.25 0.8125
 0.3125 0.8125
 0.3125 0.75
 0.375 0.75
 0.3125 0.8125
 0.375 0.8125
 0.25 0.8125
 0.3125 0.8125
 0.25 0.875
 0.3125 0.875
 0.3125 0.8125
 0.375 0.8125
 0.3125 0.875
 0.375 0.875
 0.75 0.40625
 0. 0.8125
 0.4375 1.00437e-309
 3.25468e-309 1.90941e-309
 1.1875 0.4375
 0. 0.78125
 0. 0.75
 3.21231e-309 1.90941e-309
 1.1875 0.375
 0.8125 0.375
 0.8125 0.
 0.75 2.75565e-309
 1.21875 0.40625
 0.8125 0.40625
 0.8125 0.4375
 0.78125 2.72068e-309
 0.4375 0.75
 0.5 0.75
 0.4375 0.8125
 0.5 0.8125
 0.875 0.375
 0.8125 0.375
 0.8125 0.40625
 7.50241e-310 3.31365e-309
 1.25 0.40625
 0.875 0.40625
 0.875 0.
 0.8125 2.92923e-309
 1.25 0.
 0. 0.875
 0.40625 0.8125
 3.38589e-309 1.99621e-309
 1.28125 0.
 0.8125 1.3125
 0. 0.84375
 3.42214e-309 1.99621e-309
 0.4375 0.8125
 0.5 0.8125
 0.4375 0.875
 0.5 0.875
 0.25 0.875
 0.3125 0.875
 0.25 0.9375
 0.3125 0.9375
 0.3125 0.875
 0.375 0.875
 0.3125 0.9375
 0.375 0.9375
 0.25 0.9375
 0.3125 0.9375
 0.25 1.
 0.3125 1.
 0.9375 0.34375
 0. 1.
 0.375 1.06029e-309
 3.60185e-309 2.0396e-309
 1.3125 0.375
 0. 0.96875
 0. 0.9375
 3.57377e-309 2.0396e-309
 1.3125 0.3125
 1. 0.3125
 1. 0.
 0.9375 2.97263e-309
 1.34375 0.34375
 1. 0.34375
 1. 0.375
 0.96875 2.95195e-309
 0.375 0.875
 0.4375 0.875
 0.375 0.9375
 0.4375 0.9375
 0.4375 0.875
 0.5 0.875
 0.4375 0.9375
 0.5 0.9375
 0.375 0.9375
 0.4375 0.9375
 0.375 1.
 0.4375 1.
 0.4375 0.9375
 0.5 0.9375
 0.4375 1.
 0.5 1.
 0.5 0.5
 0.5625 0.5
 0.5 0.5625
 0.5625 0.5625
 0.5625 0.5
 0.625 0.5
 0.5625 0.5625
 0.625 0.5625
 0.5 0.5625
 0.5625 0.5625
 0.5 0.625
 0.5625 0.625
 0.5625 0.5625
 0.625 0.5625
 0.5625 0.625
 0.625 0.625
 0.625 0.5
 0.6875 0.5
 0.625 0.5625
 0.6875 0.5625
 0.6875 0.5
 0.75 0.5
 0.6875 0.5625
 0.75 0.5625
 0.5625 0.65625
 0. 0.625
 0.6875 1.17124e-309
 3.42827e-309 2.16979e-309
 1.21875 0.65625
 0.59375 0.65625
 0.59375 0.
 0.5625 3.05941e-309
 1.25 0.
 0. 0.625
 0.65625 0.5625
 3.32871e-309 2.16979e-309
 1.28125 0.6875
 0.625 0.6875
 0.625 0.6875
 0.59375 2.96726e-309
 0.59375 0.6875
 0.59375 0.6875
 0.59375 0.6875
 7.68134e-310 3.42291e-309
 1.3125 0.75
 0. 0.59375
 0. 0.5625
 3.488e-309 2.29998e-309
 1.3125 0.6875
 0.625 0.6875
 0.625 0.71875
 0.59375 3.0903e-309
 1.34375 0.
 0.5625 1.375
 0. 0.59375
 3.52425e-309 2.29998e-309
 0.625 0.53125
 0. 0.6875
 0.5625 1.0661e-309
 3.25468e-309 1.99621e-309
 1.1875 0.5625
 0. 0.65625
 0. 0.625
 3.18372e-309 1.99621e-309
 1.1875 0.
 0. 0.6875
 0.53125 0.625
 3.18372e-309 1.99621e-309
 1.21875 0.
 0.625 1.25
 0. 0.65625
 3.21997e-309 1.99621e-309
 0.5625 0.625
 0.625 0.625
 0.5625 0.6875
 0.625 0.6875
 0.5 0.6875
 0.5625 0.6875
 0.5 0.75
 0.5625 0.75
 0.5625 0.6875
 0.625 0.6875
 0.5625 0.75
 0.625 0.75
 0.625 0.625
 0.6875 0.625
 0.625 0.6875
 0.6875 0.6875
 0.6875 0.625
 0.75 0.625
 0.6875 0.6875
 0.75 0.6875
 0.625 0.6875
 0.6875 0.6875
 0.625 0.75
 0.6875 0.75
 0.6875 0.6875
 0.75 0.6875
 0.6875 0.75
 0.75 0.75
 0.5625 0.75
 0.5 0.75
 0.5 0.78125
 7.18475e-310 3.40147e-309
 1.3125 0.78125
 0.5625 0.78125
 0.5625 0.
 0.5 3.31979e-309
 1.3125 0.
 0. 0.5625
 0.78125 0.5
 3.47371e-309 2.34337e-309
 1.34375 0.
 0.5 1.375
 0. 0.53125
 3.50996e-309 2.34337e-309
 0.8125 0.5
 0.875 0.5
 0.8125 0.5625
 0.875 0.5625
 0.75 0.5625
 0.8125 0.5625
 0.75 0.625
 0.8125 0.625
 0.5625 0.84375
 0. 0.625
 0.875 1.39403e-309
 3.94902e-309 2.56035e-309
 1.4375 0.875
 0. 0.59375
 0. 0.5625
 3.80658e-309 2.56035e-309
 1.4375 0.8125
 0.625 0.8125
 0.625 0.
 0.5625 3.58016e-309
 1.46875 0.84375
 0.625 0.84375
 0.625 0.875
 0.59375 3.44513e-309
 0.875 0.5
 0.9375 0.5
 0.875 0.5625
 0.9375 0.5625
 0.9375 0.5
 1. 0.5
 0.9375 0.5625
 1. 0.5625
 0.875 0.5625
 0.9375 0.5625
 0.875 0.625
 0.9375 0.625
 0.9375 0.5625
 1. 0.5625
 0.9375 0.625
 1. 0.625
 0.75 0.625
 0.8125 0.625
 0.75 0.6875
 0.8125 0.6875
 0.6875 0.8125
 0.625 0.8125
 0.625 0.84375
 8.36135e-310 3.90792e-309
 1.5 0.84375
 0.6875 0.84375
 0.6875 0.
 0.625 3.75375e-309
 1.5 0.8125
 0.6875 0.8125
 0.6875 0.
 0.625 3.71035e-309
 1.53125 0.84375
 0.6875 0.84375
 0.6875 0.875
 0.65625 3.57532e-309
 0.75 0.6875
 0.8125 0.6875
 0.75 0.75
 0.8125 0.75
 0.75 0.8125
 0.6875 0.8125
 0.6875 0.84375
 8.79531e-310 4.0815e-309
 0.84375 0.6875
 0.875 0.6875
 0.84375 0.71875
 0.875 0.71875
 1.5625 0.
 0. 0.75
 0.84375 0.6875
 4.15374e-309 2.73393e-309
 1.59375 0.875
 0.75 0.875
 0.75 0.875
 0.71875 3.70551e-309
 0.875 0.625
 0.9375 0.625
 0.875 0.6875
 0.9375 0.6875
 0.9375 0.625
 1. 0.625
 0.9375 0.6875
 1. 0.6875
 0.71875 0.875
 0.71875 0.875
 0.71875 0.875
 9.47532e-310 4.24794e-309
 1.625 0.9375
 0. 0.71875
 0. 0.6875
 4.31303e-309 2.86412e-309
 0.875 0.71875
 0.90625 0.71875
 0.875 0.75
 0.90625 0.75
 1.65625 0.90625
 0.75 0.90625
 0.75 0.9375
 0.71875 3.86479e-309
 0.9375 0.6875
 1. 0.6875
 0.9375 0.75
 1. 0.75
 0.5 0.75
 0.5625 0.75
 0.5 0.8125
 0.5625 0.8125
 0.5625 0.75
 0.625 0.75
 0.5625 0.8125
 0.625 0.8125
 0.5 0.8125
 0.5625 0.8125
 0.5 0.875
 0.5625 0.875
 0.5625 0.8125
 0.625 0.8125
 0.5625 0.875
 0.625 0.875
 0.625 0.75
 0.6875 0.75
 0.625 0.8125
 0.6875 0.8125
 0.6875 0.75
 0.75 0.75
 0.6875 0.8125
 0.75 0.8125
 0.625 0.8125
 0.6875 0.8125
 0.625 0.875
 0.6875 0.875
 0.6875 0.8125
 0.75 0.8125
 0.6875 0.875
 0.75 0.875
 0.875 0.53125
 0. 0.9375
 0.5625 1.23969e-309
 3.94902e-309 2.34337e-309
 1.4375 0.5625
 0. 0.90625
 0. 0.875
 3.87805e-309 2.34337e-309
 1.4375 0.5
 0.9375 0.5
 0.9375 0.
 0.875 3.36319e-309
 1.46875 0.53125
 0.9375 0.53125
 0.9375 0.5625
 0.90625 3.29963e-309
 0.5625 0.875
 0.625 0.875
 0.5625 0.9375
 0.625 0.9375
 1. 0.5
 0.9375 0.5
 0.9375 0.53125
 8.9877e-310 3.97939e-309
 1.5 0.53125
 1. 0.53125
 1. 0.
 0.9375 3.53677e-309
 1.5 0.5
 1. 0.5
 1. 0.
 0.9375 3.49338e-309
 1.53125 0.53125
 1. 0.53125
 1. 0.5625
 0.96875 3.42982e-309
 0.5625 0.9375
 0.625 0.9375
 0.5625 1.
 0.625 1.
 0.875 0.65625
 0. 0.9375
 0.6875 1.38822e-309
 4.29618e-309 2.60375e-309
 1.5625 0.6875
 0. 0.90625
 0. 0.875
 4.19663e-309 2.60375e-309
 1.5625 0.
 0. 0.9375
 0.65625 0.875
 4.19663e-309 2.60375e-309
 1.59375 0.
 0.875 1.625
 0. 0.90625
 4.23288e-309 2.60375e-309
 0.6875 0.875
 0.75 0.875
 0.6875 0.9375
 0.75 0.9375
 0.625 0.9375
 0.6875 0.9375
 0.625 1.
 0.6875 1.
 0.6875 0.9375
 0.75 0.9375
 0.6875 1.
 0.75 1.
 0.75 0.75
 0.8125 0.75
 0.75 0.8125
 0.8125 0.8125
 0.8125 0.75
 0.875 0.75
 0.8125 0.8125
 0.875 0.8125
 0.75 0.8125
 0.8125 0.8125
 0.75 0.875
 0.8125 0.875
 0.8125 0.8125
 0.875 0.8125
 0.8125 0.875
 0.875 0.875
 0.8125 0.875
 0.75 0.875
 0.75 0.90625
 9.53795e-310 4.41437e-309
 1.6875 0.90625
 0.8125 0.90625
 0.8125 0.
 0.75 4.18771e-309
 1.6875 0.875
 0.8125 0.875
 0.8125 0.
 0.75 4.14431e-309
 1.71875 0.90625
 0.8125 0.90625
 0.8125 0.9375
 0.78125 3.99498e-309
 0.9375 0.75
 1. 0.75
 0.9375 0.8125
 1. 0.8125
 0.875 0.875
 0.8125 0.875
 0.8125 0.90625
 9.97191e-310 4.58796e-309
 1.75 0.90625
 0.875 0.90625
 0.875 0.
 0.8125 4.3179e-309
 1.75 0.
 0. 0.875
 0.90625 0.8125
 4.6602e-309 3.0377e-309
 1.78125 0.
 0.8125 1.8125
 0. 0.84375
 4.69645e-309 3.0377e-309
 0.9375 0.8125
 1. 0.8125
 0.9375 0.875
 1. 0.875
 0.75 0.875
 0.8125 0.875
 0.75 0.9375
 0.8125 0.9375
 0.8125 0.875
 0.875 0.875
 0.8125 0.9375
 0.875 0.9375
 0.75 0.9375
 0.8125 0.9375
 0.75 1.
 0.8125 1.
 0.9375 0.84375
 0. 1.
 0.875 1.65441e-309
 4.99051e-309 3.0811e-309
 1.8125 0.875
 0. 0.96875
 0. 0.9375
 4.84808e-309 3.0811e-309
 1.8125 0.8125
 1. 0.8125
 1. 0.
 0.9375 4.36129e-309
 1.84375 0.84375
 1. 0.84375
 1. 0.875
 0.96875 4.22626e-309
 0.875 0.875
 0.9375 0.875
 0.875 0.9375
 0.9375 0.9375
 0.9375 0.875
 1. 0.875
 0.9375 0.9375
 1. 0.9375
 0.875 0.9375
 0.9375 0.9375
 0.875 1.
 0.9375 1.
 0.9375 0.96875
 0. 1.
 1. 1.80294e-309
 5.33768e-309 3.34147e-309
 1.90625 0.96875
 0.96875 0.96875
 0.96875 0.
 0.9375 4.70846e-309
 1.9375 0.9375
 1. 0.9375
 1. 0.
 0.9375 4.70846e-309
 0.96875 0.96875
 1. 0.96875
 0.96875 1.
 1. 1.
FiniteElementSpace
FiniteElementCollection: H1_2D_P1
VDim: 1
Ordering: 1

 0.
 0.00390625
 0.00390625
 0.0078125
 0.015625
 0.0195312
 0.00878906
 0.00976562
 0.015625
 0.0195312
 0.03125
 0.0351562
 0.0390625
 0.0625
 0.0664062
 0.0507812
 0.078125
 0.0351562
 0.0390625
 0.0507812
 0.0625
 0.0664062
 0.078125
 0.0703125
 0.0722656
 0.0830078
 0.0976562
 0.0722656
 0.0830078
 0.0869141
 0.0976562
 0.0957031
 0.110352
 0.125
 0.0976562
 0.101562
 0.140625
 0.113281
 0.15625
 0.25
 0.265625
 0.132812
 0.175781
 0.160156
 0.203125
 0.226562
 0.285156
 0.253906
 0.3125
 0.0976563
 0.101562
 0.113281
 0.118164
 0.119141
 0.12207
 0.140625
 0.144531
 0.126953
 0.133789
 0.15625
 0.103516
 0.114258
 0.12207
 0.132813
 0.126953
 0.141602
 0.160156
 0.142578
 0.175781
 0.203125
 0.191406
 0.195312
 0.207031
 0.219727
 0.220703
 0.25
 0.253906
 0.265625
 0.226562
 0.253906
 0.285156
 0.3125
 0.158203
 0.176758
 0.195313
 0.197266
 0.21582
 0.238281
 0.238281
 0.236328
 0.28125
 0.289062
 0.347656
 0.332031
 0.390625
 0.289062
 0.332031
 0.347656
 0.390625
 0.382812
 0.441406
 0.441406
 0.5
 0.390625
 0.40625
 0.5625
 0.578125
 0.351562
 0.425781
 0.378906
 0.453125
 0.507812
 0.597656
 0.535156
 0.625
 0.765625
 0.78125
 1.
 1.01562
 0.695312
 0.800781
 0.722656
 0.828125
 0.914062
 1.03516
 0.941406
 1.0625
 0.361328
 0.395508
 0.379883
 0.414063
 0.431641
 0.450195
 0.488281
 0.400391
 0.43457
 0.457031
 0.470703
 0.53125
 0.570312
 0.660156
 0.613281
 0.703125
 0.507812
 0.582031
 0.566406
 0.640625
 0.664062
 0.753906
 0.722656
 0.8125
 0.757812
 0.791016
 0.80957
 0.863281
 0.800781
 0.830078
 0.90625
 0.976562
 1.09766
 1.01953
 1.14062
 0.851562
 0.957031
 0.830078
 0.860352
 0.910156
 1.01562
 1.07031
 1.19141
 1.12891
 1.25
 0.316406
 0.320312
 0.332031
 0.352539
 0.353516
 0.390625
 0.394531
 0.40625
 0.306641
 0.317383
 0.351562
 0.330078
 0.378906
 0.425781
 0.453125
 0.472656
 0.476563
 0.488281
 0.5625
 0.566406
 0.578125
 0.507813
 0.535156
 0.597656
 0.625
 0.414062
 0.457031
 0.488281
 0.53125
 0.507812
 0.566406
 0.582031
 0.640625
 0.509766
 0.570312
 0.613281
 0.660156
 0.634766
 0.703125
 0.664063
 0.722656
 0.753906
 0.8125
 0.660156
 0.664062
 0.675781
 0.765625
 0.769531
 0.78125
 0.695312
 0.722656
 0.800781
 0.828125
 0.821289
 0.822266
 0.825195
 0.878906
 0.879883
 0.882812
 0.830078
 0.894531
 0.938477
 0.939453
 1.
 1.00098
 1.00391
 1.01562
 0.914062
 0.941406
 1.03516
 1.0625
 0.757812
 0.800781
 0.863281
 0.90625
 0.775391
 0.825195
 0.851562
 0.910156
 0.876953
 0.957031
 1.01562
 0.976562
 1.01953
 1.09766
 1.05664
 1.11816
 1.14062
 1.07031
 1.12891
 1.19141
 1.25
 0.632812
 0.707031
 0.707031
 0.78125
 0.789062
 0.878906
 0.783203
 0.825195
 0.863281
 0.869141
 0.953125
 0.712891
 0.789062
 0.863281
 0.878906
 0.953125
 0.945313
 1.03516
 1.03516
 1.125
 0.892578
 0.976562
 1.08203
 1.05078
 1.06445
 1.10254
 1.15625
 1.19531
 1.31641
 1.26953
 1.39063
 1.13281
 1.14258
 1.18457
 1.23828
 1.22266
 1.22852
 1.28223
 1.32812
 1.35156
 1.47266
 1.33789
 1.38379
 1.44141
 1.5625
 0.976562
 1.05078
 1.08203
 1.15625
 1.13281
 1.22266
 1.23828
 1.32812
 1.10352
 1.16113
 1.19531
 1.26953
 1.2207
 1.28223
 1.31641
 1.39063
 1.25195
 1.35156
 1.44141
 1.47266
 1.5625
 1.32031
 1.42578
 1.42578
 1.53125
 1.43164
 1.48145
 1.53906
 1.66016
 1.5332
 1.64453
 1.76562
 1.53906
 1.64453
 1.66016
 1.65039
 1.71191
 1.76562
 1.75781
 1.87891
 1.87891
 1.87695
 1.93848
 1.93848
 2.
 0.00488281
 0.0126953
 0.0166016
 0.0634766
 0.0634766
 0.0595703
 0.0595703
 0.0869141
 0.110352
 0.144531
 0.207031
 0.141602
 0.180664
 0.0986328
 0.0947266
 0.106445
 0.141602
 0.149414
 0.145508
 0.15332
 0.165039
 0.192383
 0.223633
 0.250977
 0.274414
 0.297852
 0.176758
 0.219727
 0.21582
 0.258789
 0.258789
 0.329102
 0.368164
 0.332031
 0.488281
 0.344727
 0.415039
 0.675781
 0.894531
 0.774414
 0.469727
 0.422852
 0.508789
 0.493164
 0.782227
 0.739258
 0.844727
 0.77832
 0.883789
 0.852539
 0.801758
 0.879883
 0.317383
 0.297852
 0.356445
 0.391602
 0.34082
 0.344727
 0.364258
 0.493164
 0.469727
 0.52832
 0.551758
 0.59082
 0.614258
 0.657227
 0.680664
 0.680664
 0.727539
 0.766602
 0.774414
 0.836914
 0.887695
 0.942383
 0.750977
 0.852539
 0.801758
 0.90332
 0.930664
 0.99707
 1.03613
 1.0791
 1.07129
 1.18848
 0.672852
 0.743164
 0.74707
 0.844727
 0.833008
 0.821289
 0.915039
 0.907227
 0.74707
 0.754883
 0.942383
 0.926758
 1.02832
 1.0127
 1.11816
 1.09082
 1.19629
 1.17676
 1.27441
 1.29395
 1.39551
 1.04785
 1.19629
 1.1377
 1.21191
 1.25488
 1.29395
 1.30957
 1.37598
 1.47754
 1.48926
 1.59082
 1.58691
 1.59082
 1.59863
 1.7041
 1.81738
 1.81738
