DM Object: box 1 MPI processes
  type: plex
box in 2 dimensions:
  Number of 0-cells per rank: 289
  Number of 1-cells per rank: 800
  Number of 2-cells per rank: 512
Labels:
  celltype: 3 strata with value/size (1 (800), 3 (512), 0 (289))
  depth: 3 strata with value/size (0 (289), 1 (800), 2 (512))
  marker: 1 strata with value/size (1 (128))
  Face Sets: 1 strata with value/size (1 (120))
N_orig: 3 N_adapt: 500.
      DM Object: box 1 MPI processes
        type: plex
      box in 2 dimensions:
        Number of 0-cells per rank:       913      
        Number of 1-cells per rank:       2644      
        Number of 2-cells per rank:       1732      
      Labels:
        celltype: 3 strata with value/size (0 (913), 3 (1732), 1 (2644))
        depth: 3 strata with value/size (0 (913), 1 (2644), 2 (1732))
        marker: 1 strata with value/size (1 (184))
      Field potential:
        adjacency FEM
N_orig: 3 N_adapt: 500.
    DM Object: box 1 MPI processes
      type: plex
    box in 2 dimensions:
      Number of 0-cells per rank:     1140    
      Number of 1-cells per rank:     3325    
      Number of 2-cells per rank:     2186    
    Labels:
      celltype: 3 strata with value/size (0 (1140), 3 (2186), 1 (3325))
      depth: 3 strata with value/size (0 (1140), 1 (3325), 2 (2186))
      marker: 1 strata with value/size (1 (184))
    Field potential:
      adjacency FEM
N_orig: 3 N_adapt: 500.
  DM Object: box 1 MPI processes
    type: plex
  box in 2 dimensions:
    Number of 0-cells per rank:   1251  
    Number of 1-cells per rank:   3650  
    Number of 2-cells per rank:   2400  
  Labels:
    celltype: 3 strata with value/size (0 (1251), 3 (2400), 1 (3650))
    depth: 3 strata with value/size (0 (1251), 1 (3650), 2 (2400))
    marker: 1 strata with value/size (1 (200))
  Field potential:
    adjacency FEM
N_orig: 3 N_adapt: 500.
