            0 SNES Function norm 8.636957404136e+00 
            1 SNES Function norm 4.074855257661e-05 
            2 SNES Function norm 2.379423513693e-15 
          0 SNES Function norm 5.541436587521e+00 
          1 SNES Function norm 1.094199481894e+00 
            0 SNES Function norm 1.167451648768e+00 
            1 SNES Function norm 1.335516275265e-15 
          0 SNES Function norm 5.265004442347e-01 
          1 SNES Function norm 9.486826296113e-02 
        0 SNES Function norm 3.284866184510e+00 
        1 SNES Function norm 5.428799585881e-01 
          0 SNES Function norm 4.640189447019e-01 
          1 SNES Function norm 1.780297651844e-01 
            0 SNES Function norm 2.778102345362e-01 
            1 SNES Function norm 1.222309352970e-15 
          0 SNES Function norm 1.600822994737e-01 
          1 SNES Function norm 3.269849791286e-02 
        0 SNES Function norm 3.719445847192e-01 
        1 SNES Function norm 6.885878791346e-02 
      0 SNES Function norm 1.749341971076e+00 
      1 SNES Function norm 2.833041290199e-01 
        0 SNES Function norm 1.347054781924e-01 
        1 SNES Function norm 6.392833292528e-02 
          0 SNES Function norm 1.080053696682e-01 
          1 SNES Function norm 4.308823390135e-02 
            0 SNES Function norm 6.849182749130e-02 
            1 SNES Function norm 2.412842591106e-15 
          0 SNES Function norm 4.108783365366e-02 
          1 SNES Function norm 8.381841008662e-03 
        0 SNES Function norm 6.423388819711e-02 
        1 SNES Function norm 1.408434416492e-02 
      0 SNES Function norm 2.513154780396e-01 
      1 SNES Function norm 4.367018638929e-02 
    0 SNES Function norm 8.971488493125e-01 
    1 SNES Function norm 1.417274594839e-01 
      0 SNES Function norm 4.403098049756e-02 
      1 SNES Function norm 1.841407912239e-02 
        0 SNES Function norm 3.039438515394e-02 
        1 SNES Function norm 1.568512356905e-02 
          0 SNES Function norm 2.684434194073e-02 
          1 SNES Function norm 1.123194103840e-02 
            0 SNES Function norm 1.820510336811e-02 
            1 SNES Function norm 8.411387752297e-16 
          0 SNES Function norm 1.127054290364e-02 
          1 SNES Function norm 2.297082737411e-03 
        0 SNES Function norm 1.621518038223e-02 
        1 SNES Function norm 3.546301060352e-03 
      0 SNES Function norm 1.787817881852e-02 
      1 SNES Function norm 3.835924070397e-03 
    0 SNES Function norm 1.352290368679e-01 
    1 SNES Function norm 2.274680690383e-02 
