            0 SNES Function norm 9.397075046548e+00 
            1 SNES Function norm 3.405152159623e-15 
          0 SNES Function norm 4.229630855397e+00 
          1 SNES Function norm 8.074698129999e-01 
            0 SNES Function norm 1.033572306081e+00 
            1 SNES Function norm 1.409303102352e-05 
            2 SNES Function norm 1.013197319680e-15 
          0 SNES Function norm 4.249777458769e-01 
          1 SNES Function norm 7.509505829852e-02 
        0 SNES Function norm 2.366180673256e+00 
        1 SNES Function norm 4.264932216906e-01 
          0 SNES Function norm 2.825269046124e-01 
          1 SNES Function norm 1.494925188892e-01 
            0 SNES Function norm 2.437128974929e-01 
            1 SNES Function norm 2.942194405551e-06 
            2 SNES Function norm 7.563553502527e-16 
          0 SNES Function norm 1.450922034112e-01 
          1 SNES Function norm 3.113197675179e-02 
        0 SNES Function norm 3.506575958145e-01 
        1 SNES Function norm 6.276647489452e-02 
      0 SNES Function norm 1.223003973106e+00 
      1 SNES Function norm 2.220805132318e-01 
        0 SNES Function norm 7.215186093757e-02 
        1 SNES Function norm 4.256352470081e-02 
          0 SNES Function norm 7.527351260915e-02 
          1 SNES Function norm 3.761981246125e-02 
            0 SNES Function norm 6.077771294907e-02 
            1 SNES Function norm 4.720337854369e-16 
          0 SNES Function norm 3.661030011130e-02 
          1 SNES Function norm 7.889605696450e-03 
        0 SNES Function norm 4.460787425236e-02 
        1 SNES Function norm 9.645846670960e-03 
      0 SNES Function norm 2.100950740827e-01 
      1 SNES Function norm 3.816829130345e-02 
    0 SNES Function norm 6.164926822819e-01 
    1 SNES Function norm 1.086387078455e-01 
      0 SNES Function norm 2.281187913062e-02 
      1 SNES Function norm 1.157061415217e-02 
        0 SNES Function norm 2.001423579214e-02 
        1 SNES Function norm 1.148695660039e-02 
          0 SNES Function norm 2.009851420404e-02 
          1 SNES Function norm 9.601848074952e-03 
            0 SNES Function norm 1.543026611162e-02 
            1 SNES Function norm 9.622728723983e-16 
          0 SNES Function norm 9.314083833755e-03 
          1 SNES Function norm 2.012719669210e-03 
        0 SNES Function norm 1.220769562770e-02 
        1 SNES Function norm 2.640474843311e-03 
      0 SNES Function norm 1.081625374364e-02 
      1 SNES Function norm 2.202471593346e-03 
    0 SNES Function norm 1.067358909289e-01 
    1 SNES Function norm 1.884404582534e-02 
