atol=1e-50, rtol=1e-08, stol=1e-08, maxit=50, maxf=10000
  0 SNES Function norm 5.41468 
DL evaluated. tau: 9.2042e-02, ynnorm: 9.5591e-01, ycnorm: 8.7244e-02
  1 SNES Function norm 3.94739 
DL evaluated. tau: 2.7017e-01, ynnorm: 8.4785e-01, ycnorm: 4.3222e-02
  2 SNES Function norm 2.5059 
DL evaluated. tau: 7.5575e-01, ynnorm: 6.0568e-01, ycnorm: 3.3733e-02
  3 SNES Function norm 0.494997 
  4 SNES Function norm 0.00563116 
  5 SNES Function norm 1.44668e-07 
  6 SNES Function norm < 1.e-11
SNES Object: 1 MPI processes
  type: newtontrdc
    Trust region tolerance (-snes_trtol)
    eta1=0.001, eta2=0.25, eta3=0.75
    delta0=0.1, t1=0.25, t2=2., deltaM=0.5
  maximum iterations=50, maximum function evaluations=10000
  tolerances: relative=1e-08, absolute=1e-50, solution=1e-08
  total number of linear solver iterations=6
  total number of function evaluations=7
  norm schedule ALWAYS
  KSP Object: 1 MPI processes
    type: gmres
      restart=30, using Classical (unmodified) Gram-Schmidt Orthogonalization with no iterative refinement
      happy breakdown tolerance 1e-30
    maximum iterations=10000, initial guess is zero
    tolerances:  relative=1e-05, absolute=1e-50, divergence=10000.
    left preconditioning
    using PRECONDITIONED norm type for convergence test
  PC Object: 1 MPI processes
    type: ilu
      out-of-place factorization
      0 levels of fill
      tolerance for zero pivot 2.22045e-14
      matrix ordering: natural
      factor fill ratio given 1., needed 1.
        Factored matrix follows:
          Mat Object: 1 MPI processes
            type: seqaij
            rows=5, cols=5
            package used to perform factorization: petsc
            total: nonzeros=11, allocated nonzeros=11
              not using I-node routines
    linear system matrix = precond matrix:
    Mat Object: 1 MPI processes
      type: seqaij
      rows=5, cols=5
      total: nonzeros=11, allocated nonzeros=15
      total number of mallocs used during MatSetValues calls=0
        not using I-node routines
number of SNES iterations = 6

Norm of error 1.0108e-13, Iterations 6
