0   SNES Function norm 13.
  Residual norms for fas_levels_2_ solve.
  0   SNES Function norm 13.
  1   SNES Function norm 10.0538
    Residual norms for fas_levels_1_ solve.
    0   SNES Function norm 18.9566
    1   SNES Function norm 12.4586
    Residual norms for fas_levels_1_ solve.
    0   SNES Function norm 6.88663
    1   SNES Function norm 2.32223
  Residual norms for fas_levels_2_ solve.
  0   SNES Function norm 7.19236
  1   SNES Function norm 1.35036
1   SNES Function norm 1.35036
  Residual norms for fas_levels_2_ solve.
  0   SNES Function norm 1.35036
  1   SNES Function norm 1.22072
    Residual norms for fas_levels_1_ solve.
    0   SNES Function norm 2.31585
    1   SNES Function norm 1.37852
    Residual norms for fas_levels_1_ solve.
    0   SNES Function norm 0.8865
    1   SNES Function norm 0.253559
  Residual norms for fas_levels_2_ solve.
  0   SNES Function norm 0.875687
  1   SNES Function norm 0.238558
2   SNES Function norm 0.238558
  Residual norms for fas_levels_2_ solve.
  0   SNES Function norm 0.238558
  1   SNES Function norm 0.146676
    Residual norms for fas_levels_1_ solve.
    0   SNES Function norm 0.264183
    1   SNES Function norm 0.193296
    Residual norms for fas_levels_1_ solve.
    0   SNES Function norm 0.115933
    1   SNES Function norm 0.0372776
  Residual norms for fas_levels_2_ solve.
  0   SNES Function norm 0.128315
  1   SNES Function norm 0.028189
3   SNES Function norm 0.028189
  Residual norms for fas_levels_2_ solve.
  0   SNES Function norm 0.028189
  1   SNES Function norm 0.0212243
    Residual norms for fas_levels_1_ solve.
    0   SNES Function norm 0.0385274
    1   SNES Function norm 0.0301707
    Residual norms for fas_levels_1_ solve.
    0   SNES Function norm 0.0171329
    1   SNES Function norm 0.00527259
  Residual norms for fas_levels_2_ solve.
  0   SNES Function norm 0.0170834
  1   SNES Function norm 0.00449957
4   SNES Function norm 0.00449957
  Residual norms for fas_levels_2_ solve.
  0   SNES Function norm 0.00449957
  1   SNES Function norm 0.00343646
    Residual norms for fas_levels_1_ solve.
    0   SNES Function norm 0.00581426
    1   SNES Function norm 0.00452594
    Residual norms for fas_levels_1_ solve.
    0   SNES Function norm 0.00271535
    1   SNES Function norm 0.00079926
  Residual norms for fas_levels_2_ solve.
  0   SNES Function norm 0.00285893
  1   SNES Function norm 0.000982329
5   SNES Function norm 0.000982329
  Residual norms for fas_levels_2_ solve.
  0   SNES Function norm 0.000982329
  1   SNES Function norm 0.000654239
    Residual norms for fas_levels_1_ solve.
    0   SNES Function norm 0.00095393
    1   SNES Function norm 0.000701388
    Residual norms for fas_levels_1_ solve.
    0   SNES Function norm 0.000433908
    1   SNES Function norm 0.00013282
  Residual norms for fas_levels_2_ solve.
  0   SNES Function norm 0.000595057
  1   SNES Function norm 0.000232751
6   SNES Function norm 0.000232751
  Residual norms for fas_levels_2_ solve.
  0   SNES Function norm 0.000232751
  1   SNES Function norm 0.000147038
    Residual norms for fas_levels_1_ solve.
    0   SNES Function norm 0.000183604
    1   SNES Function norm 0.000114791
    Residual norms for fas_levels_1_ solve.
    0   SNES Function norm 6.9997e-05
    1   SNES Function norm 2.44127e-05
  Residual norms for fas_levels_2_ solve.
  0   SNES Function norm 0.000141046
  1   SNES Function norm 5.99786e-05
7   SNES Function norm 5.99786e-05
