  0 SNES Function norm 232.868 
  1 SNES Function norm 138.243 
  2 SNES Function norm 5.09329 
  3 SNES Function norm 5.08805 
  4 SNES Function norm 5.08275 
  5 SNES Function norm 5.07741 
  6 SNES Function norm 5.07203 
  7 SNES Function norm 5.06659 
  8 SNES Function norm 5.06111 
  9 SNES Function norm 5.05557 
 10 SNES Function norm 5.04999 
 11 SNES Function norm 5.04435 
 12 SNES Function norm 5.03867 
 13 SNES Function norm 5.03293 
 14 SNES Function norm 5.02714 
 15 SNES Function norm 5.02131 
 16 SNES Function norm 5.01541 
 17 SNES Function norm 5.00947 
 18 SNES Function norm 5.00347 
 19 SNES Function norm 4.99742 
 20 SNES Function norm 4.99131 
 21 SNES Function norm 4.98515 
 22 SNES Function norm 4.97893 
 23 SNES Function norm 4.97266 
 24 SNES Function norm 4.96633 
 25 SNES Function norm 4.95994 
 26 SNES Function norm 4.9535 
 27 SNES Function norm 4.94699 
 28 SNES Function norm 4.94043 
 29 SNES Function norm 4.93381 
 30 SNES Function norm 4.92713 
 31 SNES Function norm 4.92039 
 32 SNES Function norm 4.91359 
 33 SNES Function norm 4.90672 
 34 SNES Function norm 4.8998 
 35 SNES Function norm 4.89281 
 36 SNES Function norm 4.88575 
 37 SNES Function norm 4.87864 
 38 SNES Function norm 4.87146 
 39 SNES Function norm 4.86421 
 40 SNES Function norm 4.8569 
 41 SNES Function norm 4.84952 
 42 SNES Function norm 4.84207 
 43 SNES Function norm 4.83455 
 44 SNES Function norm 4.82697 
 45 SNES Function norm 4.81931 
 46 SNES Function norm 4.81159 
 47 SNES Function norm 4.80379 
 48 SNES Function norm 4.79593 
 49 SNES Function norm 4.78799 
 50 SNES Function norm 4.77997 
 51 SNES Function norm 4.77189 
 52 SNES Function norm 4.76372 
 53 SNES Function norm 4.75548 
 54 SNES Function norm 4.74717 
 55 SNES Function norm 4.73878 
 56 SNES Function norm 4.73031 
 57 SNES Function norm 4.72175 
 58 SNES Function norm 4.71312 
 59 SNES Function norm 4.70441 
 60 SNES Function norm 4.69562 
 61 SNES Function norm 4.68674 
 62 SNES Function norm 4.67778 
 63 SNES Function norm 4.66874 
 64 SNES Function norm 4.65961 
 65 SNES Function norm 4.65039 
 66 SNES Function norm 4.64109 
 67 SNES Function norm 4.63169 
 68 SNES Function norm 4.62221 
 69 SNES Function norm 4.61263 
 70 SNES Function norm 4.60297 
 71 SNES Function norm 4.59321 
 72 SNES Function norm 4.58335 
 73 SNES Function norm 4.5734 
 74 SNES Function norm 4.56336 
 75 SNES Function norm 4.55321 
 76 SNES Function norm 4.54297 
 77 SNES Function norm 4.53263 
 78 SNES Function norm 4.52218 
 79 SNES Function norm 4.51163 
 80 SNES Function norm 4.50098 
 81 SNES Function norm 4.49022 
 82 SNES Function norm 4.47936 
 83 SNES Function norm 4.46839 
 84 SNES Function norm 4.4573 
 85 SNES Function norm 4.44611 
 86 SNES Function norm 4.43481 
 87 SNES Function norm 4.42339 
 88 SNES Function norm 4.41185 
 89 SNES Function norm 4.4002 
 90 SNES Function norm 4.38843 
 91 SNES Function norm 4.37654 
 92 SNES Function norm 4.36452 
 93 SNES Function norm 4.35239 
 94 SNES Function norm 4.34012 
 95 SNES Function norm 4.32773 
 96 SNES Function norm 4.31522 
 97 SNES Function norm 4.30257 
 98 SNES Function norm 4.28979 
 99 SNES Function norm 4.27687 
100 SNES Function norm 4.26382 
101 SNES Function norm 4.25063 
102 SNES Function norm 4.2373 
103 SNES Function norm 4.22382 
104 SNES Function norm 4.2102 
105 SNES Function norm 4.19644 
106 SNES Function norm 4.18253 
107 SNES Function norm 4.16846 
108 SNES Function norm 4.15424 
109 SNES Function norm 4.13987 
110 SNES Function norm 4.12534 
111 SNES Function norm 4.11065 
112 SNES Function norm 4.09579 
113 SNES Function norm 4.08077 
114 SNES Function norm 4.06558 
115 SNES Function norm 4.05022 
116 SNES Function norm 4.03469 
117 SNES Function norm 4.01898 
118 SNES Function norm 4.00309 
119 SNES Function norm 3.98703 
120 SNES Function norm 3.97077 
121 SNES Function norm 3.95433 
122 SNES Function norm 3.9377 
123 SNES Function norm 3.92087 
124 SNES Function norm 3.90385 
125 SNES Function norm 3.88663 
126 SNES Function norm 3.86921 
127 SNES Function norm 3.85157 
128 SNES Function norm 3.83373 
129 SNES Function norm 3.81568 
130 SNES Function norm 3.79741 
131 SNES Function norm 3.77892 
132 SNES Function norm 3.7602 
133 SNES Function norm 3.74126 
134 SNES Function norm 3.72209 
135 SNES Function norm 3.70268 
136 SNES Function norm 3.68303 
137 SNES Function norm 3.66315 
138 SNES Function norm 3.64301 
139 SNES Function norm 3.62263 
140 SNES Function norm 3.60199 
141 SNES Function norm 3.58109 
142 SNES Function norm 3.55993 
143 SNES Function norm 3.5385 
144 SNES Function norm 3.51681 
145 SNES Function norm 3.49484 
146 SNES Function norm 3.47259 
147 SNES Function norm 3.45006 
148 SNES Function norm 3.42725 
149 SNES Function norm 3.40415 
150 SNES Function norm 3.38075 
151 SNES Function norm 3.35705 
152 SNES Function norm 3.33306 
153 SNES Function norm 3.30876 
154 SNES Function norm 3.28415 
155 SNES Function norm 3.25924 
156 SNES Function norm 3.23401 
157 SNES Function norm 3.20846 
158 SNES Function norm 3.18259 
159 SNES Function norm 3.15641 
160 SNES Function norm 3.1299 
161 SNES Function norm 3.10307 
162 SNES Function norm 3.07591 
163 SNES Function norm 3.04843 
164 SNES Function norm 3.02062 
165 SNES Function norm 2.99248 
166 SNES Function norm 2.96402 
167 SNES Function norm 2.93524 
168 SNES Function norm 2.90614 
169 SNES Function norm 2.87671 
170 SNES Function norm 2.84698 
171 SNES Function norm 2.81694 
172 SNES Function norm 2.78659 
173 SNES Function norm 2.75595 
174 SNES Function norm 2.72501 
175 SNES Function norm 2.6938 
176 SNES Function norm 2.66232 
177 SNES Function norm 2.63057 
178 SNES Function norm 2.58659 
179 SNES Function norm 2.53966 
180 SNES Function norm 2.48997 
181 SNES Function norm 2.43773 
182 SNES Function norm 2.38324 
183 SNES Function norm 2.32679 
184 SNES Function norm 2.26873 
185 SNES Function norm 2.20943 
186 SNES Function norm 2.14926 
187 SNES Function norm 2.08862 
188 SNES Function norm 2.02789 
189 SNES Function norm 1.96744 
190 SNES Function norm 1.90762 
191 SNES Function norm 1.84875 
192 SNES Function norm 1.79111 
193 SNES Function norm 1.73497 
194 SNES Function norm 1.68053 
195 SNES Function norm 1.62797 
196 SNES Function norm 1.57742 
197 SNES Function norm 1.52899 
198 SNES Function norm 1.48273 
199 SNES Function norm 1.43869 
200 SNES Function norm 1.39687 
201 SNES Function norm 1.35727 
202 SNES Function norm 1.31984 
203 SNES Function norm 1.28453 
204 SNES Function norm 1.25127 
205 SNES Function norm 1.21999 
206 SNES Function norm 1.19059 
207 SNES Function norm 1.16297 
208 SNES Function norm 1.13705 
209 SNES Function norm 1.1127 
210 SNES Function norm 1.08982 
211 SNES Function norm 1.06831 
212 SNES Function norm 1.04805 
213 SNES Function norm 1.02895 
214 SNES Function norm 1.01089 
215 SNES Function norm 0.993779 
216 SNES Function norm 0.977519 
217 SNES Function norm 0.962014 
218 SNES Function norm 0.947174 
219 SNES Function norm 0.932915 
220 SNES Function norm 0.919154 
221 SNES Function norm 0.905813 
222 SNES Function norm 0.892819 
223 SNES Function norm 0.880103 
224 SNES Function norm 0.869486 
225 SNES Function norm 0.853491 
226 SNES Function norm 0.837895 
227 SNES Function norm 0.822681 
228 SNES Function norm 0.807832 
229 SNES Function norm 0.79333 
230 SNES Function norm 0.77916 
231 SNES Function norm 0.765307 
232 SNES Function norm 0.751757 
233 SNES Function norm 0.738496 
234 SNES Function norm 0.72551 
235 SNES Function norm 0.712787 
236 SNES Function norm 0.700316 
237 SNES Function norm 0.688083 
238 SNES Function norm 0.676078 
239 SNES Function norm 0.66429 
240 SNES Function norm 0.652708 
241 SNES Function norm 0.641323 
242 SNES Function norm 0.630123 
243 SNES Function norm 0.6191 
244 SNES Function norm 0.608245 
245 SNES Function norm 0.597548 
246 SNES Function norm 0.587 
247 SNES Function norm 0.576593 
248 SNES Function norm 0.566318 
249 SNES Function norm 0.556167 
250 SNES Function norm 0.546132 
251 SNES Function norm 0.536205 
252 SNES Function norm 0.526377 
253 SNES Function norm 0.516642 
254 SNES Function norm 0.506991 
255 SNES Function norm 0.497417 
256 SNES Function norm 0.487912 
257 SNES Function norm 0.478468 
258 SNES Function norm 0.469078 
259 SNES Function norm 0.459735 
260 SNES Function norm 0.45043 
261 SNES Function norm 0.441155 
262 SNES Function norm 0.431904 
263 SNES Function norm 0.422668 
264 SNES Function norm 0.413438 
265 SNES Function norm 0.404207 
266 SNES Function norm 0.394967 
267 SNES Function norm 0.385707 
268 SNES Function norm 0.376421 
269 SNES Function norm 0.367096 
270 SNES Function norm 0.357726 
271 SNES Function norm 0.348297 
272 SNES Function norm 0.338801 
273 SNES Function norm 0.329226 
274 SNES Function norm 0.319559 
275 SNES Function norm 0.309787 
276 SNES Function norm 0.299896 
277 SNES Function norm 0.289871 
278 SNES Function norm 0.279696 
279 SNES Function norm 0.269352 
280 SNES Function norm 0.258819 
281 SNES Function norm 0.248074 
282 SNES Function norm 0.237093 
283 SNES Function norm 0.225845 
284 SNES Function norm 0.214299 
285 SNES Function norm 0.202415 
286 SNES Function norm 0.190147 
287 SNES Function norm 0.177441 
288 SNES Function norm 0.16423 
289 SNES Function norm 0.150429 
290 SNES Function norm 0.13593 
291 SNES Function norm 0.120589 
292 SNES Function norm 0.104203 
293 SNES Function norm 0.0864702 
294 SNES Function norm 0.0668965 
295 SNES Function norm 0.0445322 
296 SNES Function norm 0.012753 
297 SNES Function norm 6.27054e-06 
298 SNES Function norm 2.513e-10 
Vec Object: 1 MPI process
  type: seq
1.
1.
CONVERGED number of SNES iterations = 298
