  0 SNES Function norm 16. 
    0 KSP Residual norm 16. 
    1 KSP Residual norm 13.7899 
    2 KSP Residual norm 19.1999 
    3 KSP Residual norm 3.60028 
    4 KSP Residual norm 1.17548 
    5 KSP Residual norm 0.17454 
    6 KSP Residual norm 0.033658 
    7 KSP Residual norm 0.02287 
    8 KSP Residual norm 0.00238842 
    9 KSP Residual norm 0.000280016 
   10 KSP Residual norm 5.52386e-06 
   11 KSP Residual norm 4.61025e-07 
   12 KSP Residual norm 5.75391e-08 
   13 KSP Residual norm 6.733e-10 
  Linear solve converged due to CONVERGED_RTOL iterations 13
  1 SNES Function norm 6.733e-10 
Nonlinear solve converged due to CONVERGED_ITS iterations 1
DM Object: Mesh (ex56_) 4 MPI processes
  type: plex
Mesh in 3 dimensions:
  0-cells: 8 8 8 8
  1-cells: 12 12 12 12
  2-cells: 6 6 6 6
  3-cells: 1 1 1 1
Labels:
  depth: 4 strata with value/size (0 (8), 1 (12), 2 (6), 3 (1))
  marker: 1 strata with value/size (1 (15))
  Face Sets: 4 strata with value/size (1 (1), 2 (1), 3 (1), 6 (1))
  celltype: 4 strata with value/size (0 (8), 1 (12), 4 (6), 7 (1))
  boundary: 1 strata with value/size (1 (4))
  Bottom Faces: 1 strata with value/size (1 (9))
  Side Faces: 2 strata with value/size (1 (9), 2 (9))
Field deformation:
  adjacency FEM
  0 SNES Function norm 8.44444 
    0 KSP Residual norm 8.44444 
    1 KSP Residual norm 15.9031 
    2 KSP Residual norm 12.6283 
    3 KSP Residual norm 9.53786 
    4 KSP Residual norm 7.5244 
    5 KSP Residual norm 6.20821 
    6 KSP Residual norm 3.92955 
    7 KSP Residual norm 2.60365 
    8 KSP Residual norm 1.22872 
    9 KSP Residual norm 0.876067 
   10 KSP Residual norm 0.563217 
   11 KSP Residual norm 0.405289 
   12 KSP Residual norm 0.239373 
   13 KSP Residual norm 0.124558 
   14 KSP Residual norm 0.0719102 
   15 KSP Residual norm 0.0446554 
   16 KSP Residual norm 0.0282294 
   17 KSP Residual norm 0.0226884 
   18 KSP Residual norm 0.0127446 
   19 KSP Residual norm 0.00803428 
   20 KSP Residual norm 0.00424382 
   21 KSP Residual norm 0.00255405 
   22 KSP Residual norm 0.00161463 
   23 KSP Residual norm 0.000846829 
   24 KSP Residual norm 0.000482331 
   25 KSP Residual norm 0.000296812 
   26 KSP Residual norm 0.000183541 
   27 KSP Residual norm 0.000109592 
   28 KSP Residual norm 6.61066e-05 
   29 KSP Residual norm 2.83332e-05 
   30 KSP Residual norm 1.23687e-05 
   31 KSP Residual norm 7.8021e-06 
   32 KSP Residual norm 3.68299e-06 
   33 KSP Residual norm 2.22411e-06 
   34 KSP Residual norm 1.45959e-06 
   35 KSP Residual norm 7.82913e-07 
   36 KSP Residual norm 4.97249e-07 
   37 KSP Residual norm 3.21432e-07 
   38 KSP Residual norm 2.28753e-07 
   39 KSP Residual norm 1.20448e-07 
   40 KSP Residual norm 6.37435e-08 
   41 KSP Residual norm 3.31949e-08 
   42 KSP Residual norm 1.77399e-08 
   43 KSP Residual norm 1.19235e-08 
   44 KSP Residual norm 5.50346e-09 
   45 KSP Residual norm 3.08952e-09 
   46 KSP Residual norm 1.44694e-09 
   47 KSP Residual norm 7.452e-10 
  Linear solve converged due to CONVERGED_RTOL iterations 47
  1 SNES Function norm 7.451e-10 
Nonlinear solve converged due to CONVERGED_ITS iterations 1
DM Object: Mesh (ex56_) 4 MPI processes
  type: plex
Mesh in 3 dimensions:
  0-cells: 27 27 27 27
  1-cells: 54 54 54 54
  2-cells: 36 36 36 36
  3-cells: 8 8 8 8
Labels:
  celltype: 4 strata with value/size (0 (27), 1 (54), 4 (36), 7 (8))
  depth: 4 strata with value/size (0 (27), 1 (54), 2 (36), 3 (8))
  marker: 1 strata with value/size (1 (69))
  Face Sets: 4 strata with value/size (1 (9), 2 (9), 3 (9), 6 (9))
  boundary: 1 strata with value/size (1 (36))
  Bottom Faces: 1 strata with value/size (1 (25))
  Side Faces: 2 strata with value/size (1 (25), 2 (25))
Field deformation:
  adjacency FEM
[0] 1) N=         735, max displ=6.9679939e+01, disp diff= 2.23e+01, error=1.510e+04, rate=0.0021
