  0 SNES Function norm 122.396 
    0 KSP Residual norm 122.396 
    1 KSP Residual norm 20.4848 
    2 KSP Residual norm 3.95324 
    3 KSP Residual norm 0.180598 
    4 KSP Residual norm 0.0212029 
    5 KSP Residual norm 0.00283444 
    6 KSP Residual norm 0.00049227 
    7 KSP Residual norm 4.76081e-05 
    8 KSP Residual norm 5.57478e-06 
    9 KSP Residual norm 5.10494e-07 
   10 KSP Residual norm 2.67641e-08 
   11 KSP Residual norm 5.00812e-09 
  Linear solve converged due to CONVERGED_RTOL iterations 11
  1 SNES Function norm 5.00812e-09 
Nonlinear solve converged due to CONVERGED_FNORM_RELATIVE iterations 1
DM Object: Mesh (ex56_) 4 MPI processes
  type: plex
Mesh in 3 dimensions:
  0-cells: 8 8 8 8
  1-cells: 12 12 12 12
  2-cells: 6 6 6 6
  3-cells: 1 1 1 1
Labels:
  depth: 4 strata with value/size (0 (8), 1 (12), 2 (6), 3 (1))
  marker: 1 strata with value/size (1 (15))
  Face Sets: 4 strata with value/size (1 (1), 2 (1), 3 (1), 6 (1))
  celltype: 4 strata with value/size (0 (8), 1 (12), 4 (6), 7 (1))
  boundary: 1 strata with value/size (1 (23))
Field deformation:
  adjacency FEM
  0 SNES Function norm 49.7106 
    0 KSP Residual norm 49.7106 
    1 KSP Residual norm 12.7499 
    2 KSP Residual norm 2.61486 
    3 KSP Residual norm 0.443231 
    4 KSP Residual norm 0.0721486 
    5 KSP Residual norm 0.0127736 
    6 KSP Residual norm 0.00216029 
    7 KSP Residual norm 0.000322507 
    8 KSP Residual norm 6.2693e-05 
    9 KSP Residual norm 1.05095e-05 
   10 KSP Residual norm 1.61912e-06 
   11 KSP Residual norm 2.82783e-07 
   12 KSP Residual norm 5.39268e-08 
   13 KSP Residual norm 8.21141e-09 
   14 KSP Residual norm 1.33702e-09 
  Linear solve converged due to CONVERGED_RTOL iterations 14
  1 SNES Function norm 1.33701e-09 
Nonlinear solve converged due to CONVERGED_FNORM_RELATIVE iterations 1
DM Object: Mesh (ex56_) 4 MPI processes
  type: plex
Mesh in 3 dimensions:
  0-cells: 27 27 27 27
  1-cells: 54 54 54 54
  2-cells: 36 36 36 36
  3-cells: 8 8 8 8
Labels:
  celltype: 4 strata with value/size (0 (27), 1 (54), 4 (36), 7 (8))
  depth: 4 strata with value/size (0 (27), 1 (54), 2 (36), 3 (8))
  marker: 1 strata with value/size (1 (69))
  Face Sets: 4 strata with value/size (1 (9), 2 (9), 3 (9), 6 (9))
  boundary: 1 strata with value/size (1 (77))
Field deformation:
  adjacency FEM
[0] 1) N=         441, max displ=5.5560415e+01, disp diff= 1.19e+01, error=4.415e+00, rate=1.9
