  0 SNES Function norm 122.396 
    0 KSP Residual norm 122.396 
    1 KSP Residual norm 21.3752 
    2 KSP Residual norm 4.36437 
    3 KSP Residual norm 0.380284 
    4 KSP Residual norm 0.0543945 
    5 KSP Residual norm 0.00670648 
    6 KSP Residual norm 0.000594742 
    7 KSP Residual norm 9.73682e-05 
    8 KSP Residual norm 1.80997e-05 
    9 KSP Residual norm 2.12233e-06 
   10 KSP Residual norm 3.13002e-07 
   11 KSP Residual norm 2.38137e-08 
   12 KSP Residual norm 3.927e-10 
  Linear solve converged due to CONVERGED_RTOL iterations 12
  1 SNES Function norm 3.927e-10 
Nonlinear solve converged due to CONVERGED_FNORM_RELATIVE iterations 1
DM Object: Mesh (ex56_) 4 MPI processes
  type: plex
Mesh in 3 dimensions:
  0-cells: 8 8 8 8
  1-cells: 12 12 12 12
  2-cells: 6 6 6 6
  3-cells: 1 1 1 1
Labels:
  depth: 4 strata with value/size (0 (8), 1 (12), 2 (6), 3 (1))
  marker: 1 strata with value/size (1 (15))
  Face Sets: 4 strata with value/size (1 (1), 2 (1), 3 (1), 6 (1))
  celltype: 4 strata with value/size (0 (8), 1 (12), 4 (6), 7 (1))
  boundary: 1 strata with value/size (1 (23))
Field deformation:
  adjacency FEM
  0 SNES Function norm 49.7106 
    0 KSP Residual norm 49.7106 
    1 KSP Residual norm 13.0969 
    2 KSP Residual norm 2.74314 
    3 KSP Residual norm 0.498985 
    4 KSP Residual norm 0.0830748 
    5 KSP Residual norm 0.0153353 
    6 KSP Residual norm 0.00252627 
    7 KSP Residual norm 0.000483045 
    8 KSP Residual norm 8.63489e-05 
    9 KSP Residual norm 1.42276e-05 
   10 KSP Residual norm 2.66989e-06 
   11 KSP Residual norm 4.65308e-07 
   12 KSP Residual norm 7.0072e-08 
   13 KSP Residual norm 1.36436e-08 
   14 KSP Residual norm 2.52665e-09 
  Linear solve converged due to CONVERGED_RTOL iterations 14
  1 SNES Function norm 2.52666e-09 
Nonlinear solve converged due to CONVERGED_FNORM_RELATIVE iterations 1
DM Object: Mesh (ex56_) 4 MPI processes
  type: plex
Mesh in 3 dimensions:
  0-cells: 27 27 27 27
  1-cells: 54 54 54 54
  2-cells: 36 36 36 36
  3-cells: 8 8 8 8
Labels:
  celltype: 4 strata with value/size (0 (27), 1 (54), 4 (36), 7 (8))
  depth: 4 strata with value/size (0 (27), 1 (54), 2 (36), 3 (8))
  marker: 1 strata with value/size (1 (69))
  Face Sets: 4 strata with value/size (1 (9), 2 (9), 3 (9), 6 (9))
  boundary: 1 strata with value/size (1 (77))
Field deformation:
  adjacency FEM
[0] 1) N=         441, max displ=5.5560415e+01, disp diff= 1.19e+01, error=4.415e+00, rate=1.9
