  0 SNES VI Function norm 0.0946221 Active lower constraints 202/7417 upper constraints 0/0 Percent of total 0.0214688 Percent of bounded 0.
    0 KSP Residual norm 2.45579
    1 KSP Residual norm 0.00111693
    2 KSP Residual norm 1.91557e-05
      Line search: lambdas = [1., 0.5, 0.], fnorms = [0.0797335, 0.100809, 0.159656]
      Line search: lambdas = [0.915104, 0.957552, 1.], fnorms = [0.081438, 0.0805196, 0.0797335]
      Line search terminated: lambda = 0.915104, fnorm = 0.081438
  1 SNES VI Function norm 0.0752808 Active lower constraints 1672/4510 upper constraints 0/0 Percent of total 0.177702 Percent of bounded 0.
    0 KSP Residual norm 2.06506
    1 KSP Residual norm 0.00107046
    2 KSP Residual norm 3.63051e-05
    3 KSP Residual norm 2.78696e-06
      Line search: lambdas = [1., 0.5, 0.], fnorms = [0.198412, 0.0569585, 0.081438]
      Line search: lambdas = [0.292873, 0.646436, 1.], fnorms = [0.0649412, 0.0601262, 0.198412]
      Line search: lambdas = [0.475511, 0.384192, 0.292873], fnorms = [0.0577764, 0.0611996, 0.0649412]
      Line search terminated: lambda = 0.475511, fnorm = 0.0577764
  2 SNES VI Function norm 0.0603601 Active lower constraints 617/3442 upper constraints 0/0 Percent of total 0.0655755 Percent of bounded 0.
    0 KSP Residual norm 1.38057
    1 KSP Residual norm 0.00133809
    2 KSP Residual norm 8.79866e-05
    3 KSP Residual norm 5.99227e-06
      Line search: lambdas = [1., 0.5, 0.], fnorms = [0.056166, 0.0384986, 0.0577764]
      Line search: lambdas = [0.513001, 0.7565, 1.], fnorms = [0.0381892, 0.037167, 0.056166]
      Line search: lambdas = [0.644888, 0.578944, 0.513001], fnorms = [0.0361373, 0.0368725, 0.0381892]
      Line search: lambdas = [0.690301, 0.667594, 0.644888], fnorms = [0.0361293, 0.0360723, 0.0361373]
      Line search: lambdas = [0.668336, 0.679318, 0.690301], fnorms = [0.0360721, 0.0360854, 0.0361293]
      Line search: lambdas = [0.669089, 0.668712, 0.668336], fnorms = [0.0360721, 0.0360721, 0.0360721]
      Line search: lambdas = [0.668873, 0.668981, 0.669089], fnorms = [0.0360721, 0.0360721, 0.0360721]
      Line search: lambdas = [0.668874, 0.668874, 0.668873], fnorms = [0.0360721, 0.0360721, 0.0360721]
      Line search: abs(delLambda) = 9.10331e-08 < ltol = 1e-06
      Line search terminated: lambda = 0.668874, fnorm = 0.0360721
  3 SNES VI Function norm 0.0441779 Active lower constraints 274/2238 upper constraints 0/0 Percent of total 0.0291211 Percent of bounded 0.
    0 KSP Residual norm 2.16396
    1 KSP Residual norm 0.00146202
    2 KSP Residual norm 9.79063e-05
    3 KSP Residual norm 5.64982e-06
      Line search: lambdas = [1., 0.5, 0.], fnorms = [0.0342783, 0.0229318, 0.0360721]
      Line search: lambdas = [0.522147, 0.761074, 1.], fnorms = [0.0226407, 0.0236127, 0.0342783]
      Line search: lambdas = [0.622846, 0.572496, 0.522147], fnorms = [0.0220063, 0.0221679, 0.0226407]
      Line search: lambdas = [0.623271, 0.623058, 0.622846], fnorms = [0.0220064, 0.0220063, 0.0220063]
      Line search: lambdas = [0.620941, 0.622106, 0.623271], fnorms = [0.022006, 0.0220061, 0.0220064]
      Line search: lambdas = [0.620936, 0.620938, 0.620941], fnorms = [0.022006, 0.022006, 0.022006]
      Line search: lambdas = [0.620934, 0.620935, 0.620936], fnorms = [0.022006, 0.022006, 0.022006]
      Line search: lambdas = [0.620934, 0.620934, 0.620934], fnorms = [0.022006, 0.022006, 0.022006]
      Line search: abs(delLambda) = 3.2922e-10 < ltol = 1e-06
      Line search terminated: lambda = 0.620934, fnorm = 0.022006
  4 SNES VI Function norm 0.0313459 Active lower constraints 209/1088 upper constraints 0/0 Percent of total 0.0222128 Percent of bounded 0.
    0 KSP Residual norm 1.78084
    1 KSP Residual norm 0.000448555
    2 KSP Residual norm 3.34782e-05
    3 KSP Residual norm 2.05939e-06
      Line search: lambdas = [1., 0.5, 0.], fnorms = [0.01785, 0.0161454, 0.022006]
      Line search: lambdas = [0.647087, 0.823543, 1.], fnorms = [0.0158622, 0.0164253, 0.01785]
      Line search: lambdas = [0.630659, 0.638873, 0.647087], fnorms = [0.0158592, 0.0158596, 0.0158622]
      Line search: lambdas = [0.633146, 0.631902, 0.630659], fnorms = [0.0158591, 0.0158591, 0.0158592]
      Line search: lambdas = [0.633147, 0.633146, 0.633146], fnorms = [0.0158591, 0.0158591, 0.0158591]
      Line search: lambdas = [0.633147, 0.633147, 0.633147], fnorms = [0.0158591, 0.0158591, 0.0158591]
      Line search: abs(delLambda) = 1.19208e-07 < ltol = 1e-06
      Line search terminated: lambda = 0.633147, fnorm = 0.0158591
  5 SNES VI Function norm 0.0233382 Active lower constraints 192/476 upper constraints 0/0 Percent of total 0.020406 Percent of bounded 0.
    0 KSP Residual norm 1.43641
    1 KSP Residual norm 0.000322246
    2 KSP Residual norm 1.69224e-05
    3 KSP Residual norm 1.1135e-06
      Line search: lambdas = [1., 0.5, 0.], fnorms = [0.0150359, 0.0126316, 0.0158591]
      Line search: lambdas = [0.540119, 0.77006, 1.], fnorms = [0.0126421, 0.0133778, 0.0150359]
      Line search: lambdas = [0.497757, 0.518938, 0.540119], fnorms = [0.0126321, 0.0126319, 0.0126421]
      Line search: lambdas = [0.508807, 0.503282, 0.497757], fnorms = [0.0126307, 0.0126311, 0.0126321]
      Line search: lambdas = [0.508791, 0.508799, 0.508807], fnorms = [0.0126307, 0.0126307, 0.0126307]
      Line search: lambdas = [0.508796, 0.508793, 0.508791], fnorms = [0.0126307, 0.0126307, 0.0126307]
      Line search: lambdas = [0.508796, 0.508796, 0.508796], fnorms = [0.0126307, 0.0126307, 0.0126307]
      Line search: abs(delLambda) = 5.13755e-10 < ltol = 1e-06
      Line search terminated: lambda = 0.508796, fnorm = 0.0126307
  6 SNES VI Function norm 0.0133354 Active lower constraints 197/229 upper constraints 0/0 Percent of total 0.0209374 Percent of bounded 0.
    0 KSP Residual norm 1.73276
    1 KSP Residual norm 0.000250445
    2 KSP Residual norm 1.39874e-05
      Line search: lambdas = [1., 0.5, 0.], fnorms = [0.0146308, 0.0113427, 0.0126307]
      Line search: lambdas = [0.382773, 0.691387, 1.], fnorms = [0.011125, 0.0122267, 0.0146308]
      Line search: lambdas = [0.332688, 0.357731, 0.382773], fnorms = [0.0111174, 0.0111146, 0.011125]
      Line search: lambdas = [0.35056, 0.341624, 0.332688], fnorms = [0.011114, 0.0111149, 0.0111174]
      Line search: lambdas = [0.350496, 0.350528, 0.35056], fnorms = [0.011114, 0.011114, 0.011114]
      Line search: lambdas = [0.350513, 0.350504, 0.350496], fnorms = [0.011114, 0.011114, 0.011114]
      Line search: lambdas = [0.350513, 0.350513, 0.350513], fnorms = [0.011114, 0.011114, 0.011114]
      Line search: abs(delLambda) = 2.5336e-10 < ltol = 1e-06
      Line search terminated: lambda = 0.350513, fnorm = 0.011114
  7 SNES VI Function norm 0.0321681 Active lower constraints 184/184 upper constraints 0/0 Percent of total 0.0195557 Percent of bounded 0.
    0 KSP Residual norm 2.97304
    1 KSP Residual norm 0.000187119
    2 KSP Residual norm 1.2441e-05
      Line search: lambdas = [1., 0.5, 0.], fnorms = [0.0117669, 0.00938411, 0.011114]
      Line search: lambdas = [0.456501, 0.72825, 1.], fnorms = [0.00934502, 0.0100935, 0.0117669]
      Line search: lambdas = [0.412952, 0.434727, 0.456501], fnorms = [0.00933991, 0.00933816, 0.00934502]
      Line search: lambdas = [0.428257, 0.420605, 0.412952], fnorms = [0.00933778, 0.00933831, 0.00933991]
      Line search: lambdas = [0.428224, 0.428241, 0.428257], fnorms = [0.00933778, 0.00933778, 0.00933778]
      Line search: lambdas = [0.428232, 0.428228, 0.428224], fnorms = [0.00933778, 0.00933778, 0.00933778]
      Line search: lambdas = [0.428232, 0.428232, 0.428232], fnorms = [0.00933778, 0.00933778, 0.00933778]
      Line search: abs(delLambda) = 6.48115e-10 < ltol = 1e-06
      Line search terminated: lambda = 0.428232, fnorm = 0.00933778
  8 SNES VI Function norm 0.0658006 Active lower constraints 156/156 upper constraints 0/0 Percent of total 0.0165799 Percent of bounded 0.
    0 KSP Residual norm 2.75848
    1 KSP Residual norm 0.000238965
    2 KSP Residual norm 2.61514e-05
      Line search: lambdas = [1., 0.5, 0.], fnorms = [0.00527666, 0.0061131, 0.00933778]
      Line search: lambdas = [0.868207, 0.934104, 1.], fnorms = [0.0051946, 0.00520837, 0.00527666]
      Line search: lambdas = [0.884667, 0.876437, 0.868207], fnorms = [0.00519281, 0.00519326, 0.0051946]
      Line search: lambdas = [0.88484, 0.884754, 0.884667], fnorms = [0.00519281, 0.00519281, 0.00519281]
      Line search: lambdas = [0.884849, 0.884845, 0.88484], fnorms = [0.00519281, 0.00519281, 0.00519281]
      Line search: lambdas = [0.884849, 0.884849, 0.884849], fnorms = [0.00519281, 0.00519281, 0.00519281]
      Line search: abs(delLambda) = 1.00209e-09 < ltol = 1e-06
      Line search terminated: lambda = 0.884849, fnorm = 0.00519281
  9 SNES VI Function norm 0.0560118 Active lower constraints 163/163 upper constraints 0/0 Percent of total 0.0173238 Percent of bounded 0.
    0 KSP Residual norm 0.514585
    1 KSP Residual norm 8.60905e-05
    2 KSP Residual norm 7.13689e-06
    3 KSP Residual norm 1.19065e-07
      Line search: lambdas = [1., 0.5, 0.], fnorms = [0.000645977, 0.00276014, 0.00519281]
      Line search terminated: lambda = 1., fnorm = 0.000645977
 10 SNES VI Function norm 0.00718174 Active lower constraints 197/197 upper constraints 0/0 Percent of total 0.0209374 Percent of bounded 0.
    0 KSP Residual norm 0.0120187
    1 KSP Residual norm 1.24717e-05
    2 KSP Residual norm 5.47244e-07
    3 KSP Residual norm 2.14378e-08
      Line search: lambdas = [1., 0.5, 0.], fnorms = [7.26043e-06, 0.000324697, 0.000645977]
      Line search terminated: lambda = 1., fnorm = 7.26043e-06
 11 SNES VI Function norm 7.25976e-06 Active lower constraints 198/198 upper constraints 0/0 Percent of total 0.0210437 Percent of bounded 0.
    0 KSP Residual norm 7.60695e-05
    1 KSP Residual norm 2.22666e-07
    2 KSP Residual norm 6.85165e-09
    3 KSP Residual norm 2.259e-10
      Line search: lambdas = [1., 0.5, 0.], fnorms = [1.31244e-09, 3.6305e-06, 7.26043e-06]
      Line search terminated: lambda = 1., fnorm = 1.31244e-09
 12 SNES VI Function norm 1.31216e-09 Active lower constraints 198/198 upper constraints 0/0 Percent of total 0.0210437 Percent of bounded 0.
  Nonlinear solve converged due to CONVERGED_FNORM_RELATIVE iterations 12
