0   SNES Function norm 1.388137699173e+00
  Residual norms for fas_levels_1_cycle_ solve.
  0   SNES Function norm 1.048430616499e+00
  1   SNES Function norm 3.999300895272e-13
1   SNES Function norm 2.858211161603e-01
  Residual norms for fas_levels_1_cycle_ solve.
  0   SNES Function norm 1.183312616511e-01
  1   SNES Function norm 3.368852642152e-15
2   SNES Function norm 5.462517469620e-02
  Residual norms for fas_levels_1_cycle_ solve.
  0   SNES Function norm 2.449127883882e-02
  1   SNES Function norm 8.987302915764e-11
3   SNES Function norm 1.303927076173e-02
  Residual norms for fas_levels_1_cycle_ solve.
  0   SNES Function norm 3.976006045394e-03
  1   SNES Function norm 7.326655582628e-15
4   SNES Function norm 3.276877023170e-03
  Residual norms for fas_levels_1_cycle_ solve.
  0   SNES Function norm 8.583816956618e-04
  1   SNES Function norm 1.516544235799e-16
5   SNES Function norm 8.416182558029e-04
  Residual norms for fas_levels_1_cycle_ solve.
  0   SNES Function norm 2.119939184687e-04
  1   SNES Function norm 1.706543862940e-16
6   SNES Function norm 2.175136799487e-04
  Residual norms for fas_levels_1_cycle_ solve.
  0   SNES Function norm 5.517006040181e-05
  1   SNES Function norm 2.366936261945e-16
7   SNES Function norm 5.625267267380e-05
  Residual norms for fas_levels_1_cycle_ solve.
  0   SNES Function norm 1.442333239616e-05
  1   SNES Function norm 1.829722149065e-16
8   SNES Function norm 1.453630211243e-05
  Residual norms for fas_levels_1_cycle_ solve.
  0   SNES Function norm 3.758527460130e-06
  1   SNES Function norm 1.226726727502e-16
9   SNES Function norm 3.753003266224e-06
  Residual norms for fas_levels_1_cycle_ solve.
  0   SNES Function norm 9.755044020602e-07
  1   SNES Function norm 1.895785707293e-16
10  SNES Function norm 9.683410211236e-07
  Residual norms for fas_levels_1_cycle_ solve.
  0   SNES Function norm 2.524741528918e-07
  1   SNES Function norm 9.237628509518e-16
11  SNES Function norm 2.497510818319e-07
  Residual norms for fas_levels_1_cycle_ solve.
  0   SNES Function norm 6.523054201869e-08
  1   SNES Function norm 1.895279673610e-16
12  SNES Function norm 6.440029960731e-08
  Residual norms for fas_levels_1_cycle_ solve.
  0   SNES Function norm 1.683643472874e-08
  1   SNES Function norm 3.668130114548e-17
13  SNES Function norm 1.660401577884e-08
  Residual norms for fas_levels_1_cycle_ solve.
  0   SNES Function norm 4.343156041391e-09
  1   SNES Function norm 4.373516214281e-17
14  SNES Function norm 4.280631700422e-09
