Number of vertices: 17
Number of observations: 9
Number of local observations per vertex: 3
Created 9 observations
H matrix size: 9 x 17
H matrix:
Mat Object: H_observation_operator 1 MPI process
  type: mpiaij
  row 0:   (0, 1.)   
  row 1:   (2, 1.)   
  row 2:   (4, 1.)   
  row 3:   (6, 1.)   
  row 4:   (8, 1.)   
  row 5:   (10, 1.)   
  row 6:   (12, 1.)   
  row 7:   (14, 1.)   
  row 8:   (16, 1.)   

Computing LETKF localization matrix...

Localization matrix Q: 17 x 9
Q matrix:
Mat Object: Q_localization 1 MPI process
  type: mpiaij
  row 0:   (0, 1.)    (1, 0.684876)    (2, 0.208333)   
  row 1:   (0, 0.843244)    (1, 0.843017)    (2, 0.208333)   
  row 2:   (0, 0.208333)    (1, 1.)    (2, 0.208388)   
  row 3:   (1, 0.842978)    (2, 0.84318)    (3, 0.208333)   
  row 4:   (1, 0.208355)    (2, 1.)    (3, 0.208333)   
  row 5:   (2, 0.842978)    (3, 0.843202)    (4, 0.208333)   
  row 6:   (2, 0.208411)    (3, 1.)    (4, 0.208333)   
  row 7:   (3, 0.843014)    (4, 0.843152)    (5, 0.208333)   
  row 8:   (3, 0.208333)    (4, 1.)    (5, 0.208338)   
  row 9:   (4, 0.842965)    (5, 0.843154)    (6, 0.208333)   
  row 10:   (4, 0.208333)    (5, 1.)    (6, 0.208393)   
  row 11:   (5, 0.843076)    (6, 0.84311)    (7, 0.208333)   
  row 12:   (5, 0.208333)    (6, 1.)    (7, 0.208365)   
  row 13:   (6, 0.843102)    (7, 0.84313)    (8, 0.208333)   
  row 14:   (6, 0.208385)    (7, 1.)    (8, 0.208333)   
  row 15:   (6, 0.208333)    (7, 0.843089)    (8, 0.843102)   
  row 16:   (6, 0.208333)    (7, 0.684877)    (8, 1.)   
Q matrix nonzeros: 51.
Q matrix allocated nonzeros: 51.
Average nonzeros per row: 3.
Q Frobenius norm: 4.72788
