Created DMPlex in 3D with faces (6, 4, 4), global vector size 150
DM Object: box 1 MPI process
  type: plex
box in 3 dimensions:
  Number of 0-cells per rank: 150
  Number of 1-cells per rank: 390
  Number of 2-cells per rank: 336
  Number of 3-cells per rank: 96
Periodic mesh (PERIODIC, NONE, NONE) coordinates localized
Labels:
  marker: 1 strata with value/size (1 (384))
  Face Sets: 4 strata with value/size (1 (24), 2 (24), 3 (24), 4 (24))
  depth: 4 strata with value/size (0 (150), 1 (390), 2 (336), 3 (96))
  celltype: 4 strata with value/size (0 (150), 1 (390), 4 (336), 7 (96))
Field Field_0:
  adjacency FEM
Observation Operator H:
Mat Object: H_observation_operator 1 MPI process
  type: seqaijkokkos
row 0: (0, 1.) 
row 1: (2, 1.) 
row 2: (4, 1.) 
row 3: (12, 1.) 
row 4: (14, 1.) 
row 5: (16, 1.) 
row 6: (24, 1.) 
row 7: (26, 1.) 
row 8: (28, 1.) 
row 9: (60, 1.) 
row 10: (62, 1.) 
row 11: (64, 1.) 
row 12: (72, 1.) 
row 13: (74, 1.) 
row 14: (76, 1.) 
row 15: (84, 1.) 
row 16: (86, 1.) 
row 17: (88, 1.) 
row 18: (120, 1.) 
row 19: (122, 1.) 
row 20: (124, 1.) 
row 21: (132, 1.) 
row 22: (134, 1.) 
row 23: (136, 1.) 
row 24: (144, 1.) 
row 25: (146, 1.) 
row 26: (148, 1.) 
Localization Matrix Q:
Mat Object: Q_localization 1 MPI process
  type: seqaijkokkos
row 0: (0, 1.)  (1, 0.202201)  (2, 0.202558)  (3, 0.0149853)  (4, 0.000324214)  (5, 0.000323454)  (9, 0.0150206)  (10, 0.000322672)  (11, 0.000324311) 
row 1: (0, 0.756239)  (1, 0.756253)  (2, 0.0628947)  (3, 0.0431228)  (4, 0.043107)  (5, 0.000324)  (9, 0.0430531)  (10, 0.0429353)  (11, 0.000322672) 
row 2: (0, 0.202115)  (1, 1.)  (2, 0.202329)  (3, 0.000323473)  (4, 0.0149603)  (5, 0.000322672)  (9, 0.000324558)  (10, 0.014929)  (11, 0.000324422) 
row 3: (0, 0.0628789)  (1, 0.75631)  (2, 0.756314)  (3, 0.000322672)  (4, 0.0430546)  (5, 0.043003)  (9, 0.000324016)  (10, 0.0429196)  (11, 0.0429869) 
row 4: (0, 0.202617)  (1, 0.202474)  (2, 1.)  (3, 0.000326106)  (4, 0.000326366)  (5, 0.0149574)  (9, 0.0003279)  (10, 0.000322672)  (11, 0.0149559) 
row 5: (0, 0.75642)  (1, 0.0629523)  (2, 0.756538)  (3, 0.0430869)  (4, 0.000325813)  (5, 0.0430327)  (9, 0.0431143)  (10, 0.000322672)  (11, 0.0430129) 
row 6: (0, 0.47772)  (1, 0.111365)  (2, 0.111531)  (3, 0.477577)  (4, 0.11133)  (5, 0.111336)  (9, 0.00999883)  (11, 0.000322672)  (12, 0.00996389) 
row 7: (0, 0.256171)  (1, 0.256197)  (2, 0.00127159)  (3, 0.256261)  (4, 0.256192)  (5, 0.001271)  (9, 0.000324809)  (10, 0.000322991)  (12, 0.000322672) 
row 8: (0, 0.111237)  (1, 0.477133)  (2, 0.111171)  (3, 0.111531)  (4, 0.477904)  (5, 0.11138)  (10, 0.00994138)  (12, 0.000322672)  (13, 0.00996526) 
row 9: (0, 0.00127483)  (1, 0.256031)  (2, 0.256082)  (3, 0.00127526)  (4, 0.256439)  (5, 0.256366)  (11, 0.000322672)  (13, 0.000323549)  (14, 0.000323627) 
row 10: (0, 0.111359)  (1, 0.111408)  (2, 0.477615)  (3, 0.111151)  (4, 0.111302)  (5, 0.47691)  (9, 0.000322672)  (11, 0.0099477)  (14, 0.00992473) 
row 11: (0, 0.256176)  (1, 0.00126758)  (2, 0.256036)  (3, 0.256346)  (4, 0.00127184)  (5, 0.256021)  (9, 0.000325442)  (12, 0.000323691)  (14, 0.000322672) 
row 12: (0, 0.0149591)  (1, 0.00032315)  (2, 0.000323148)  (3, 1.)  (4, 0.202263)  (5, 0.202121)  (6, 0.0148988)  (7, 0.000322672)  (12, 0.0148879) 
row 13: (0, 0.00032588)  (1, 0.00032497)  (3, 0.607243)  (4, 0.60661)  (5, 0.00165254)  (6, 0.000327781)  (7, 0.000329291)  (12, 0.000324972)  (13, 0.000322672) 
row 14: (0, 0.000323162)  (1, 0.0149674)  (2, 0.000324239)  (3, 0.202309)  (4, 1.)  (5, 0.202525)  (7, 0.0149406)  (13, 0.014911)  (14, 0.000322672) 
row 15: (1, 0.000329109)  (2, 0.000329207)  (3, 0.0016547)  (4, 0.606971)  (5, 0.607297)  (7, 0.000326303)  (8, 0.000322672)  (13, 0.000326734)  (14, 0.000327693) 
row 16: (1, 0.000322672)  (2, 0.0149209)  (3, 0.202139)  (4, 0.202497)  (5, 1.)  (7, 0.000324385)  (8, 0.0149031)  (13, 0.000322858)  (14, 0.014926) 
row 17: (0, 0.000323596)  (2, 0.00032379)  (3, 0.606555)  (4, 0.00165154)  (5, 0.606817)  (6, 0.000324485)  (8, 0.000322672)  (12, 0.000323255)  (14, 0.00032351) 
row 18: (3, 0.476641)  (4, 0.110917)  (5, 0.111028)  (6, 0.477414)  (7, 0.11128)  (8, 0.111124)  (12, 0.00993084)  (15, 0.00996814)  (16, 0.000322672) 
row 19: (3, 0.255771)  (4, 0.255828)  (5, 0.00127064)  (6, 0.256043)  (7, 0.256432)  (8, 0.00126627)  (12, 0.000322672)  (15, 0.00032511)  (16, 0.000327345) 
row 20: (3, 0.111218)  (4, 0.47686)  (5, 0.111185)  (6, 0.111357)  (7, 0.47775)  (8, 0.111135)  (13, 0.00991778)  (15, 0.000322672)  (16, 0.00998113) 
row 21: (3, 0.00126715)  (4, 0.255896)  (5, 0.256358)  (6, 0.0012698)  (7, 0.256036)  (8, 0.255899)  (14, 0.000322672)  (16, 0.00032333)  (17, 0.000323255) 
row 22: (3, 0.111212)  (4, 0.111376)  (5, 0.47769)  (6, 0.111172)  (7, 0.111292)  (8, 0.47679)  (14, 0.00996801)  (16, 0.000322672)  (17, 0.00996744) 
row 23: (3, 0.25616)  (4, 0.00126624)  (5, 0.256178)  (6, 0.255865)  (7, 0.00126808)  (8, 0.25546)  (12, 0.000323688)  (14, 0.000322835)  (17, 0.000322672) 
row 24: (3, 0.0149381)  (4, 0.000322672)  (5, 0.000324637)  (6, 1.)  (7, 0.202499)  (8, 0.202459)  (15, 0.0149582)  (16, 0.000325386)  (17, 0.0003236) 
row 25: (3, 0.043007)  (4, 0.0429929)  (5, 0.000323744)  (6, 0.756286)  (7, 0.756392)  (8, 0.0628177)  (15, 0.0430752)  (16, 0.0430927)  (17, 0.000322672) 
row 26: (3, 0.000325185)  (4, 0.014964)  (5, 0.000326583)  (6, 0.202481)  (7, 1.)  (8, 0.202356)  (15, 0.000325953)  (16, 0.0149818)  (17, 0.000322672) 
row 27: (3, 0.000322672)  (4, 0.0429896)  (5, 0.0430744)  (6, 0.0629329)  (7, 0.7562)  (8, 0.756484)  (15, 0.00032373)  (16, 0.0430319)  (17, 0.0429932) 
row 28: (3, 0.000322672)  (4, 0.000323451)  (5, 0.0149611)  (6, 0.20255)  (7, 0.202466)  (8, 1.)  (15, 0.000328625)  (16, 0.000328972)  (17, 0.0150232) 
row 29: (3, 0.0429297)  (4, 0.000322672)  (5, 0.0430126)  (6, 0.756256)  (7, 0.0629033)  (8, 0.756512)  (15, 0.0430898)  (16, 0.000325432)  (17, 0.0430891) 
row 30: (0, 0.477263)  (1, 0.111173)  (2, 0.11127)  (3, 0.00997573)  (9, 0.477976)  (10, 0.111228)  (11, 0.111314)  (12, 0.00998557)  (14, 0.000322672) 
row 31: (0, 0.256341)  (1, 0.256255)  (2, 0.00127097)  (3, 0.000325153)  (4, 0.000324733)  (9, 0.256124)  (10, 0.255634)  (11, 0.00126311)  (12, 0.000322672) 
row 32: (0, 0.111277)  (1, 0.477775)  (2, 0.1114)  (4, 0.00997665)  (5, 0.000322672)  (9, 0.111237)  (10, 0.477023)  (11, 0.111418)  (13, 0.00995615) 
row 33: (0, 0.00127726)  (1, 0.256182)  (2, 0.256133)  (4, 0.000323274)  (5, 0.000322672)  (9, 0.00128113)  (10, 0.255885)  (11, 0.256349)  (13, 0.000323056) 
row 34: (0, 0.11137)  (1, 0.111392)  (2, 0.477439)  (4, 0.000322672)  (5, 0.00995601)  (9, 0.111323)  (10, 0.111103)  (11, 0.47701)  (14, 0.00993363) 
row 35: (0, 0.256659)  (1, 0.00127866)  (2, 0.256465)  (3, 0.000325987)  (5, 0.000324847)  (9, 0.256252)  (10, 0.00126486)  (11, 0.255765)  (12, 0.000322672) 
row 36: (0, 0.0517379)  (1, 0.000324862)  (2, 0.00032574)  (3, 0.0516015)  (4, 0.000323194)  (5, 0.000323115)  (9, 0.0516122)  (10, 0.000322672)  (12, 0.0514987) 
row 37: (0, 0.113089)  (1, 0.113105)  (2, 0.000322672)  (3, 0.112994)  (4, 0.113016)  (9, 0.112788)  (10, 0.112795)  (12, 0.112719)  (13, 0.112683) 
row 38: (0, 0.000325398)  (1, 0.0517349)  (2, 0.000323733)  (3, 0.000326865)  (4, 0.0517813)  (5, 0.000326242)  (10, 0.0514641)  (12, 0.000322672)  (13, 0.051527) 
row 39: (1, 0.112955)  (2, 0.112817)  (4, 0.112824)  (5, 0.112751)  (9, 0.000322672)  (10, 0.11299)  (11, 0.112948)  (13, 0.112923)  (14, 0.112832) 
row 40: (0, 0.000323293)  (1, 0.000325342)  (2, 0.0515458)  (4, 0.000326898)  (5, 0.0516444)  (10, 0.000322672)  (11, 0.0514499)  (13, 0.000325799)  (14, 0.0515597) 
row 41: (0, 0.113055)  (1, 0.000322672)  (2, 0.113019)  (3, 0.112749)  (5, 0.112799)  (9, 0.11283)  (11, 0.112704)  (12, 0.112554)  (14, 0.112561) 
row 42: (0, 0.000327373)  (3, 0.363541)  (4, 0.0430844)  (5, 0.0429786)  (9, 0.000326377)  (12, 0.363915)  (13, 0.0430707)  (14, 0.0429884)  (15, 0.000322672) 
row 43: (3, 0.255831)  (4, 0.255752)  (5, 0.00126083)  (7, 0.000322957)  (12, 0.256027)  (13, 0.255707)  (14, 0.00126077)  (15, 0.000322672)  (16, 0.000324382) 
row 44: (3, 0.0430059)  (4, 0.363541)  (5, 0.0430119)  (7, 0.000325583)  (10, 0.000322672)  (12, 0.0430918)  (13, 0.363827)  (14, 0.0430446)  (16, 0.000327881) 
row 45: (3, 0.00126498)  (4, 0.256153)  (5, 0.256246)  (7, 0.000322935)  (12, 0.00126325)  (13, 0.255915)  (14, 0.255926)  (16, 0.000322672)  (17, 0.000323142) 
row 46: (2, 0.000323973)  (3, 0.0430461)  (4, 0.0430261)  (5, 0.363921)  (8, 0.000322672)  (12, 0.0430869)  (13, 0.0430243)  (14, 0.363747)  (17, 0.000326501) 
row 47: (0, 0.000324609)  (3, 0.255815)  (4, 0.0012655)  (5, 0.255798)  (9, 0.000324477)  (12, 0.256241)  (13, 0.00126612)  (14, 0.255974)  (17, 0.000322672) 
row 48: (3, 0.051479)  (5, 0.000322672)  (6, 0.0513613)  (12, 0.0517566)  (13, 0.000324575)  (14, 0.000325313)  (15, 0.0516279)  (16, 0.000327788)  (17, 0.000325603) 
row 49: (3, 0.112854)  (4, 0.112822)  (6, 0.112811)  (7, 0.112911)  (12, 0.112904)  (13, 0.112716)  (15, 0.112898)  (16, 0.112971)  (17, 0.000322672) 
row 50: (4, 0.0514591)  (5, 0.000322672)  (7, 0.0514323)  (12, 0.000325055)  (13, 0.0516218)  (14, 0.000324989)  (15, 0.000324239)  (16, 0.051698)  (17, 0.000322864) 
row 51: (3, 0.000322672)  (4, 0.113058)  (5, 0.113203)  (7, 0.112944)  (8, 0.112914)  (13, 0.112885)  (14, 0.112975)  (16, 0.112857)  (17, 0.112846) 
row 52: (3, 0.000324839)  (4, 0.000324722)  (5, 0.0517943)  (6, 0.000323757)  (7, 0.000322672)  (8, 0.0516003)  (12, 0.000324164)  (14, 0.0515961)  (17, 0.05155) 
row 53: (3, 0.112548)  (5, 0.112618)  (6, 0.112711)  (8, 0.112669)  (12, 0.112796)  (14, 0.112687)  (15, 0.112896)  (16, 0.000322672)  (17, 0.11294) 
row 54: (3, 0.0099523)  (5, 0.000322672)  (6, 0.477438)  (7, 0.11143)  (8, 0.111443)  (12, 0.0099504)  (15, 0.477273)  (16, 0.111396)  (17, 0.111237) 
row 55: (3, 0.000322815)  (4, 0.000322672)  (6, 0.256056)  (7, 0.256146)  (8, 0.0012748)  (12, 0.000324027)  (15, 0.256353)  (16, 0.25634)  (17, 0.00127295) 
row 56: (4, 0.00993868)  (5, 0.000322672)  (6, 0.11122)  (7, 0.477365)  (8, 0.111425)  (13, 0.00992958)  (15, 0.111361)  (16, 0.477543)  (17, 0.111238) 
row 57: (5, 0.000324179)  (6, 0.00127232)  (7, 0.256093)  (8, 0.256392)  (13, 0.000322672)  (14, 0.000324242)  (15, 0.0012823)  (16, 0.256484)  (17, 0.256282) 
row 58: (5, 0.00997498)  (6, 0.111138)  (7, 0.111016)  (8, 0.477318)  (12, 0.000322672)  (14, 0.00998435)  (15, 0.111318)  (16, 0.111206)  (17, 0.47746) 
row 59: (5, 0.000324988)  (6, 0.256273)  (7, 0.00127766)  (8, 0.256586)  (12, 0.000322672)  (14, 0.000322703)  (15, 0.256131)  (16, 0.00127795)  (17, 0.256054) 
row 60: (0, 0.0150226)  (1, 0.000326274)  (2, 0.000326973)  (9, 1.)  (10, 0.202258)  (11, 0.202404)  (12, 0.0149206)  (18, 0.0149157)  (20, 0.000322672) 
row 61: (0, 0.000324837)  (1, 0.000325596)  (9, 0.606478)  (10, 0.606846)  (11, 0.00164807)  (12, 0.000325719)  (13, 0.000326564)  (18, 0.000322672)  (19, 0.000323501) 
row 62: (1, 0.0149151)  (9, 0.202109)  (10, 1.)  (11, 0.202387)  (12, 0.000322672)  (13, 0.0149644)  (18, 0.000323273)  (19, 0.0149687)  (20, 0.000323011) 
row 63: (1, 0.000327131)  (2, 0.000323708)  (9, 0.0016537)  (10, 0.607124)  (11, 0.607004)  (13, 0.000325757)  (14, 0.000322672)  (19, 0.000330296)  (20, 0.000328432) 
row 64: (1, 0.000323532)  (2, 0.0149071)  (9, 0.202261)  (10, 0.202393)  (11, 1.)  (13, 0.000322672)  (14, 0.0148832)  (19, 0.00032367)  (20, 0.0149323) 
row 65: (0, 0.000325981)  (2, 0.00032422)  (9, 0.606997)  (10, 0.0016436)  (11, 0.606611)  (12, 0.000325283)  (14, 0.000324537)  (18, 0.000322672)  (20, 0.000323093) 
row 66: (0, 0.000324834)  (9, 0.363613)  (10, 0.0430626)  (11, 0.0430329)  (12, 0.363811)  (13, 0.042987)  (14, 0.0430524)  (18, 0.000325052)  (21, 0.000322672) 
row 67: (0, 0.000324828)  (1, 0.000325435)  (4, 0.000322672)  (9, 0.255904)  (10, 0.256424)  (11, 0.00127039)  (12, 0.255854)  (13, 0.255911)  (14, 0.00126504) 
row 68: (1, 0.000323936)  (9, 0.042986)  (10, 0.364155)  (11, 0.0430326)  (12, 0.0430488)  (13, 0.363852)  (14, 0.0429938)  (19, 0.000325748)  (22, 0.000322672) 
row 69: (1, 0.000325109)  (2, 0.000322672)  (9, 0.00126913)  (10, 0.25645)  (11, 0.256185)  (12, 0.00126651)  (13, 0.256163)  (14, 0.255872)  (19, 0.000323922) 
row 70: (2, 0.000325653)  (5, 0.000327278)  (9, 0.0430226)  (10, 0.0431101)  (11, 0.363515)  (12, 0.0430762)  (13, 0.0432066)  (14, 0.363989)  (23, 0.000322672) 
row 71: (0, 0.000322672)  (9, 0.256226)  (10, 0.00127146)  (11, 0.256031)  (12, 0.255795)  (13, 0.00126522)  (14, 0.255621)  (18, 0.000323917)  (20, 0.000323221) 
row 72: (3, 0.0148741)  (9, 0.0148787)  (12, 1.)  (13, 0.202103)  (14, 0.202128)  (15, 0.0148942)  (16, 0.000322672)  (17, 0.000323369)  (21, 0.0148993) 
row 73: (4, 0.000322672)  (10, 0.000324803)  (12, 0.607086)  (13, 0.606484)  (14, 0.00164914)  (15, 0.000327113)  (16, 0.000329026)  (21, 0.000326082)  (22, 0.000323978) 
row 74: (4, 0.0148916)  (10, 0.014966)  (11, 0.000322672)  (12, 0.202127)  (13, 1.)  (14, 0.202491)  (16, 0.0149186)  (17, 0.000322713)  (22, 0.0149017) 
row 75: (4, 0.000326099)  (5, 0.000326336)  (10, 0.000326155)  (11, 0.000322672)  (12, 0.00164723)  (13, 0.607228)  (14, 0.606784)  (16, 0.000324)  (17, 0.000325001) 
row 76: (5, 0.0149167)  (10, 0.000322672)  (11, 0.0148862)  (12, 0.202163)  (13, 0.202503)  (14, 1.)  (16, 0.000322696)  (17, 0.0149767)  (23, 0.0149168) 
row 77: (5, 0.000324299)  (9, 0.000322672)  (12, 0.60685)  (13, 0.0016512)  (14, 0.606678)  (15, 0.000323212)  (17, 0.000327877)  (21, 0.000323439)  (23, 0.000323669) 
row 78: (3, 0.000322672)  (12, 0.363986)  (13, 0.0430281)  (14, 0.0430645)  (15, 0.363638)  (16, 0.0431411)  (17, 0.043133)  (21, 0.000324239)  (24, 0.000326971) 
row 79: (7, 0.000322672)  (12, 0.255716)  (13, 0.255625)  (14, 0.00126526)  (15, 0.256113)  (16, 0.256483)  (17, 0.00126877)  (24, 0.000322874)  (25, 0.000322722) 
row 80: (4, 0.000322672)  (7, 0.000325886)  (12, 0.0429849)  (13, 0.363352)  (14, 0.0430613)  (15, 0.0430909)  (16, 0.364328)  (17, 0.04315)  (25, 0.000326207) 
row 81: (8, 0.000323122)  (12, 0.00126332)  (13, 0.255875)  (14, 0.256066)  (15, 0.0012665)  (16, 0.256144)  (17, 0.256363)  (25, 0.000323817)  (26, 0.000322672) 
row 82: (5, 0.000325156)  (8, 0.000326066)  (12, 0.0430494)  (13, 0.0429757)  (14, 0.363758)  (15, 0.0430364)  (16, 0.0429822)  (17, 0.364297)  (26, 0.000322672) 
row 83: (5, 0.000322672)  (8, 0.000324112)  (12, 0.256018)  (13, 0.00126322)  (14, 0.25587)  (15, 0.256091)  (16, 0.00127599)  (17, 0.256415)  (24, 0.000324041) 
row 84: (6, 0.014928)  (7, 0.000324099)  (8, 0.000324761)  (12, 0.0149172)  (15, 1.)  (16, 0.202584)  (17, 0.202301)  (24, 0.0149375)  (25, 0.000322672) 
row 85: (6, 0.000322672)  (7, 0.00032341)  (12, 0.000326055)  (13, 0.00032334)  (15, 0.607206)  (16, 0.60685)  (17, 0.00165081)  (24, 0.000324396)  (25, 0.000323807) 
row 86: (7, 0.0149417)  (8, 0.000324067)  (12, 0.000323295)  (13, 0.0149213)  (14, 0.000322672)  (15, 0.202527)  (16, 1.)  (17, 0.202031)  (25, 0.0149251) 
row 87: (7, 0.000322672)  (8, 0.000327353)  (13, 0.000326201)  (14, 0.000329301)  (15, 0.00165097)  (16, 0.606347)  (17, 0.607033)  (25, 0.000328815)  (26, 0.000329599) 
row 88: (8, 0.0149412)  (12, 0.000322968)  (14, 0.0149621)  (15, 0.202187)  (16, 0.201974)  (17, 1.)  (24, 0.000322672)  (25, 0.000322854)  (26, 0.0149423) 
row 89: (6, 0.000323938)  (8, 0.000328152)  (12, 0.000322672)  (14, 0.000323102)  (15, 0.606623)  (16, 0.00164864)  (17, 0.606942)  (24, 0.000322953)  (26, 0.000322713) 
row 90: (9, 0.47684)  (10, 0.111339)  (11, 0.111208)  (12, 0.0099598)  (18, 0.477653)  (19, 0.111402)  (20, 0.111384)  (21, 0.00994758)  (22, 0.000322672) 
row 91: (9, 0.255702)  (10, 0.256188)  (11, 0.00127064)  (12, 0.000322672)  (13, 0.00032327)  (18, 0.256329)  (19, 0.256296)  (20, 0.00127149)  (22, 0.000323536) 
row 92: (9, 0.1109)  (10, 0.477333)  (11, 0.111355)  (13, 0.00998304)  (18, 0.111226)  (19, 0.477652)  (20, 0.111399)  (22, 0.00998924)  (23, 0.000322672) 
row 93: (9, 0.00127146)  (10, 0.25615)  (11, 0.256312)  (13, 0.000323859)  (14, 0.000322672)  (18, 0.00127094)  (19, 0.256176)  (20, 0.256275)  (22, 0.000323189) 
row 94: (9, 0.111279)  (10, 0.111274)  (11, 0.477542)  (13, 0.000322672)  (14, 0.00996046)  (18, 0.111152)  (19, 0.111136)  (20, 0.477029)  (23, 0.00993663) 
row 95: (9, 0.255746)  (10, 0.00127197)  (11, 0.256057)  (12, 0.000322672)  (14, 0.000322863)  (18, 0.256075)  (19, 0.00127461)  (20, 0.256301)  (23, 0.000323515) 
row 96: (9, 0.0514392)  (10, 0.000326191)  (12, 0.0516496)  (13, 0.000324624)  (14, 0.000323162)  (18, 0.0515553)  (19, 0.000323538)  (21, 0.0514893)  (22, 0.000322672) 
row 97: (9, 0.112862)  (10, 0.113217)  (11, 0.000322672)  (12, 0.11298)  (13, 0.112968)  (18, 0.112856)  (19, 0.112846)  (21, 0.11257)  (22, 0.112617) 
row 98: (10, 0.0516385)  (11, 0.000323012)  (13, 0.0515857)  (14, 0.000322859)  (18, 0.000322672)  (19, 0.0516683)  (20, 0.000323591)  (22, 0.0516088)  (23, 0.000323228) 
row 99: (10, 0.113003)  (11, 0.112842)  (13, 0.113077)  (14, 0.112942)  (18, 0.000322672)  (19, 0.113031)  (20, 0.112897)  (22, 0.11307)  (23, 0.112976) 
row 100: (10, 0.000325556)  (11, 0.0515492)  (13, 0.000324541)  (14, 0.0514914)  (18, 0.000322672)  (19, 0.000325649)  (20, 0.0515946)  (22, 0.000323698)  (23, 0.0515131) 
row 101: (9, 0.11276)  (10, 0.000322672)  (11, 0.112748)  (12, 0.113031)  (14, 0.112903)  (18, 0.11271)  (20, 0.11258)  (21, 0.112707)  (23, 0.112698) 
row 102: (12, 0.363723)  (13, 0.0429856)  (14, 0.0430508)  (15, 0.000322672)  (18, 0.000323721)  (21, 0.363923)  (22, 0.0429901)  (23, 0.0431162)  (24, 0.000329422) 
row 103: (10, 0.000323662)  (12, 0.256034)  (13, 0.255891)  (14, 0.00126402)  (19, 0.000322672)  (21, 0.256081)  (22, 0.255811)  (23, 0.0012675)  (24, 0.000323995) 
row 104: (10, 0.000326202)  (12, 0.0430721)  (13, 0.36422)  (14, 0.0431039)  (16, 0.000323019)  (21, 0.0429364)  (22, 0.363154)  (23, 0.0429444)  (25, 0.000322672) 
row 105: (10, 0.00032369)  (12, 0.00126849)  (13, 0.256211)  (14, 0.256273)  (17, 0.000323519)  (21, 0.00126634)  (22, 0.255793)  (23, 0.255993)  (25, 0.000322672) 
row 106: (11, 0.000324883)  (12, 0.0431048)  (13, 0.0430937)  (14, 0.364121)  (17, 0.000323306)  (20, 0.000322672)  (21, 0.0429952)  (22, 0.0429219)  (23, 0.363386) 
row 107: (11, 0.000322672)  (12, 0.256376)  (13, 0.00127881)  (14, 0.256427)  (17, 0.000326559)  (21, 0.255726)  (22, 0.0012667)  (23, 0.255834)  (24, 0.000324736) 
row 108: (12, 0.0517277)  (13, 0.000325316)  (14, 0.000324665)  (15, 0.0515301)  (16, 0.000325583)  (17, 0.000325363)  (21, 0.0515875)  (24, 0.0516421)  (25, 0.000322672) 
row 109: (12, 0.112856)  (13, 0.112741)  (15, 0.112888)  (16, 0.11292)  (17, 0.000322672)  (21, 0.112707)  (22, 0.11242)  (24, 0.113001)  (25, 0.112849) 
row 110: (13, 0.0515898)  (14, 0.00032582)  (15, 0.000322672)  (16, 0.0516534)  (17, 0.000326812)  (22, 0.0513073)  (24, 0.000323369)  (25, 0.0516651)  (26, 0.000325041) 
row 111: (13, 0.113027)  (14, 0.113025)  (15, 0.000322672)  (16, 0.112972)  (17, 0.113096)  (22, 0.112615)  (23, 0.112696)  (25, 0.113031)  (26, 0.112864) 
row 112: (12, 0.000322672)  (13, 0.000325215)  (14, 0.0516543)  (17, 0.0516144)  (21, 0.000323245)  (23, 0.0515983)  (24, 0.000324885)  (25, 0.000326337)  (26, 0.0515653) 
row 113: (12, 0.112881)  (14, 0.112868)  (15, 0.112889)  (16, 0.000322672)  (17, 0.113141)  (21, 0.112701)  (23, 0.112619)  (24, 0.113064)  (26, 0.11281) 
row 114: (12, 0.00996413)  (15, 0.476849)  (16, 0.111114)  (17, 0.111259)  (21, 0.00998886)  (23, 0.000322672)  (24, 0.477737)  (25, 0.111236)  (26, 0.111362) 
row 115: (12, 0.000324632)  (13, 0.000322672)  (15, 0.256387)  (16, 0.256179)  (17, 0.00128016)  (21, 0.000323667)  (24, 0.25624)  (25, 0.256049)  (26, 0.00127321) 
row 116: (13, 0.00994006)  (15, 0.111248)  (16, 0.476847)  (17, 0.111173)  (21, 0.000322672)  (22, 0.00993014)  (24, 0.111416)  (25, 0.477951)  (26, 0.111499) 
row 117: (13, 0.000322672)  (14, 0.000323684)  (15, 0.00127286)  (16, 0.2558)  (17, 0.255986)  (23, 0.000323442)  (24, 0.00127769)  (25, 0.256743)  (26, 0.256625) 
row 118: (14, 0.00996535)  (15, 0.111076)  (16, 0.110892)  (17, 0.47703)  (21, 0.000322672)  (23, 0.00996358)  (24, 0.111387)  (25, 0.111322)  (26, 0.477664) 
row 119: (12, 0.00032273)  (14, 0.000324106)  (15, 0.255805)  (16, 0.0012632)  (17, 0.256279)  (21, 0.000322672)  (24, 0.256067)  (25, 0.00127505)  (26, 0.256181) 
row 120: (9, 0.0149142)  (10, 0.000325882)  (11, 0.000323291)  (18, 1.)  (19, 0.2024)  (20, 0.202331)  (21, 0.0149105)  (22, 0.000324473)  (23, 0.000322672) 
row 121: (9, 0.0429602)  (10, 0.0431321)  (11, 0.000325906)  (18, 0.756264)  (19, 0.756486)  (20, 0.0629421)  (21, 0.0429155)  (22, 0.0430424)  (23, 0.000322672) 
row 122: (9, 0.000322672)  (10, 0.015022)  (11, 0.000327405)  (18, 0.202468)  (19, 1.)  (20, 0.202518)  (21, 0.000323049)  (22, 0.0150016)  (23, 0.000324662) 
row 123: (9, 0.000322672)  (10, 0.0430438)  (11, 0.0430462)  (18, 0.0629068)  (19, 0.756234)  (20, 0.756548)  (21, 0.000323531)  (22, 0.0431175)  (23, 0.0430659) 
row 124: (9, 0.000324721)  (10, 0.000327789)  (11, 0.0149969)  (18, 0.20245)  (19, 0.202569)  (20, 1.)  (21, 0.000322672)  (22, 0.000326597)  (23, 0.0149446) 
row 125: (9, 0.042956)  (10, 0.000323472)  (11, 0.0430068)  (18, 0.756314)  (19, 0.0628231)  (20, 0.756231)  (21, 0.0429264)  (22, 0.000322672)  (23, 0.0429602) 
row 126: (9, 0.00991062)  (10, 0.000322672)  (12, 0.00996183)  (18, 0.477004)  (19, 0.111194)  (20, 0.110988)  (21, 0.477084)  (22, 0.111307)  (23, 0.11113) 
row 127: (10, 0.000323813)  (12, 0.000322672)  (13, 0.000323286)  (18, 0.255929)  (19, 0.255908)  (20, 0.00126116)  (21, 0.255947)  (22, 0.256235)  (23, 0.00126616) 
row 128: (10, 0.00998971)  (13, 0.00998864)  (14, 0.000322672)  (18, 0.111052)  (19, 0.477068)  (20, 0.111133)  (21, 0.111042)  (22, 0.477571)  (23, 0.111235) 
row 129: (10, 0.000324494)  (11, 0.000322672)  (13, 0.000323821)  (18, 0.00126003)  (19, 0.255957)  (20, 0.255835)  (21, 0.00125896)  (22, 0.256127)  (23, 0.255889) 
row 130: (11, 0.00994273)  (13, 0.000322672)  (14, 0.00996831)  (18, 0.111003)  (19, 0.11105)  (20, 0.476615)  (21, 0.111131)  (22, 0.111306)  (23, 0.477349) 
row 131: (11, 0.000322672)  (12, 0.00032675)  (14, 0.000325339)  (18, 0.255943)  (19, 0.0012699)  (20, 0.255602)  (21, 0.256304)  (22, 0.00127667)  (23, 0.256215) 
row 132: (12, 0.0149374)  (13, 0.000322672)  (18, 0.0149081)  (21, 1.)  (22, 0.202274)  (23, 0.20241)  (24, 0.0150227)  (25, 0.000324216)  (26, 0.000322921) 
row 133: (12, 0.000323481)  (13, 0.000323081)  (18, 0.000326048)  (19, 0.000325721)  (21, 0.607012)  (22, 0.606537)  (23, 0.00165133)  (24, 0.000326117)  (25, 0.000322672) 
row 134: (13, 0.0149251)  (14, 0.000322672)  (18, 0.000323666)  (19, 0.0149733)  (20, 0.000323626)  (21, 0.202239)  (22, 1.)  (23, 0.202433)  (25, 0.0149135) 
row 135: (13, 0.000327813)  (14, 0.000327291)  (19, 0.000324426)  (20, 0.000322672)  (21, 0.0016535)  (22, 0.607042)  (23, 0.606976)  (25, 0.000328836)  (26, 0.000326464) 
row 136: (13, 0.000322672)  (14, 0.0149208)  (20, 0.0148871)  (21, 0.20231)  (22, 0.202368)  (23, 1.)  (24, 0.000324576)  (25, 0.000323243)  (26, 0.0149001) 
row 137: (12, 0.000328245)  (14, 0.000328837)  (18, 0.000325513)  (20, 0.000324871)  (21, 0.606788)  (22, 0.00165717)  (23, 0.607086)  (24, 0.000327469)  (26, 0.000322672) 
row 138: (12, 0.0099718)  (15, 0.00994861)  (17, 0.000322672)  (21, 0.477406)  (22, 0.111065)  (23, 0.111164)  (24, 0.477642)  (25, 0.111149)  (26, 0.111055) 
row 139: (12, 0.000324689)  (13, 0.000325298)  (16, 0.000322672)  (21, 0.256452)  (22, 0.256217)  (23, 0.00127909)  (24, 0.256173)  (25, 0.256084)  (26, 0.00127568) 
row 140: (12, 0.000322672)  (13, 0.00996873)  (16, 0.00996324)  (21, 0.111353)  (22, 0.476833)  (23, 0.111147)  (24, 0.111487)  (25, 0.477655)  (26, 0.11127) 
row 141: (13, 0.000324443)  (14, 0.000324606)  (17, 0.000322672)  (21, 0.00126922)  (22, 0.256064)  (23, 0.256215)  (24, 0.00126763)  (25, 0.256042)  (26, 0.255778) 
row 142: (13, 0.000322672)  (14, 0.00997171)  (17, 0.00994887)  (21, 0.111402)  (22, 0.111335)  (23, 0.477674)  (24, 0.111291)  (25, 0.1113)  (26, 0.476772) 
row 143: (12, 0.000323414)  (14, 0.000323275)  (17, 0.000322672)  (21, 0.256482)  (22, 0.00126825)  (23, 0.256245)  (24, 0.256336)  (25, 0.00127021)  (26, 0.255694) 
row 144: (15, 0.0149485)  (16, 0.000323312)  (17, 0.000325527)  (21, 0.0150186)  (22, 0.000322672)  (23, 0.000326098)  (24, 1.)  (25, 0.202107)  (26, 0.202325) 
row 145: (15, 0.0429768)  (16, 0.0429449)  (17, 0.000322672)  (21, 0.0431125)  (22, 0.042974)  (23, 0.00032351)  (24, 0.756332)  (25, 0.755949)  (26, 0.0628086) 
row 146: (15, 0.000322672)  (16, 0.0149394)  (17, 0.000324915)  (21, 0.000323128)  (22, 0.0149072)  (23, 0.000323967)  (24, 0.202064)  (25, 1.)  (26, 0.202628) 
row 147: (15, 0.000322672)  (16, 0.0429435)  (17, 0.0429854)  (21, 0.00032415)  (22, 0.0429783)  (23, 0.0430123)  (24, 0.0628648)  (25, 0.756698)  (26, 0.756335) 
row 148: (15, 0.000323913)  (16, 0.000324572)  (17, 0.0150022)  (21, 0.000324085)  (22, 0.000322672)  (23, 0.0149414)  (24, 0.202405)  (25, 0.202752)  (26, 1.) 
row 149: (15, 0.0429722)  (16, 0.00032274)  (17, 0.0430207)  (21, 0.0431337)  (22, 0.000322672)  (23, 0.0430769)  (24, 0.756524)  (25, 0.0629003)  (26, 0.756118) 
