Number of vertices: 81
Number of observations: 25
Number of local observations per vertex: 9
Created 25 observations
H matrix size: 25 x 81
H matrix:
Mat Object: H_observation_operator 1 MPI process
  type: mpiaij
  row 0:   (0, 1.)   
  row 1:   (2, 1.)   
  row 2:   (4, 1.)   
  row 3:   (6, 1.)   
  row 4:   (8, 1.)   
  row 5:   (18, 1.)   
  row 6:   (20, 1.)   
  row 7:   (22, 1.)   
  row 8:   (24, 1.)   
  row 9:   (26, 1.)   
  row 10:   (36, 1.)   
  row 11:   (38, 1.)   
  row 12:   (40, 1.)   
  row 13:   (42, 1.)   
  row 14:   (44, 1.)   
  row 15:   (54, 1.)   
  row 16:   (56, 1.)   
  row 17:   (58, 1.)   
  row 18:   (60, 1.)   
  row 19:   (62, 1.)   
  row 20:   (72, 1.)   
  row 21:   (74, 1.)   
  row 22:   (76, 1.)   
  row 23:   (78, 1.)   
  row 24:   (80, 1.)   

Computing LETKF localization matrix...

Localization matrix Q: 81 x 25
Q matrix:
Mat Object: Q_localization 1 MPI process
  type: mpiaij
  row 0:   (0, 1.)    (1, 0.825709)    (2, 0.468419)    (5, 0.825709)    (6, 0.684874)    (7, 0.385286)    (10, 0.468419)    (11, 0.385209)    (12, 0.208333)   
  row 1:   (0, 0.93905)    (1, 0.93905)    (2, 0.580343)    (5, 0.738084)    (6, 0.738081)    (7, 0.454186)    (10, 0.352983)    (11, 0.352954)    (12, 0.208333)   
  row 2:   (0, 0.738085)    (1, 1.)    (2, 0.738085)    (3, 0.290752)    (5, 0.546131)    (6, 0.738086)    (7, 0.54619)    (8, 0.208333)    (11, 0.290719)   
  row 3:   (0, 0.447557)    (1, 0.912398)    (2, 0.912398)    (3, 0.447557)    (5, 0.307985)    (6, 0.641029)    (7, 0.641064)    (8, 0.307997)    (12, 0.208333)   
  row 4:   (0, 0.208352)    (1, 0.684909)    (2, 1.)    (3, 0.684909)    (4, 0.208352)    (6, 0.468472)    (7, 0.684913)    (8, 0.468453)    (12, 0.208333)   
  row 5:   (1, 0.447571)    (2, 0.912401)    (3, 0.912401)    (4, 0.447571)    (6, 0.308009)    (7, 0.640998)    (8, 0.640987)    (9, 0.307999)    (13, 0.208333)   
  row 6:   (1, 0.290764)    (2, 0.738092)    (3, 1.)    (4, 0.738092)    (6, 0.208333)    (7, 0.546088)    (8, 0.738012)    (9, 0.546142)    (13, 0.290752)   
  row 7:   (1, 0.208333)    (2, 0.58036)    (3, 0.939053)    (4, 0.939053)    (7, 0.454091)    (8, 0.738005)    (9, 0.738096)    (13, 0.352998)    (14, 0.353004)   
  row 8:   (2, 0.468486)    (3, 0.825738)    (4, 1.)    (7, 0.385252)    (8, 0.68484)    (9, 0.825738)    (12, 0.208333)    (13, 0.385302)    (14, 0.468486)   
  row 9:   (0, 0.939048)    (1, 0.738076)    (2, 0.352969)    (5, 0.939048)    (6, 0.738068)    (7, 0.353031)    (10, 0.580331)    (11, 0.454088)    (12, 0.208333)   
  row 10:   (0, 0.843164)    (1, 0.843053)    (2, 0.42961)    (5, 0.84317)    (6, 0.843054)    (7, 0.429691)    (10, 0.429735)    (11, 0.42964)    (12, 0.208333)   
  row 11:   (0, 0.559062)    (1, 0.887714)    (2, 0.559228)    (5, 0.559034)    (6, 0.887672)    (7, 0.559292)    (10, 0.208333)    (11, 0.346107)    (12, 0.208426)   
  row 12:   (0, 0.208358)    (1, 0.738118)    (2, 0.738234)    (3, 0.208469)    (5, 0.208333)    (6, 0.738055)    (7, 0.738237)    (8, 0.208485)    (12, 0.208387)   
  row 13:   (1, 0.559095)    (2, 0.887696)    (3, 0.559174)    (6, 0.559103)    (7, 0.887692)    (8, 0.559204)    (11, 0.208333)    (12, 0.346148)    (13, 0.208375)   
  row 14:   (2, 0.738023)    (3, 0.738194)    (4, 0.20847)    (6, 0.208333)    (7, 0.738005)    (8, 0.738237)    (9, 0.208487)    (12, 0.208347)    (13, 0.208427)   
  row 15:   (2, 0.559083)    (3, 0.887676)    (4, 0.559171)    (7, 0.559021)    (8, 0.88764)    (9, 0.559195)    (12, 0.208333)    (13, 0.346195)    (14, 0.208427)   
  row 16:   (2, 0.429743)    (3, 0.843126)    (4, 0.84315)    (7, 0.429664)    (8, 0.843024)    (9, 0.843142)    (12, 0.208333)    (13, 0.429742)    (14, 0.429759)   
  row 17:   (2, 0.353004)    (3, 0.738096)    (4, 0.939053)    (7, 0.352944)    (8, 0.738009)    (9, 0.939053)    (13, 0.45415)    (14, 0.58036)    (19, 0.208333)   
  row 18:   (0, 0.738068)    (1, 0.546107)    (5, 1.)    (6, 0.738058)    (7, 0.290788)    (10, 0.738068)    (11, 0.546085)    (12, 0.208333)    (15, 0.290724)   
  row 19:   (0, 0.559143)    (1, 0.559146)    (2, 0.208349)    (5, 0.88767)    (6, 0.887665)    (7, 0.346192)    (10, 0.558988)    (11, 0.55895)    (12, 0.208333)   
  row 20:   (0, 0.208336)    (1, 0.468455)    (2, 0.208352)    (5, 0.468436)    (6, 1.)    (7, 0.468593)    (10, 0.208333)    (11, 0.468387)    (12, 0.208397)   
  row 21:   (0, 0.208333)    (1, 0.559117)    (2, 0.559024)    (5, 0.346121)    (6, 0.887736)    (7, 0.887649)    (8, 0.346018)    (11, 0.558935)    (12, 0.558913)   
  row 22:   (1, 0.208492)    (2, 0.468547)    (3, 0.208372)    (6, 0.468682)    (7, 1.)    (8, 0.468532)    (11, 0.208449)    (12, 0.468498)    (13, 0.208333)   
  row 23:   (1, 0.208333)    (2, 0.559064)    (3, 0.559018)    (6, 0.34616)    (7, 0.887638)    (8, 0.887701)    (9, 0.346058)    (12, 0.559042)    (13, 0.559039)   
  row 24:   (2, 0.208444)    (3, 0.468435)    (4, 0.208333)    (7, 0.468555)    (8, 1.)    (9, 0.468452)    (12, 0.208488)    (13, 0.468673)    (14, 0.208461)   
  row 25:   (2, 0.208353)    (3, 0.55906)    (4, 0.559014)    (7, 0.346098)    (8, 0.887654)    (9, 0.887646)    (12, 0.208333)    (13, 0.559183)    (14, 0.559138)   
  row 26:   (2, 0.208333)    (3, 0.546149)    (4, 0.738096)    (7, 0.290707)    (8, 0.738027)    (9, 1.)    (13, 0.546159)    (14, 0.738096)    (19, 0.290772)   
  row 27:   (0, 0.447496)    (1, 0.307921)    (5, 0.912385)    (6, 0.640963)    (10, 0.912385)    (11, 0.640964)    (12, 0.208333)    (15, 0.447496)    (16, 0.307933)   
  row 28:   (1, 0.208343)    (5, 0.738041)    (6, 0.738124)    (7, 0.208451)    (10, 0.738063)    (11, 0.738127)    (12, 0.208458)    (15, 0.208333)    (16, 0.208371)   
  row 29:   (0, 0.208333)    (1, 0.346125)    (5, 0.55912)    (6, 0.887739)    (7, 0.55906)    (10, 0.559002)    (11, 0.887517)    (12, 0.558938)    (16, 0.345893)   
  row 30:   (5, 0.208351)    (6, 0.73811)    (7, 0.738124)    (8, 0.208397)    (10, 0.208365)    (11, 0.738094)    (12, 0.738152)    (16, 0.208354)    (17, 0.208333)   
  row 31:   (2, 0.345989)    (6, 0.558975)    (7, 0.887598)    (8, 0.559157)    (11, 0.559007)    (12, 0.887701)    (13, 0.559065)    (17, 0.346085)    (18, 0.208333)   
  row 32:   (2, 0.208396)    (3, 0.208411)    (6, 0.208344)    (7, 0.738067)    (8, 0.738341)    (9, 0.20838)    (12, 0.737896)    (13, 0.738007)    (14, 0.208333)   
  row 33:   (2, 0.208333)    (3, 0.346114)    (7, 0.559037)    (8, 0.887802)    (9, 0.55896)    (12, 0.558918)    (13, 0.887557)    (14, 0.558861)    (18, 0.345873)   
  row 34:   (3, 0.208485)    (4, 0.208506)    (7, 0.208358)    (8, 0.738196)    (9, 0.73825)    (13, 0.738096)    (14, 0.738147)    (18, 0.208333)    (19, 0.208407)   
  row 35:   (3, 0.308044)    (4, 0.447614)    (7, 0.208333)    (8, 0.641036)    (9, 0.912411)    (13, 0.641087)    (14, 0.912411)    (18, 0.307989)    (19, 0.447614)   
  row 36:   (0, 0.208333)    (5, 0.684896)    (6, 0.468434)    (10, 1.)    (11, 0.684906)    (12, 0.208398)    (15, 0.684896)    (16, 0.468462)    (20, 0.208333)   
  row 37:   (5, 0.559109)    (6, 0.559147)    (7, 0.20841)    (10, 0.887628)    (11, 0.88771)    (12, 0.346216)    (15, 0.558934)    (16, 0.558994)    (17, 0.208333)   
  row 38:   (5, 0.208333)    (6, 0.468402)    (7, 0.208377)    (10, 0.468482)    (11, 1.)    (12, 0.468587)    (15, 0.208395)    (16, 0.46853)    (17, 0.208422)   
  row 39:   (6, 0.559014)    (7, 0.558951)    (10, 0.34613)    (11, 0.887723)    (12, 0.887651)    (13, 0.345905)    (15, 0.208333)    (16, 0.559092)    (17, 0.559009)   
  row 40:   (6, 0.208431)    (7, 0.468445)    (8, 0.208413)    (11, 0.468607)    (12, 1.)    (13, 0.46831)    (16, 0.208441)    (17, 0.468449)    (18, 0.208333)   
  row 41:   (7, 0.559061)    (8, 0.559272)    (9, 0.208333)    (11, 0.346025)    (12, 0.887563)    (13, 0.887658)    (14, 0.34609)    (17, 0.558815)    (18, 0.558935)   
  row 42:   (7, 0.208364)    (8, 0.46868)    (9, 0.20847)    (12, 0.468395)    (13, 1.)    (14, 0.468617)    (17, 0.208333)    (18, 0.46853)    (19, 0.208493)   
  row 43:   (7, 0.208333)    (8, 0.559126)    (9, 0.559031)    (12, 0.346147)    (13, 0.887757)    (14, 0.887665)    (17, 0.208377)    (18, 0.559195)    (19, 0.559226)   
  row 44:   (4, 0.208398)    (8, 0.468519)    (9, 0.684943)    (12, 0.208333)    (13, 0.684974)    (14, 1.)    (18, 0.468441)    (19, 0.684943)    (24, 0.208398)   
  row 45:   (5, 0.447487)    (6, 0.307905)    (10, 0.912383)    (11, 0.640997)    (12, 0.208333)    (15, 0.912383)    (16, 0.640991)    (20, 0.447487)    (21, 0.307912)   
  row 46:   (6, 0.208333)    (10, 0.73797)    (11, 0.738193)    (12, 0.208518)    (15, 0.73809)    (16, 0.738288)    (17, 0.20855)    (20, 0.208397)    (21, 0.208453)   
  row 47:   (6, 0.34589)    (10, 0.558892)    (11, 0.887584)    (12, 0.559079)    (15, 0.55902)    (16, 0.88775)    (17, 0.559186)    (21, 0.346144)    (22, 0.208333)   
  row 48:   (6, 0.208333)    (10, 0.208437)    (11, 0.738182)    (12, 0.738051)    (15, 0.208477)    (16, 0.738252)    (17, 0.738121)    (21, 0.20845)    (22, 0.208384)   
  row 49:   (7, 0.345917)    (11, 0.559005)    (12, 0.887587)    (13, 0.558881)    (16, 0.559075)    (17, 0.887695)    (18, 0.559043)    (21, 0.208333)    (22, 0.346135)   
  row 50:   (8, 0.208404)    (11, 0.208349)    (12, 0.738042)    (13, 0.73804)    (16, 0.208333)    (17, 0.737988)    (18, 0.738089)    (22, 0.208351)    (23, 0.208335)   
  row 51:   (7, 0.208333)    (8, 0.346247)    (12, 0.559082)    (13, 0.887748)    (14, 0.558996)    (17, 0.558928)    (18, 0.88755)    (19, 0.558903)    (23, 0.345972)   
  row 52:   (8, 0.208401)    (9, 0.20834)    (13, 0.738126)    (14, 0.738064)    (17, 0.208333)    (18, 0.73814)    (19, 0.738202)    (23, 0.20848)    (24, 0.208473)   
  row 53:   (8, 0.308071)    (9, 0.447614)    (12, 0.208333)    (13, 0.641101)    (14, 0.912411)    (18, 0.641)    (19, 0.912411)    (23, 0.308044)    (24, 0.447614)   
  row 54:   (5, 0.290708)    (10, 0.738059)    (11, 0.546129)    (12, 0.208333)    (15, 1.)    (16, 0.738082)    (17, 0.290792)    (20, 0.738059)    (21, 0.546093)   
  row 55:   (10, 0.559099)    (11, 0.55902)    (12, 0.208333)    (15, 0.887794)    (16, 0.887611)    (17, 0.346162)    (20, 0.559289)    (21, 0.559159)    (22, 0.208341)   
  row 56:   (10, 0.20837)    (11, 0.468525)    (12, 0.208416)    (15, 0.4685)    (16, 1.)    (17, 0.468585)    (20, 0.20837)    (21, 0.468463)    (22, 0.208333)   
  row 57:   (10, 0.208333)    (11, 0.559125)    (12, 0.55905)    (15, 0.346149)    (16, 0.88772)    (17, 0.887661)    (18, 0.345986)    (21, 0.559055)    (22, 0.558946)   
  row 58:   (11, 0.208525)    (12, 0.468533)    (13, 0.208333)    (16, 0.468695)    (17, 1.)    (18, 0.468485)    (21, 0.208576)    (22, 0.468649)    (23, 0.208419)   
  row 59:   (11, 0.208333)    (12, 0.559102)    (13, 0.559055)    (16, 0.346061)    (17, 0.887612)    (18, 0.887638)    (19, 0.345955)    (22, 0.558941)    (23, 0.558873)   
  row 60:   (12, 0.208357)    (13, 0.46847)    (14, 0.208333)    (17, 0.468425)    (18, 1.)    (19, 0.46844)    (22, 0.208469)    (23, 0.468578)    (24, 0.208398)   
  row 61:   (12, 0.208364)    (13, 0.55925)    (14, 0.559227)    (17, 0.346049)    (18, 0.887641)    (19, 0.887699)    (22, 0.208333)    (23, 0.559026)    (24, 0.559036)   
  row 62:   (8, 0.208333)    (9, 0.290741)    (13, 0.546153)    (14, 0.738078)    (17, 0.290657)    (18, 0.738034)    (19, 1.)    (23, 0.546122)    (24, 0.738078)   
  row 63:   (10, 0.580315)    (11, 0.454129)    (12, 0.208333)    (15, 0.939045)    (16, 0.738083)    (17, 0.353039)    (20, 0.939045)    (21, 0.738065)    (22, 0.35295)   
  row 64:   (10, 0.429598)    (11, 0.429631)    (12, 0.208333)    (15, 0.843056)    (16, 0.843053)    (17, 0.429759)    (20, 0.843178)    (21, 0.843161)    (22, 0.429709)   
  row 65:   (10, 0.208333)    (11, 0.346238)    (12, 0.208465)    (15, 0.55902)    (16, 0.887751)    (17, 0.559344)    (20, 0.558918)    (21, 0.887589)    (22, 0.559098)   
  row 66:   (11, 0.208361)    (12, 0.208415)    (16, 0.738004)    (17, 0.738298)    (18, 0.208487)    (20, 0.208333)    (21, 0.7381)    (22, 0.738227)    (23, 0.208455)   
  row 67:   (11, 0.208441)    (12, 0.346175)    (13, 0.208333)    (16, 0.559197)    (17, 0.887693)    (18, 0.559108)    (21, 0.559291)    (22, 0.887755)    (23, 0.559099)   
  row 68:   (12, 0.208468)    (13, 0.20854)    (16, 0.208333)    (17, 0.738088)    (18, 0.738417)    (19, 0.208542)    (22, 0.737969)    (23, 0.738163)    (24, 0.208488)   
  row 69:   (12, 0.208333)    (13, 0.346228)    (14, 0.208439)    (17, 0.558951)    (18, 0.887773)    (19, 0.559237)    (22, 0.558975)    (23, 0.887633)    (24, 0.559173)   
  row 70:   (12, 0.208333)    (13, 0.429798)    (14, 0.429829)    (17, 0.429582)    (18, 0.843117)    (19, 0.843222)    (22, 0.42961)    (23, 0.843016)    (24, 0.843118)   
  row 71:   (9, 0.208333)    (13, 0.454172)    (14, 0.58036)    (17, 0.352934)    (18, 0.738077)    (19, 0.939053)    (22, 0.353004)    (23, 0.738096)    (24, 0.939053)   
  row 72:   (10, 0.468401)    (11, 0.385243)    (12, 0.208333)    (15, 0.825701)    (16, 0.684879)    (17, 0.385297)    (20, 1.)    (21, 0.825701)    (22, 0.468401)   
  row 73:   (10, 0.352958)    (11, 0.352991)    (12, 0.208333)    (15, 0.738069)    (16, 0.738079)    (17, 0.454201)    (20, 0.939046)    (21, 0.939046)    (22, 0.580322)   
  row 74:   (11, 0.290761)    (15, 0.54611)    (16, 0.738071)    (17, 0.546219)    (18, 0.208333)    (20, 0.738071)    (21, 1.)    (22, 0.738071)    (23, 0.290728)   
  row 75:   (12, 0.208333)    (15, 0.307947)    (16, 0.640983)    (17, 0.641092)    (18, 0.308004)    (20, 0.447521)    (21, 0.91239)    (22, 0.91239)    (23, 0.447521)   
  row 76:   (12, 0.208352)    (16, 0.468425)    (17, 0.68495)    (18, 0.468513)    (20, 0.208333)    (21, 0.684896)    (22, 1.)    (23, 0.684896)    (24, 0.208333)   
  row 77:   (13, 0.208333)    (16, 0.307958)    (17, 0.641014)    (18, 0.64108)    (19, 0.307976)    (21, 0.447549)    (22, 0.912397)    (23, 0.912397)    (24, 0.447549)   
  row 78:   (13, 0.290784)    (14, 0.208333)    (17, 0.54611)    (18, 0.738136)    (19, 0.546149)    (21, 0.290772)    (22, 0.738096)    (23, 1.)    (24, 0.738096)   
  row 79:   (13, 0.353022)    (14, 0.353004)    (17, 0.454096)    (18, 0.738111)    (19, 0.738096)    (21, 0.208333)    (22, 0.58036)    (23, 0.939053)    (24, 0.939053)   
  row 80:   (12, 0.208333)    (13, 0.385302)    (14, 0.468467)    (17, 0.385232)    (18, 0.68491)    (19, 0.82573)    (22, 0.468467)    (23, 0.82573)    (24, 1.)   
Q matrix nonzeros: 729.
Q matrix allocated nonzeros: 729.
Average nonzeros per row: 9.
Q Frobenius norm: 15.6141
