Number of vertices: 81
Number of observations: 25
Number of local observations per vertex: 9
Created 25 observations
H matrix size: 25 x 81
H matrix:
Mat Object: H_observation_operator 1 MPI process
  type: mpiaij
  row 0:   (0, 1.)   
  row 1:   (2, 1.)   
  row 2:   (4, 1.)   
  row 3:   (6, 1.)   
  row 4:   (8, 1.)   
  row 5:   (18, 1.)   
  row 6:   (20, 1.)   
  row 7:   (22, 1.)   
  row 8:   (24, 1.)   
  row 9:   (26, 1.)   
  row 10:   (36, 1.)   
  row 11:   (38, 1.)   
  row 12:   (40, 1.)   
  row 13:   (42, 1.)   
  row 14:   (44, 1.)   
  row 15:   (54, 1.)   
  row 16:   (56, 1.)   
  row 17:   (58, 1.)   
  row 18:   (60, 1.)   
  row 19:   (62, 1.)   
  row 20:   (72, 1.)   
  row 21:   (74, 1.)   
  row 22:   (76, 1.)   
  row 23:   (78, 1.)   
  row 24:   (80, 1.)   

Computing LETKF localization matrix...

Localization matrix Q: 81 x 25
Q matrix:
Mat Object: Q_localization 1 MPI process
  type: mpiaij
  row 0:   (0, 1.)    (1, 0.468444)    (5, 0.468444)    (6, 0.208334)   
  row 1:   (0, 0.783574)    (1, 0.783574)    (5, 0.290773)    (6, 0.290773)   
  row 2:   (0, 0.290773)    (1, 1.)    (2, 0.290773)    (6, 0.290773)   
  row 3:   (1, 0.700146)    (2, 0.700146)   
  row 4:   (1, 0.208334)    (2, 1.)    (3, 0.208334)    (7, 0.208334)   
  row 5:   (2, 0.700146)    (3, 0.700146)   
  row 6:   (2, 0.290773)    (3, 1.)    (4, 0.290773)    (8, 0.290773)   
  row 7:   (3, 0.783574)    (4, 0.783574)    (8, 0.290773)    (9, 0.290773)   
  row 8:   (3, 0.468444)    (4, 1.)    (8, 0.208334)    (9, 0.468444)   
  row 9:   (0, 0.783574)    (1, 0.290773)    (5, 0.783574)    (6, 0.290773)   
  row 10:   (0, 0.510289)    (1, 0.510289)    (5, 0.510289)    (6, 0.510289)   
  row 11:   (1, 0.628061)    (6, 0.628061)   
  row 12:   (1, 0.290773)    (2, 0.290773)    (6, 0.290773)    (7, 0.290773)   
  row 13:   (2, 0.628061)    (7, 0.628061)   
  row 14:   (2, 0.290773)    (3, 0.290773)    (7, 0.290773)    (8, 0.290773)   
  row 15:   (3, 0.628061)    (8, 0.628061)   
  row 16:   (3, 0.510289)    (4, 0.510289)    (8, 0.510289)    (9, 0.510289)   
  row 17:   (3, 0.290773)    (4, 0.783574)    (8, 0.290773)    (9, 0.783574)   
  row 18:   (0, 0.290773)    (5, 1.)    (6, 0.290773)    (10, 0.290773)   
  row 19:   (5, 0.628061)    (6, 0.628061)   
  row 20:   (6, 1.)   
  row 21:   (6, 0.628061)    (7, 0.628061)   
  row 22:   (7, 1.)   
  row 23:   (7, 0.628061)    (8, 0.628061)   
  row 24:   (8, 1.)   
  row 25:   (8, 0.628061)    (9, 0.628061)   
  row 26:   (4, 0.290773)    (8, 0.290773)    (9, 1.)    (14, 0.290773)   
  row 27:   (5, 0.700146)    (10, 0.700146)   
  row 28:   (5, 0.290773)    (6, 0.290773)    (10, 0.290773)    (11, 0.290773)   
  row 29:   (6, 0.628061)    (11, 0.628061)   
  row 30:   (6, 0.290773)    (7, 0.290773)    (11, 0.290773)    (12, 0.290773)   
  row 31:   (7, 0.628061)    (12, 0.628061)   
  row 32:   (7, 0.290773)    (8, 0.290773)    (12, 0.290773)    (13, 0.290773)   
  row 33:   (8, 0.628061)    (13, 0.628061)   
  row 34:   (8, 0.290773)    (9, 0.290773)    (13, 0.290773)    (14, 0.290773)   
  row 35:   (9, 0.700146)    (14, 0.700146)   
  row 36:   (5, 0.208334)    (10, 1.)    (11, 0.208334)    (15, 0.208334)   
  row 37:   (10, 0.628061)    (11, 0.628061)   
  row 38:   (11, 1.)   
  row 39:   (11, 0.628061)    (12, 0.628061)   
  row 40:   (12, 1.)   
  row 41:   (12, 0.628061)    (13, 0.628061)   
  row 42:   (13, 1.)   
  row 43:   (13, 0.628061)    (14, 0.628061)   
  row 44:   (9, 0.208334)    (13, 0.208334)    (14, 1.)    (19, 0.208334)   
  row 45:   (10, 0.700146)    (15, 0.700146)   
  row 46:   (10, 0.290773)    (11, 0.290773)    (15, 0.290773)    (16, 0.290773)   
  row 47:   (11, 0.628061)    (16, 0.628061)   
  row 48:   (11, 0.290773)    (12, 0.290773)    (16, 0.290773)    (17, 0.290773)   
  row 49:   (12, 0.628061)    (17, 0.628061)   
  row 50:   (12, 0.290773)    (13, 0.290773)    (17, 0.290773)    (18, 0.290773)   
  row 51:   (13, 0.628061)    (18, 0.628061)   
  row 52:   (13, 0.290773)    (14, 0.290773)    (18, 0.290773)    (19, 0.290773)   
  row 53:   (14, 0.700146)    (19, 0.700146)   
  row 54:   (10, 0.290773)    (15, 1.)    (16, 0.290773)    (20, 0.290773)   
  row 55:   (15, 0.628061)    (16, 0.628061)   
  row 56:   (16, 1.)   
  row 57:   (16, 0.628061)    (17, 0.628061)   
  row 58:   (17, 1.)   
  row 59:   (17, 0.628061)    (18, 0.628061)   
  row 60:   (18, 1.)   
  row 61:   (18, 0.628061)    (19, 0.628061)   
  row 62:   (14, 0.290773)    (18, 0.290773)    (19, 1.)    (24, 0.290773)   
  row 63:   (15, 0.783574)    (16, 0.290773)    (20, 0.783574)    (21, 0.290773)   
  row 64:   (15, 0.510289)    (16, 0.510289)    (20, 0.510289)    (21, 0.510289)   
  row 65:   (16, 0.628061)    (21, 0.628061)   
  row 66:   (16, 0.290773)    (17, 0.290773)    (21, 0.290773)    (22, 0.290773)   
  row 67:   (17, 0.628061)    (22, 0.628061)   
  row 68:   (17, 0.290773)    (18, 0.290773)    (22, 0.290773)    (23, 0.290773)   
  row 69:   (18, 0.628061)    (23, 0.628061)   
  row 70:   (18, 0.510289)    (19, 0.510289)    (23, 0.510289)    (24, 0.510289)   
  row 71:   (18, 0.290773)    (19, 0.783574)    (23, 0.290773)    (24, 0.783574)   
  row 72:   (15, 0.468444)    (16, 0.208334)    (20, 1.)    (21, 0.468444)   
  row 73:   (15, 0.290773)    (16, 0.290773)    (20, 0.783574)    (21, 0.783574)   
  row 74:   (16, 0.290773)    (20, 0.290773)    (21, 1.)    (22, 0.290773)   
  row 75:   (21, 0.700146)    (22, 0.700146)   
  row 76:   (17, 0.208334)    (21, 0.208334)    (22, 1.)    (23, 0.208334)   
  row 77:   (22, 0.700146)    (23, 0.700146)   
  row 78:   (18, 0.290773)    (22, 0.290773)    (23, 1.)    (24, 0.290773)   
  row 79:   (18, 0.290773)    (19, 0.290773)    (23, 0.783574)    (24, 0.783574)   
  row 80:   (18, 0.208334)    (19, 0.468444)    (23, 0.468444)    (24, 1.)   
Q matrix nonzeros: 233.
Q matrix allocated nonzeros: 729.
Average nonzeros per row: 2.87654
Q Frobenius norm: 8.69815
