Begin cycle 0
DM Object: DMPlex Object (loaded_) 4 MPI processes
  type: plex
DMPlex Object in 3 dimensions:
  Number of 0-cells per rank: 45 45 45 45
  Number of 3-cells per rank: 14 14 14 14
Labels:
  depth: 2 strata with value/size (0 (45), 1 (14))
  celltype: 2 strata with value/size (0 (45), 7 (14))
Loaded mesh distributed? TRUE
DM Object: DMPlex Object (interpolated_) 4 MPI processes
  type: plex
DMPlex Object in 3 dimensions:
  Number of 0-cells per rank: 45 45 45 45
  Number of 1-cells per rank: 93 93 93 93
  Number of 2-cells per rank: 63 63 63 63
  Number of 3-cells per rank: 14 14 14 14
Labels:
  celltype: 4 strata with value/size (0 (45), 1 (93), 4 (63), 7 (14))
  depth: 4 strata with value/size (0 (45), 1 (93), 2 (63), 3 (14))
DM Object: DMPlex Object (redistributed_) 4 MPI processes
  type: plex
DMPlex Object in 3 dimensions:
  Number of 0-cells per rank: 43 42 46 46
  Number of 1-cells per rank: 89 88 95 95
  Number of 2-cells per rank: 61 61 64 64
  Number of 3-cells per rank: 14 14 14 14
Labels:
  depth: 4 strata with value/size (0 (43), 1 (89), 2 (61), 3 (14))
  celltype: 4 strata with value/size (0 (43), 1 (89), 4 (61), 7 (14))
End   cycle 0
--------
Begin cycle 1
DM Object: DMPlex Object (loaded_) 3 MPI processes
  type: plex
DMPlex Object in 3 dimensions:
  Number of 0-cells per rank: 62 72 62
  Number of 3-cells per rank: 19 19 18
Labels:
  depth: 2 strata with value/size (0 (62), 1 (19))
  celltype: 2 strata with value/size (0 (62), 7 (19))
Loaded mesh distributed? TRUE
DM Object: DMPlex Object (interpolated_) 3 MPI processes
  type: plex
DMPlex Object in 3 dimensions:
  Number of 0-cells per rank: 62 72 62
  Number of 1-cells per rank: 128 142 127
  Number of 2-cells per rank: 86 91 84
  Number of 3-cells per rank: 19 19 18
Labels:
  celltype: 4 strata with value/size (0 (62), 1 (128), 4 (86), 7 (19))
  depth: 4 strata with value/size (0 (62), 1 (128), 2 (86), 3 (19))
DM Object: DMPlex Object (redistributed_) 3 MPI processes
  type: plex
DMPlex Object in 3 dimensions:
  Number of 0-cells per rank: 48 57 60
  Number of 1-cells per rank: 104 120 126
  Number of 2-cells per rank: 75 83 86
  Number of 3-cells per rank: 18 19 19
Labels:
  depth: 4 strata with value/size (0 (48), 1 (104), 2 (75), 3 (18))
  celltype: 4 strata with value/size (0 (48), 1 (104), 4 (75), 7 (18))
End   cycle 1
--------
Begin cycle 2
DM Object: DMPlex Object (loaded_) 2 MPI processes
  type: plex
DMPlex Object in 3 dimensions:
  Number of 0-cells per rank: 72 90
  Number of 3-cells per rank: 28 28
Labels:
  depth: 2 strata with value/size (0 (72), 1 (28))
  celltype: 2 strata with value/size (0 (72), 7 (28))
Loaded mesh distributed? TRUE
DM Object: DMPlex Object (interpolated_) 2 MPI processes
  type: plex
DMPlex Object in 3 dimensions:
  Number of 0-cells per rank: 72 90
  Number of 1-cells per rank: 160 187
  Number of 2-cells per rank: 117 127
  Number of 3-cells per rank: 28 28
Labels:
  celltype: 4 strata with value/size (0 (72), 1 (160), 4 (117), 7 (28))
  depth: 4 strata with value/size (0 (72), 1 (160), 2 (117), 3 (28))
DM Object: DMPlex Object (redistributed_) 2 MPI processes
  type: plex
DMPlex Object in 3 dimensions:
  Number of 0-cells per rank: 70 80
  Number of 1-cells per rank: 156 174
  Number of 2-cells per rank: 115 123
  Number of 3-cells per rank: 28 28
Labels:
  depth: 4 strata with value/size (0 (70), 1 (156), 2 (115), 3 (28))
  celltype: 4 strata with value/size (0 (70), 1 (156), 4 (115), 7 (28))
End   cycle 2
--------
