SharedMemoryMpi:  World communicator of size 1
SharedMemoryMpi:  Node  communicator of size 1
SharedMemoryMpi: SharedMemoryAllocate 1073741824 MMAP anonymous implementation 

__|__|__|__|__|__|__|__|__|__|__|__|__|__|__
__|__|__|__|__|__|__|__|__|__|__|__|__|__|__
__|_ |  |  |  |  |  |  |  |  |  |  |  | _|__
__|_                                    _|__
__|_   GGGG    RRRR    III    DDDD      _|__
__|_  G        R   R    I     D   D     _|__
__|_  G        R   R    I     D    D    _|__
__|_  G  GG    RRRR     I     D    D    _|__
__|_  G   G    R  R     I     D   D     _|__
__|_   GGGG    R   R   III    DDDD      _|__
__|_                                    _|__
__|__|__|__|__|__|__|__|__|__|__|__|__|__|__
__|__|__|__|__|__|__|__|__|__|__|__|__|__|__
  |  |  |  |  |  |  |  |  |  |  |  |  |  |  


Copyright (C) 2015 Peter Boyle, Azusa Yamaguchi, Guido Cossu, Antonin Portelli and other authors

This program is free software; you can redistribute it and/or modify
it under the terms of the GNU General Public License as published by
the Free Software Foundation; either version 2 of the License, or
(at your option) any later version.

This program is distributed in the hope that it will be useful,
but WITHOUT ANY WARRANTY; without even the implied warranty of
MERCHANTABILITY or FITNESS FOR A PARTICULAR PURPOSE.  See the
GNU General Public License for more details.
Current Grid git commit hash=da593796123f99307b486350f8b2ef6ae7d2c375: (HEAD, origin/feature/gparity-merge-april24) clean

Grid : Message : ================================================ 
Grid : Message : MPI is initialised and logging filters activated 
Grid : Message : ================================================ 
Grid : Message : This rank is running on host Spire
Grid : Message : Requested 1073741824 byte stencil comms buffers 
Grid : Message : MemoryManager::Init() setting up
Grid : Message : MemoryManager::Init() cache pool for recent host   allocations: SMALL 8 LARGE 2 HUGE 0
Grid : Message : MemoryManager::Init() cache pool for recent device allocations: SMALL 16 LARGE 8 Huge 0
Grid : Message : MemoryManager::Init() cache pool for recent shared allocations: SMALL 16 LARGE 8 Huge 0
Grid : Message : MemoryManager::Init() Unified memory space
Grid : Message : 9.565133 s : Loading configuration from /home/rylanor/Projects/qcd/PETSc-Grid/ckpoint_lat.4000
Grid : Message : 9.565187 s : * BEGIN_HEADER
Grid : Message : 9.565192 s : * HDR_VERSION = 1.0
Grid : Message : 9.565242 s : * DATATYPE = 4D_SU3_GAUGE
Grid : Message : 9.565252 s : * STORAGE_FORMAT = 1.0
Grid : Message : 9.565257 s : * DIMENSION_1 = 16
Grid : Message : 9.565262 s : * DIMENSION_2 = 16
Grid : Message : 9.565267 s : * DIMENSION_3 = 16
Grid : Message : 9.565271 s : * DIMENSION_4 = 32
Grid : Message : 9.565276 s : * LINK_TRACE = -0.0001426958719
Grid : Message : 9.565281 s : * PLAQUETTE  = 0.5876863045
Grid : Message : 9.565286 s : * BOUNDARY_1 = PERIODIC
Grid : Message : 9.565291 s : * BOUNDARY_2 = PERIODIC
Grid : Message : 9.565296 s : * BOUNDARY_3 = PERIODIC
Grid : Message : 9.565300 s : * BOUNDARY_4 = PERIODIC
Grid : Message : 9.565305 s : * CHECKSUM = 9207c824
Grid : Message : 9.565310 s : * ENSEMBLE_ID = DWF
Grid : Message : 9.565315 s : * ENSEMBLE_LABEL = DWF
Grid : Message : 9.565320 s : * SEQUENCE_NUMBER = 4000
Grid : Message : 9.565325 s : * CREATOR = RBC
Grid : Message : 9.565330 s : * CREATOR_HARDWARE = CU-QCDOC one rack
Grid : Message : 9.565335 s : * CREATION_DATE = Sat Jan 10 16:18:39 1970
Grid : Message : 9.565340 s : * ARCHIVE_DATE = Sat Jan 10 16:18:39 1970
Grid : Message : 9.565346 s : * FLOATING_POINT = IEEE64BIG
Grid : Message : 9.565351 s : * END_HEADER
Grid : Message : 9.599893 s : IOobject: C++ read I/O /home/rylanor/Projects/qcd/PETSc-Grid/ckpoint_lat.4000 : 50331648 bytes and offset 540
Grid : Message : 9.609036 s : IOobject:  read  50331648 bytes in 0.004648 s 10327 MB/s 
Grid : Message : 9.609057 s : IOobject: endian and checksum overhead 0.004491 s
Grid : Message : 9.624217 s : readLatticeObject: vectorize overhead 0.015061 s
Grid : Message : 9.769208 s : NERSC Configuration /home/rylanor/Projects/qcd/PETSc-Grid/ckpoint_lat.4000 checksum 9207c824 header   9207c824
Grid : Message : 9.769423 s : NERSC Configuration /home/rylanor/Projects/qcd/PETSc-Grid/ckpoint_lat.4000 plaquette 0.587686 header    0.587686
Grid : Message : 9.769478 s : NERSC Configuration /home/rylanor/Projects/qcd/PETSc-Grid/ckpoint_lat.4000 link_trace -0.000142696 header    -0.000142696
Grid : Message : 9.769483 s : NERSC Configuration /home/rylanor/Projects/qcd/PETSc-Grid/ckpoint_lat.4000 and plaquette, link trace, and checksum agree
lsites: 131072
Grid : Message : 10.997283 s : Loading configuration from /home/rylanor/Projects/qcd/PETSc-Grid/ckpoint_lat.4000
Grid : Message : 10.997422 s : * BEGIN_HEADER
Grid : Message : 10.997485 s : * HDR_VERSION = 1.0
Grid : Message : 10.997552 s : * DATATYPE = 4D_SU3_GAUGE
Grid : Message : 10.997615 s : * STORAGE_FORMAT = 1.0
Grid : Message : 10.997677 s : * DIMENSION_1 = 16
Grid : Message : 10.997723 s : * DIMENSION_2 = 16
Grid : Message : 10.997728 s : * DIMENSION_3 = 16
Grid : Message : 10.997734 s : * DIMENSION_4 = 32
Grid : Message : 10.997739 s : * LINK_TRACE = -0.0001426958719
Grid : Message : 10.997745 s : * PLAQUETTE  = 0.5876863045
Grid : Message : 10.997751 s : * BOUNDARY_1 = PERIODIC
Grid : Message : 10.997756 s : * BOUNDARY_2 = PERIODIC
Grid : Message : 10.997761 s : * BOUNDARY_3 = PERIODIC
Grid : Message : 10.997780 s : * BOUNDARY_4 = PERIODIC
Grid : Message : 10.997785 s : * CHECKSUM = 9207c824
Grid : Message : 10.997789 s : * ENSEMBLE_ID = DWF
Grid : Message : 10.997793 s : * ENSEMBLE_LABEL = DWF
Grid : Message : 10.997797 s : * SEQUENCE_NUMBER = 4000
Grid : Message : 10.997801 s : * CREATOR = RBC
Grid : Message : 10.997805 s : * CREATOR_HARDWARE = CU-QCDOC one rack
Grid : Message : 10.997809 s : * CREATION_DATE = Sat Jan 10 16:18:39 1970
Grid : Message : 10.997813 s : * ARCHIVE_DATE = Sat Jan 10 16:18:39 1970
Grid : Message : 10.997817 s : * FLOATING_POINT = IEEE64BIG
Grid : Message : 10.997822 s : * END_HEADER
Grid : Message : 11.271020 s : IOobject: C++ read I/O /home/rylanor/Projects/qcd/PETSc-Grid/ckpoint_lat.4000 : 50331648 bytes and offset 540
Grid : Message : 11.363410 s : IOobject:  read  50331648 bytes in 0.003689 s 13011.7 MB/s 
Grid : Message : 11.363590 s : IOobject: endian and checksum overhead 0.005542 s
Grid : Message : 11.491700 s : readLatticeObject: vectorize overhead 0.012681 s
Grid : Message : 11.204085 s : NERSC Configuration /home/rylanor/Projects/qcd/PETSc-Grid/ckpoint_lat.4000 checksum 9207c824 header   9207c824
Grid : Message : 11.204098 s : NERSC Configuration /home/rylanor/Projects/qcd/PETSc-Grid/ckpoint_lat.4000 plaquette 0.587686 header    0.587686
Grid : Message : 11.204110 s : NERSC Configuration /home/rylanor/Projects/qcd/PETSc-Grid/ckpoint_lat.4000 link_trace -0.000142696 header    -0.000142696
Grid : Message : 11.204115 s : NERSC Configuration /home/rylanor/Projects/qcd/PETSc-Grid/ckpoint_lat.4000 and plaquette, link trace, and checksum agree
Setting gauge to Grid for Ls=16
******************************
CheckDwWithGrid Grid  1.79055e+08
CheckDwWithGrid Petsc 1.79055e+08
CheckDwWithGrid diff  6.10017e-24
Grid  807241 us
Petsc 4.57162e+06 us
******************************
******************************
CheckDwDagWithGrid Grid  1.79052e+08
CheckDwDagWithGrid Petsc 1.79052e+08
CheckDwDagWithGrid diff  5.91846e-24
******************************
WARNING! There are options you set that were not used!
WARNING! could be spelling mistake, etc!
There is one unused database option. It is:
Option left: name:--grid value: 16.16.16.32 source: command line
