SharedMemoryMpi:  World communicator of size 1
SharedMemoryMpi:  Node  communicator of size 1
SharedMemoryMpi: SharedMemoryAllocate 1073741824 MMAP anonymous implementation 

__|__|__|__|__|__|__|__|__|__|__|__|__|__|__
__|__|__|__|__|__|__|__|__|__|__|__|__|__|__
__|_ |  |  |  |  |  |  |  |  |  |  |  | _|__
__|_                                    _|__
__|_   GGGG    RRRR    III    DDDD      _|__
__|_  G        R   R    I     D   D     _|__
__|_  G        R   R    I     D    D    _|__
__|_  G  GG    RRRR     I     D    D    _|__
__|_  G   G    R  R     I     D   D     _|__
__|_   GGGG    R   R   III    DDDD      _|__
__|_                                    _|__
__|__|__|__|__|__|__|__|__|__|__|__|__|__|__
__|__|__|__|__|__|__|__|__|__|__|__|__|__|__
  |  |  |  |  |  |  |  |  |  |  |  |  |  |  


Copyright (C) 2015 Peter Boyle, Azusa Yamaguchi, Guido Cossu, Antonin Portelli and other authors

This program is free software; you can redistribute it and/or modify
it under the terms of the GNU General Public License as published by
the Free Software Foundation; either version 2 of the License, or
(at your option) any later version.

This program is distributed in the hope that it will be useful,
but WITHOUT ANY WARRANTY; without even the implied warranty of
MERCHANTABILITY or FITNESS FOR A PARTICULAR PURPOSE.  See the
GNU General Public License for more details.
Current Grid git commit hash=da593796123f99307b486350f8b2ef6ae7d2c375: (HEAD, origin/feature/gparity-merge-april24) clean

Grid : Message : ================================================ 
Grid : Message : MPI is initialised and logging filters activated 
Grid : Message : ================================================ 
Grid : Message : This rank is running on host Spire
Grid : Message : Requested 1073741824 byte stencil comms buffers 
Grid : Message : MemoryManager::Init() setting up
Grid : Message : MemoryManager::Init() cache pool for recent host   allocations: SMALL 8 LARGE 2 HUGE 0
Grid : Message : MemoryManager::Init() cache pool for recent device allocations: SMALL 16 LARGE 8 Huge 0
Grid : Message : MemoryManager::Init() cache pool for recent shared allocations: SMALL 16 LARGE 8 Huge 0
Grid : Message : MemoryManager::Init() Unified memory space
Grid : Message : 0.145883 s : Loading configuration from /home/rylanor/Projects/qcd/PETSc-Grid/ckpoint_EODWF_lat.125
Grid : Message : 0.145932 s : * BEGIN_HEADER
Grid : Message : 0.145937 s : * HDR_VERSION = 1.0
Grid : Message : 0.145956 s : * DATATYPE = 4D_SU3_GAUGE_3x3
Grid : Message : 0.145963 s : * STORAGE_FORMAT = 
Grid : Message : 0.145969 s : * DIMENSION_1 = 8
Grid : Message : 0.145975 s : * DIMENSION_2 = 8
Grid : Message : 0.145981 s : * DIMENSION_3 = 8
Grid : Message : 0.145987 s : * DIMENSION_4 = 8
Grid : Message : 0.145993 s : * LINK_TRACE = 0.001096773314
Grid : Message : 0.145998 s : * PLAQUETTE  = 0.5841722839
Grid : Message : 0.146004 s : * BOUNDARY_1 = PERIODIC
Grid : Message : 0.146009 s : * BOUNDARY_2 = PERIODIC
Grid : Message : 0.146015 s : * BOUNDARY_3 = PERIODIC
Grid : Message : 0.146021 s : * BOUNDARY_4 = PERIODIC
Grid : Message : 0.146027 s : * CHECKSUM =   c1eabea0
Grid : Message : 0.146032 s : * SCIDAC_CHECKSUMA =          0
Grid : Message : 0.146038 s : * SCIDAC_CHECKSUMB =          0
Grid : Message : 0.146044 s : * ENSEMBLE_ID = UKQCD
Grid : Message : 0.146050 s : * ENSEMBLE_LABEL = DWF
Grid : Message : 0.146056 s : * SEQUENCE_NUMBER = 1
Grid : Message : 0.146062 s : * CREATOR = paboyle
Grid : Message : 0.146068 s : * CREATOR_HARDWARE = x1922c6s1b0n0-x86_64-Linux-5.14.21-150400.24.55-default
Grid : Message : 0.146074 s : * CREATION_DATE = Mon May 20 21:03:16 2024 UTC
Grid : Message : 0.146080 s : * ARCHIVE_DATE = Mon May 20 21:03:16 2024 UTC
Grid : Message : 0.146085 s : * FLOATING_POINT = IEEE64BIG
Grid : Message : 0.146091 s : * END_HEADER
Grid : Message : 0.147323 s : IOobject: C++ read I/O /home/rylanor/Projects/qcd/PETSc-Grid/ckpoint_EODWF_lat.125 : 2359296 bytes and offset 646
Grid : Message : 0.147916 s : IOobject:  read  2359296 bytes in 0.000207 s 10869.6 MB/s 
Grid : Message : 0.147933 s : IOobject: endian and checksum overhead 0.000384 s
Grid : Message : 0.148239 s : readLatticeObject: vectorize overhead 0.000297 s
Grid : Message : 0.158661 s : NERSC Configuration /home/rylanor/Projects/qcd/PETSc-Grid/ckpoint_EODWF_lat.125 checksum c1eabea0 header   c1eabea0
Grid : Message : 0.158668 s : NERSC Configuration /home/rylanor/Projects/qcd/PETSc-Grid/ckpoint_EODWF_lat.125 plaquette 0.584172 header    0.584172
Grid : Message : 0.158678 s : NERSC Configuration /home/rylanor/Projects/qcd/PETSc-Grid/ckpoint_EODWF_lat.125 link_trace 0.00109677 header    0.00109677
Grid : Message : 0.158683 s : NERSC Configuration /home/rylanor/Projects/qcd/PETSc-Grid/ckpoint_EODWF_lat.125 and plaquette, link trace, and checksum agree
lsites: 4096
Grid : Message : 0.190209 s : Loading configuration from /home/rylanor/Projects/qcd/PETSc-Grid/ckpoint_EODWF_lat.125
Grid : Message : 0.190231 s : * BEGIN_HEADER
Grid : Message : 0.190251 s : * HDR_VERSION = 1.0
Grid : Message : 0.190259 s : * DATATYPE = 4D_SU3_GAUGE_3x3
Grid : Message : 0.190264 s : * STORAGE_FORMAT = 
Grid : Message : 0.190269 s : * DIMENSION_1 = 8
Grid : Message : 0.190274 s : * DIMENSION_2 = 8
Grid : Message : 0.190278 s : * DIMENSION_3 = 8
Grid : Message : 0.190283 s : * DIMENSION_4 = 8
Grid : Message : 0.190287 s : * LINK_TRACE = 0.001096773314
Grid : Message : 0.190291 s : * PLAQUETTE  = 0.5841722839
Grid : Message : 0.190296 s : * BOUNDARY_1 = PERIODIC
Grid : Message : 0.190300 s : * BOUNDARY_2 = PERIODIC
Grid : Message : 0.190305 s : * BOUNDARY_3 = PERIODIC
Grid : Message : 0.190309 s : * BOUNDARY_4 = PERIODIC
Grid : Message : 0.190313 s : * CHECKSUM =   c1eabea0
Grid : Message : 0.190318 s : * SCIDAC_CHECKSUMA =          0
Grid : Message : 0.190323 s : * SCIDAC_CHECKSUMB =          0
Grid : Message : 0.190328 s : * ENSEMBLE_ID = UKQCD
Grid : Message : 0.190333 s : * ENSEMBLE_LABEL = DWF
Grid : Message : 0.190338 s : * SEQUENCE_NUMBER = 1
Grid : Message : 0.190343 s : * CREATOR = paboyle
Grid : Message : 0.190348 s : * CREATOR_HARDWARE = x1922c6s1b0n0-x86_64-Linux-5.14.21-150400.24.55-default
Grid : Message : 0.190353 s : * CREATION_DATE = Mon May 20 21:03:16 2024 UTC
Grid : Message : 0.190358 s : * ARCHIVE_DATE = Mon May 20 21:03:16 2024 UTC
Grid : Message : 0.190363 s : * FLOATING_POINT = IEEE64BIG
Grid : Message : 0.190368 s : * END_HEADER
Grid : Message : 0.191240 s : IOobject: C++ read I/O /home/rylanor/Projects/qcd/PETSc-Grid/ckpoint_EODWF_lat.125 : 2359296 bytes and offset 646
Grid : Message : 0.191791 s : IOobject:  read  2359296 bytes in 0.000227 s 9911.89 MB/s 
Grid : Message : 0.191801 s : IOobject: endian and checksum overhead 0.000322 s
Grid : Message : 0.192015 s : readLatticeObject: vectorize overhead 0.000208 s
Grid : Message : 0.200974 s : NERSC Configuration /home/rylanor/Projects/qcd/PETSc-Grid/ckpoint_EODWF_lat.125 checksum c1eabea0 header   c1eabea0
Grid : Message : 0.200979 s : NERSC Configuration /home/rylanor/Projects/qcd/PETSc-Grid/ckpoint_EODWF_lat.125 plaquette 0.584172 header    0.584172
Grid : Message : 0.200986 s : NERSC Configuration /home/rylanor/Projects/qcd/PETSc-Grid/ckpoint_EODWF_lat.125 link_trace 0.00109677 header    0.00109677
Grid : Message : 0.200991 s : NERSC Configuration /home/rylanor/Projects/qcd/PETSc-Grid/ckpoint_EODWF_lat.125 and plaquette, link trace, and checksum agree
Setting gauge to Grid for Ls=8
******************************
CheckDwWithGrid Grid  2.85749e+06
CheckDwWithGrid Petsc 2.85749e+06
CheckDwWithGrid diff  9.68154e-26
Grid  19967 us
Petsc 103573 us
******************************
******************************
CheckDwDagWithGrid Grid  2.85311e+06
CheckDwDagWithGrid Petsc 2.85311e+06
CheckDwDagWithGrid diff  9.41225e-26
******************************
WARNING! There are options you set that were not used!
WARNING! could be spelling mistake, etc!
There is one unused database option. It is:
Option left: name:--grid value: 8.8.8.8 source: command line
