SharedMemoryMpi:  World communicator of size 1
SharedMemoryMpi:  Node  communicator of size 1
SharedMemoryMpi: SharedMemoryAllocate 1073741824 MMAP anonymous implementation 

__|__|__|__|__|__|__|__|__|__|__|__|__|__|__
__|__|__|__|__|__|__|__|__|__|__|__|__|__|__
__|_ |  |  |  |  |  |  |  |  |  |  |  | _|__
__|_                                    _|__
__|_   GGGG    RRRR    III    DDDD      _|__
__|_  G        R   R    I     D   D     _|__
__|_  G        R   R    I     D    D    _|__
__|_  G  GG    RRRR     I     D    D    _|__
__|_  G   G    R  R     I     D   D     _|__
__|_   GGGG    R   R   III    DDDD      _|__
__|_                                    _|__
__|__|__|__|__|__|__|__|__|__|__|__|__|__|__
__|__|__|__|__|__|__|__|__|__|__|__|__|__|__
  |  |  |  |  |  |  |  |  |  |  |  |  |  |  


Copyright (C) 2015 Peter Boyle, Azusa Yamaguchi, Guido Cossu, Antonin Portelli and other authors

This program is free software; you can redistribute it and/or modify
it under the terms of the GNU General Public License as published by
the Free Software Foundation; either version 2 of the License, or
(at your option) any later version.

This program is distributed in the hope that it will be useful,
but WITHOUT ANY WARRANTY; without even the implied warranty of
MERCHANTABILITY or FITNESS FOR A PARTICULAR PURPOSE.  See the
GNU General Public License for more details.
Current Grid git commit hash=da593796123f99307b486350f8b2ef6ae7d2c375: (HEAD, origin/feature/gparity-merge-april24) clean

Grid : Message : ================================================ 
Grid : Message : MPI is initialised and logging filters activated 
Grid : Message : ================================================ 
Grid : Message : This rank is running on host Spire
Grid : Message : Requested 1073741824 byte stencil comms buffers 
Grid : Message : MemoryManager::Init() setting up
Grid : Message : MemoryManager::Init() cache pool for recent host   allocations: SMALL 8 LARGE 2 HUGE 0
Grid : Message : MemoryManager::Init() cache pool for recent device allocations: SMALL 16 LARGE 8 Huge 0
Grid : Message : MemoryManager::Init() cache pool for recent shared allocations: SMALL 16 LARGE 8 Huge 0
Grid : Message : MemoryManager::Init() Unified memory space
Grid : Message : 0.195680 s : Loading configuration from /home/rylanor/Projects/qcd/PETSc-Grid/ckpoint_EODWF_lat.125
Grid : Message : 0.196220 s : * BEGIN_HEADER
Grid : Message : 0.196270 s : * HDR_VERSION = 1.0
Grid : Message : 0.196450 s : * DATATYPE = 4D_SU3_GAUGE_3x3
Grid : Message : 0.196510 s : * STORAGE_FORMAT = 
Grid : Message : 0.196560 s : * DIMENSION_1 = 8
Grid : Message : 0.196610 s : * DIMENSION_2 = 8
Grid : Message : 0.196650 s : * DIMENSION_3 = 8
Grid : Message : 0.196690 s : * DIMENSION_4 = 8
Grid : Message : 0.196740 s : * LINK_TRACE = 0.001096773314
Grid : Message : 0.196790 s : * PLAQUETTE  = 0.5841722839
Grid : Message : 0.196840 s : * BOUNDARY_1 = PERIODIC
Grid : Message : 0.196890 s : * BOUNDARY_2 = PERIODIC
Grid : Message : 0.196940 s : * BOUNDARY_3 = PERIODIC
Grid : Message : 0.197280 s : * BOUNDARY_4 = PERIODIC
Grid : Message : 0.197430 s : * CHECKSUM =   c1eabea0
Grid : Message : 0.197480 s : * SCIDAC_CHECKSUMA =          0
Grid : Message : 0.197530 s : * SCIDAC_CHECKSUMB =          0
Grid : Message : 0.197580 s : * ENSEMBLE_ID = UKQCD
Grid : Message : 0.197630 s : * ENSEMBLE_LABEL = DWF
Grid : Message : 0.197680 s : * SEQUENCE_NUMBER = 1
Grid : Message : 0.197730 s : * CREATOR = paboyle
Grid : Message : 0.197780 s : * CREATOR_HARDWARE = x1922c6s1b0n0-x86_64-Linux-5.14.21-150400.24.55-default
Grid : Message : 0.197830 s : * CREATION_DATE = Mon May 20 21:03:16 2024 UTC
Grid : Message : 0.197880 s : * ARCHIVE_DATE = Mon May 20 21:03:16 2024 UTC
Grid : Message : 0.197930 s : * FLOATING_POINT = IEEE64BIG
Grid : Message : 0.197980 s : * END_HEADER
Grid : Message : 0.212160 s : IOobject: C++ read I/O /home/rylanor/Projects/qcd/PETSc-Grid/ckpoint_EODWF_lat.125 : 2359296 bytes and offset 646
Grid : Message : 0.218440 s : IOobject:  read  2359296 bytes in 0.000267 s 8426.97 MB/s 
Grid : Message : 0.218590 s : IOobject: endian and checksum overhead 0.000360 s
Grid : Message : 0.221700 s : readLatticeObject: vectorize overhead 0.000303 s
Grid : Message : 0.325280 s : NERSC Configuration /home/rylanor/Projects/qcd/PETSc-Grid/ckpoint_EODWF_lat.125 checksum c1eabea0 header   c1eabea0
Grid : Message : 0.325350 s : NERSC Configuration /home/rylanor/Projects/qcd/PETSc-Grid/ckpoint_EODWF_lat.125 plaquette 0.584172 header    0.584172
Grid : Message : 0.325440 s : NERSC Configuration /home/rylanor/Projects/qcd/PETSc-Grid/ckpoint_EODWF_lat.125 link_trace 0.00109677 header    0.00109677
Grid : Message : 0.325490 s : NERSC Configuration /home/rylanor/Projects/qcd/PETSc-Grid/ckpoint_EODWF_lat.125 and plaquette, link trace, and checksum agree
 Set 16384 gauge links 
 Grid lsites 4096
Grid : Message : 0.395740 s : Loading configuration from /home/rylanor/Projects/qcd/PETSc-Grid/ckpoint_EODWF_lat.125
Grid : Message : 0.396510 s : * BEGIN_HEADER
Grid : Message : 0.397110 s : * HDR_VERSION = 1.0
Grid : Message : 0.397320 s : * DATATYPE = 4D_SU3_GAUGE_3x3
Grid : Message : 0.397370 s : * STORAGE_FORMAT = 
Grid : Message : 0.397420 s : * DIMENSION_1 = 8
Grid : Message : 0.397470 s : * DIMENSION_2 = 8
Grid : Message : 0.397520 s : * DIMENSION_3 = 8
Grid : Message : 0.397570 s : * DIMENSION_4 = 8
Grid : Message : 0.397620 s : * LINK_TRACE = 0.001096773314
Grid : Message : 0.397660 s : * PLAQUETTE  = 0.5841722839
Grid : Message : 0.397710 s : * BOUNDARY_1 = PERIODIC
Grid : Message : 0.397750 s : * BOUNDARY_2 = PERIODIC
Grid : Message : 0.397800 s : * BOUNDARY_3 = PERIODIC
Grid : Message : 0.397850 s : * BOUNDARY_4 = PERIODIC
Grid : Message : 0.397900 s : * CHECKSUM =   c1eabea0
Grid : Message : 0.397950 s : * SCIDAC_CHECKSUMA =          0
Grid : Message : 0.398000 s : * SCIDAC_CHECKSUMB =          0
Grid : Message : 0.398050 s : * ENSEMBLE_ID = UKQCD
Grid : Message : 0.398100 s : * ENSEMBLE_LABEL = DWF
Grid : Message : 0.398150 s : * SEQUENCE_NUMBER = 1
Grid : Message : 0.398200 s : * CREATOR = paboyle
Grid : Message : 0.398250 s : * CREATOR_HARDWARE = x1922c6s1b0n0-x86_64-Linux-5.14.21-150400.24.55-default
Grid : Message : 0.398300 s : * CREATION_DATE = Mon May 20 21:03:16 2024 UTC
Grid : Message : 0.398350 s : * ARCHIVE_DATE = Mon May 20 21:03:16 2024 UTC
Grid : Message : 0.398400 s : * FLOATING_POINT = IEEE64BIG
Grid : Message : 0.398450 s : * END_HEADER
Grid : Message : 0.406980 s : IOobject: C++ read I/O /home/rylanor/Projects/qcd/PETSc-Grid/ckpoint_EODWF_lat.125 : 2359296 bytes and offset 646
Grid : Message : 0.412640 s : IOobject:  read  2359296 bytes in 0.000202 s 11138.6 MB/s 
Grid : Message : 0.413930 s : IOobject: endian and checksum overhead 0.000345 s
Grid : Message : 0.416700 s : readLatticeObject: vectorize overhead 0.000206 s
Grid : Message : 0.505000 s : NERSC Configuration /home/rylanor/Projects/qcd/PETSc-Grid/ckpoint_EODWF_lat.125 checksum c1eabea0 header   c1eabea0
Grid : Message : 0.505770 s : NERSC Configuration /home/rylanor/Projects/qcd/PETSc-Grid/ckpoint_EODWF_lat.125 plaquette 0.584172 header    0.584172
Grid : Message : 0.506520 s : NERSC Configuration /home/rylanor/Projects/qcd/PETSc-Grid/ckpoint_EODWF_lat.125 link_trace 0.00109677 header    0.00109677
Grid : Message : 0.507290 s : NERSC Configuration /home/rylanor/Projects/qcd/PETSc-Grid/ckpoint_EODWF_lat.125 and plaquette, link trace, and checksum agree
****************************************
Gauge invariance test 
****************************************
Setting gauge to Grid 
 Set 16384 gauge links 
 Grid lsites 4096
Testing Dw 
******************************
CheckDwWithGrid Grid  438928
CheckDwWithGrid Petsc 438928
CheckDwWithGrid diff  9.75568e-27
Grid  1.281 ms
Petsc 11.1953 ms
******************************
******************************
CheckDwDagWithGrid Grid  438577
CheckDwDagWithGrid Petsc 438577
CheckDwDagWithGrid diff  9.5288e-27
******************************
WARNING! There are options you set that were not used!
WARNING! could be spelling mistake, etc!
There is one unused database option. It is:
Option left: name:--grid value: 8.8.8.8 source: command line
