Spinning up truth for 100 steps...
PetscDataAssimilator Object: 1 MPI process
  State size: 40
  Observation size: 40
  Ensemble size: 30
  Assembled: true
PetscDataAssimilatorETKF Object:
  Square root type: cholesky
Lorenz-96 ETKF Example
======================
  State dimension       : 40
  Ensemble size         : 30
  Forcing parameter (F) : 8.0000
  Time step (dt)        : 0.0500
  Total steps           : 120
  Burn-in steps         : 10
  Observation frequency : 1
  Observation noise std : 0.500
  Random seed           : 12345

Step    0, time  0.000  RMSE_forecast 0.08077  RMSE_analysis 0.08077 [burn-in]
Step   12, time  0.600  RMSE_forecast 0.10717  RMSE_analysis 0.09805
Step   24, time  1.200  RMSE_forecast 0.09147  RMSE_analysis 0.09028
Step   36, time  1.800  RMSE_forecast 0.07932  RMSE_analysis 0.07356
Step   48, time  2.400  RMSE_forecast 0.06812  RMSE_analysis 0.06780
Step   60, time  3.000  RMSE_forecast 0.06948  RMSE_analysis 0.07001
Step   72, time  3.600  RMSE_forecast 0.06565  RMSE_analysis 0.06632
Step   84, time  4.200  RMSE_forecast 0.06657  RMSE_analysis 0.06680
Step   96, time  4.800  RMSE_forecast 0.06608  RMSE_analysis 0.06553
Step  108, time  5.400  RMSE_forecast 0.06411  RMSE_analysis 0.06426
Step  120, time  6.000  RMSE_forecast 0.06288  RMSE_analysis 0.06227

Statistics (111 post-burn-in steps):
==================================================
  Mean RMSE (forecast) : 0.072471
  Mean RMSE (analysis) : 0.071975
  Observations used    : 120

